Microchip MPLAB XC8 Compiler V1.40 ()

Linker command line:

-W-3 --edf=C:\Program Files (x86)\Microchip\xc8\v1.40\dat\en_msgs.txt -cs \
  -h+dist/default/production\Bustel_Cardv20.0.X.production.sym \
  --cmf=dist/default/production\Bustel_Cardv20.0.X.production.cmf -z \
  -Q16F887 -oC:\Users\tellw\AppData\Local\Temp\s6to.2 \
  -Mdist/default/production/Bustel_Cardv20.0.X.production.map -E1 -ver=XC8 \
  -ASTACK=0E5h-0efh -pstack=STACK -ACODE=00h-07FFhx4 -ASTRCODE=00h-01FFFh \
  -ASTRING=00h-0FFhx32 -ACONST=00h-0FFhx32 -AENTRY=00h-0FFhx32 \
  -ACOMMON=070h-07Fh -ABANK0=020h-06Fh -ABANK1=0A0h-0EFh \
  -ABANK2=0110h-016Fh -ABANK3=0190h-01EFh \
  -ARAM=020h-06Fh,0A0h-0EFh,0110h-016Fh,0190h-01EFh \
  -AABS1=020h-07Fh,0A0h-0EFh,0110h-016Fh,0190h-01EFh -ASFR0=00h-01Fh \
  -ASFR1=080h-09Fh -ASFR2=0100h-010Fh -ASFR3=0180h-018Fh \
  -preset_vec=00h,intentry=04h,init,end_init -ppowerup=CODE -pcinit=CODE \
  -pfunctab=CODE -ACONFIG=02007h-02008h -pconfig=CONFIG -DCONFIG=2 \
  -AIDLOC=02000h-02003h -pidloc=IDLOC -DIDLOC=2 -AEEDATA=00h-0FFh/02100h \
  -peeprom_data=EEDATA -DEEDATA=2 -DCODE=2 -DSTRCODE=2 -DSTRING=2 -DCONST=2 \
  -DENTRY=2 -k C:\Users\tellw\AppData\Local\Temp\s6to.obj \
  dist/default/production\Bustel_Cardv20.0.X.production.obj 

Object code version is 3.11

Machine type is 16F887



                Name                               Link     Load   Length Selector   Space Scale
C:\Users\tellw\AppData\Local\Temp\s6to.obj
                end_init                             12       12        3        8       0
                reset_vec                             0        0        3        0       0
                config                             2007     2007        1     400E       0
dist/default/production\Bustel_Cardv20.0.X.production.obj
                cinit                                15       15       39        8       0
                intentry                              4        4        E        8       0
                text34                              F62      F62       42     1EC4       0
                text33                              D1C      D1C        9     1A38       0
                text32                              4B2      4B2       CC        8       0
                text31                              DF2      DF2       23     1BE4       0
                text30                              E39      E39       29     1C72       0
                text29                              E15      E15       24     1C2A       0
                text28                              E62      E62       2B     1CC4       0
                text27                              D6A      D6A       12     1AD4       0
                text26                              F23      F23       3F     1E46       0
                text25                              D08      D08        4     1A10       0
                text24                              DA2      DA2       1A     1B44       0
                text23                              D31      D31        D     1A62       0
                text22                              D3E      D3E        E     1A7C       0
                text21                              D0C      D0C        8     1A18       0
                text20                              DD6      DD6       1C     1BAC       0
                text19                              DBC      DBC       1A     1B78       0
                text18                              6BC      6BC       6F        8       0
                text17                              2C8      2C8      100        8       0
                text16                              D25      D25        C     1A4A       0
                text15                              57E      57E       AF        8       0
                text14                              D5A      D5A       10     1AB4       0
                text13                              D7C      D7C       12     1AF8       0
                text12                              EB9      EB9       33     1D72       0
                text11                              3C8      3C8       EA        8       0
                text10                              D4C      D4C        E     1A98       0
                text9                               7F7      7F7        9        8       0
                text8                                4E       4E      156        8       0
                text7                               72B      72B       67        8       0
                text6                               FA4      FA4       5C     1F48       0
                text5                               792      792       65        8       0
                text4                               D8E      D8E       14     1B1C       0
                text3                               EEC      EEC       37     1DD8       0
                text2                               62D      62D       8F        8       0
                text1                               E8D      E8D       2C     1D1A       0
                maintext                            1A4      1A4      124        8       0
                cstackBANK0                          20       20       49       20       1
                cstackCOMMON                         70       70        C       70       1
                clrtext                             D14      D14        8     1A28       0
                bssBANK2                            110      110       5F      110       1
                bssBANK3                            190      190       5F      190       1
                dataBANK1                            E3       E3        2       A0       1
                bssBANK1                             A0       A0       43       A0       1
                dataBANK0                            6F       6F        1       20       1
                bssBANK0                             69       69        6       20       1
                bssCOMMON                            7C       7C        1       70       1
                strings                             800      800       2D     1000       0
                idataBANK1                          D06      D06        2     1A0C       0
                idataBANK0                            3        3        1        0       0

TOTAL           Name                               Link     Load   Length     Space
        CLASS   STACK          

        CLASS   CODE           
                end_init                             12       12        3         0
                cinit                                15       15       39         0
                intentry                              4        4        E         0
                reset_vec                             0        0        3         0
                text34                              F62      F62       42         0
                text33                              D1C      D1C        9         0
                text32                              4B2      4B2       CC         0
                text31                              DF2      DF2       23         0
                text30                              E39      E39       29         0
                text29                              E15      E15       24         0
                text28                              E62      E62       2B         0
                text27                              D6A      D6A       12         0
                text26                              F23      F23       3F         0
                text25                              D08      D08        4         0
                text24                              DA2      DA2       1A         0
                text23                              D31      D31        D         0
                text22                              D3E      D3E        E         0
                text21                              D0C      D0C        8         0
                text20                              DD6      DD6       1C         0
                text19                              DBC      DBC       1A         0
                text18                              6BC      6BC       6F         0
                text17                              2C8      2C8      100         0
                text16                              D25      D25        C         0
                text15                              57E      57E       AF         0
                text14                              D5A      D5A       10         0
                text13                              D7C      D7C       12         0
                text12                              EB9      EB9       33         0
                text11                              3C8      3C8       EA         0
                text10                              D4C      D4C        E         0
                text9                               7F7      7F7        9         0
                text8                                4E       4E      156         0
                text7                               72B      72B       67         0
                text6                               FA4      FA4       5C         0
                text5                               792      792       65         0
                text4                               D8E      D8E       14         0
                text3                               EEC      EEC       37         0
                text2                               62D      62D       8F         0
                text1                               E8D      E8D       2C         0
                maintext                            1A4      1A4      124         0
                clrtext                             D14      D14        8         0
                idataBANK1                          D06      D06        2         0
                idataBANK0                            3        3        1         0

        CLASS   STRCODE        

        CLASS   STRING         
                strings                             800      800       2D         0

        CLASS   CONST          

        CLASS   ENTRY          

        CLASS   COMMON         
                cstackCOMMON                         70       70        C         1
                bssCOMMON                            7C       7C        1         1

        CLASS   BANK0          
                cstackBANK0                          20       20       49         1
                dataBANK0                            6F       6F        1         1
                bssBANK0                             69       69        6         1

        CLASS   BANK1          
                dataBANK1                            E3       E3        2         1
                bssBANK1                             A0       A0       43         1

        CLASS   BANK2          
                bssBANK2                            110      110       5F         1

        CLASS   BANK3          
                bssBANK3                            190      190       5F         1

        CLASS   RAM            

        CLASS   ABS1           
                abs_s1                               7E       7E        2         1

        CLASS   SFR0           

        CLASS   SFR1           

        CLASS   SFR2           

        CLASS   SFR3           

        CLASS   CONFIG         
                config                             2007     2007        1         0

        CLASS   IDLOC          

        CLASS   EEDATA         



SEGMENTS        Name                           Load    Length   Top    Selector   Space  Class     Delta

                reset_vec                      000000  000004  000004         0       0  CODE        2
                intentry                       000004  0007FC  000800         8       0  CODE        2
                cstackBANK0                    000020  000050  000070        20       1  BANK0       1
                cstackCOMMON                   000070  00000D  00007D        70       1  COMMON      1
                bssBANK1                       0000A0  000045  0000E5        A0       1  BANK1       1
                bssBANK2                       000110  00005F  00016F       110       1  BANK2       1
                bssBANK3                       000190  00005F  0001EF       190       1  BANK3       1
                strings                        000800  00002D  00082D      1000       0  STRING      2
                idataBANK1                     000D06  000002  000D08      1A0C       0  CODE        2
                text25                         000D08  000004  000D0C      1A10       0  CODE        2
                text21                         000D0C  000008  000D14      1A18       0  CODE        2
                clrtext                        000D14  000008  000D1C      1A28       0  CODE        2
                text33                         000D1C  000009  000D25      1A38       0  CODE        2
                text16                         000D25  00000C  000D31      1A4A       0  CODE        2
                text23                         000D31  00000D  000D3E      1A62       0  CODE        2
                text22                         000D3E  00000E  000D4C      1A7C       0  CODE        2
                text10                         000D4C  00000E  000D5A      1A98       0  CODE        2
                text14                         000D5A  000010  000D6A      1AB4       0  CODE        2
                text27                         000D6A  000012  000D7C      1AD4       0  CODE        2
                text13                         000D7C  000012  000D8E      1AF8       0  CODE        2
                text4                          000D8E  000014  000DA2      1B1C       0  CODE        2
                text24                         000DA2  00001A  000DBC      1B44       0  CODE        2
                text19                         000DBC  00001A  000DD6      1B78       0  CODE        2
                text20                         000DD6  00001C  000DF2      1BAC       0  CODE        2
                text31                         000DF2  000023  000E15      1BE4       0  CODE        2
                text29                         000E15  000024  000E39      1C2A       0  CODE        2
                text30                         000E39  000029  000E62      1C72       0  CODE        2
                text28                         000E62  00002B  000E8D      1CC4       0  CODE        2
                text1                          000E8D  00002C  000EB9      1D1A       0  CODE        2
                text12                         000EB9  000033  000EEC      1D72       0  CODE        2
                text3                          000EEC  000037  000F23      1DD8       0  CODE        2
                text26                         000F23  00003F  000F62      1E46       0  CODE        2
                text34                         000F62  000042  000FA4      1EC4       0  CODE        2
                text6                          000FA4  00005C  001000      1F48       0  CODE        2
                config                         002007  000001  002008      400E       0  CONFIG      2


UNUSED ADDRESS RANGES

        Name                Unused          Largest block    Delta
        BANK1            00E5-00EF              B           1
        BANK2            016F-016F              1           1
        BANK3            01EF-01EF              1           1
        CODE             082D-0D05            4D9           2
                         1000-1FFF            800
        COMMON           007D-007D              1           1
        CONFIG           2008-2008              1           2
        CONST            082D-0D05            100           2
                         1000-1FFF            100
        EEDATA           2100-21FF            100           2
        ENTRY            082D-0D05            100           2
                         1000-1FFF            100
        IDLOC            2000-2003              4           2
        RAM              00E5-00EF              B           1
                         016F-016F              1
                         01EF-01EF              1
        SFR0             0000-001F             20           1
        SFR1             0080-009F             20           1
        SFR2             0100-010F             10           1
        SFR3             0180-018F             10           1
        STACK            00E5-00EF              B           1
        STRCODE          082D-0D05            4D9           2
                         1000-1FFF           1000
        STRING           082D-0D05            100           2
                         1000-1FFF            100

                                  Symbol Table

AnalogValue@channel                      cstackBANK0  0027
Blink@i                                  cstackBANK0  0029
Blink@n                                  cstackBANK0  0026
DarknessCheck@darknessValue              cstackBANK0  0029
DelayDs@cnt                              cstackBANK0  0020
DelayDs@i                                cstackBANK0  0024
FindChannel@cnt                          cstackBANK0  0031
FindChannel@i                            cstackBANK0  0033
OperationMode@bracketStatus              cstackBANK0  0021
ReadFIFO@value                           cstackBANK0  0024
ReceivedPacketHandler@Data               cstackBANK0  003C
RegisterRead@adress                      cstackBANK0  0026
RegisterRead@value                       cstackBANK0  0025
RegisterSet@adress                       cstackBANK0  002A
RegisterSet@value                        cstackBANK0  0027
SetRFMode@mcparam0_read                  cstackBANK0  002D
SetRFMode@mode                           cstackBANK0  002C
TimerCounter@i                           cstackCOMMON 0073
TransiverReadFIFO@ReceivedString         cstackBANK0  003F
TransiverReadFIFO@i                      cstackBANK0  005D
TransiverReadFIFO@j                      cstackBANK0  005F
TransmittPacket@i                        cstackBANK0  0038
TransmittPacket@topic                    cstackBANK0  003A
TransmittPacket@value                    cstackBANK0  0035
WriteFIFO@Data                           cstackBANK0  0023
WriteSPI@buffer                          cstackBANK0  0021
WriteSPI@databyte                        cstackBANK0  0022
_ADCON0bits                              (abs)        001F
_ADCON1bits                              (abs)        009F
_ADRESH                                  (abs)        001E
_ANSEL                                   (abs)        0188
_ANSELH                                  (abs)        0189
_ANSELHbits                              (abs)        0189
_ANSELbits                               (abs)        0188
_AnalogValue                             text30       0E39
_Blink                                   text12       0EB9
_ChannelP                                strings      0806
_ChannelR                                strings      0813
_ChannelS                                strings      0820
_DarknessCheck                           text28       0E62
_DelayDs                                 text31       0DF2
_EEADR                                   (abs)        010D
_EECON1                                  (abs)        018C
_EEDATA                                  (abs)        010C
_FindChannel                             text17       02C8
_GIE                                     (abs)        005F
_INTCONbits                              (abs)        000B
_IOCBbits                                (abs)        0096
_LightWithSensController                 text26       0F23
_Mode_0                                  text25       0D08
_Mode_1                                  text24       0DA2
_Mode_2                                  text23       0D31
_Mode_4                                  text14       0D5A
_Mode_5                                  text13       0D7C
_OPTION_REGbits                          (abs)        0081
_OSCCONbits                              (abs)        008F
_OperationMode                           text9        07F7
_PIE1bits                                (abs)        008C
_PIR1bits                                (abs)        000C
_PORTA                                   (abs)        0005
_PORTB                                   (abs)        0006
_PORTC                                   (abs)        0007
_PORTD                                   (abs)        0008
_PORTE                                   (abs)        0009
_RA1                                     (abs)        0029
_RA4                                     (abs)        002C
_RA5                                     (abs)        002D
_RB1                                     (abs)        0031
_RB2                                     (abs)        0032
_RB4                                     (abs)        0034
_RB5                                     (abs)        0035
_RBIF                                    (abs)        0058
_RC0                                     (abs)        0038
_RC1                                     (abs)        0039
_RC2                                     (abs)        003A
_RD                                      (abs)        0C60
_RD0                                     (abs)        0040
_RD3                                     (abs)        0043
_RD4                                     (abs)        0044
_ReadFIFO                                text10       0D4C
_ReadSPI                                 text21       0D0C
_ReceivedPacketHandler                   text8        004E
_RegisterRead                            text20       0DD6
_RegisterSet                             text19       0DBC
_SSPBUF                                  (abs)        0013
_SSPCONbits                              (abs)        0014
_SSPIE                                   (abs)        0463
_SSPSTATbits                             (abs)        0094
_SetRFMode                               text18       06BC
_T1CON                                   (abs)        0010
_T1CONbits                               (abs)        0010
_TMR1H                                   (abs)        000F
_TMR1IF                                  (abs)        0060
_TMR1L                                   (abs)        000E
_TMR1ON                                  (abs)        0080
_TRISA                                   (abs)        0085
_TRISB                                   (abs)        0086
_TRISC                                   (abs)        0087
_TRISD                                   (abs)        0088
_TRISE                                   (abs)        0089
_TimerCounter                            text34       0F62
_TransiverInit                           text11       03C8
_TransiverReadFIFO                       text7        072B
_TransiverToReceive                      text6        0FA4
_TransmittPacket                         text15       057E
_WPUBbits                                (abs)        0095
_WR                                      (abs)        0C61
_WriteFIFO                               text16       0D25
_WriteSPI                                text22       0D3E
__CFG_BOREN$OFF                          (abs)        0000
__CFG_CP$ON                              (abs)        0000
__CFG_CPD$ON                             (abs)        0000
__CFG_DEBUG$OFF                          (abs)        0000
__CFG_FCMEN$OFF                          (abs)        0000
__CFG_FOSC$INTRC_NOCLKOUT                (abs)        0000
__CFG_IESO$OFF                           (abs)        0000
__CFG_LVP$OFF                            (abs)        0000
__CFG_MCLRE$OFF                          (abs)        0000
__CFG_PWRTE$OFF                          (abs)        0000
__CFG_WDTE$OFF                           (abs)        0000
__Habs1                                  abs1         0000
__Hbank0                                 bank0        0000
__Hbank1                                 bank1        0000
__Hbank2                                 bank2        0000
__Hbank3                                 bank3        0000
__HbssBANK0                              bssBANK0     0000
__HbssBANK1                              bssBANK1     0000
__HbssBANK2                              bssBANK2     0000
__HbssBANK3                              bssBANK3     0000
__HbssCOMMON                             bssCOMMON    0000
__Hcinit                                 cinit        004E
__Hclrtext                               clrtext      0000
__Hcode                                  code         0000
__Hcommon                                common       0000
__Hconfig                                config       2008
__HcstackBANK0                           cstackBANK0  0000
__HcstackCOMMON                          cstackCOMMON 0000
__HdataBANK0                             dataBANK0    0000
__HdataBANK1                             dataBANK1    0000
__Heeprom_data                           eeprom_data  0000
__Hend_init                              end_init     0015
__Hfunctab                               functab      0000
__HidataBANK0                            idataBANK0   0000
__HidataBANK1                            idataBANK1   0000
__Hidloc                                 idloc        0000
__Hinit                                  init         0012
__Hintentry                              intentry     0012
__Hmaintext                              maintext     0000
__Hpowerup                               powerup      0000
__Hram                                   ram          0000
__Hreset_vec                             reset_vec    0003
__Hsfr0                                  sfr0         0000
__Hsfr1                                  sfr1         0000
__Hsfr2                                  sfr2         0000
__Hsfr3                                  sfr3         0000
__Hspace_0                               (abs)        2008
__Hspace_1                               (abs)        01EF
__Hspace_2                               (abs)        0000
__Hspace_3                               (abs)        0000
__Hstack                                 stack        0000
__Hstrings                               strings      0000
__Htext                                  text         0000
__Labs1                                  abs1         0000
__Lbank0                                 bank0        0000
__Lbank1                                 bank1        0000
__Lbank2                                 bank2        0000
__Lbank3                                 bank3        0000
__LbssBANK0                              bssBANK0     0000
__LbssBANK1                              bssBANK1     0000
__LbssBANK2                              bssBANK2     0000
__LbssBANK3                              bssBANK3     0000
__LbssCOMMON                             bssCOMMON    0000
__Lcinit                                 cinit        0015
__Lclrtext                               clrtext      0000
__Lcode                                  code         0000
__Lcommon                                common       0000
__Lconfig                                config       2007
__LcstackBANK0                           cstackBANK0  0000
__LcstackCOMMON                          cstackCOMMON 0000
__LdataBANK0                             dataBANK0    0000
__LdataBANK1                             dataBANK1    0000
__Leeprom_data                           eeprom_data  0000
__Lend_init                              end_init     0012
__Lfunctab                               functab      0000
__LidataBANK0                            idataBANK0   0000
__LidataBANK1                            idataBANK1   0000
__Lidloc                                 idloc        0000
__Linit                                  init         0012
__Lintentry                              intentry     0004
__Lmaintext                              maintext     0000
__Lpowerup                               powerup      0000
__Lram                                   ram          0000
__Lreset_vec                             reset_vec    0000
__Lsfr0                                  sfr0         0000
__Lsfr1                                  sfr1         0000
__Lsfr2                                  sfr2         0000
__Lsfr3                                  sfr3         0000
__Lspace_0                               (abs)        0000
__Lspace_1                               (abs)        0000
__Lspace_2                               (abs)        0000
__Lspace_3                               (abs)        0000
__Lstack                                 stack        0000
__Lstrings                               strings      0000
__Ltext                                  text         0000
__S0                                     (abs)        2008
__S1                                     (abs)        01EF
__S2                                     (abs)        0000
__S3                                     (abs)        0000
___int_sp                                stack        0000
___latbits                               (abs)        0002
___sp                                    stack        0000
__end_of_AnalogValue                     text30       0E62
__end_of_Blink                           text12       0EEC
__end_of_ChannelP                        strings      0813
__end_of_ChannelR                        strings      0820
__end_of_ChannelS                        strings      082D
__end_of_DarknessCheck                   text28       0E8D
__end_of_DelayDs                         text31       0E15
__end_of_FindChannel                     text17       03C8
__end_of_LightWithSensController         text26       0F62
__end_of_Mode_0                          text25       0D0C
__end_of_Mode_1                          text24       0DBC
__end_of_Mode_2                          text23       0D3E
__end_of_Mode_4                          text14       0D6A
__end_of_Mode_5                          text13       0D8E
__end_of_OperationMode                   text9        0800
__end_of_ReadFIFO                        text10       0D5A
__end_of_ReadSPI                         text21       0D14
__end_of_ReceivedPacketHandler           text8        01A4
__end_of_RegisterRead                    text20       0DF2
__end_of_RegisterSet                     text19       0DD6
__end_of_SetRFMode                       text18       072B
__end_of_TimerCounter                    text34       0FA4
__end_of_TransiverInit                   text11       04B2
__end_of_TransiverReadFIFO               text7        0792
__end_of_TransiverToReceive              text6        1000
__end_of_TransmittPacket                 text15       062D
__end_of_WriteFIFO                       text16       0D31
__end_of_WriteSPI                        text22       0D4C
__end_of__initialization                 cinit        004A
__end_of__stringtab                      strings      0806
__end_of_eeprom_read                     text29       0E39
__end_of_init                            text5        07F7
__end_of_main                            maintext     02C8
__end_of_ram_sector_erase                text3        0F23
__end_of_read_ram_status                 text4        0DA2
__end_of_read_write_flash_ram            text2        06BC
__end_of_tc_int                          text32       057E
__end_of_timerFunction                   text27       0D7C
__end_of_write_ram_status                text1        0EB9
__end_ofi1_OperationMode                 text33       0D25
__initialization                         cinit        0015
__pbssBANK0                              bssBANK0     0069
__pbssBANK1                              bssBANK1     00A0
__pbssBANK2                              bssBANK2     0110
__pbssBANK3                              bssBANK3     0190
__pbssCOMMON                             bssCOMMON    007C
__pcstackBANK0                           cstackBANK0  0020
__pcstackCOMMON                          cstackCOMMON 0070
__pdataBANK0                             dataBANK0    006F
__pdataBANK1                             dataBANK1    00E3
__pidataBANK0                            idataBANK0   0003
__pidataBANK1                            idataBANK1   0D06
__pintentry                              intentry     0004
__pmaintext                              maintext     01A4
__pstrings                               strings      0800
__ptext1                                 text1        0E8D
__ptext10                                text10       0D4C
__ptext11                                text11       03C8
__ptext12                                text12       0EB9
__ptext13                                text13       0D7C
__ptext14                                text14       0D5A
__ptext15                                text15       057E
__ptext16                                text16       0D25
__ptext17                                text17       02C8
__ptext18                                text18       06BC
__ptext19                                text19       0DBC
__ptext2                                 text2        062D
__ptext20                                text20       0DD6
__ptext21                                text21       0D0C
__ptext22                                text22       0D3E
__ptext23                                text23       0D31
__ptext24                                text24       0DA2
__ptext25                                text25       0D08
__ptext26                                text26       0F23
__ptext27                                text27       0D6A
__ptext28                                text28       0E62
__ptext29                                text29       0E15
__ptext3                                 text3        0EEC
__ptext30                                text30       0E39
__ptext31                                text31       0DF2
__ptext32                                text32       04B2
__ptext33                                text33       0D1C
__ptext34                                text34       0F62
__ptext4                                 text4        0D8E
__ptext5                                 text5        0792
__ptext6                                 text6        0FA4
__ptext7                                 text7        072B
__ptext8                                 text8        004E
__ptext9                                 text9        07F7
__size_of_AnalogValue                    (abs)        0000
__size_of_Blink                          (abs)        0000
__size_of_DarknessCheck                  (abs)        0000
__size_of_DelayDs                        (abs)        0000
__size_of_FindChannel                    (abs)        0000
__size_of_LightWithSensController        (abs)        0000
__size_of_Mode_0                         (abs)        0000
__size_of_Mode_1                         (abs)        0000
__size_of_Mode_2                         (abs)        0000
__size_of_Mode_4                         (abs)        0000
__size_of_Mode_5                         (abs)        0000
__size_of_OperationMode                  (abs)        0000
__size_of_ReadFIFO                       (abs)        0000
__size_of_ReadSPI                        (abs)        0000
__size_of_ReceivedPacketHandler          (abs)        0000
__size_of_RegisterRead                   (abs)        0000
__size_of_RegisterSet                    (abs)        0000
__size_of_SetRFMode                      (abs)        0000
__size_of_TimerCounter                   (abs)        0000
__size_of_TransiverInit                  (abs)        0000
__size_of_TransiverReadFIFO              (abs)        0000
__size_of_TransiverToReceive             (abs)        0000
__size_of_TransmittPacket                (abs)        0000
__size_of_WriteFIFO                      (abs)        0000
__size_of_WriteSPI                       (abs)        0000
__size_of_eeprom_read                    (abs)        0000
__size_of_init                           (abs)        0000
__size_of_main                           (abs)        0000
__size_of_ram_sector_erase               (abs)        0000
__size_of_read_ram_status                (abs)        0000
__size_of_read_write_flash_ram           (abs)        0000
__size_of_tc_int                         (abs)        0000
__size_of_timerFunction                  (abs)        0000
__size_of_write_ram_status               (abs)        0000
__size_ofi1_OperationMode                (abs)        0000
__stringbase                             strings      0805
__stringtab                              strings      0800
_addressDarknessValue                    bssBANK1     00D7
_bChannelFound                           bssCOMMON    007C
_bDark                                   bssBANK0     006D
_bTimerComplete                          bssBANK1     00D2
_bTransiverModeReceive                   bssBANK0     006E
_bValueFromPot                           dataBANK0    006F
_channelFound                            bssBANK1     00D9
_eeprom_read                             text29       0E15
_init                                    text5        0792
_intBlinkCounter                         bssBANK1     00DB
_intBlinkCycle                           bssBANK0     0069
_intClockTimer                           bssBANK1     00C8
_intHalfSecondCounter                    bssBANK1     00DF
_intMinuteCounter                        bssBANK1     00E1
_intNumberOfBlinks                       dataBANK1    00E3
_intSecondCounter                        bssBANK0     006B
_main                                    maintext     01A4
_ram_sector_erase                        text3        0EEC
_read_ram_status                         text4        0D8E
_read_write_flash_ram                    text2        062D
_tc_int                                  text32       04B2
_timerFunction                           text27       0D6A
_var2                                    bssBANK3     0190
_write_ram_status                        text1        0E8D
btemp                                    (abs)        007E
clear_ram0                               clrtext      0D14
eeprom_read@addr                         cstackBANK0  0021
end_of_initialization                    cinit        004A
i1OperationMode@bracketStatus            cstackCOMMON 0071
i1_OperationMode                         text33       0D1C
interrupt_function                       intentry     0004
intlevel0                                functab      0000
intlevel1                                functab      0000
intlevel2                                functab      0000
intlevel3                                functab      0000
intlevel4                                functab      0000
intlevel5                                functab      0000
main@i                                   cstackBANK0  0067
main@i_119                               cstackBANK0  0065
main@value                               cstackBANK0  0064
ram_sector_erase@sector                  cstackBANK0  0025
read_ram_status@status                   cstackBANK0  0024
read_write_flash_ram@bytes_to_readwrite  cstackBANK0  0025
read_write_flash_ram@flash_page          cstackBANK0  0028
read_write_flash_ram@flash_sector        cstackBANK0  0027
read_write_flash_ram@i                   cstackBANK0  0030
read_write_flash_ram@mem_ptr             cstackBANK0  002A
read_write_flash_ram@offset              cstackBANK0  0029
read_write_flash_ram@one_read_zero_write cstackBANK0  002F
reset_vec                                reset_vec    0000
saved_w                                  (abs)        007E
stackhi                                  (abs)        0000
stacklo                                  (abs)        0000
start                                    init         0012
start_initialization                     cinit        0015
timerFunction@intSetSeconds              cstackBANK0  0022
timerFunction@intTimerNumber             cstackBANK0  0020
write_ram_status@status                  cstackBANK0  0025
wtemp0                                   (abs)        007E


FUNCTION INFORMATION:

 *************** function _main *****************
 Defined at:
		line 32 in file "main.c"
 Parameters:    Size  Location     Type
		None
 Auto vars:     Size  Location     Type
  i               2   69[BANK0 ] int 
  i               2   71[BANK0 ] int 
  value           1   68[BANK0 ] unsigned char 
 Return value:  Size  Location     Type
                  2   80[None  ] int 
 Registers used:
		wreg, fsr0l, fsr0h, status,2, status,0, btemp+1, pclath, cstack
 Tracked objects:
		On entry : 
		On exit  : 
		Unchanged: 
 Data sizes:     COMMON   BANK0   BANK1   BANK3   BANK2
      Params:         0       0       0       0       0
      Locals:         0       5       0       0       0
      Temps:          0       3       0       0       0
      Totals:         0       8       0       0       0
Total ram usage:        8 bytes
 Hardware stack levels required when called:   10
 This function calls:
		_Mode_0
		_Mode_1
		_Mode_2
		_Mode_4
		_Mode_5
		_OperationMode
		_TransiverInit
		_TransiverReadFIFO
		_TransiverToReceive
		_init
		_ram_sector_erase
		_read_ram_status
		_read_write_flash_ram
		_write_ram_status
 This function is called by:
		Startup code after reset
 This function uses a non-reentrant model


 *************** function _write_ram_status *****************
 Defined at:
		line 230 in file "m25p16.c"
 Parameters:    Size  Location     Type
  status          1    wreg     unsigned char 
 Auto vars:     Size  Location     Type
  status          1    5[BANK0 ] unsigned char 
 Return value:  Size  Location     Type
                  1    wreg      void 
 Registers used:
		wreg, status,2, status,0, pclath, cstack
 Tracked objects:
		On entry : 
		On exit  : 
		Unchanged: 
 Data sizes:     COMMON   BANK0   BANK1   BANK3   BANK2
      Params:         0       0       0       0       0
      Locals:         0       1       0       0       0
      Temps:          0       0       0       0       0
      Totals:         0       1       0       0       0
Total ram usage:        1 bytes
 Hardware stack levels used:    1
 Hardware stack levels required when called:    5
 This function calls:
		_WriteSPI
		_read_ram_status
 This function is called by:
		_main
 This function uses a non-reentrant model


 *************** function _read_write_flash_ram *****************
 Defined at:
		line 140 in file "m25p16.c"
 Parameters:    Size  Location     Type
  one_read_zer    1    wreg     unsigned char 
  bytes_to_rea    2    5[BANK0 ] unsigned short 
  flash_sector    1    7[BANK0 ] unsigned char 
  flash_page      1    8[BANK0 ] unsigned char 
  offset          1    9[BANK0 ] unsigned char 
  mem_ptr         2   10[BANK0 ] PTR unsigned char 
		 -> var2(95), main@value(1), 
 Auto vars:     Size  Location     Type
  one_read_zer    1   15[BANK0 ] unsigned char 
  i               2   16[BANK0 ] unsigned short 
 Return value:  Size  Location     Type
                  1    wreg      void 
 Registers used:
		wreg, fsr0l, fsr0h, status,2, status,0, pclath, cstack
 Tracked objects:
		On entry : 
		On exit  : 
		Unchanged: 
 Data sizes:     COMMON   BANK0   BANK1   BANK3   BANK2
      Params:         0       7       0       0       0
      Locals:         0       3       0       0       0
      Temps:          0       3       0       0       0
      Totals:         0      13       0       0       0
Total ram usage:       13 bytes
 Hardware stack levels used:    1
 Hardware stack levels required when called:    5
 This function calls:
		_ReadSPI
		_WriteSPI
		_read_ram_status
 This function is called by:
		_main
		_write_flash_page
		_read_flash_page
 This function uses a non-reentrant model


 *************** function _ram_sector_erase *****************
 Defined at:
		line 101 in file "m25p16.c"
 Parameters:    Size  Location     Type
  sector          1    wreg     unsigned char 
 Auto vars:     Size  Location     Type
  sector          1    5[BANK0 ] unsigned char 
 Return value:  Size  Location     Type
                  1    wreg      void 
 Registers used:
		wreg, status,2, status,0, pclath, cstack
 Tracked objects:
		On entry : 
		On exit  : 
		Unchanged: 
 Data sizes:     COMMON   BANK0   BANK1   BANK3   BANK2
      Params:         0       0       0       0       0
      Locals:         0       1       0       0       0
      Temps:          0       0       0       0       0
      Totals:         0       1       0       0       0
Total ram usage:        1 bytes
 Hardware stack levels used:    1
 Hardware stack levels required when called:    5
 This function calls:
		_WriteSPI
		_read_ram_status
 This function is called by:
		_main
 This function uses a non-reentrant model


 *************** function _read_ram_status *****************
 Defined at:
		line 57 in file "m25p16.c"
 Parameters:    Size  Location     Type
		None
 Auto vars:     Size  Location     Type
  status          1    4[BANK0 ] unsigned char 
 Return value:  Size  Location     Type
                  1    wreg      unsigned char 
 Registers used:
		wreg, status,2, status,0, pclath, cstack
 Tracked objects:
		On entry : 
		On exit  : 
		Unchanged: 
 Data sizes:     COMMON   BANK0   BANK1   BANK3   BANK2
      Params:         0       0       0       0       0
      Locals:         0       1       0       0       0
      Temps:          0       1       0       0       0
      Totals:         0       2       0       0       0
Total ram usage:        2 bytes
 Hardware stack levels used:    1
 Hardware stack levels required when called:    4
 This function calls:
		_ReadSPI
		_WriteSPI
 This function is called by:
		_main
		_ram_sector_erase
		_read_write_flash_ram
		_write_ram_status
		_ram_bulk_erase
 This function uses a non-reentrant model


 *************** function _init *****************
 Defined at:
		line 387 in file "functions.c"
 Parameters:    Size  Location     Type
		None
 Auto vars:     Size  Location     Type
		None
 Return value:  Size  Location     Type
                  1    wreg      void 
 Registers used:
		wreg, status,2, status,0
 Tracked objects:
		On entry : 
		On exit  : 
		Unchanged: 
 Data sizes:     COMMON   BANK0   BANK1   BANK3   BANK2
      Params:         0       0       0       0       0
      Locals:         0       0       0       0       0
      Temps:          0       0       0       0       0
      Totals:         0       0       0       0       0
Total ram usage:        0 bytes
 Hardware stack levels used:    1
 Hardware stack levels required when called:    2
 This function calls:
		Nothing
 This function is called by:
		_main
 This function uses a non-reentrant model


 *************** function _TransiverToReceive *****************
 Defined at:
		line 15 in file "functions.c"
 Parameters:    Size  Location     Type
		None
 Auto vars:     Size  Location     Type
		None
 Return value:  Size  Location     Type
                  1    wreg      void 
 Registers used:
		wreg, fsr0l, fsr0h, status,2, status,0, btemp+1, pclath, cstack
 Tracked objects:
		On entry : 
		On exit  : 
		Unchanged: 
 Data sizes:     COMMON   BANK0   BANK1   BANK3   BANK2
      Params:         0       0       0       0       0
      Locals:         0       0       0       0       0
      Temps:          0       2       0       0       0
      Totals:         0       2       0       0       0
Total ram usage:        2 bytes
 Hardware stack levels used:    1
 Hardware stack levels required when called:    7
 This function calls:
		_FindChannel
		_RegisterRead
		_RegisterSet
		_SetRFMode
		_timerFunction
 This function is called by:
		_main
 This function uses a non-reentrant model


 *************** function _TransiverReadFIFO *****************
 Defined at:
		line 41 in file "functions.c"
 Parameters:    Size  Location     Type
		None
 Auto vars:     Size  Location     Type
  j               2   63[BANK0 ] int 
  ReceivedStri   30   31[BANK0 ] unsigned char [30]
  i               2   61[BANK0 ] int 
 Return value:  Size  Location     Type
                  1    wreg      void 
 Registers used:
		wreg, fsr0l, fsr0h, status,2, status,0, btemp+1, pclath, cstack
 Tracked objects:
		On entry : 
		On exit  : 
		Unchanged: 
 Data sizes:     COMMON   BANK0   BANK1   BANK3   BANK2
      Params:         0       0       0       0       0
      Locals:         0      34       0       0       0
      Temps:          0       2       0       0       0
      Totals:         0      36       0       0       0
Total ram usage:       36 bytes
 Hardware stack levels used:    1
 Hardware stack levels required when called:    9
 This function calls:
		_ReadFIFO
		_ReceivedPacketHandler
		_SetRFMode
		_timerFunction
 This function is called by:
		_main
 This function uses a non-reentrant model


 *************** function _ReceivedPacketHandler *****************
 Defined at:
		line 72 in file "functions.c"
 Parameters:    Size  Location     Type
  Data            1    wreg     PTR unsigned char 
		 -> TransiverReadFIFO@ReceivedString(30), 
 Auto vars:     Size  Location     Type
  Data            1   28[BANK0 ] PTR unsigned char 
		 -> TransiverReadFIFO@ReceivedString(30), 
 Return value:  Size  Location     Type
                  1    wreg      void 
 Registers used:
		wreg, fsr0l, fsr0h, status,2, status,0, btemp+1, pclath, cstack
 Tracked objects:
		On entry : 
		On exit  : 
		Unchanged: 
 Data sizes:     COMMON   BANK0   BANK1   BANK3   BANK2
      Params:         0       0       0       0       0
      Locals:         0       1       0       0       0
      Temps:          0       1       0       0       0
      Totals:         0       2       0       0       0
Total ram usage:        2 bytes
 Hardware stack levels used:    1
 Hardware stack levels required when called:    8
 This function calls:
		_AnalogValue
		_DarknessCheck
		_DelayDs
		_OperationMode
		_TransmittPacket
		_eeprom_read
 This function is called by:
		_TransiverReadFIFO
 This function uses a non-reentrant model


 *************** function _OperationMode *****************
 Defined at:
		line 915 in file "functions.c"
 Parameters:    Size  Location     Type
		None
 Auto vars:     Size  Location     Type
  bracketStatu    1    1[BANK0 ] unsigned char 
 Return value:  Size  Location     Type
                  1    wreg      unsigned char 
 Registers used:
		wreg, status,2
 Tracked objects:
		On entry : 
		On exit  : 
		Unchanged: 
 Data sizes:     COMMON   BANK0   BANK1   BANK3   BANK2
      Params:         0       0       0       0       0
      Locals:         0       1       0       0       0
      Temps:          0       1       0       0       0
      Totals:         0       2       0       0       0
Total ram usage:        2 bytes
 Hardware stack levels used:    1
 Hardware stack levels required when called:    2
 This function calls:
		Nothing
 This function is called by:
		_main
		_ReceivedPacketHandler
 This function uses a non-reentrant model


 *************** function _ReadFIFO *****************
 Defined at:
		line 733 in file "functions.c"
 Parameters:    Size  Location     Type
		None
 Auto vars:     Size  Location     Type
  value           1    4[BANK0 ] unsigned char 
 Return value:  Size  Location     Type
                  1    wreg      unsigned char 
 Registers used:
		wreg, status,2, status,0, pclath, cstack
 Tracked objects:
		On entry : 
		On exit  : 
		Unchanged: 
 Data sizes:     COMMON   BANK0   BANK1   BANK3   BANK2
      Params:         0       0       0       0       0
      Locals:         0       1       0       0       0
      Temps:          0       1       0       0       0
      Totals:         0       2       0       0       0
Total ram usage:        2 bytes
 Hardware stack levels used:    1
 Hardware stack levels required when called:    4
 This function calls:
		_ReadSPI
 This function is called by:
		_TransiverReadFIFO
 This function uses a non-reentrant model


 *************** function _TransiverInit *****************
 Defined at:
		line 498 in file "functions.c"
 Parameters:    Size  Location     Type
		None
 Auto vars:     Size  Location     Type
		None
 Return value:  Size  Location     Type
                  1    wreg      void 
 Registers used:
		wreg, fsr0l, fsr0h, status,2, status,0, btemp+1, pclath, cstack
 Tracked objects:
		On entry : 
		On exit  : 
		Unchanged: 
 Data sizes:     COMMON   BANK0   BANK1   BANK3   BANK2
      Params:         0       0       0       0       0
      Locals:         0       0       0       0       0
      Temps:          0       1       0       0       0
      Totals:         0       1       0       0       0
Total ram usage:        1 bytes
 Hardware stack levels used:    1
 Hardware stack levels required when called:    7
 This function calls:
		_Blink
		_FindChannel
		_RegisterRead
		_RegisterSet
		_SetRFMode
 This function is called by:
		_main
 This function uses a non-reentrant model


 *************** function _Blink *****************
 Defined at:
		line 646 in file "functions.c"
 Parameters:    Size  Location     Type
  n               2    6[BANK0 ] int 
 Auto vars:     Size  Location     Type
  i               2    9[BANK0 ] int 
 Return value:  Size  Location     Type
                  1    wreg      void 
 Registers used:
		wreg, status,2, status,0, pclath, cstack
 Tracked objects:
		On entry : 
		On exit  : 
		Unchanged: 
 Data sizes:     COMMON   BANK0   BANK1   BANK3   BANK2
      Params:         0       2       0       0       0
      Locals:         0       2       0       0       0
      Temps:          0       1       0       0       0
      Totals:         0       5       0       0       0
Total ram usage:        5 bytes
 Hardware stack levels used:    1
 Hardware stack levels required when called:    3
 This function calls:
		_DelayDs
 This function is called by:
		_TransiverInit
 This function uses a non-reentrant model


 *************** function _Mode_5 *****************
 Defined at:
		line 288 in file "functions.c"
 Parameters:    Size  Location     Type
		None
 Auto vars:     Size  Location     Type
		None
 Return value:  Size  Location     Type
                  1    wreg      void 
 Registers used:
		wreg, fsr0l, fsr0h, status,2, status,0, btemp+1, pclath, cstack
 Tracked objects:
		On entry : 
		On exit  : 
		Unchanged: 
 Data sizes:     COMMON   BANK0   BANK1   BANK3   BANK2
      Params:         0       0       0       0       0
      Locals:         0       0       0       0       0
      Temps:          0       1       0       0       0
      Totals:         0       1       0       0       0
Total ram usage:        1 bytes
 Hardware stack levels used:    1
 Hardware stack levels required when called:    8
 This function calls:
		_LightWithSensController
		_TransmittPacket
 This function is called by:
		_main
 This function uses a non-reentrant model


 *************** function _Mode_4 *****************
 Defined at:
		line 276 in file "functions.c"
 Parameters:    Size  Location     Type
		None
 Auto vars:     Size  Location     Type
		None
 Return value:  Size  Location     Type
                  1    wreg      void 
 Registers used:
		wreg, fsr0l, fsr0h, status,2, status,0, btemp+1, pclath, cstack
 Tracked objects:
		On entry : 
		On exit  : 
		Unchanged: 
 Data sizes:     COMMON   BANK0   BANK1   BANK3   BANK2
      Params:         0       0       0       0       0
      Locals:         0       0       0       0       0
      Temps:          0       0       0       0       0
      Totals:         0       0       0       0       0
Total ram usage:        0 bytes
 Hardware stack levels used:    1
 Hardware stack levels required when called:    8
 This function calls:
		_LightWithSensController
		_TransmittPacket
 This function is called by:
		_main
 This function uses a non-reentrant model


 *************** function _TransmittPacket *****************
 Defined at:
		line 183 in file "functions.c"
 Parameters:    Size  Location     Type
  topic           1    wreg     unsigned char 
  value           1   21[BANK0 ] unsigned char 
 Auto vars:     Size  Location     Type
  topic           1   26[BANK0 ] unsigned char 
  i               2   24[BANK0 ] int 
 Return value:  Size  Location     Type
                  1    wreg      void 
 Registers used:
		wreg, fsr0l, fsr0h, status,2, status,0, btemp+1, pclath, cstack
 Tracked objects:
		On entry : 
		On exit  : 
		Unchanged: 
 Data sizes:     COMMON   BANK0   BANK1   BANK3   BANK2
      Params:         0       1       0       0       0
      Locals:         0       3       0       0       0
      Temps:          0       2       0       0       0
      Totals:         0       6       0       0       0
Total ram usage:        6 bytes
 Hardware stack levels used:    1
 Hardware stack levels required when called:    7
 This function calls:
		_FindChannel
		_RegisterRead
		_RegisterSet
		_SetRFMode
		_WriteFIFO
		_timerFunction
 This function is called by:
		_ReceivedPacketHandler
		_Mode_4
		_Mode_5
 This function uses a non-reentrant model


 *************** function _WriteFIFO *****************
 Defined at:
		line 760 in file "functions.c"
 Parameters:    Size  Location     Type
  Data            1    wreg     unsigned char 
 Auto vars:     Size  Location     Type
  Data            1    3[BANK0 ] unsigned char 
 Return value:  Size  Location     Type
                  1    wreg      void 
 Registers used:
		wreg, status,2, status,0, pclath, cstack
 Tracked objects:
		On entry : 
		On exit  : 
		Unchanged: 
 Data sizes:     COMMON   BANK0   BANK1   BANK3   BANK2
      Params:         0       0       0       0       0
      Locals:         0       1       0       0       0
      Temps:          0       0       0       0       0
      Totals:         0       1       0       0       0
Total ram usage:        1 bytes
 Hardware stack levels used:    1
 Hardware stack levels required when called:    3
 This function calls:
		_WriteSPI
 This function is called by:
		_TransmittPacket
 This function uses a non-reentrant model


 *************** function _FindChannel *****************
 Defined at:
		line 543 in file "functions.c"
 Parameters:    Size  Location     Type
		None
 Auto vars:     Size  Location     Type
  i               2   19[BANK0 ] int 
  cnt             2   17[BANK0 ] int 
 Return value:  Size  Location     Type
                  1    wreg      unsigned char 
 Registers used:
		wreg, fsr0l, fsr0h, status,2, status,0, btemp+1, pclath, cstack
 Tracked objects:
		On entry : 
		On exit  : 
		Unchanged: 
 Data sizes:     COMMON   BANK0   BANK1   BANK3   BANK2
      Params:         0       0       0       0       0
      Locals:         0       4       0       0       0
      Temps:          0       3       0       0       0
      Totals:         0       7       0       0       0
Total ram usage:        7 bytes
 Hardware stack levels used:    1
 Hardware stack levels required when called:    6
 This function calls:
		_RegisterRead
		_RegisterSet
		_SetRFMode
 This function is called by:
		_TransiverToReceive
		_TransmittPacket
		_TransiverInit
 This function uses a non-reentrant model


 *************** function _SetRFMode *****************
 Defined at:
		line 598 in file "functions.c"
 Parameters:    Size  Location     Type
  mode            1    wreg     unsigned char 
 Auto vars:     Size  Location     Type
  mode            1   12[BANK0 ] unsigned char 
  mcparam0_rea    1   13[BANK0 ] unsigned char 
 Return value:  Size  Location     Type
                  1    wreg      void 
 Registers used:
		wreg, fsr0l, fsr0h, status,2, status,0, pclath, cstack
 Tracked objects:
		On entry : 
		On exit  : 
		Unchanged: 
 Data sizes:     COMMON   BANK0   BANK1   BANK3   BANK2
      Params:         0       0       0       0       0
      Locals:         0       2       0       0       0
      Temps:          0       1       0       0       0
      Totals:         0       3       0       0       0
Total ram usage:        3 bytes
 Hardware stack levels used:    1
 Hardware stack levels required when called:    5
 This function calls:
		_RegisterRead
		_RegisterSet
 This function is called by:
		_TransiverToReceive
		_TransiverReadFIFO
		_TransmittPacket
		_TransiverInit
		_FindChannel
 This function uses a non-reentrant model


 *************** function _RegisterSet *****************
 Defined at:
		line 707 in file "functions.c"
 Parameters:    Size  Location     Type
  adress          1    wreg     unsigned char 
  value           1    7[BANK0 ] unsigned char 
 Auto vars:     Size  Location     Type
  adress          1   10[BANK0 ] unsigned char 
 Return value:  Size  Location     Type
                  1    wreg      void 
 Registers used:
		wreg, status,2, status,0, pclath, cstack
 Tracked objects:
		On entry : 
		On exit  : 
		Unchanged: 
 Data sizes:     COMMON   BANK0   BANK1   BANK3   BANK2
      Params:         0       1       0       0       0
      Locals:         0       1       0       0       0
      Temps:          0       2       0       0       0
      Totals:         0       4       0       0       0
Total ram usage:        4 bytes
 Hardware stack levels used:    1
 Hardware stack levels required when called:    3
 This function calls:
		_WriteSPI
 This function is called by:
		_TransiverToReceive
		_TransmittPacket
		_TransiverInit
		_FindChannel
		_SetRFMode
 This function uses a non-reentrant model


 *************** function _RegisterRead *****************
 Defined at:
		line 677 in file "functions.c"
 Parameters:    Size  Location     Type
  adress          1    wreg     unsigned char 
 Auto vars:     Size  Location     Type
  adress          1    6[BANK0 ] unsigned char 
  value           1    5[BANK0 ] unsigned char 
 Return value:  Size  Location     Type
                  1    wreg      unsigned char 
 Registers used:
		wreg, status,2, status,0, pclath, cstack
 Tracked objects:
		On entry : 
		On exit  : 
		Unchanged: 
 Data sizes:     COMMON   BANK0   BANK1   BANK3   BANK2
      Params:         0       0       0       0       0
      Locals:         0       2       0       0       0
      Temps:          0       2       0       0       0
      Totals:         0       4       0       0       0
Total ram usage:        4 bytes
 Hardware stack levels used:    1
 Hardware stack levels required when called:    4
 This function calls:
		_ReadSPI
		_WriteSPI
 This function is called by:
		_TransiverToReceive
		_TransmittPacket
		_TransiverInit
		_FindChannel
		_SetRFMode
 This function uses a non-reentrant model


 *************** function _ReadSPI *****************
 Defined at:
		line 490 in file "functions.c"
 Parameters:    Size  Location     Type
		None
 Auto vars:     Size  Location     Type
		None
 Return value:  Size  Location     Type
                  1    wreg      unsigned char 
 Registers used:
		wreg, status,2, status,0, pclath, cstack
 Tracked objects:
		On entry : 
		On exit  : 
		Unchanged: 
 Data sizes:     COMMON   BANK0   BANK1   BANK3   BANK2
      Params:         0       0       0       0       0
      Locals:         0       0       0       0       0
      Temps:          0       0       0       0       0
      Totals:         0       0       0       0       0
Total ram usage:        0 bytes
 Hardware stack levels used:    1
 Hardware stack levels required when called:    3
 This function calls:
		_WriteSPI
 This function is called by:
		_RegisterRead
		_ReadFIFO
		_read_ram_status
		_read_write_flash_ram
		_read_ram_id
 This function uses a non-reentrant model


 *************** function _WriteSPI *****************
 Defined at:
		line 478 in file "functions.c"
 Parameters:    Size  Location     Type
  databyte        1    wreg     unsigned char 
 Auto vars:     Size  Location     Type
  databyte        1    2[BANK0 ] unsigned char 
  buffer          1    1[BANK0 ] unsigned char 
 Return value:  Size  Location     Type
                  1    wreg      void 
 Registers used:
		wreg
 Tracked objects:
		On entry : 
		On exit  : 
		Unchanged: 
 Data sizes:     COMMON   BANK0   BANK1   BANK3   BANK2
      Params:         0       0       0       0       0
      Locals:         0       2       0       0       0
      Temps:          0       1       0       0       0
      Totals:         0       3       0       0       0
Total ram usage:        3 bytes
 Hardware stack levels used:    1
 Hardware stack levels required when called:    2
 This function calls:
		Nothing
 This function is called by:
		_ReadSPI
		_RegisterRead
		_RegisterSet
		_WriteFIFO
		_read_ram_status
		_ram_sector_erase
		_read_write_flash_ram
		_write_ram_status
		_read_ram_id
		_ram_bulk_erase
		_power_up_flash_ram
		_power_down_flash_ram
 This function uses a non-reentrant model


 *************** function _Mode_2 *****************
 Defined at:
		line 257 in file "functions.c"
 Parameters:    Size  Location     Type
		None
 Auto vars:     Size  Location     Type
		None
 Return value:  Size  Location     Type
                  1    wreg      void 
 Registers used:
		wreg, fsr0l, fsr0h, status,2, status,0, pclath, cstack
 Tracked objects:
		On entry : 
		On exit  : 
		Unchanged: 
 Data sizes:     COMMON   BANK0   BANK1   BANK3   BANK2
      Params:         0       0       0       0       0
      Locals:         0       0       0       0       0
      Temps:          0       0       0       0       0
      Totals:         0       0       0       0       0
Total ram usage:        0 bytes
 Hardware stack levels used:    1
 Hardware stack levels required when called:    6
 This function calls:
		_LightWithSensController
 This function is called by:
		_main
 This function uses a non-reentrant model


 *************** function _Mode_1 *****************
 Defined at:
		line 243 in file "functions.c"
 Parameters:    Size  Location     Type
		None
 Auto vars:     Size  Location     Type
		None
 Return value:  Size  Location     Type
                  1    wreg      void 
 Registers used:
		wreg, status,2, status,0, pclath, cstack
 Tracked objects:
		On entry : 
		On exit  : 
		Unchanged: 
 Data sizes:     COMMON   BANK0   BANK1   BANK3   BANK2
      Params:         0       0       0       0       0
      Locals:         0       0       0       0       0
      Temps:          0       0       0       0       0
      Totals:         0       0       0       0       0
Total ram usage:        0 bytes
 Hardware stack levels used:    1
 Hardware stack levels required when called:    5
 This function calls:
		_DarknessCheck
 This function is called by:
		_main
 This function uses a non-reentrant model


 *************** function _Mode_0 *****************
 Defined at:
		line 235 in file "functions.c"
 Parameters:    Size  Location     Type
		None
 Auto vars:     Size  Location     Type
		None
 Return value:  Size  Location     Type
                  1    wreg      void 
 Registers used:
		wreg, fsr0l, fsr0h, status,2, status,0, pclath, cstack
 Tracked objects:
		On entry : 
		On exit  : 
		Unchanged: 
 Data sizes:     COMMON   BANK0   BANK1   BANK3   BANK2
      Params:         0       0       0       0       0
      Locals:         0       0       0       0       0
      Temps:          0       0       0       0       0
      Totals:         0       0       0       0       0
Total ram usage:        0 bytes
 Hardware stack levels used:    1
 Hardware stack levels required when called:    6
 This function calls:
		_LightWithSensController
 This function is called by:
		_main
 This function uses a non-reentrant model


 *************** function _LightWithSensController *****************
 Defined at:
		line 301 in file "functions.c"
 Parameters:    Size  Location     Type
		None
 Auto vars:     Size  Location     Type
		None
 Return value:  Size  Location     Type
                  1    wreg      void 
 Registers used:
		wreg, fsr0l, fsr0h, status,2, status,0, pclath, cstack
 Tracked objects:
		On entry : 
		On exit  : 
		Unchanged: 
 Data sizes:     COMMON   BANK0   BANK1   BANK3   BANK2
      Params:         0       0       0       0       0
      Locals:         0       0       0       0       0
      Temps:          0       0       0       0       0
      Totals:         0       0       0       0       0
Total ram usage:        0 bytes
 Hardware stack levels used:    1
 Hardware stack levels required when called:    5
 This function calls:
		_DarknessCheck
		_timerFunction
 This function is called by:
		_Mode_0
		_Mode_2
		_Mode_4
		_Mode_5
 This function uses a non-reentrant model


 *************** function _timerFunction *****************
 Defined at:
		line 352 in file "functions.c"
 Parameters:    Size  Location     Type
  intTimerNumb    2    0[BANK0 ] int 
  intSetSecond    2    2[BANK0 ] int 
 Auto vars:     Size  Location     Type
		None
 Return value:  Size  Location     Type
                  1    wreg      unsigned char 
 Registers used:
		wreg, fsr0l, fsr0h, status,2, status,0
 Tracked objects:
		On entry : 
		On exit  : 
		Unchanged: 
 Data sizes:     COMMON   BANK0   BANK1   BANK3   BANK2
      Params:         0       4       0       0       0
      Locals:         0       0       0       0       0
      Temps:          0       1       0       0       0
      Totals:         0       5       0       0       0
Total ram usage:        5 bytes
 Hardware stack levels used:    1
 Hardware stack levels required when called:    2
 This function calls:
		Nothing
 This function is called by:
		_TransiverToReceive
		_TransiverReadFIFO
		_TransmittPacket
		_LightWithSensController
 This function uses a non-reentrant model


 *************** function _DarknessCheck *****************
 Defined at:
		line 881 in file "functions.c"
 Parameters:    Size  Location     Type
		None
 Auto vars:     Size  Location     Type
  darknessValu    1    9[BANK0 ] unsigned char 
 Return value:  Size  Location     Type
                  1    wreg      void 
 Registers used:
		wreg, status,2, status,0, pclath, cstack
 Tracked objects:
		On entry : 
		On exit  : 
		Unchanged: 
 Data sizes:     COMMON   BANK0   BANK1   BANK3   BANK2
      Params:         0       0       0       0       0
      Locals:         0       1       0       0       0
      Temps:          0       1       0       0       0
      Totals:         0       2       0       0       0
Total ram usage:        2 bytes
 Hardware stack levels used:    1
 Hardware stack levels required when called:    4
 This function calls:
		_AnalogValue
		_eeprom_read
 This function is called by:
		_ReceivedPacketHandler
		_Mode_1
		_LightWithSensController
 This function uses a non-reentrant model


 *************** function _eeprom_read *****************
 Defined at:
		line 6 in file "C:\Program Files (x86)\Microchip\xc8\v1.40\sources\pic\eeread.c"
 Parameters:    Size  Location     Type
  addr            1    wreg     unsigned char 
 Auto vars:     Size  Location     Type
  addr            1    1[BANK0 ] unsigned char 
 Return value:  Size  Location     Type
                  1    wreg      unsigned char 
 Registers used:
		wreg, status,2, status,0
 Tracked objects:
		On entry : 
		On exit  : 
		Unchanged: 
 Data sizes:     COMMON   BANK0   BANK1   BANK3   BANK2
      Params:         0       0       0       0       0
      Locals:         0       1       0       0       0
      Temps:          0       1       0       0       0
      Totals:         0       2       0       0       0
Total ram usage:        2 bytes
 Hardware stack levels used:    1
 Hardware stack levels required when called:    2
 This function calls:
		Nothing
 This function is called by:
		_ReceivedPacketHandler
		_DarknessCheck
 This function uses a non-reentrant model


 *************** function _AnalogValue *****************
 Defined at:
		line 854 in file "functions.c"
 Parameters:    Size  Location     Type
  channel         1    wreg     unsigned char 
 Auto vars:     Size  Location     Type
  channel         1    7[BANK0 ] unsigned char 
 Return value:  Size  Location     Type
                  1    wreg      unsigned char 
 Registers used:
		wreg, status,2, status,0, pclath, cstack
 Tracked objects:
		On entry : 
		On exit  : 
		Unchanged: 
 Data sizes:     COMMON   BANK0   BANK1   BANK3   BANK2
      Params:         0       0       0       0       0
      Locals:         0       1       0       0       0
      Temps:          0       1       0       0       0
      Totals:         0       2       0       0       0
Total ram usage:        2 bytes
 Hardware stack levels used:    1
 Hardware stack levels required when called:    3
 This function calls:
		_DelayDs
 This function is called by:
		_ReceivedPacketHandler
		_DarknessCheck
 This function uses a non-reentrant model


 *************** function _DelayDs *****************
 Defined at:
		line 469 in file "functions.c"
 Parameters:    Size  Location     Type
  cnt             2    0[BANK0 ] int 
 Auto vars:     Size  Location     Type
  i               2    4[BANK0 ] int 
 Return value:  Size  Location     Type
                  1    wreg      void 
 Registers used:
		wreg, status,2
 Tracked objects:
		On entry : 
		On exit  : 
		Unchanged: 
 Data sizes:     COMMON   BANK0   BANK1   BANK3   BANK2
      Params:         0       2       0       0       0
      Locals:         0       2       0       0       0
      Temps:          0       2       0       0       0
      Totals:         0       6       0       0       0
Total ram usage:        6 bytes
 Hardware stack levels used:    1
 Hardware stack levels required when called:    2
 This function calls:
		Nothing
 This function is called by:
		_ReceivedPacketHandler
		_Blink
		_AnalogValue
 This function uses a non-reentrant model


 *************** function _tc_int *****************
 Defined at:
		line 784 in file "functions.c"
 Parameters:    Size  Location     Type
		None
 Auto vars:     Size  Location     Type
		None
 Return value:  Size  Location     Type
                  1    wreg      void 
 Registers used:
		wreg, fsr0l, fsr0h, status,2, status,0, btemp+1, pclath, cstack
 Tracked objects:
		On entry : 
		On exit  : 
		Unchanged: 
 Data sizes:     COMMON   BANK0   BANK1   BANK3   BANK2
      Params:         0       0       0       0       0
      Locals:         0       0       0       0       0
      Temps:          7       0       0       0       0
      Totals:         7       0       0       0       0
Total ram usage:        7 bytes
 Hardware stack levels used:    1
 Hardware stack levels required when called:    1
 This function calls:
		_TimerCounter
		i1_OperationMode
 This function is called by:
		Interrupt level 1
 This function uses a non-reentrant model


 *************** function i1_OperationMode *****************
 Defined at:
		line 915 in file "functions.c"
 Parameters:    Size  Location     Type
		None
 Auto vars:     Size  Location     Type
  OperationMod    1    1[COMMON] unsigned char 
 Return value:  Size  Location     Type
                  1    wreg      unsigned char 
 Registers used:
		wreg, status,2
 Tracked objects:
		On entry : 
		On exit  : 
		Unchanged: 
 Data sizes:     COMMON   BANK0   BANK1   BANK3   BANK2
      Params:         0       0       0       0       0
      Locals:         1       0       0       0       0
      Temps:          1       0       0       0       0
      Totals:         2       0       0       0       0
Total ram usage:        2 bytes
 Hardware stack levels used:    1
 This function calls:
		Nothing
 This function is called by:
		_tc_int
 This function uses a non-reentrant model


 *************** function _TimerCounter *****************
 Defined at:
		line 374 in file "functions.c"
 Parameters:    Size  Location     Type
		None
 Auto vars:     Size  Location     Type
  i               2    3[COMMON] int 
 Return value:  Size  Location     Type
                  1    wreg      void 
 Registers used:
		wreg, fsr0l, fsr0h, status,2, status,0, btemp+1
 Tracked objects:
		On entry : 
		On exit  : 
		Unchanged: 
 Data sizes:     COMMON   BANK0   BANK1   BANK3   BANK2
      Params:         0       0       0       0       0
      Locals:         2       0       0       0       0
      Temps:          3       0       0       0       0
      Totals:         5       0       0       0       0
Total ram usage:        5 bytes
 Hardware stack levels used:    1
 This function calls:
		Nothing
 This function is called by:
		_tc_int
 This function uses a non-reentrant model



MODULE INFORMATION

Module		Function		Class		Link	Load	Size
m25p16.c
		_read_write_flash_ram		CODE           	062D	0000	144
		_read_ram_status		CODE           	0D8E	0000	21
		_ram_sector_erase		CODE           	0EEC	0000	56
		_write_ram_status		CODE           	0E8D	0000	45

m25p16.c estimated size: 266

functions.c
		_init          		CODE           	0792	0000	102
		_SetRFMode     		CODE           	06BC	0000	112
		_Mode_0        		CODE           	0D08	0000	5
		_TransmittPacket		CODE           	057E	0000	176
		_ReadFIFO      		CODE           	0D4C	0000	15
		_LightWithSensController		CODE           	0F23	0000	64
		_timerFunction 		CODE           	0D6A	0000	19
		_DelayDs       		CODE           	0DF2	0000	36
		_TransiverInit 		CODE           	03C8	0000	235
		_AnalogValue   		CODE           	0E39	0000	42
		_tc_int        		CODE           	04B2	0000	205
		_OperationMode 		CODE           	07F7	0000	10
		_Mode_1        		CODE           	0DA2	0000	27
		_FindChannel   		CODE           	02C8	0000	257
		_ReceivedPacketHandler		CODE           	004E	0000	343
		_Blink         		CODE           	0EB9	0000	52
		_Mode_4        		CODE           	0D5A	0000	17
		_WriteFIFO     		CODE           	0D25	0000	13
		_TransiverToReceive		CODE           	0FA4	0000	93
		_TimerCounter  		CODE           	0F62	0000	67
		_TransiverReadFIFO		CODE           	072B	0000	104
		_RegisterSet   		CODE           	0DBC	0000	27
		_Mode_2        		CODE           	0D31	0000	14
		_RegisterRead  		CODE           	0DD6	0000	29
		_Mode_5        		CODE           	0D7C	0000	19
		_DarknessCheck 		CODE           	0E62	0000	44
		_WriteSPI      		CODE           	0D3E	0000	15
		_ReadSPI       		CODE           	0D0C	0000	9

functions.c estimated size: 2151

C:\Program Files (x86)\Microchip\xc8\v1.40\sources\pic\eeread.c
		_eeprom_read   		CODE           	0E15	0000	37

C:\Program Files (x86)\Microchip\xc8\v1.40\sources\pic\eeread.c estimated size: 37

shared
		__stringtab    		STRING         	0800	0000	7
		__initialization		CODE           	0015	0000	54
		i1_OperationMode		CODE           	0D1C	0000	10
		_ChannelP      		STRING         	0806	0000	14
		_ChannelR      		STRING         	0813	0000	14
		_ChannelS      		STRING         	0820	0000	14

shared estimated size: 113

main.c
		_main          		CODE           	01A4	0000	293

main.c estimated size: 293

