Microchip MPLAB XC8 Compiler V1.40 ()

Linker command line:

-W-3 --edf=C:\Program Files (x86)\Microchip\xc8\v1.40\dat\en_msgs.txt -cs \
  -h+dist/default/production\Bustel_Cardv20.0.X.production.sym \
  --cmf=dist/default/production\Bustel_Cardv20.0.X.production.cmf -z \
  -Q16F887 -oC:\Users\tellw\AppData\Local\Temp\s9kk.2 \
  -Mdist/default/production/Bustel_Cardv20.0.X.production.map -E1 -ver=XC8 \
  -ASTACK=0110h-016fh -pstack=STACK -ACODE=00h-07FFhx4 -ASTRCODE=00h-01FFFh \
  -ASTRING=00h-0FFhx32 -ACONST=00h-0FFhx32 -AENTRY=00h-0FFhx32 \
  -ACOMMON=070h-07Fh -ABANK0=020h-06Fh -ABANK1=0A0h-0EFh \
  -ABANK2=0110h-016Fh -ABANK3=0190h-01EFh \
  -ARAM=020h-06Fh,0A0h-0EFh,0110h-016Fh,0190h-01EFh \
  -AABS1=020h-07Fh,0A0h-0EFh,0110h-016Fh,0190h-01EFh -ASFR0=00h-01Fh \
  -ASFR1=080h-09Fh -ASFR2=0100h-010Fh -ASFR3=0180h-018Fh \
  -preset_vec=00h,intentry=04h,init,end_init -ppowerup=CODE -pcinit=CODE \
  -pfunctab=CODE -ACONFIG=02007h-02008h -pconfig=CONFIG -DCONFIG=2 \
  -AIDLOC=02000h-02003h -pidloc=IDLOC -DIDLOC=2 -AEEDATA=00h-0FFh/02100h \
  -peeprom_data=EEDATA -DEEDATA=2 -DCODE=2 -DSTRCODE=2 -DSTRING=2 -DCONST=2 \
  -DENTRY=2 -k C:\Users\tellw\AppData\Local\Temp\s9kk.obj \
  dist/default/production\Bustel_Cardv20.0.X.production.obj 

Object code version is 3.11

Machine type is 16F887



                Name                               Link     Load   Length Selector   Space Scale
C:\Users\tellw\AppData\Local\Temp\s9kk.obj
                end_init                             12       12        3        8       0
                reset_vec                             0        0        3        0       0
                config                             2007     2007        1     400E       0
dist/default/production\Bustel_Cardv20.0.X.production.obj
                cinit                                15       15       2E        8       0
                intentry                              4        4        E        8       0
                text48                              CC9      CC9       42     1992       0
                text47                              AA1      AA1       1B     1542       0
                text46                              B83      B83       26     1706       0
                text45                              D0B      D0B       52     1A16       0
                text44                              B3B      B3B       24     1676       0
                text43                              9C9      9C9        E     1392       0
                text42                              986      986        8     130C       0
                text41                              A15      A15       14     142A       0
                text40                              EF1      EF1       75     1DE2       0
                text39                              AD8      AD8       1E     15B0       0
                text38                              BA9      BA9       29     1752       0
                text37                              1D1      1D1      16B        8       0
                text36                              99E      99E        9     133C       0
                text35                              662      662       C3        8       0
                text34                              9D7      9D7        E     13AE       0
                text33                              98E      98E        8     131C       0
                text32                              F66      F66       9A     1ECC       0
                text31                              B18      B18       23     1630       0
                text30                              BD2      BD2       29     17A4       0
                text29                              B5F      B5F       24     16BE       0
                text28                              7D6      7D6       29        8       0
                text27                              A03      A03       12     1406       0
                text26                              C8A      C8A       3F     1914       0
                text25                              982      982        4     1304       0
                text24                              A53      A53       1A     14A6       0
                text23                              9BC      9BC        D     1378       0
                text22                              ABC      ABC       1C     1578       0
                text21                              A6D      A6D       1A     14DA       0
                text20                              E82      E82       6F     1D04       0
                text19                              46A      46A      10E        8       0
                text18                              9B0      9B0        C     1360       0
                text17                              725      725       B1        8       0
                text16                              9F3      9F3       10     13E6       0
                text15                              A3D      A3D       16     147A       0
                text14                              DB9      DB9       64     1B72       0
                text13                              C57      C57       33     18AE       0
                text12                              578      578       EA        8       0
                text11                              9E5      9E5        E     13CA       0
                text10                              9A7      9A7        9     134E       0
                text9                               C27      C27       30     184E       0
                text8                               A87      A87       1A     150E       0
                text7                               7FF      7FF        1        8       0
                text6                               A29      A29       14     1452       0
                text5                               AF6      AF6       22     15EC       0
                text4                               BFB      BFB       2C     17F6       0
                text3                                43       43      18E        8       0
                text2                               E1D      E1D       65     1C3A       0
                text1                               D5D      D5D       5C     1ABA       0
                maintext                            33C      33C      12E        8       0
                cstackBANK0                          20       20       26       20       1
                cstackCOMMON                         70       70        D       70       1
                cstackBANK1                          A0       A0       30       A0       1
                clrtext                             996      996        8     132C       0
                bssBANK3                            190      190       28      190       1
                bssBANK1                             D0       D0        B       A0       1
                dataBANK0                            5B       5B        3       20       1
                bssBANK0                             46       46       15       20       1
                strings                             800      800       2D     1000       0
                idataBANK0                          97F      97F        3     12FE       0

TOTAL           Name                               Link     Load   Length     Space
        CLASS   STACK          

        CLASS   CODE           
                end_init                             12       12        3         0
                cinit                                15       15       2E         0
                intentry                              4        4        E         0
                reset_vec                             0        0        3         0
                text48                              CC9      CC9       42         0
                text47                              AA1      AA1       1B         0
                text46                              B83      B83       26         0
                text45                              D0B      D0B       52         0
                text44                              B3B      B3B       24         0
                text43                              9C9      9C9        E         0
                text42                              986      986        8         0
                text41                              A15      A15       14         0
                text40                              EF1      EF1       75         0
                text39                              AD8      AD8       1E         0
                text38                              BA9      BA9       29         0
                text37                              1D1      1D1      16B         0
                text36                              99E      99E        9         0
                text35                              662      662       C3         0
                text34                              9D7      9D7        E         0
                text33                              98E      98E        8         0
                text32                              F66      F66       9A         0
                text31                              B18      B18       23         0
                text30                              BD2      BD2       29         0
                text29                              B5F      B5F       24         0
                text28                              7D6      7D6       29         0
                text27                              A03      A03       12         0
                text26                              C8A      C8A       3F         0
                text25                              982      982        4         0
                text24                              A53      A53       1A         0
                text23                              9BC      9BC        D         0
                text22                              ABC      ABC       1C         0
                text21                              A6D      A6D       1A         0
                text20                              E82      E82       6F         0
                text19                              46A      46A      10E         0
                text18                              9B0      9B0        C         0
                text17                              725      725       B1         0
                text16                              9F3      9F3       10         0
                text15                              A3D      A3D       16         0
                text14                              DB9      DB9       64         0
                text13                              C57      C57       33         0
                text12                              578      578       EA         0
                text11                              9E5      9E5        E         0
                text10                              9A7      9A7        9         0
                text9                               C27      C27       30         0
                text8                               A87      A87       1A         0
                text7                               7FF      7FF        1         0
                text6                               A29      A29       14         0
                text5                               AF6      AF6       22         0
                text4                               BFB      BFB       2C         0
                text3                                43       43      18E         0
                text2                               E1D      E1D       65         0
                text1                               D5D      D5D       5C         0
                maintext                            33C      33C      12E         0
                clrtext                             996      996        8         0
                idataBANK0                          97F      97F        3         0

        CLASS   STRCODE        

        CLASS   STRING         
                strings                             800      800       2D         0

        CLASS   CONST          

        CLASS   ENTRY          

        CLASS   COMMON         
                cstackCOMMON                         70       70        D         1

        CLASS   BANK0          
                cstackBANK0                          20       20       26         1
                dataBANK0                            5B       5B        3         1
                bssBANK0                             46       46       15         1

        CLASS   BANK1          
                cstackBANK1                          A0       A0       30         1
                bssBANK1                             D0       D0        B         1

        CLASS   BANK2          

        CLASS   BANK3          
                bssBANK3                            190      190       28         1

        CLASS   RAM            

        CLASS   ABS1           
                abs_s1                               7E       7E        2         1

        CLASS   SFR0           

        CLASS   SFR1           

        CLASS   SFR2           

        CLASS   SFR3           

        CLASS   CONFIG         
                config                             2007     2007        1         0

        CLASS   IDLOC          

        CLASS   EEDATA         



SEGMENTS        Name                           Load    Length   Top    Selector   Space  Class     Delta

                reset_vec                      000000  000003  000003         0       0  CODE        2
                intentry                       000004  0007FC  000800         8       0  CODE        2
                cstackBANK0                    000020  00003E  00005E        20       1  BANK0       1
                cstackCOMMON                   000070  00000D  00007D        70       1  COMMON      1
                cstackBANK1                    0000A0  00003B  0000DB        A0       1  BANK1       1
                bssBANK3                       000190  000028  0001B8       190       1  BANK3       1
                strings                        000800  00002D  00082D      1000       0  STRING      2
                idataBANK0                     00097F  000003  000982      12FE       0  CODE        2
                text25                         000982  000004  000986      1304       0  CODE        2
                text42                         000986  000008  00098E      130C       0  CODE        2
                text33                         00098E  000008  000996      131C       0  CODE        2
                clrtext                        000996  000008  00099E      132C       0  CODE        2
                text36                         00099E  000009  0009A7      133C       0  CODE        2
                text10                         0009A7  000009  0009B0      134E       0  CODE        2
                text18                         0009B0  00000C  0009BC      1360       0  CODE        2
                text23                         0009BC  00000D  0009C9      1378       0  CODE        2
                text43                         0009C9  00000E  0009D7      1392       0  CODE        2
                text34                         0009D7  00000E  0009E5      13AE       0  CODE        2
                text11                         0009E5  00000E  0009F3      13CA       0  CODE        2
                text16                         0009F3  000010  000A03      13E6       0  CODE        2
                text27                         000A03  000012  000A15      1406       0  CODE        2
                text41                         000A15  000014  000A29      142A       0  CODE        2
                text6                          000A29  000014  000A3D      1452       0  CODE        2
                text15                         000A3D  000016  000A53      147A       0  CODE        2
                text24                         000A53  00001A  000A6D      14A6       0  CODE        2
                text21                         000A6D  00001A  000A87      14DA       0  CODE        2
                text8                          000A87  00001A  000AA1      150E       0  CODE        2
                text47                         000AA1  00001B  000ABC      1542       0  CODE        2
                text22                         000ABC  00001C  000AD8      1578       0  CODE        2
                text39                         000AD8  00001E  000AF6      15B0       0  CODE        2
                text5                          000AF6  000022  000B18      15EC       0  CODE        2
                text31                         000B18  000023  000B3B      1630       0  CODE        2
                text44                         000B3B  000024  000B5F      1676       0  CODE        2
                text29                         000B5F  000024  000B83      16BE       0  CODE        2
                text46                         000B83  000026  000BA9      1706       0  CODE        2
                text38                         000BA9  000029  000BD2      1752       0  CODE        2
                text30                         000BD2  000029  000BFB      17A4       0  CODE        2
                text4                          000BFB  00002C  000C27      17F6       0  CODE        2
                text9                          000C27  000030  000C57      184E       0  CODE        2
                text13                         000C57  000033  000C8A      18AE       0  CODE        2
                text26                         000C8A  00003F  000CC9      1914       0  CODE        2
                text48                         000CC9  000042  000D0B      1992       0  CODE        2
                text45                         000D0B  000052  000D5D      1A16       0  CODE        2
                text1                          000D5D  00005C  000DB9      1ABA       0  CODE        2
                text14                         000DB9  000064  000E1D      1B72       0  CODE        2
                text2                          000E1D  000065  000E82      1C3A       0  CODE        2
                text20                         000E82  00006F  000EF1      1D04       0  CODE        2
                text40                         000EF1  000075  000F66      1DE2       0  CODE        2
                text32                         000F66  00009A  001000      1ECC       0  CODE        2
                config                         002007  000001  002008      400E       0  CONFIG      2


UNUSED ADDRESS RANGES

        Name                Unused          Largest block    Delta
        BANK0            005E-006F             12           1
        BANK1            00DB-00EF             15           1
        BANK2            0110-016F             60           1
        BANK3            01B8-01EF             38           1
        CODE             0003-0003              1           2
                         082D-097E            152
                         1000-1FFF            800
        COMMON           007D-007D              1           1
        CONFIG           2008-2008              1           2
        CONST            0003-0003              1           2
                         082D-097E             D3
                         1000-1FFF            100
        EEDATA           2100-21FF            100           2
        ENTRY            0003-0003              1           2
                         082D-097E             D3
                         1000-1FFF            100
        IDLOC            2000-2003              4           2
        RAM              005E-006F             12           1
                         00DB-00EF             15
                         0110-016F             60
                         01B8-01EF             38
        SFR0             0000-001F             20           1
        SFR1             0080-009F             20           1
        SFR2             0100-010F             10           1
        SFR3             0180-018F             10           1
        STACK            0110-016F             60           1
        STRCODE          0003-0003              1           2
                         082D-097E            152
                         1000-1FFF           1000
        STRING           0003-0003              1           2
                         082D-097E             D3
                         1000-1FFF            100

                                  Symbol Table

AnalogValue@channel                      cstackBANK0  0039
Blink@i                                  cstackBANK0  003B
Blink@n                                  cstackBANK0  0038
ClockInit@cnt                            cstackBANK0  0036
DarknessCheck@darknessValue              cstackBANK0  003B
DelayDs@cnt                              cstackBANK0  0032
DelayDs@i                                cstackBANK0  0036
FindChannel@cnt                          cstackBANK1  00A0
FindChannel@i                            cstackBANK1  00A2
IncreaseMemoryAdress@var1                cstackCOMMON 0074
IncreaseMemoryAdress@var2                cstackCOMMON 0075
IncreaseMemoryAdress@var3                cstackCOMMON 0076
OperationMode@bracketStatus              cstackBANK0  0033
ReadFIFO@value                           cstackBANK0  0036
ReadMemoryAdress@var1                    cstackCOMMON 0073
ReadMemoryAdress@var2                    cstackCOMMON 0072
ReadMemoryAdress@var3                    cstackCOMMON 0075
ReceivedPacketHandler@Data               cstackBANK1  00A8
RegisterRead@adress                      cstackBANK0  0038
RegisterRead@value                       cstackBANK0  0037
RegisterSet@adress                       cstackBANK0  003C
RegisterSet@value                        cstackBANK0  0039
SetRFMode@mcparam0_read                  cstackBANK0  003F
SetRFMode@mode                           cstackBANK0  003E
TimerCounter@i                           cstackCOMMON 0073
TransiverReadFIFO@ReceivedString         cstackBANK1  00AB
TransiverReadFIFO@i                      cstackBANK1  00C9
TransiverReadFIFO@j                      cstackBANK1  00CB
TransmittPacket@i                        cstackBANK1  00A4
TransmittPacket@topic                    cstackBANK1  00A6
TransmittPacket@value                    cstackBANK0  0043
WriteFIFO@Data                           cstackBANK0  0035
WriteSPI@buffer                          cstackBANK0  0033
WriteSPI@databyte                        cstackBANK0  0034
_ADCON0bits                              (abs)        001F
_ADCON1bits                              (abs)        009F
_ADRESH                                  (abs)        001E
_ANSEL                                   (abs)        0188
_ANSELH                                  (abs)        0189
_ANSELHbits                              (abs)        0189
_ANSELbits                               (abs)        0188
_AnalogValue                             text30       0BD2
_Blink                                   text13       0C57
_CARRY                                   (abs)        0018
_ChannelP                                strings      0806
_ChannelR                                strings      0813
_ChannelS                                strings      0820
_ClockInit                               text32       0F66
_DarknessCheck                           text28       07D6
_DelayDs                                 text31       0B18
_EEADR                                   (abs)        010D
_EECON1                                  (abs)        018C
_EECON2                                  (abs)        018D
_EEDATA                                  (abs)        010C
_FindChannel                             text19       046A
_GIE                                     (abs)        005F
_INTCONbits                              (abs)        000B
_IOCBbits                                (abs)        0096
_IncreaseMemoryAdress                    text45       0D0B
_LightWithSensController                 text26       0C8A
_Mode_0                                  text25       0982
_Mode_1                                  text24       0A53
_Mode_2                                  text23       09BC
_Mode_4                                  text16       09F3
_Mode_5                                  text15       0A3D
_OPTION_REGbits                          (abs)        0081
_OSCCONbits                              (abs)        008F
_OperationMode                           text10       09A7
_PICInit                                 text14       0DB9
_PIE1bits                                (abs)        008C
_PIR1bits                                (abs)        000C
_PORTA                                   (abs)        0005
_PORTB                                   (abs)        0006
_PORTC                                   (abs)        0007
_PORTD                                   (abs)        0008
_PORTE                                   (abs)        0009
_RA1                                     (abs)        0029
_RA4                                     (abs)        002C
_RA5                                     (abs)        002D
_RB0                                     (abs)        0030
_RB1                                     (abs)        0031
_RB3                                     (abs)        0033
_RB4                                     (abs)        0034
_RB5                                     (abs)        0035
_RBIF                                    (abs)        0058
_RC0                                     (abs)        0038
_RC1                                     (abs)        0039
_RC2                                     (abs)        003A
_RD                                      (abs)        0C60
_RD3                                     (abs)        0043
_RD4                                     (abs)        0044
_ReadFIFO                                text11       09E5
_ReadMemoryAdress                        text44       0B3B
_ReadSPI                                 text33       098E
_ReceivedPacketHandler                   text3        0043
_RegisterRead                            text22       0ABC
_RegisterSet                             text21       0A6D
_ResetMemoryAdress                       text8        0A87
_SSPBUF                                  (abs)        0013
_SSPCONbits                              (abs)        0014
_SSPIE                                   (abs)        0463
_SSPSTATbits                             (abs)        0094
_SendMemoryData                          text7        07FF
_SetRFMode                               text20       0E82
_T1CON                                   (abs)        0010
_T1CONbits                               (abs)        0010
_TMR1H                                   (abs)        000F
_TMR1IF                                  (abs)        0060
_TMR1L                                   (abs)        000E
_TMR1ON                                  (abs)        0080
_TRISA                                   (abs)        0085
_TRISB                                   (abs)        0086
_TRISC                                   (abs)        0087
_TRISD                                   (abs)        0088
_TRISE                                   (abs)        0089
_TimerCounter                            text48       0CC9
_TransiverInit                           text12       0578
_TransiverReadFIFO                       text2        0E1D
_TransiverToReceive                      text1        0D5D
_TransmittPacket                         text17       0725
_WPUBbits                                (abs)        0095
_WR                                      (abs)        0C61
_WREN                                    (abs)        0C62
_WriteFIFO                               text18       09B0
_WriteSPI                                text34       09D7
__CFG_BOREN$OFF                          (abs)        0000
__CFG_CP$ON                              (abs)        0000
__CFG_CPD$ON                             (abs)        0000
__CFG_DEBUG$OFF                          (abs)        0000
__CFG_FCMEN$OFF                          (abs)        0000
__CFG_FOSC$INTRC_NOCLKOUT                (abs)        0000
__CFG_IESO$OFF                           (abs)        0000
__CFG_LVP$OFF                            (abs)        0000
__CFG_MCLRE$OFF                          (abs)        0000
__CFG_PWRTE$OFF                          (abs)        0000
__CFG_WDTE$OFF                           (abs)        0000
__Habs1                                  abs1         0000
__Hbank0                                 bank0        0000
__Hbank1                                 bank1        0000
__Hbank2                                 bank2        0000
__Hbank3                                 bank3        0000
__HbssBANK0                              bssBANK0     0000
__HbssBANK1                              bssBANK1     0000
__HbssBANK3                              bssBANK3     0000
__Hcinit                                 cinit        0043
__Hclrtext                               clrtext      0000
__Hcode                                  code         0000
__Hcommon                                common       0000
__Hconfig                                config       2008
__HcstackBANK0                           cstackBANK0  0000
__HcstackBANK1                           cstackBANK1  0000
__HcstackCOMMON                          cstackCOMMON 0000
__HdataBANK0                             dataBANK0    0000
__Heeprom_data                           eeprom_data  0000
__Hend_init                              end_init     0015
__Hfunctab                               functab      0000
__HidataBANK0                            idataBANK0   0000
__Hidloc                                 idloc        0000
__Hinit                                  init         0012
__Hintentry                              intentry     0012
__Hmaintext                              maintext     0000
__Hpowerup                               powerup      0000
__Hram                                   ram          0000
__Hreset_vec                             reset_vec    0003
__Hsfr0                                  sfr0         0000
__Hsfr1                                  sfr1         0000
__Hsfr2                                  sfr2         0000
__Hsfr3                                  sfr3         0000
__Hspace_0                               (abs)        2008
__Hspace_1                               (abs)        01B8
__Hspace_2                               (abs)        0000
__Hspace_3                               (abs)        0000
__Hstack                                 stack        0000
__Hstrings                               strings      0000
__Htext                                  text         0000
__Labs1                                  abs1         0000
__Lbank0                                 bank0        0000
__Lbank1                                 bank1        0000
__Lbank2                                 bank2        0000
__Lbank3                                 bank3        0000
__LbssBANK0                              bssBANK0     0000
__LbssBANK1                              bssBANK1     0000
__LbssBANK3                              bssBANK3     0000
__Lcinit                                 cinit        0015
__Lclrtext                               clrtext      0000
__Lcode                                  code         0000
__Lcommon                                common       0000
__Lconfig                                config       2007
__LcstackBANK0                           cstackBANK0  0000
__LcstackBANK1                           cstackBANK1  0000
__LcstackCOMMON                          cstackCOMMON 0000
__LdataBANK0                             dataBANK0    0000
__Leeprom_data                           eeprom_data  0000
__Lend_init                              end_init     0012
__Lfunctab                               functab      0000
__LidataBANK0                            idataBANK0   0000
__Lidloc                                 idloc        0000
__Linit                                  init         0012
__Lintentry                              intentry     0004
__Lmaintext                              maintext     0000
__Lpowerup                               powerup      0000
__Lram                                   ram          0000
__Lreset_vec                             reset_vec    0000
__Lsfr0                                  sfr0         0000
__Lsfr1                                  sfr1         0000
__Lsfr2                                  sfr2         0000
__Lsfr3                                  sfr3         0000
__Lspace_0                               (abs)        0000
__Lspace_1                               (abs)        0000
__Lspace_2                               (abs)        0000
__Lspace_3                               (abs)        0000
__Lstack                                 stack        0000
__Lstrings                               strings      0000
__Ltext                                  text         0000
__S0                                     (abs)        2008
__S1                                     (abs)        01B8
__S2                                     (abs)        0000
__S3                                     (abs)        0000
___int_sp                                stack        0000
___latbits                               (abs)        0002
___sp                                    stack        0000
__end_of_AnalogValue                     text30       0BFB
__end_of_Blink                           text13       0C8A
__end_of_ChannelP                        strings      0813
__end_of_ChannelR                        strings      0820
__end_of_ChannelS                        strings      082D
__end_of_ClockInit                       text32       1000
__end_of_DarknessCheck                   text28       07FF
__end_of_DelayDs                         text31       0B3B
__end_of_FindChannel                     text19       0578
__end_of_IncreaseMemoryAdress            text45       0D5D
__end_of_LightWithSensController         text26       0CC9
__end_of_Mode_0                          text25       0986
__end_of_Mode_1                          text24       0A6D
__end_of_Mode_2                          text23       09C9
__end_of_Mode_4                          text16       0A03
__end_of_Mode_5                          text15       0A53
__end_of_OperationMode                   text10       09B0
__end_of_PICInit                         text14       0E1D
__end_of_ReadFIFO                        text11       09F3
__end_of_ReadMemoryAdress                text44       0B5F
__end_of_ReadSPI                         text33       0996
__end_of_ReceivedPacketHandler           text3        01D1
__end_of_RegisterRead                    text22       0AD8
__end_of_RegisterSet                     text21       0A87
__end_of_ResetMemoryAdress               text8        0AA1
__end_of_SendMemoryData                  text7        0800
__end_of_SetRFMode                       text20       0EF1
__end_of_TimerCounter                    text48       0D0B
__end_of_TransiverInit                   text12       0662
__end_of_TransiverReadFIFO               text2        0E82
__end_of_TransiverToReceive              text1        0DB9
__end_of_TransmittPacket                 text17       07D6
__end_of_WriteFIFO                       text18       09BC
__end_of_WriteSPI                        text34       09E5
__end_of__initialization                 cinit        003F
__end_of__stringtab                      strings      0806
__end_of_eeprom_read                     text29       0B83
__end_of_eeprom_write                    text9        0C57
__end_of_main                            maintext     046A
__end_of_ram_bulk_erase                  text5        0B18
__end_of_read_ram_status                 text6        0A3D
__end_of_read_write_flash_ram            text40       0F66
__end_of_saveDataToFlash                 text37       033C
__end_of_tc_int                          text35       0725
__end_of_timerFunction                   text27       0A15
__end_of_write_ram_status                text4        0C27
__end_ofi1_AnalogValue                   text38       0BD2
__end_ofi1_DelayDs                       text39       0AF6
__end_ofi1_OperationMode                 text36       09A7
__end_ofi1_ReadSPI                       text42       098E
__end_ofi1_WriteSPI                      text43       09D7
__end_ofi1_eeprom_read                   text47       0ABC
__end_ofi1_eeprom_write                  text46       0BA9
__end_ofi1_read_ram_status               text41       0A29
__initialization                         cinit        0015
__pbssBANK0                              bssBANK0     0046
__pbssBANK1                              bssBANK1     00D0
__pbssBANK3                              bssBANK3     0190
__pcstackBANK0                           cstackBANK0  0020
__pcstackBANK1                           cstackBANK1  00A0
__pcstackCOMMON                          cstackCOMMON 0070
__pdataBANK0                             dataBANK0    005B
__pidataBANK0                            idataBANK0   097F
__pintentry                              intentry     0004
__pmaintext                              maintext     033C
__pstrings                               strings      0800
__ptext1                                 text1        0D5D
__ptext10                                text10       09A7
__ptext11                                text11       09E5
__ptext12                                text12       0578
__ptext13                                text13       0C57
__ptext14                                text14       0DB9
__ptext15                                text15       0A3D
__ptext16                                text16       09F3
__ptext17                                text17       0725
__ptext18                                text18       09B0
__ptext19                                text19       046A
__ptext2                                 text2        0E1D
__ptext20                                text20       0E82
__ptext21                                text21       0A6D
__ptext22                                text22       0ABC
__ptext23                                text23       09BC
__ptext24                                text24       0A53
__ptext25                                text25       0982
__ptext26                                text26       0C8A
__ptext27                                text27       0A03
__ptext28                                text28       07D6
__ptext29                                text29       0B5F
__ptext3                                 text3        0043
__ptext30                                text30       0BD2
__ptext31                                text31       0B18
__ptext32                                text32       0F66
__ptext33                                text33       098E
__ptext34                                text34       09D7
__ptext35                                text35       0662
__ptext36                                text36       099E
__ptext37                                text37       01D1
__ptext38                                text38       0BA9
__ptext39                                text39       0AD8
__ptext4                                 text4        0BFB
__ptext40                                text40       0EF1
__ptext41                                text41       0A15
__ptext42                                text42       0986
__ptext43                                text43       09C9
__ptext44                                text44       0B3B
__ptext45                                text45       0D0B
__ptext46                                text46       0B83
__ptext47                                text47       0AA1
__ptext48                                text48       0CC9
__ptext5                                 text5        0AF6
__ptext6                                 text6        0A29
__ptext7                                 text7        07FF
__ptext8                                 text8        0A87
__ptext9                                 text9        0C27
__size_of_AnalogValue                    (abs)        0000
__size_of_Blink                          (abs)        0000
__size_of_ClockInit                      (abs)        0000
__size_of_DarknessCheck                  (abs)        0000
__size_of_DelayDs                        (abs)        0000
__size_of_FindChannel                    (abs)        0000
__size_of_IncreaseMemoryAdress           (abs)        0000
__size_of_LightWithSensController        (abs)        0000
__size_of_Mode_0                         (abs)        0000
__size_of_Mode_1                         (abs)        0000
__size_of_Mode_2                         (abs)        0000
__size_of_Mode_4                         (abs)        0000
__size_of_Mode_5                         (abs)        0000
__size_of_OperationMode                  (abs)        0000
__size_of_PICInit                        (abs)        0000
__size_of_ReadFIFO                       (abs)        0000
__size_of_ReadMemoryAdress               (abs)        0000
__size_of_ReadSPI                        (abs)        0000
__size_of_ReceivedPacketHandler          (abs)        0000
__size_of_RegisterRead                   (abs)        0000
__size_of_RegisterSet                    (abs)        0000
__size_of_ResetMemoryAdress              (abs)        0000
__size_of_SendMemoryData                 (abs)        0000
__size_of_SetRFMode                      (abs)        0000
__size_of_TimerCounter                   (abs)        0000
__size_of_TransiverInit                  (abs)        0000
__size_of_TransiverReadFIFO              (abs)        0000
__size_of_TransiverToReceive             (abs)        0000
__size_of_TransmittPacket                (abs)        0000
__size_of_WriteFIFO                      (abs)        0000
__size_of_WriteSPI                       (abs)        0000
__size_of_eeprom_read                    (abs)        0000
__size_of_eeprom_write                   (abs)        0000
__size_of_main                           (abs)        0000
__size_of_ram_bulk_erase                 (abs)        0000
__size_of_read_ram_status                (abs)        0000
__size_of_read_write_flash_ram           (abs)        0000
__size_of_saveDataToFlash                (abs)        0000
__size_of_tc_int                         (abs)        0000
__size_of_timerFunction                  (abs)        0000
__size_of_write_ram_status               (abs)        0000
__size_ofi1_AnalogValue                  (abs)        0000
__size_ofi1_DelayDs                      (abs)        0000
__size_ofi1_OperationMode                (abs)        0000
__size_ofi1_ReadSPI                      (abs)        0000
__size_ofi1_WriteSPI                     (abs)        0000
__size_ofi1_eeprom_read                  (abs)        0000
__size_ofi1_eeprom_write                 (abs)        0000
__size_ofi1_read_ram_status              (abs)        0000
__stringbase                             strings      0805
__stringtab                              strings      0800
_bChannelFound                           bssBANK0     0059
_bDark                                   bssBANK0     005A
_bTimerComplete                          bssBANK0     0046
_bTransiverModeReceive                   bssBANK1     00DA
_bValueFromPot                           dataBANK0    005D
_channelFound                            bssBANK0     004B
_eeprom_read                             text29       0B5F
_eeprom_write                            text9        0C27
_intBlinkCounter                         bssBANK0     004D
_intBlinkCycle                           bssBANK0     004F
_intClockTimer                           bssBANK1     00D0
_intHalfSecondCounter                    bssBANK0     0053
_intMinuteCounter                        bssBANK0     0055
_intNumberOfBlinks                       dataBANK0    005B
_intSecondCounter                        bssBANK0     0057
_main                                    maintext     033C
_ram_bulk_erase                          text5        0AF6
_read_ram_status                         text6        0A29
_read_write_flash_ram                    text40       0EF1
_saveDataToFlash                         text37       01D1
_tc_int                                  text35       0662
_timerFunction                           text27       0A03
_write_ram_status                        text4        0BFB
btemp                                    (abs)        007E
clear_ram0                               clrtext      0996
eeprom_read@addr                         cstackBANK0  0033
eeprom_write@addr                        cstackBANK0  0034
eeprom_write@value                       cstackBANK0  0032
end_of_initialization                    cinit        003F
i1AnalogValue@channel                    cstackCOMMON 0077
i1DelayDs@cnt                            cstackCOMMON 0070
i1DelayDs@i                              cstackCOMMON 0074
i1OperationMode@bracketStatus            cstackCOMMON 0071
i1WriteSPI@buffer                        cstackCOMMON 0071
i1WriteSPI@databyte                      cstackCOMMON 0072
i1_AnalogValue                           text38       0BA9
i1_DelayDs                               text39       0AD8
i1_OperationMode                         text36       099E
i1_ReadSPI                               text42       0986
i1_WriteSPI                              text43       09C9
i1_eeprom_read                           text47       0AA1
i1_eeprom_write                          text46       0B83
i1_read_ram_status                       text41       0A15
i1eeprom_read@addr                       cstackCOMMON 0071
i1eeprom_write@addr                      cstackCOMMON 0072
i1eeprom_write@value                     cstackCOMMON 0070
i1read_ram_status@status                 cstackCOMMON 0074
interrupt_function                       intentry     0004
intlevel0                                functab      0000
intlevel1                                functab      0000
intlevel2                                functab      0000
intlevel3                                functab      0000
intlevel4                                functab      0000
intlevel5                                functab      0000
read_ram_status@status                   cstackBANK0  0036
read_write_flash_ram@bytes_to_readwrite  cstackCOMMON 0075
read_write_flash_ram@flash_page          cstackCOMMON 0078
read_write_flash_ram@flash_sector        cstackCOMMON 0077
read_write_flash_ram@i                   cstackBANK0  0021
read_write_flash_ram@mem_ptr             cstackCOMMON 007A
read_write_flash_ram@offset              cstackCOMMON 0079
read_write_flash_ram@one_read_zero_write cstackBANK0  0020
reset_vec                                reset_vec    0000
saveDataToFlash@addr1                    cstackBANK0  0028
saveDataToFlash@addr2                    cstackBANK0  0029
saveDataToFlash@addr3                    cstackBANK0  002A
saveDataToFlash@value                    cstackBANK0  0027
saved_w                                  (abs)        007E
stackhi                                  (abs)        0000
stacklo                                  (abs)        0000
start                                    init         0012
start_initialization                     cinit        0015
timerFunction@intSetSeconds              cstackBANK0  0034
timerFunction@intTimerNumber             cstackBANK0  0032
write_ram_status@status                  cstackBANK0  0037
wtemp0                                   (abs)        007E


FUNCTION INFORMATION:

 *************** function _main *****************
 Defined at:
		line 31 in file "main.c"
 Parameters:    Size  Location     Type
		None
 Auto vars:     Size  Location     Type
		None
 Return value:  Size  Location     Type
                  2   74[None  ] int 
 Registers used:
		wreg, fsr0l, fsr0h, status,2, status,0, btemp+1, pclath, cstack
 Tracked objects:
		On entry : 
		On exit  : 
		Unchanged: 
 Data sizes:     COMMON   BANK0   BANK1   BANK3   BANK2
      Params:         0       0       0       0       0
      Locals:         0       0       0       0       0
      Temps:          0       0       3       0       0
      Totals:         0       0       3       0       0
Total ram usage:        3 bytes
 Hardware stack levels required when called:   14
 This function calls:
		_AnalogValue
		_ClockInit
		_Mode_0
		_Mode_1
		_Mode_2
		_Mode_4
		_Mode_5
		_OperationMode
		_PICInit
		_TransiverInit
		_TransiverReadFIFO
		_TransiverToReceive
		_TransmittPacket
 This function is called by:
		Startup code after reset
 This function uses a non-reentrant model


 *************** function _TransiverToReceive *****************
 Defined at:
		line 16 in file "functions.c"
 Parameters:    Size  Location     Type
		None
 Auto vars:     Size  Location     Type
		None
 Return value:  Size  Location     Type
                  1    wreg      void 
 Registers used:
		wreg, fsr0l, fsr0h, status,2, status,0, btemp+1, pclath, cstack
 Tracked objects:
		On entry : 
		On exit  : 
		Unchanged: 
 Data sizes:     COMMON   BANK0   BANK1   BANK3   BANK2
      Params:         0       0       0       0       0
      Locals:         0       0       0       0       0
      Temps:          0       2       0       0       0
      Totals:         0       2       0       0       0
Total ram usage:        2 bytes
 Hardware stack levels used:    1
 Hardware stack levels required when called:   11
 This function calls:
		_FindChannel
		_RegisterRead
		_RegisterSet
		_SetRFMode
		_timerFunction
 This function is called by:
		_main
 This function uses a non-reentrant model


 *************** function _TransiverReadFIFO *****************
 Defined at:
		line 42 in file "functions.c"
 Parameters:    Size  Location     Type
		None
 Auto vars:     Size  Location     Type
  j               2   43[BANK1 ] int 
  ReceivedStri   30   11[BANK1 ] unsigned char [30]
  i               2   41[BANK1 ] int 
 Return value:  Size  Location     Type
                  1    wreg      void 
 Registers used:
		wreg, fsr0l, fsr0h, status,2, status,0, btemp+1, pclath, cstack
 Tracked objects:
		On entry : 
		On exit  : 
		Unchanged: 
 Data sizes:     COMMON   BANK0   BANK1   BANK3   BANK2
      Params:         0       0       0       0       0
      Locals:         0       0      34       0       0
      Temps:          0       0       2       0       0
      Totals:         0       0      36       0       0
Total ram usage:       36 bytes
 Hardware stack levels used:    1
 Hardware stack levels required when called:   13
 This function calls:
		_ReadFIFO
		_ReceivedPacketHandler
		_SetRFMode
		_timerFunction
 This function is called by:
		_main
 This function uses a non-reentrant model


 *************** function _ReceivedPacketHandler *****************
 Defined at:
		line 73 in file "functions.c"
 Parameters:    Size  Location     Type
  Data            1    wreg     PTR unsigned char 
		 -> TransiverReadFIFO@ReceivedString(30), 
 Auto vars:     Size  Location     Type
  Data            1    8[BANK1 ] PTR unsigned char 
		 -> TransiverReadFIFO@ReceivedString(30), 
 Return value:  Size  Location     Type
                  1    wreg      void 
 Registers used:
		wreg, fsr0l, fsr0h, status,2, status,0, btemp+1, pclath, cstack
 Tracked objects:
		On entry : 
		On exit  : 
		Unchanged: 
 Data sizes:     COMMON   BANK0   BANK1   BANK3   BANK2
      Params:         0       0       0       0       0
      Locals:         0       0       1       0       0
      Temps:          0       0       1       0       0
      Totals:         0       0       2       0       0
Total ram usage:        2 bytes
 Hardware stack levels used:    1
 Hardware stack levels required when called:   12
 This function calls:
		_AnalogValue
		_DarknessCheck
		_DelayDs
		_OperationMode
		_ResetMemoryAdress
		_SendMemoryData
		_TransmittPacket
		_eeprom_read
		_ram_bulk_erase
		_read_ram_status
		_write_ram_status
 This function is called by:
		_TransiverReadFIFO
 This function uses a non-reentrant model


 *************** function _write_ram_status *****************
 Defined at:
		line 169 in file "m25p16.c"
 Parameters:    Size  Location     Type
  status          1    wreg     unsigned char 
 Auto vars:     Size  Location     Type
  status          1   23[BANK0 ] unsigned char 
 Return value:  Size  Location     Type
                  1    wreg      void 
 Registers used:
		wreg, status,2, status,0, pclath, cstack
 Tracked objects:
		On entry : 
		On exit  : 
		Unchanged: 
 Data sizes:     COMMON   BANK0   BANK1   BANK3   BANK2
      Params:         0       0       0       0       0
      Locals:         0       1       0       0       0
      Temps:          0       0       0       0       0
      Totals:         0       1       0       0       0
Total ram usage:        1 bytes
 Hardware stack levels used:    1
 Hardware stack levels required when called:    9
 This function calls:
		_WriteSPI
		_read_ram_status
 This function is called by:
		_ReceivedPacketHandler
 This function uses a non-reentrant model


 *************** function _ram_bulk_erase *****************
 Defined at:
		line 69 in file "m25p16.c"
 Parameters:    Size  Location     Type
		None
 Auto vars:     Size  Location     Type
		None
 Return value:  Size  Location     Type
                  1    wreg      void 
 Registers used:
		wreg, status,2, status,0, pclath, cstack
 Tracked objects:
		On entry : 
		On exit  : 
		Unchanged: 
 Data sizes:     COMMON   BANK0   BANK1   BANK3   BANK2
      Params:         0       0       0       0       0
      Locals:         0       0       0       0       0
      Temps:          0       0       0       0       0
      Totals:         0       0       0       0       0
Total ram usage:        0 bytes
 Hardware stack levels used:    1
 Hardware stack levels required when called:    9
 This function calls:
		_WriteSPI
		_read_ram_status
 This function is called by:
		_ReceivedPacketHandler
 This function uses a non-reentrant model


 *************** function _read_ram_status *****************
 Defined at:
		line 57 in file "m25p16.c"
 Parameters:    Size  Location     Type
		None
 Auto vars:     Size  Location     Type
  status          1   22[BANK0 ] unsigned char 
 Return value:  Size  Location     Type
                  1    wreg      unsigned char 
 Registers used:
		wreg, status,2, status,0, pclath, cstack
 Tracked objects:
		On entry : 
		On exit  : 
		Unchanged: 
 Data sizes:     COMMON   BANK0   BANK1   BANK3   BANK2
      Params:         0       0       0       0       0
      Locals:         0       1       0       0       0
      Temps:          0       1       0       0       0
      Totals:         0       2       0       0       0
Total ram usage:        2 bytes
 Hardware stack levels used:    1
 Hardware stack levels required when called:    8
 This function calls:
		_ReadSPI
		_WriteSPI
 This function is called by:
		_ReceivedPacketHandler
		_ram_bulk_erase
		_write_ram_status
		_ram_sector_erase
 This function uses a non-reentrant model


 *************** function _SendMemoryData *****************
 Defined at:
		line 1134 in file "functions.c"
 Parameters:    Size  Location     Type
		None
 Auto vars:     Size  Location     Type
		None
 Return value:  Size  Location     Type
                  1    wreg      void 
 Registers used:
		None
 Tracked objects:
		On entry : 
		On exit  : 
		Unchanged: 
 Data sizes:     COMMON   BANK0   BANK1   BANK3   BANK2
      Params:         0       0       0       0       0
      Locals:         0       0       0       0       0
      Temps:          0       0       0       0       0
      Totals:         0       0       0       0       0
Total ram usage:        0 bytes
 Hardware stack levels used:    1
 Hardware stack levels required when called:    6
 This function calls:
		Nothing
 This function is called by:
		_ReceivedPacketHandler
 This function uses a non-reentrant model


 *************** function _ResetMemoryAdress *****************
 Defined at:
		line 1019 in file "functions.c"
 Parameters:    Size  Location     Type
		None
 Auto vars:     Size  Location     Type
		None
 Return value:  Size  Location     Type
                  1    wreg      void 
 Registers used:
		wreg, status,2, status,0, pclath, cstack
 Tracked objects:
		On entry : 
		On exit  : 
		Unchanged: 
 Data sizes:     COMMON   BANK0   BANK1   BANK3   BANK2
      Params:         0       0       0       0       0
      Locals:         0       0       0       0       0
      Temps:          0       0       0       0       0
      Totals:         0       0       0       0       0
Total ram usage:        0 bytes
 Hardware stack levels used:    1
 Hardware stack levels required when called:    7
 This function calls:
		_eeprom_write
 This function is called by:
		_ReceivedPacketHandler
 This function uses a non-reentrant model


 *************** function _eeprom_write *****************
 Defined at:
		line 6 in file "C:\Program Files (x86)\Microchip\xc8\v1.40\sources\pic\eewrite.c"
 Parameters:    Size  Location     Type
  addr            1    wreg     unsigned char 
  value           1   18[BANK0 ] unsigned char 
 Auto vars:     Size  Location     Type
  addr            1   20[BANK0 ] unsigned char 
 Return value:  Size  Location     Type
                  1    wreg      void 
 Registers used:
		wreg, status,2, status,0
 Tracked objects:
		On entry : 
		On exit  : 
		Unchanged: 
 Data sizes:     COMMON   BANK0   BANK1   BANK3   BANK2
      Params:         0       1       0       0       0
      Locals:         0       1       0       0       0
      Temps:          0       1       0       0       0
      Totals:         0       3       0       0       0
Total ram usage:        3 bytes
 Hardware stack levels used:    1
 Hardware stack levels required when called:    6
 This function calls:
		Nothing
 This function is called by:
		_ResetMemoryAdress
 This function uses a non-reentrant model


 *************** function _OperationMode *****************
 Defined at:
		line 931 in file "functions.c"
 Parameters:    Size  Location     Type
		None
 Auto vars:     Size  Location     Type
  bracketStatu    1   19[BANK0 ] unsigned char 
 Return value:  Size  Location     Type
                  1    wreg      unsigned char 
 Registers used:
		wreg, status,2
 Tracked objects:
		On entry : 
		On exit  : 
		Unchanged: 
 Data sizes:     COMMON   BANK0   BANK1   BANK3   BANK2
      Params:         0       0       0       0       0
      Locals:         0       1       0       0       0
      Temps:          0       1       0       0       0
      Totals:         0       2       0       0       0
Total ram usage:        2 bytes
 Hardware stack levels used:    1
 Hardware stack levels required when called:    6
 This function calls:
		Nothing
 This function is called by:
		_main
		_ReceivedPacketHandler
 This function uses a non-reentrant model


 *************** function _ReadFIFO *****************
 Defined at:
		line 746 in file "functions.c"
 Parameters:    Size  Location     Type
		None
 Auto vars:     Size  Location     Type
  value           1   22[BANK0 ] unsigned char 
 Return value:  Size  Location     Type
                  1    wreg      unsigned char 
 Registers used:
		wreg, status,2, status,0, pclath, cstack
 Tracked objects:
		On entry : 
		On exit  : 
		Unchanged: 
 Data sizes:     COMMON   BANK0   BANK1   BANK3   BANK2
      Params:         0       0       0       0       0
      Locals:         0       1       0       0       0
      Temps:          0       1       0       0       0
      Totals:         0       2       0       0       0
Total ram usage:        2 bytes
 Hardware stack levels used:    1
 Hardware stack levels required when called:    8
 This function calls:
		_ReadSPI
 This function is called by:
		_TransiverReadFIFO
 This function uses a non-reentrant model


 *************** function _TransiverInit *****************
 Defined at:
		line 511 in file "functions.c"
 Parameters:    Size  Location     Type
		None
 Auto vars:     Size  Location     Type
		None
 Return value:  Size  Location     Type
                  1    wreg      void 
 Registers used:
		wreg, fsr0l, fsr0h, status,2, status,0, btemp+1, pclath, cstack
 Tracked objects:
		On entry : 
		On exit  : 
		Unchanged: 
 Data sizes:     COMMON   BANK0   BANK1   BANK3   BANK2
      Params:         0       0       0       0       0
      Locals:         0       0       0       0       0
      Temps:          0       1       0       0       0
      Totals:         0       1       0       0       0
Total ram usage:        1 bytes
 Hardware stack levels used:    1
 Hardware stack levels required when called:   11
 This function calls:
		_Blink
		_FindChannel
		_RegisterRead
		_RegisterSet
		_SetRFMode
 This function is called by:
		_main
 This function uses a non-reentrant model


 *************** function _Blink *****************
 Defined at:
		line 659 in file "functions.c"
 Parameters:    Size  Location     Type
  n               2   24[BANK0 ] int 
 Auto vars:     Size  Location     Type
  i               2   27[BANK0 ] int 
 Return value:  Size  Location     Type
                  1    wreg      void 
 Registers used:
		wreg, status,2, status,0, pclath, cstack
 Tracked objects:
		On entry : 
		On exit  : 
		Unchanged: 
 Data sizes:     COMMON   BANK0   BANK1   BANK3   BANK2
      Params:         0       2       0       0       0
      Locals:         0       2       0       0       0
      Temps:          0       1       0       0       0
      Totals:         0       5       0       0       0
Total ram usage:        5 bytes
 Hardware stack levels used:    1
 Hardware stack levels required when called:    7
 This function calls:
		_DelayDs
 This function is called by:
		_TransiverInit
 This function uses a non-reentrant model


 *************** function _PICInit *****************
 Defined at:
		line 399 in file "functions.c"
 Parameters:    Size  Location     Type
		None
 Auto vars:     Size  Location     Type
		None
 Return value:  Size  Location     Type
                  1    wreg      void 
 Registers used:
		wreg, status,2, status,0
 Tracked objects:
		On entry : 
		On exit  : 
		Unchanged: 
 Data sizes:     COMMON   BANK0   BANK1   BANK3   BANK2
      Params:         0       0       0       0       0
      Locals:         0       0       0       0       0
      Temps:          0       0       0       0       0
      Totals:         0       0       0       0       0
Total ram usage:        0 bytes
 Hardware stack levels used:    1
 Hardware stack levels required when called:    6
 This function calls:
		Nothing
 This function is called by:
		_main
 This function uses a non-reentrant model


 *************** function _Mode_5 *****************
 Defined at:
		line 300 in file "functions.c"
 Parameters:    Size  Location     Type
		None
 Auto vars:     Size  Location     Type
		None
 Return value:  Size  Location     Type
                  1    wreg      void 
 Registers used:
		wreg, fsr0l, fsr0h, status,2, status,0, btemp+1, pclath, cstack
 Tracked objects:
		On entry : 
		On exit  : 
		Unchanged: 
 Data sizes:     COMMON   BANK0   BANK1   BANK3   BANK2
      Params:         0       0       0       0       0
      Locals:         0       0       0       0       0
      Temps:          0       0       1       0       0
      Totals:         0       0       1       0       0
Total ram usage:        1 bytes
 Hardware stack levels used:    1
 Hardware stack levels required when called:   12
 This function calls:
		_LightWithSensController
		_TransmittPacket
 This function is called by:
		_main
 This function uses a non-reentrant model


 *************** function _Mode_4 *****************
 Defined at:
		line 288 in file "functions.c"
 Parameters:    Size  Location     Type
		None
 Auto vars:     Size  Location     Type
		None
 Return value:  Size  Location     Type
                  1    wreg      void 
 Registers used:
		wreg, fsr0l, fsr0h, status,2, status,0, btemp+1, pclath, cstack
 Tracked objects:
		On entry : 
		On exit  : 
		Unchanged: 
 Data sizes:     COMMON   BANK0   BANK1   BANK3   BANK2
      Params:         0       0       0       0       0
      Locals:         0       0       0       0       0
      Temps:          0       0       0       0       0
      Totals:         0       0       0       0       0
Total ram usage:        0 bytes
 Hardware stack levels used:    1
 Hardware stack levels required when called:   12
 This function calls:
		_LightWithSensController
		_TransmittPacket
 This function is called by:
		_main
 This function uses a non-reentrant model


 *************** function _TransmittPacket *****************
 Defined at:
		line 195 in file "functions.c"
 Parameters:    Size  Location     Type
  topic           1    wreg     unsigned char 
  value           1   35[BANK0 ] unsigned char 
 Auto vars:     Size  Location     Type
  topic           1    6[BANK1 ] unsigned char 
  i               2    4[BANK1 ] int 
 Return value:  Size  Location     Type
                  1    wreg      void 
 Registers used:
		wreg, fsr0l, fsr0h, status,2, status,0, btemp+1, pclath, cstack
 Tracked objects:
		On entry : 
		On exit  : 
		Unchanged: 
 Data sizes:     COMMON   BANK0   BANK1   BANK3   BANK2
      Params:         0       1       0       0       0
      Locals:         0       0       3       0       0
      Temps:          0       2       0       0       0
      Totals:         0       3       3       0       0
Total ram usage:        6 bytes
 Hardware stack levels used:    1
 Hardware stack levels required when called:   11
 This function calls:
		_FindChannel
		_RegisterRead
		_RegisterSet
		_SetRFMode
		_WriteFIFO
		_timerFunction
 This function is called by:
		_main
		_ReceivedPacketHandler
		_Mode_4
		_Mode_5
 This function uses a non-reentrant model


 *************** function _WriteFIFO *****************
 Defined at:
		line 773 in file "functions.c"
 Parameters:    Size  Location     Type
  Data            1    wreg     unsigned char 
 Auto vars:     Size  Location     Type
  Data            1   21[BANK0 ] unsigned char 
 Return value:  Size  Location     Type
                  1    wreg      void 
 Registers used:
		wreg, status,2, status,0, pclath, cstack
 Tracked objects:
		On entry : 
		On exit  : 
		Unchanged: 
 Data sizes:     COMMON   BANK0   BANK1   BANK3   BANK2
      Params:         0       0       0       0       0
      Locals:         0       1       0       0       0
      Temps:          0       0       0       0       0
      Totals:         0       1       0       0       0
Total ram usage:        1 bytes
 Hardware stack levels used:    1
 Hardware stack levels required when called:    7
 This function calls:
		_WriteSPI
 This function is called by:
		_TransmittPacket
 This function uses a non-reentrant model


 *************** function _FindChannel *****************
 Defined at:
		line 556 in file "functions.c"
 Parameters:    Size  Location     Type
		None
 Auto vars:     Size  Location     Type
  i               2    2[BANK1 ] int 
  cnt             2    0[BANK1 ] int 
 Return value:  Size  Location     Type
                  1    wreg      unsigned char 
 Registers used:
		wreg, fsr0l, fsr0h, status,2, status,0, btemp+1, pclath, cstack
 Tracked objects:
		On entry : 
		On exit  : 
		Unchanged: 
 Data sizes:     COMMON   BANK0   BANK1   BANK3   BANK2
      Params:         0       0       0       0       0
      Locals:         0       0       4       0       0
      Temps:          0       3       0       0       0
      Totals:         0       3       4       0       0
Total ram usage:        7 bytes
 Hardware stack levels used:    1
 Hardware stack levels required when called:   10
 This function calls:
		_RegisterRead
		_RegisterSet
		_SetRFMode
 This function is called by:
		_TransiverToReceive
		_TransmittPacket
		_TransiverInit
 This function uses a non-reentrant model


 *************** function _SetRFMode *****************
 Defined at:
		line 611 in file "functions.c"
 Parameters:    Size  Location     Type
  mode            1    wreg     unsigned char 
 Auto vars:     Size  Location     Type
  mode            1   30[BANK0 ] unsigned char 
  mcparam0_rea    1   31[BANK0 ] unsigned char 
 Return value:  Size  Location     Type
                  1    wreg      void 
 Registers used:
		wreg, fsr0l, fsr0h, status,2, status,0, pclath, cstack
 Tracked objects:
		On entry : 
		On exit  : 
		Unchanged: 
 Data sizes:     COMMON   BANK0   BANK1   BANK3   BANK2
      Params:         0       0       0       0       0
      Locals:         0       2       0       0       0
      Temps:          0       1       0       0       0
      Totals:         0       3       0       0       0
Total ram usage:        3 bytes
 Hardware stack levels used:    1
 Hardware stack levels required when called:    9
 This function calls:
		_RegisterRead
		_RegisterSet
 This function is called by:
		_TransiverToReceive
		_TransiverReadFIFO
		_TransmittPacket
		_TransiverInit
		_FindChannel
 This function uses a non-reentrant model


 *************** function _RegisterSet *****************
 Defined at:
		line 720 in file "functions.c"
 Parameters:    Size  Location     Type
  adress          1    wreg     unsigned char 
  value           1   25[BANK0 ] unsigned char 
 Auto vars:     Size  Location     Type
  adress          1   28[BANK0 ] unsigned char 
 Return value:  Size  Location     Type
                  1    wreg      void 
 Registers used:
		wreg, status,2, status,0, pclath, cstack
 Tracked objects:
		On entry : 
		On exit  : 
		Unchanged: 
 Data sizes:     COMMON   BANK0   BANK1   BANK3   BANK2
      Params:         0       1       0       0       0
      Locals:         0       1       0       0       0
      Temps:          0       2       0       0       0
      Totals:         0       4       0       0       0
Total ram usage:        4 bytes
 Hardware stack levels used:    1
 Hardware stack levels required when called:    7
 This function calls:
		_WriteSPI
 This function is called by:
		_TransiverToReceive
		_TransmittPacket
		_TransiverInit
		_FindChannel
		_SetRFMode
 This function uses a non-reentrant model


 *************** function _RegisterRead *****************
 Defined at:
		line 690 in file "functions.c"
 Parameters:    Size  Location     Type
  adress          1    wreg     unsigned char 
 Auto vars:     Size  Location     Type
  adress          1   24[BANK0 ] unsigned char 
  value           1   23[BANK0 ] unsigned char 
 Return value:  Size  Location     Type
                  1    wreg      unsigned char 
 Registers used:
		wreg, status,2, status,0, pclath, cstack
 Tracked objects:
		On entry : 
		On exit  : 
		Unchanged: 
 Data sizes:     COMMON   BANK0   BANK1   BANK3   BANK2
      Params:         0       0       0       0       0
      Locals:         0       2       0       0       0
      Temps:          0       2       0       0       0
      Totals:         0       4       0       0       0
Total ram usage:        4 bytes
 Hardware stack levels used:    1
 Hardware stack levels required when called:    8
 This function calls:
		_ReadSPI
		_WriteSPI
 This function is called by:
		_TransiverToReceive
		_TransmittPacket
		_TransiverInit
		_FindChannel
		_SetRFMode
 This function uses a non-reentrant model


 *************** function _Mode_2 *****************
 Defined at:
		line 269 in file "functions.c"
 Parameters:    Size  Location     Type
		None
 Auto vars:     Size  Location     Type
		None
 Return value:  Size  Location     Type
                  1    wreg      void 
 Registers used:
		wreg, fsr0l, fsr0h, status,2, status,0, pclath, cstack
 Tracked objects:
		On entry : 
		On exit  : 
		Unchanged: 
 Data sizes:     COMMON   BANK0   BANK1   BANK3   BANK2
      Params:         0       0       0       0       0
      Locals:         0       0       0       0       0
      Temps:          0       0       0       0       0
      Totals:         0       0       0       0       0
Total ram usage:        0 bytes
 Hardware stack levels used:    1
 Hardware stack levels required when called:   10
 This function calls:
		_LightWithSensController
 This function is called by:
		_main
 This function uses a non-reentrant model


 *************** function _Mode_1 *****************
 Defined at:
		line 255 in file "functions.c"
 Parameters:    Size  Location     Type
		None
 Auto vars:     Size  Location     Type
		None
 Return value:  Size  Location     Type
                  1    wreg      void 
 Registers used:
		wreg, status,2, status,0, pclath, cstack
 Tracked objects:
		On entry : 
		On exit  : 
		Unchanged: 
 Data sizes:     COMMON   BANK0   BANK1   BANK3   BANK2
      Params:         0       0       0       0       0
      Locals:         0       0       0       0       0
      Temps:          0       0       0       0       0
      Totals:         0       0       0       0       0
Total ram usage:        0 bytes
 Hardware stack levels used:    1
 Hardware stack levels required when called:    9
 This function calls:
		_DarknessCheck
 This function is called by:
		_main
 This function uses a non-reentrant model


 *************** function _Mode_0 *****************
 Defined at:
		line 247 in file "functions.c"
 Parameters:    Size  Location     Type
		None
 Auto vars:     Size  Location     Type
		None
 Return value:  Size  Location     Type
                  1    wreg      void 
 Registers used:
		wreg, fsr0l, fsr0h, status,2, status,0, pclath, cstack
 Tracked objects:
		On entry : 
		On exit  : 
		Unchanged: 
 Data sizes:     COMMON   BANK0   BANK1   BANK3   BANK2
      Params:         0       0       0       0       0
      Locals:         0       0       0       0       0
      Temps:          0       0       0       0       0
      Totals:         0       0       0       0       0
Total ram usage:        0 bytes
 Hardware stack levels used:    1
 Hardware stack levels required when called:   10
 This function calls:
		_LightWithSensController
 This function is called by:
		_main
 This function uses a non-reentrant model


 *************** function _LightWithSensController *****************
 Defined at:
		line 313 in file "functions.c"
 Parameters:    Size  Location     Type
		None
 Auto vars:     Size  Location     Type
		None
 Return value:  Size  Location     Type
                  1    wreg      void 
 Registers used:
		wreg, fsr0l, fsr0h, status,2, status,0, pclath, cstack
 Tracked objects:
		On entry : 
		On exit  : 
		Unchanged: 
 Data sizes:     COMMON   BANK0   BANK1   BANK3   BANK2
      Params:         0       0       0       0       0
      Locals:         0       0       0       0       0
      Temps:          0       0       0       0       0
      Totals:         0       0       0       0       0
Total ram usage:        0 bytes
 Hardware stack levels used:    1
 Hardware stack levels required when called:    9
 This function calls:
		_DarknessCheck
		_timerFunction
 This function is called by:
		_Mode_0
		_Mode_2
		_Mode_4
		_Mode_5
 This function uses a non-reentrant model


 *************** function _timerFunction *****************
 Defined at:
		line 364 in file "functions.c"
 Parameters:    Size  Location     Type
  intTimerNumb    2   18[BANK0 ] int 
  intSetSecond    2   20[BANK0 ] int 
 Auto vars:     Size  Location     Type
		None
 Return value:  Size  Location     Type
                  1    wreg      unsigned char 
 Registers used:
		wreg, fsr0l, fsr0h, status,2, status,0
 Tracked objects:
		On entry : 
		On exit  : 
		Unchanged: 
 Data sizes:     COMMON   BANK0   BANK1   BANK3   BANK2
      Params:         0       4       0       0       0
      Locals:         0       0       0       0       0
      Temps:          0       1       0       0       0
      Totals:         0       5       0       0       0
Total ram usage:        5 bytes
 Hardware stack levels used:    1
 Hardware stack levels required when called:    6
 This function calls:
		Nothing
 This function is called by:
		_TransiverToReceive
		_TransiverReadFIFO
		_TransmittPacket
		_LightWithSensController
 This function uses a non-reentrant model


 *************** function _DarknessCheck *****************
 Defined at:
		line 897 in file "functions.c"
 Parameters:    Size  Location     Type
		None
 Auto vars:     Size  Location     Type
  darknessValu    1   27[BANK0 ] unsigned char 
 Return value:  Size  Location     Type
                  1    wreg      void 
 Registers used:
		wreg, status,2, status,0, pclath, cstack
 Tracked objects:
		On entry : 
		On exit  : 
		Unchanged: 
 Data sizes:     COMMON   BANK0   BANK1   BANK3   BANK2
      Params:         0       0       0       0       0
      Locals:         0       1       0       0       0
      Temps:          0       1       0       0       0
      Totals:         0       2       0       0       0
Total ram usage:        2 bytes
 Hardware stack levels used:    1
 Hardware stack levels required when called:    8
 This function calls:
		_AnalogValue
		_eeprom_read
 This function is called by:
		_ReceivedPacketHandler
		_Mode_1
		_LightWithSensController
 This function uses a non-reentrant model


 *************** function _eeprom_read *****************
 Defined at:
		line 6 in file "C:\Program Files (x86)\Microchip\xc8\v1.40\sources\pic\eeread.c"
 Parameters:    Size  Location     Type
  addr            1    wreg     unsigned char 
 Auto vars:     Size  Location     Type
  addr            1   19[BANK0 ] unsigned char 
 Return value:  Size  Location     Type
                  1    wreg      unsigned char 
 Registers used:
		wreg, status,2, status,0
 Tracked objects:
		On entry : 
		On exit  : 
		Unchanged: 
 Data sizes:     COMMON   BANK0   BANK1   BANK3   BANK2
      Params:         0       0       0       0       0
      Locals:         0       1       0       0       0
      Temps:          0       1       0       0       0
      Totals:         0       2       0       0       0
Total ram usage:        2 bytes
 Hardware stack levels used:    1
 Hardware stack levels required when called:    6
 This function calls:
		Nothing
 This function is called by:
		_ReceivedPacketHandler
		_DarknessCheck
 This function uses a non-reentrant model


 *************** function _AnalogValue *****************
 Defined at:
		line 870 in file "functions.c"
 Parameters:    Size  Location     Type
  channel         1    wreg     unsigned char 
 Auto vars:     Size  Location     Type
  channel         1   25[BANK0 ] unsigned char 
 Return value:  Size  Location     Type
                  1    wreg      unsigned char 
 Registers used:
		wreg, status,2, status,0, pclath, cstack
 Tracked objects:
		On entry : 
		On exit  : 
		Unchanged: 
 Data sizes:     COMMON   BANK0   BANK1   BANK3   BANK2
      Params:         0       0       0       0       0
      Locals:         0       1       0       0       0
      Temps:          0       1       0       0       0
      Totals:         0       2       0       0       0
Total ram usage:        2 bytes
 Hardware stack levels used:    1
 Hardware stack levels required when called:    7
 This function calls:
		_DelayDs
 This function is called by:
		_main
		_ReceivedPacketHandler
		_DarknessCheck
 This function uses a non-reentrant model


 *************** function _DelayDs *****************
 Defined at:
		line 482 in file "functions.c"
 Parameters:    Size  Location     Type
  cnt             2   18[BANK0 ] int 
[...]
 Defined at:
		line 503 in file "functions.c"
 Parameters:    Size  Location     Type
		None
 Auto vars:     Size  Location     Type
		None
 Return value:  Size  Location     Type
                  1    wreg      unsigned char 
 Registers used:
		wreg, status,2, status,0, pclath, cstack
 Tracked objects:
		On entry : 
		On exit  : 
		Unchanged: 
 Data sizes:     COMMON   BANK0   BANK1   BANK3   BANK2
      Params:         0       0       0       0       0
      Locals:         0       0       0       0       0
      Temps:          0       0       0       0       0
      Totals:         0       0       0       0       0
Total ram usage:        0 bytes
 Hardware stack levels used:    1
 Hardware stack levels required when called:    7
 This function calls:
		_WriteSPI
 This function is called by:
		_RegisterRead
		_ReadFIFO
		_read_ram_status
		_ClockInit
		_read_ram_id
		_ReadClock
 This function uses a non-reentrant model


 *************** function _WriteSPI *****************
 Defined at:
		line 491 in file "functions.c"
 Parameters:    Size  Location     Type
  databyte        1    wreg     unsigned char 
 Auto vars:     Size  Location     Type
  databyte        1   20[BANK0 ] unsigned char 
  buffer          1   19[BANK0 ] unsigned char 
 Return value:  Size  Location     Type
                  1    wreg      void 
 Registers used:
		wreg
 Tracked objects:
		On entry : 
		On exit  : 
		Unchanged: 
 Data sizes:     COMMON   BANK0   BANK1   BANK3   BANK2
      Params:         0       0       0       0       0
      Locals:         0       2       0       0       0
      Temps:          0       1       0       0       0
      Totals:         0       3       0       0       0
Total ram usage:        3 bytes
 Hardware stack levels used:    1
 Hardware stack levels required when called:    6
 This function calls:
		Nothing
 This function is called by:
		_ReadSPI
		_RegisterRead
		_RegisterSet
		_WriteFIFO
		_read_ram_status
		_ram_bulk_erase
		_write_ram_status
		_ClockInit
		_read_ram_id
		_ram_sector_erase
		_power_up_flash_ram
		_power_down_flash_ram
		_ReadClock
 This function uses a non-reentrant model


 *************** function _tc_int *****************
 Defined at:
		line 797 in file "functions.c"
 Parameters:    Size  Location     Type
		None
 Auto vars:     Size  Location     Type
		None
 Return value:  Size  Location     Type
                  1    wreg      void 
 Registers used:
		wreg, fsr0l, fsr0h, status,2, status,0, btemp+1, pclath, cstack
 Tracked objects:
		On entry : 
		On exit  : 
		Unchanged: 
 Data sizes:     COMMON   BANK0   BANK1   BANK3   BANK2
      Params:         0       0       0       0       0
      Locals:         0       0       0       0       0
      Temps:          0       7       0       0       0
      Totals:         0       7       0       0       0
Total ram usage:        7 bytes
 Hardware stack levels used:    1
 Hardware stack levels required when called:    5
 This function calls:
		_TimerCounter
		_saveDataToFlash
		i1_OperationMode
 This function is called by:
		Interrupt level 1
 This function uses a non-reentrant model


 *************** function i1_OperationMode *****************
 Defined at:
		line 931 in file "functions.c"
 Parameters:    Size  Location     Type
		None
 Auto vars:     Size  Location     Type
  OperationMod    1    1[COMMON] unsigned char 
 Return value:  Size  Location     Type
                  1    wreg      unsigned char 
 Registers used:
		wreg, status,2
 Tracked objects:
		On entry : 
		On exit  : 
		Unchanged: 
 Data sizes:     COMMON   BANK0   BANK1   BANK3   BANK2
      Params:         0       0       0       0       0
      Locals:         1       0       0       0       0
      Temps:          1       0       0       0       0
      Totals:         2       0       0       0       0
Total ram usage:        2 bytes
 Hardware stack levels used:    1
 This function calls:
		Nothing
 This function is called by:
		_tc_int
 This function uses a non-reentrant model


 *************** function _saveDataToFlash *****************
 Defined at:
		line 1042 in file "functions.c"
 Parameters:    Size  Location     Type
		None
 Auto vars:     Size  Location     Type
  addr3           1   10[BANK0 ] unsigned char 
  addr2           1    9[BANK0 ] unsigned char 
  addr1           1    8[BANK0 ] unsigned char 
  value           1    7[BANK0 ] unsigned char 
 Return value:  Size  Location     Type
                  1    wreg      void 
 Registers used:
		wreg, fsr0l, fsr0h, status,2, status,0, pclath, cstack
 Tracked objects:
		On entry : 
		On exit  : 
		Unchanged: 
 Data sizes:     COMMON   BANK0   BANK1   BANK3   BANK2
      Params:         0       0       0       0       0
      Locals:         0       4       0       0       0
      Temps:          0       4       0       0       0
      Totals:         0       8       0       0       0
Total ram usage:        8 bytes
 Hardware stack levels used:    1
 Hardware stack levels required when called:    4
 This function calls:
		_IncreaseMemoryAdress
		_ReadMemoryAdress
		_read_write_flash_ram
		i1_AnalogValue
 This function is called by:
		_tc_int
 This function uses a non-reentrant model


 *************** function i1_AnalogValue *****************
 Defined at:
		line 870 in file "functions.c"
 Parameters:    Size  Location     Type
  channel         1    wreg     unsigned char 
 Auto vars:     Size  Location     Type
  channel         1    7[COMMON] unsigned char 
 Return value:  Size  Location     Type
                  1    wreg      unsigned char 
 Registers used:
		wreg, status,2, status,0, pclath, cstack
 Tracked objects:
		On entry : 
		On exit  : 
		Unchanged: 
 Data sizes:     COMMON   BANK0   BANK1   BANK3   BANK2
      Params:         0       0       0       0       0
      Locals:         1       0       0       0       0
      Temps:          1       0       0       0       0
      Totals:         2       0       0       0       0
Total ram usage:        2 bytes
 Hardware stack levels used:    1
 Hardware stack levels required when called:    1
 This function calls:
		i1_DelayDs
 This function is called by:
		_saveDataToFlash
 This function uses a non-reentrant model


 *************** function i1_DelayDs *****************
 Defined at:
		line 482 in file "functions.c"
 Parameters:    Size  Location     Type
  cnt             2    0[COMMON] int 
 Auto vars:     Size  Location     Type
  DelayDs         2    4[COMMON] int 
 Return value:  Size  Location     Type
                  1    wreg      void 
 Registers used:
		wreg, status,2
 Tracked objects:
		On entry : 
		On exit  : 
		Unchanged: 
 Data sizes:     COMMON   BANK0   BANK1   BANK3   BANK2
      Params:         2       0       0       0       0
      Locals:         2       0       0       0       0
      Temps:          2       0       0       0       0
      Totals:         6       0       0       0       0
Total ram usage:        6 bytes
 Hardware stack levels used:    1
 This function calls:
		Nothing
 This function is called by:
		i1_AnalogValue
 This function uses a non-reentrant model


 *************** function _read_write_flash_ram *****************
 Defined at:
		line 107 in file "m25p16.c"
 Parameters:    Size  Location     Type
  one_read_zer    1    wreg     unsigned char 
  bytes_to_rea    2    5[COMMON] unsigned short 
  flash_sector    1    7[COMMON] unsigned char 
  flash_page      1    8[COMMON] unsigned char 
  offset          1    9[COMMON] unsigned char 
  mem_ptr         1   10[COMMON] PTR unsigned char 
		 -> saveDataToFlash@value(1), 
 Auto vars:     Size  Location     Type
  one_read_zer    1    0[BANK0 ] unsigned char 
  i               2    1[BANK0 ] unsigned short 
 Return value:  Size  Location     Type
                  1    wreg      void 
 Registers used:
		wreg, fsr0l, fsr0h, status,2, status,0, pclath, cstack
 Tracked objects:
		On entry : 
		On exit  : 
		Unchanged: 
 Data sizes:     COMMON   BANK0   BANK1   BANK3   BANK2
      Params:         6       0       0       0       0
      Locals:         0       3       0       0       0
      Temps:          2       0       0       0       0
      Totals:         8       3       0       0       0
Total ram usage:       11 bytes
 Hardware stack levels used:    1
 Hardware stack levels required when called:    3
 This function calls:
		i1_ReadSPI
		i1_WriteSPI
		i1_read_ram_status
 This function is called by:
		_saveDataToFlash
		_write_flash_page
		_read_flash_page
 This function uses a non-reentrant model


 *************** function i1_read_ram_status *****************
 Defined at:
		line 57 in file "m25p16.c"
 Parameters:    Size  Location     Type
		None
 Auto vars:     Size  Location     Type
  read_ram_sta    1    4[COMMON] unsigned char 
 Return value:  Size  Location     Type
                  1    wreg      unsigned char 
 Registers used:
		wreg, status,2, status,0, pclath, cstack
 Tracked objects:
		On entry : 
		On exit  : 
		Unchanged: 
 Data sizes:     COMMON   BANK0   BANK1   BANK3   BANK2
      Params:         0       0       0       0       0
      Locals:         1       0       0       0       0
      Temps:          1       0       0       0       0
      Totals:         2       0       0       0       0
Total ram usage:        2 bytes
 Hardware stack levels used:    1
 Hardware stack levels required when called:    2
 This function calls:
		i1_ReadSPI
		i1_WriteSPI
 This function is called by:
		_read_write_flash_ram
 This function uses a non-reentrant model


 *************** function i1_ReadSPI *****************
 Defined at:
		line 503 in file "functions.c"
 Parameters:    Size  Location     Type
		None
 Auto vars:     Size  Location     Type
		None
 Return value:  Size  Location     Type
                  1    wreg      unsigned char 
 Registers used:
		wreg, status,2, status,0, pclath, cstack
 Tracked objects:
		On entry : 
		On exit  : 
		Unchanged: 
 Data sizes:     COMMON   BANK0   BANK1   BANK3   BANK2
      Params:         0       0       0       0       0
      Locals:         0       0       0       0       0
      Temps:          0       0       0       0       0
      Totals:         0       0       0       0       0
Total ram usage:        0 bytes
 Hardware stack levels used:    1
 Hardware stack levels required when called:    1
 This function calls:
		i1_WriteSPI
 This function is called by:
		_read_write_flash_ram
		i1_read_ram_status
 This function uses a non-reentrant model


 *************** function i1_WriteSPI *****************
 Defined at:
		line 491 in file "functions.c"
 Parameters:    Size  Location     Type
  databyte        1    wreg     unsigned char 
 Auto vars:     Size  Location     Type
  databyte        1    2[COMMON] unsigned char 
  WriteSPI        1    1[COMMON] unsigned char 
 Return value:  Size  Location     Type
                  1    wreg      void 
 Registers used:
		wreg
 Tracked objects:
		On entry : 
		On exit  : 
		Unchanged: 
 Data sizes:     COMMON   BANK0   BANK1   BANK3   BANK2
      Params:         0       0       0       0       0
      Locals:         2       0       0       0       0
      Temps:          1       0       0       0       0
      Totals:         3       0       0       0       0
Total ram usage:        3 bytes
 Hardware stack levels used:    1
 This function calls:
		Nothing
 This function is called by:
		_read_write_flash_ram
		i1_ReadSPI
		i1_read_ram_status
 This function uses a non-reentrant model


 *************** function _ReadMemoryAdress *****************
 Defined at:
		line 955 in file "functions.c"
 Parameters:    Size  Location     Type
  var3            1    wreg     PTR unsigned char 
		 -> saveDataToFlash@addr3(1), 
  var2            1    2[COMMON] PTR unsigned char 
		 -> saveDataToFlash@addr2(1), 
  var1            1    3[COMMON] PTR unsigned char 
		 -> saveDataToFlash@addr1(1), 
 Auto vars:     Size  Location     Type
  var3            1    5[COMMON] PTR unsigned char 
		 -> saveDataToFlash@addr3(1), 
 Return value:  Size  Location     Type
                  1    wreg      void 
 Registers used:
		wreg, fsr0l, fsr0h, status,2, status,0, pclath, cstack
 Tracked objects:
		On entry : 
		On exit  : 
		Unchanged: 
 Data sizes:     COMMON   BANK0   BANK1   BANK3   BANK2
      Params:         2       0       0       0       0
      Locals:         1       0       0       0       0
      Temps:          1       0       0       0       0
      Totals:         4       0       0       0       0
Total ram usage:        4 bytes
 Hardware stack levels used:    1
 Hardware stack levels required when called:    1
 This function calls:
		i1_eeprom_read
 This function is called by:
		_saveDataToFlash
 This function uses a non-reentrant model


 *************** function _IncreaseMemoryAdress *****************
 Defined at:
		line 980 in file "functions.c"
 Parameters:    Size  Location     Type
		None
 Auto vars:     Size  Location     Type
  var3            1    6[COMMON] unsigned char 
  var2            1    5[COMMON] unsigned char 
  var1            1    4[COMMON] unsigned char 
 Return value:  Size  Location     Type
                  1    wreg      void 
 Registers used:
		wreg, status,2, status,0, pclath, cstack
 Tracked objects:
		On entry : 
		On exit  : 
		Unchanged: 
 Data sizes:     COMMON   BANK0   BANK1   BANK3   BANK2
      Params:         0       0       0       0       0
      Locals:         3       0       0       0       0
      Temps:          1       0       0       0       0
      Totals:         4       0       0       0       0
Total ram usage:        4 bytes
 Hardware stack levels used:    1
 Hardware stack levels required when called:    1
 This function calls:
		i1_eeprom_read
		i1_eeprom_write
 This function is called by:
		_saveDataToFlash
 This function uses a non-reentrant model


 *************** function i1_eeprom_write *****************
 Defined at:
		line 6 in file "C:\Program Files (x86)\Microchip\xc8\v1.40\sources\pic\eewrite.c"
 Parameters:    Size  Location     Type
  addr            1    wreg     unsigned char 
  value           1    0[COMMON] unsigned char 
 Auto vars:     Size  Location     Type
  addr            1    2[COMMON] unsigned char 
 Return value:  Size  Location     Type
                  1    wreg      void 
 Registers used:
		wreg, status,2, status,0
 Tracked objects:
		On entry : 
		On exit  : 
		Unchanged: 
 Data sizes:     COMMON   BANK0   BANK1   BANK3   BANK2
      Params:         1       0       0       0       0
      Locals:         1       0       0       0       0
      Temps:          1       0       0       0       0
      Totals:         3       0       0       0       0
Total ram usage:        3 bytes
 Hardware stack levels used:    1
 This function calls:
		Nothing
 This function is called by:
		_IncreaseMemoryAdress
 This function uses a non-reentrant model


 *************** function i1_eeprom_read *****************
 Defined at:
		line 6 in file "C:\Program Files (x86)\Microchip\xc8\v1.40\sources\pic\eeread.c"
 Parameters:    Size  Location     Type
  addr            1    wreg     unsigned char 
 Auto vars:     Size  Location     Type
  addr            1    1[COMMON] unsigned char 
 Return value:  Size  Location     Type
                  1    wreg      unsigned char 
 Registers used:
		wreg, status,2, status,0
 Tracked objects:
		On entry : 
		On exit  : 
		Unchanged: 
 Data sizes:     COMMON   BANK0   BANK1   BANK3   BANK2
      Params:         0       0       0       0       0
      Locals:         1       0       0       0       0
      Temps:          1       0       0       0       0
      Totals:         2       0       0       0       0
Total ram usage:        2 bytes
 Hardware stack levels used:    1
 This function calls:
		Nothing
 This function is called by:
		_ReadMemoryAdress
		_IncreaseMemoryAdress
 This function uses a non-reentrant model


 *************** function _TimerCounter *****************
 Defined at:
		line 386 in file "functions.c"
 Parameters:    Size  Location     Type
		None
 Auto vars:     Size  Location     Type
  i               2    3[COMMON] int 
 Return value:  Size  Location     Type
                  1    wreg      void 
 Registers used:
		wreg, fsr0l, fsr0h, status,2, status,0, btemp+1
 Tracked objects:
		On entry : 
		On exit  : 
		Unchanged: 
 Data sizes:     COMMON   BANK0   BANK1   BANK3   BANK2
      Params:         0       0       0       0       0
      Locals:         2       0       0       0       0
      Temps:          3       0       0       0       0
      Totals:         5       0       0       0       0
Total ram usage:        5 bytes
 Hardware stack levels used:    1
 This function calls:
		Nothing
 This function is called by:
		_tc_int
 This function uses a non-reentrant model



MODULE INFORMATION

Module		Function		Class		Link	Load	Size
m25p16.c
		_read_write_flash_ram		CODE           	0EF1	0000	118
		_read_ram_status		CODE           	0A29	0000	21
		_ram_bulk_erase		CODE           	0AF6	0000	35
		_write_ram_status		CODE           	0BFB	0000	45

m25p16.c estimated size: 219

MCP79510.c
		_ClockInit     		CODE           	0F66	0000	155

MCP79510.c estimated size: 155

functions.c
		_ReadMemoryAdress		CODE           	0B3B	0000	37
		_SetRFMode     		CODE           	0E82	0000	112
		_ResetMemoryAdress		CODE           	0A87	0000	27
		_Mode_0        		CODE           	0982	0000	5
		_TransmittPacket		CODE           	0725	0000	178
		_ReadFIFO      		CODE           	09E5	0000	15
		_LightWithSensController		CODE           	0C8A	0000	64
		_timerFunction 		CODE           	0A03	0000	19
		_DelayDs       		CODE           	0B18	0000	36
		_TransiverInit 		CODE           	0578	0000	235
		_AnalogValue   		CODE           	0BD2	0000	42
		_tc_int        		CODE           	0662	0000	196
		_IncreaseMemoryAdress		CODE           	0D0B	0000	83
		_OperationMode 		CODE           	09A7	0000	10
		_Mode_1        		CODE           	0A53	0000	27
		_FindChannel   		CODE           	046A	0000	271
		_ReceivedPacketHandler		CODE           	0043	0000	399
		_Blink         		CODE           	0C57	0000	52
		_Mode_4        		CODE           	09F3	0000	17
		_PICInit       		CODE           	0DB9	0000	101
		_saveDataToFlash		CODE           	01D1	0000	364
		_WriteFIFO     		CODE           	09B0	0000	13
		_TransiverToReceive		CODE           	0D5D	0000	93
		_TimerCounter  		CODE           	0CC9	0000	67
		_SendMemoryData		CODE           	07FF	0000	2
		_TransiverReadFIFO		CODE           	0E1D	0000	102
		_RegisterSet   		CODE           	0A6D	0000	27
		_Mode_2        		CODE           	09BC	0000	14
		_RegisterRead  		CODE           	0ABC	0000	29
		_Mode_5        		CODE           	0A3D	0000	23
		_DarknessCheck 		CODE           	07D6	0000	42
		_WriteSPI      		CODE           	09D7	0000	15
		_ReadSPI       		CODE           	098E	0000	9

functions.c estimated size: 2726

C:\Program Files (x86)\Microchip\xc8\v1.40\sources\pic\eeread.c
		_eeprom_read   		CODE           	0B5F	0000	37

C:\Program Files (x86)\Microchip\xc8\v1.40\sources\pic\eeread.c estimated size: 37

shared
		i1_ReadSPI     		CODE           	0986	0000	9
		__stringtab    		STRING         	0800	0000	7
		i1_read_ram_status		CODE           	0A15	0000	21
		i1_AnalogValue 		CODE           	0BA9	0000	42
		i1_DelayDs     		CODE           	0AD8	0000	31
		__initialization		CODE           	0015	0000	43
		i1_OperationMode		CODE           	099E	0000	10
		_ChannelP      		STRING         	0806	0000	14
		_ChannelR      		STRING         	0813	0000	14
		_ChannelS      		STRING         	0820	0000	14
		i1_WriteSPI    		CODE           	09C9	0000	15
		i1_eeprom_read 		CODE           	0AA1	0000	28
		i1_eeprom_write		CODE           	0B83	0000	39

shared estimated size: 287

C:\Program Files (x86)\Microchip\xc8\v1.40\sources\pic\eewrite.c
		_eeprom_write  		CODE           	0C27	0000	49

C:\Program Files (x86)\Microchip\xc8\v1.40\sources\pic\eewrite.c estimated size: 49

main.c
		_main          		CODE           	033C	0000	303

main.c estimated size: 303

