Microchip MPLAB XC8 Compiler V1.40 ()

Linker command line:

-W-3 --edf=C:\Program Files (x86)\Microchip\xc8\v1.40\dat\en_msgs.txt -cs \
  -h+dist/default/production\Bustel_Cardv20.0.X.production.sym \
  --cmf=dist/default/production\Bustel_Cardv20.0.X.production.cmf -z \
  -Q16F887 -oC:\Users\tellw\AppData\Local\Temp\s7ns.2 \
  -Mdist/default/production/Bustel_Cardv20.0.X.production.map -E1 -ver=XC8 \
  -ASTACK=0110h-016fh -pstack=STACK -ACODE=00h-07FFhx4 -ASTRCODE=00h-01FFFh \
  -ASTRING=00h-0FFhx32 -ACONST=00h-0FFhx32 -AENTRY=00h-0FFhx32 \
  -ACOMMON=070h-07Fh -ABANK0=020h-06Fh -ABANK1=0A0h-0EFh \
  -ABANK2=0110h-016Fh -ABANK3=0190h-01EFh \
  -ARAM=020h-06Fh,0A0h-0EFh,0110h-016Fh,0190h-01EFh \
  -AABS1=020h-07Fh,0A0h-0EFh,0110h-016Fh,0190h-01EFh -ASFR0=00h-01Fh \
  -ASFR1=080h-09Fh -ASFR2=0100h-010Fh -ASFR3=0180h-018Fh \
  -preset_vec=00h,intentry=04h,init,end_init -ppowerup=CODE -pcinit=CODE \
  -pfunctab=CODE -ACONFIG=02007h-02008h -pconfig=CONFIG -DCONFIG=2 \
  -AIDLOC=02000h-02003h -pidloc=IDLOC -DIDLOC=2 -AEEDATA=00h-0FFh/02100h \
  -peeprom_data=EEDATA -DEEDATA=2 -DCODE=2 -DSTRCODE=2 -DSTRING=2 -DCONST=2 \
  -DENTRY=2 -k C:\Users\tellw\AppData\Local\Temp\s7ns.obj \
  dist/default/production\Bustel_Cardv20.0.X.production.obj 

Object code version is 3.11

Machine type is 16F887



                Name                               Link     Load   Length Selector   Space Scale
C:\Users\tellw\AppData\Local\Temp\s7ns.obj
                end_init                             12       12        3        8       0
                reset_vec                             0        0        3        0       0
                config                             2007     2007        1     400E       0
dist/default/production\Bustel_Cardv20.0.X.production.obj
                cinit                                15       15       2A        8       0
                intentry                              4        4        E        8       0
                text52                              963      963       42     12C6       0
                text51                              7E5      7E5       1B        8       0
                text50                             17B1     17B1       26     2F62       0
                text49                              9EE      9EE       52     13DC       0
                text48                             1600     1600       11     2C00       0
                text47                             15E2     15E2        E     2BC4       0
                text46                             15A9     15A9        8     2B52       0
                text45                              418      418      139        8       0
                text44                             16A5     16A5       1E     2D4A       0
                text43                             17D7     17D7       29     2FAE       0
                text42                             1745     1745       24     2E8A       0
                text41                             1647     1647       14     2C8E       0
                text40                              BDE      BDE       75     17BC       0
                text39                               3F       3F      24B        8       0
                text38                             15C1     15C1        9     2B82       0
                text37                              E52      E52       C4     1CA4       0
                text36                             165B     165B       18     2CB6       0
                text35                             15B1     15B1        8     2B62       0
                text34                              C53      C53       9E     18A6       0
                text33                             1722     1722       23     2E44       0
                text32                              8F9      8F9       33     11F2       0
                text31                             1769     1769       24     2ED2       0
                text30                              844      844       2B     1088       0
                text29                             1611     1611       12     2C22       0
                text28                              9A5      9A5       49     134A       0
                text27                             15A5     15A5        4     2B4A       0
                text26                             16E1     16E1       1F     2DC2       0
                text25                             15D5     15D5        D     2BAA       0
                text24                             178D     178D       24     2F1A       0
                text23                             16C3     16C3       1E     2D86       0
                text22                              B6D      B6D       71     16DA       0
                text21                              661      661      102        8       0
                text20                             15F0     15F0       10     2BE0       0
                text19                              DA0      DA0       B2     1B40       0
                text18                             1623     1623       12     2C46       0
                text17                              830      830       14     1060       0
                text16                              A9C      A9C       64     1538       0
                text15                              92C      92C       37     1258       0
                text14                              F16      F16       EA     1E2C       0
                text13                             1635     1635       12     2C6A       0
                text12                             15CA     15CA        B     2B94       0
                text11                              8C9      8C9       30     1192       0
                text10                             168B     168B       1A     2D16       0
                text9                               86F      86F       2C     10DE       0
                text8                              1673     1673       18     2CE6       0
                text7                               763      763       82        8       0
                text6                               551      551      110        8       0
                text5                              1700     1700       22     2E00       0
                text4                               89B      89B       2E     1136       0
                text3                               28A      28A      18E        8       0
                text2                               B00      B00       6D     1600       0
                text1                               A40      A40       5C     1480       0
                maintext                            CF1      CF1       AF     19E2       0
                cstackBANK0                          20       20       23       20       1
                cstackCOMMON                         70       70        D       70       1
                cstackBANK1                          A0       A0       36       A0       1
                cstackBANK3                         1B8      1B8       22      190       1
                clrtext                            15B9     15B9        8     2B72       0
                bssBANK3                            190      190       28      190       1
                bssBANK1                             D6       D6        2       A0       1
                dataBANK0                            61       61        3       20       1
                bssBANK0                             43       43       1E       20       1
                strings                             800      800       2D     1000       0
                idataBANK0                          82D      82D        3     105A       0

TOTAL           Name                               Link     Load   Length     Space
        CLASS   STACK          

        CLASS   CODE           
                end_init                             12       12        3         0
                cinit                                15       15       2A         0
                intentry                              4        4        E         0
                reset_vec                             0        0        3         0
                text52                              963      963       42         0
                text51                              7E5      7E5       1B         0
                text50                             17B1     17B1       26         0
                text49                              9EE      9EE       52         0
                text48                             1600     1600       11         0
                text47                             15E2     15E2        E         0
                text46                             15A9     15A9        8         0
                text45                              418      418      139         0
                text44                             16A5     16A5       1E         0
                text43                             17D7     17D7       29         0
                text42                             1745     1745       24         0
                text41                             1647     1647       14         0
                text40                              BDE      BDE       75         0
                text39                               3F       3F      24B         0
                text38                             15C1     15C1        9         0
                text37                              E52      E52       C4         0
                text36                             165B     165B       18         0
                text35                             15B1     15B1        8         0
                text34                              C53      C53       9E         0
                text33                             1722     1722       23         0
                text32                              8F9      8F9       33         0
                text31                             1769     1769       24         0
                text30                              844      844       2B         0
                text29                             1611     1611       12         0
                text28                              9A5      9A5       49         0
                text27                             15A5     15A5        4         0
                text26                             16E1     16E1       1F         0
                text25                             15D5     15D5        D         0
                text24                             178D     178D       24         0
                text23                             16C3     16C3       1E         0
                text22                              B6D      B6D       71         0
                text21                              661      661      102         0
                text20                             15F0     15F0       10         0
                text19                              DA0      DA0       B2         0
                text18                             1623     1623       12         0
                text17                              830      830       14         0
                text16                              A9C      A9C       64         0
                text15                              92C      92C       37         0
                text14                              F16      F16       EA         0
                text13                             1635     1635       12         0
                text12                             15CA     15CA        B         0
                text11                              8C9      8C9       30         0
                text10                             168B     168B       1A         0
                text9                               86F      86F       2C         0
                text8                              1673     1673       18         0
                text7                               763      763       82         0
                text6                               551      551      110         0
                text5                              1700     1700       22         0
                text4                               89B      89B       2E         0
                text3                               28A      28A      18E         0
                text2                               B00      B00       6D         0
                text1                               A40      A40       5C         0
                maintext                            CF1      CF1       AF         0
                clrtext                            15B9     15B9        8         0
                idataBANK0                          82D      82D        3         0

        CLASS   STRCODE        

        CLASS   STRING         
                strings                             800      800       2D         0

        CLASS   CONST          

        CLASS   ENTRY          

        CLASS   COMMON         
                cstackCOMMON                         70       70        D         1

        CLASS   BANK0          
                cstackBANK0                          20       20       23         1
                dataBANK0                            61       61        3         1
                bssBANK0                             43       43       1E         1

        CLASS   BANK1          
                cstackBANK1                          A0       A0       36         1
                bssBANK1                             D6       D6        2         1

        CLASS   BANK2          

        CLASS   BANK3          
                cstackBANK3                         1B8      1B8       22         1
                bssBANK3                            190      190       28         1

        CLASS   RAM            

        CLASS   ABS1           
                abs_s1                               7E       7E        2         1

        CLASS   SFR0           

        CLASS   SFR1           

        CLASS   SFR2           

        CLASS   SFR3           

        CLASS   CONFIG         
                config                             2007     2007        1         0

        CLASS   IDLOC          

        CLASS   EEDATA         



SEGMENTS        Name                           Load    Length   Top    Selector   Space  Class     Delta

                reset_vec                      000000  000003  000003         0       0  CODE        2
                intentry                       000004  0007FC  000800         8       0  CODE        2
                cstackBANK0                    000020  000044  000064        20       1  BANK0       1
                cstackCOMMON                   000070  00000D  00007D        70       1  COMMON      1
                cstackBANK1                    0000A0  000038  0000D8        A0       1  BANK1       1
                bssBANK3                       000190  00004A  0001DA       190       1  BANK3       1
                strings                        000800  00002D  00082D      1000       0  STRING      2
                idataBANK0                     00082D  000003  000830      105A       0  CODE        2
                text17                         000830  000014  000844      1060       0  CODE        2
                text30                         000844  00002B  00086F      1088       0  CODE        2
                text9                          00086F  00002C  00089B      10DE       0  CODE        2
                text4                          00089B  00002E  0008C9      1136       0  CODE        2
                text11                         0008C9  000030  0008F9      1192       0  CODE        2
                text32                         0008F9  000033  00092C      11F2       0  CODE        2
                text15                         00092C  000037  000963      1258       0  CODE        2
                text52                         000963  000042  0009A5      12C6       0  CODE        2
                text28                         0009A5  000049  0009EE      134A       0  CODE        2
                text49                         0009EE  000052  000A40      13DC       0  CODE        2
                text1                          000A40  00005C  000A9C      1480       0  CODE        2
                text16                         000A9C  000064  000B00      1538       0  CODE        2
                text2                          000B00  00006D  000B6D      1600       0  CODE        2
                text22                         000B6D  000071  000BDE      16DA       0  CODE        2
                text40                         000BDE  000075  000C53      17BC       0  CODE        2
                text34                         000C53  00009E  000CF1      18A6       0  CODE        2
                maintext                       000CF1  0000AF  000DA0      19E2       0  CODE        2
                text19                         000DA0  0000B2  000E52      1B40       0  CODE        2
                text37                         000E52  0000C4  000F16      1CA4       0  CODE        2
                text14                         000F16  0000EA  001000      1E2C       0  CODE        2
                text27                         0015A5  000004  0015A9      2B4A       0  CODE        2
                text46                         0015A9  000008  0015B1      2B52       0  CODE        2
                text35                         0015B1  000008  0015B9      2B62       0  CODE        2
                clrtext                        0015B9  000008  0015C1      2B72       0  CODE        2
                text38                         0015C1  000009  0015CA      2B82       0  CODE        2
                text12                         0015CA  00000B  0015D5      2B94       0  CODE        2
                text25                         0015D5  00000D  0015E2      2BAA       0  CODE        2
                text47                         0015E2  00000E  0015F0      2BC4       0  CODE        2
                text20                         0015F0  000010  001600      2BE0       0  CODE        2
                text48                         001600  000011  001611      2C00       0  CODE        2
                text29                         001611  000012  001623      2C22       0  CODE        2
                text18                         001623  000012  001635      2C46       0  CODE        2
                text13                         001635  000012  001647      2C6A       0  CODE        2
                text41                         001647  000014  00165B      2C8E       0  CODE        2
                text36                         00165B  000018  001673      2CB6       0  CODE        2
                text8                          001673  000018  00168B      2CE6       0  CODE        2
                text10                         00168B  00001A  0016A5      2D16       0  CODE        2
                text44                         0016A5  00001E  0016C3      2D4A       0  CODE        2
                text23                         0016C3  00001E  0016E1      2D86       0  CODE        2
                text26                         0016E1  00001F  001700      2DC2       0  CODE        2
                text5                          001700  000022  001722      2E00       0  CODE        2
                text33                         001722  000023  001745      2E44       0  CODE        2
                text42                         001745  000024  001769      2E8A       0  CODE        2
                text31                         001769  000024  00178D      2ED2       0  CODE        2
                text24                         00178D  000024  0017B1      2F1A       0  CODE        2
                text50                         0017B1  000026  0017D7      2F62       0  CODE        2
                text43                         0017D7  000029  001800      2FAE       0  CODE        2
                config                         002007  000001  002008      400E       0  CONFIG      2


UNUSED ADDRESS RANGES

        Name                Unused          Largest block    Delta
        BANK0            0064-006F              C           1
        BANK1            00D8-00EF             18           1
        BANK2            0110-016F             60           1
        BANK3            01DA-01EF             16           1
        CODE             0003-0003              1           2
                         1000-15A4            5A5
                         1800-1FFF            800
        COMMON           007D-007D              1           1
        CONFIG           2008-2008              1           2
        CONST            0003-0003              1           2
                         1000-15A4            100
                         1800-1FFF            100
        EEDATA           2100-21FF            100           2
        ENTRY            0003-0003              1           2
                         1000-15A4            100
                         1800-1FFF            100
        IDLOC            2000-2003              4           2
        RAM              0064-006F              C           1
                         00D8-00EF             18
                         0110-016F             60
                         01DA-01EF             16
        SFR0             0000-001F             20           1
        SFR1             0080-009F             20           1
        SFR2             0100-010F             10           1
        SFR3             0180-018F             10           1
        STACK            0110-016F             60           1
        STRCODE          0003-0003              1           2
                         1000-15A4            5A5
                         1800-1FFF            800
        STRING           0003-0003              1           2
                         1000-15A4            100
                         1800-1FFF            100

                                  Symbol Table

AnalogValue@channel                        cstackBANK1  00A7
Blink@i                                    cstackBANK1  00A9
Blink@n                                    cstackBANK1  00A6
ClockInit@cnt                              cstackBANK1  00A4
DarknessCheck@darknessValue                cstackBANK1  00A9
DelayDs@cnt                                cstackBANK1  00A0
DelayDs@i                                  cstackBANK1  00A4
FindChannel@cnt                            cstackBANK1  00B1
FindChannel@i                              cstackBANK1  00B3
IncreaseMemoryAdress@var1                  cstackCOMMON 0074
IncreaseMemoryAdress@var2                  cstackCOMMON 0075
IncreaseMemoryAdress@var3                  cstackCOMMON 0076
OperationMode@bracketStatus                cstackBANK1  00A1
ReadClock@date                             cstackCOMMON 0076
ReadClock@date1                            cstackBANK0  002C
ReadClock@date10                           cstackBANK0  0023
ReadClock@hour                             cstackCOMMON 0075
ReadClock@hour1                            cstackBANK0  0029
ReadClock@hour10                           cstackBANK0  0022
ReadClock@min1                             cstackBANK0  0028
ReadClock@min10                            cstackBANK0  0021
ReadClock@minutes                          cstackCOMMON 0074
ReadClock@month                            cstackCOMMON 0077
ReadClock@month1                           cstackBANK0  002A
ReadClock@month10                          cstackBANK0  0024
ReadClock@sec1                             cstackBANK0  0027
ReadClock@sec10                            cstackBANK0  0020
ReadClock@seconds                          cstackBANK0  0026
ReadClock@year                             cstackCOMMON 0078
ReadClock@year1                            cstackBANK0  002B
ReadClock@year10                           cstackBANK0  0025
ReadFIFO@value                             cstackBANK1  00A4
ReadMemoryAdress@var1                      cstackBANK1  00A3
ReadMemoryAdress@var2                      cstackBANK1  00A2
ReadMemoryAdress@var3                      cstackBANK1  00A5
ReceivedPacketHandler@Data                 cstackBANK1  00D0
RegisterRead@adress                        cstackBANK1  00A6
RegisterRead@value                         cstackBANK1  00A5
RegisterSet@adress                         cstackBANK1  00AA
RegisterSet@value                          cstackBANK1  00A7
SendMemoryData@addr1                       cstackBANK1  00CA
SendMemoryData@addr2                       cstackBANK1  00C9
SendMemoryData@addr3                       cstackBANK1  00C8
SendMemoryData@address                     cstackBANK1  00C4
SendMemoryData@finalAddress                cstackBANK1  00CB
SendMemoryData@value                       cstackBANK1  00C3
SetRFMode@mcparam0_read                    cstackBANK1  00AD
SetRFMode@mode                             cstackBANK1  00AC
TimerCounter@i                             cstackCOMMON 0073
TransiverReadFIFO@ReceivedString           cstackBANK3  01B8
TransiverReadFIFO@i                        cstackBANK3  01D6
TransiverReadFIFO@j                        cstackBANK3  01D8
TransmittPacket@i                          cstackBANK1  00B8
TransmittPacket@topic                      cstackBANK1  00BA
TransmittPacket@value                      cstackBANK1  00B5
WriteFIFO@Data                             cstackBANK1  00A3
WriteSPI@buffer                            cstackBANK1  00A1
WriteSPI@databyte                          cstackBANK1  00A2
_ADCON0bits                                (abs)        001F
_ADCON1bits                                (abs)        009F
_ADRESH                                    (abs)        001E
_ANSEL                                     (abs)        0188
_ANSELH                                    (abs)        0189
_ANSELHbits                                (abs)        0189
_ANSELbits                                 (abs)        0188
_AnalogValue                               text32       08F9
_Blink                                     text15       092C
_CARRY                                     (abs)        0018
_ChannelP                                  strings      0806
_ChannelR                                  strings      0813
_ChannelS                                  strings      0820
_ClockInit                                 text34       0C53
_DarknessCheck                             text30       0844
_DelayDs                                   text33       1722
_EEADR                                     (abs)        010D
_EECON1                                    (abs)        018C
_EECON2                                    (abs)        018D
_EEDATA                                    (abs)        010C
_FindChannel                               text21       0661
_GIE                                       (abs)        005F
_INTCONbits                                (abs)        000B
_IOCBbits                                  (abs)        0096
_IncreaseMemoryAdress                      text49       09EE
_LightWithSensController                   text28       09A5
_Mode_0                                    text27       15A5
_Mode_1                                    text26       16E1
_Mode_2                                    text25       15D5
_Mode_4                                    text18       1623
_Mode_5                                    text17       0830
_OPTION_REGbits                            (abs)        0081
_OSCCONbits                                (abs)        008F
_OperationMode                             text12       15CA
_PICInit                                   text16       0A9C
_PIE1bits                                  (abs)        008C
_PIR1bits                                  (abs)        000C
_PORTA                                     (abs)        0005
_PORTB                                     (abs)        0006
_PORTC                                     (abs)        0007
_PORTD                                     (abs)        0008
_PORTE                                     (abs)        0009
_RA1                                       (abs)        0029
_RA4                                       (abs)        002C
_RA5                                       (abs)        002D
_RB0                                       (abs)        0030
_RB1                                       (abs)        0031
_RB3                                       (abs)        0033
_RB4                                       (abs)        0034
_RB5                                       (abs)        0035
_RBIF                                      (abs)        0058
_RC0                                       (abs)        0038
_RC1                                       (abs)        0039
_RC2                                       (abs)        003A
_RD                                        (abs)        0C60
_RD3                                       (abs)        0043
_RD4                                       (abs)        0044
_ReadClock                                 text45       0418
_ReadFIFO                                  text13       1635
_ReadMemoryAdress                          text9        086F
_ReadSPI                                   text35       15B1
_ReceivedPacketHandler                     text3        028A
_RegisterRead                              text24       178D
_RegisterSet                               text23       16C3
_ResetMemoryAdress                         text10       168B
_SSPBUF                                    (abs)        0013
_SSPCONbits                                (abs)        0014
_SSPIE                                     (abs)        0463
_SSPSTATbits                               (abs)        0094
_SendMemoryData                            text6        0551
_SetRFMode                                 text22       0B6D
_T1CON                                     (abs)        0010
_T1CONbits                                 (abs)        0010
_TMR1H                                     (abs)        000F
_TMR1IF                                    (abs)        0060
_TMR1L                                     (abs)        000E
_TMR1ON                                    (abs)        0080
_TRISA                                     (abs)        0085
_TRISB                                     (abs)        0086
_TRISC                                     (abs)        0087
_TRISD                                     (abs)        0088
_TRISE                                     (abs)        0089
_TimerCounter                              text52       0963
_TransiverInit                             text14       0F16
_TransiverReadFIFO                         text2        0B00
_TransiverToReceive                        text1        0A40
_TransmittPacket                           text19       0DA0
_WPUBbits                                  (abs)        0095
_WR                                        (abs)        0C61
_WREN                                      (abs)        0C62
_WriteFIFO                                 text20       15F0
_WriteSPI                                  text36       165B
__CFG_BOREN$OFF                            (abs)        0000
__CFG_CP$ON                                (abs)        0000
__CFG_CPD$ON                               (abs)        0000
__CFG_DEBUG$OFF                            (abs)        0000
__CFG_FCMEN$OFF                            (abs)        0000
__CFG_FOSC$INTRC_NOCLKOUT                  (abs)        0000
__CFG_IESO$OFF                             (abs)        0000
__CFG_LVP$OFF                              (abs)        0000
__CFG_MCLRE$OFF                            (abs)        0000
__CFG_PWRTE$OFF                            (abs)        0000
__CFG_WDTE$OFF                             (abs)        0000
__Habs1                                    abs1         0000
__Hbank0                                   bank0        0000
__Hbank1                                   bank1        0000
__Hbank2                                   bank2        0000
__Hbank3                                   bank3        0000
__HbssBANK0                                bssBANK0     0000
__HbssBANK1                                bssBANK1     0000
__HbssBANK3                                bssBANK3     0000
__Hcinit                                   cinit        003F
__Hclrtext                                 clrtext      0000
__Hcode                                    code         0000
__Hcommon                                  common       0000
__Hconfig                                  config       2008
__HcstackBANK0                             cstackBANK0  0000
__HcstackBANK1                             cstackBANK1  0000
__HcstackBANK3                             cstackBANK3  0000
__HcstackCOMMON                            cstackCOMMON 0000
__HdataBANK0                               dataBANK0    0000
__Heeprom_data                             eeprom_data  0000
__Hend_init                                end_init     0015
__Hfunctab                                 functab      0000
__HidataBANK0                              idataBANK0   0000
__Hidloc                                   idloc        0000
__Hinit                                    init         0012
__Hintentry                                intentry     0012
__Hmaintext                                maintext     0000
__Hpowerup                                 powerup      0000
__Hram                                     ram          0000
__Hreset_vec                               reset_vec    0003
__Hsfr0                                    sfr0         0000
__Hsfr1                                    sfr1         0000
__Hsfr2                                    sfr2         0000
__Hsfr3                                    sfr3         0000
__Hspace_0                                 (abs)        2008
__Hspace_1                                 (abs)        01DA
__Hspace_2                                 (abs)        0000
__Hspace_3                                 (abs)        0000
__Hstack                                   stack        0000
__Hstrings                                 strings      0000
__Htext                                    text         0000
__Labs1                                    abs1         0000
__Lbank0                                   bank0        0000
__Lbank1                                   bank1        0000
__Lbank2                                   bank2        0000
__Lbank3                                   bank3        0000
__LbssBANK0                                bssBANK0     0000
__LbssBANK1                                bssBANK1     0000
__LbssBANK3                                bssBANK3     0000
__Lcinit                                   cinit        0015
__Lclrtext                                 clrtext      0000
__Lcode                                    code         0000
__Lcommon                                  common       0000
__Lconfig                                  config       2007
__LcstackBANK0                             cstackBANK0  0000
__LcstackBANK1                             cstackBANK1  0000
__LcstackBANK3                             cstackBANK3  0000
__LcstackCOMMON                            cstackCOMMON 0000
__LdataBANK0                               dataBANK0    0000
__Leeprom_data                             eeprom_data  0000
__Lend_init                                end_init     0012
__Lfunctab                                 functab      0000
__LidataBANK0                              idataBANK0   0000
__Lidloc                                   idloc        0000
__Linit                                    init         0012
__Lintentry                                intentry     0004
__Lmaintext                                maintext     0000
__Lpowerup                                 powerup      0000
__Lram                                     ram          0000
__Lreset_vec                               reset_vec    0000
__Lsfr0                                    sfr0         0000
__Lsfr1                                    sfr1         0000
__Lsfr2                                    sfr2         0000
__Lsfr3                                    sfr3         0000
__Lspace_0                                 (abs)        0000
__Lspace_1                                 (abs)        0000
__Lspace_2                                 (abs)        0000
__Lspace_3                                 (abs)        0000
__Lstack                                   stack        0000
__Lstrings                                 strings      0000
__Ltext                                    text         0000
__S0                                       (abs)        2008
__S1                                       (abs)        01DA
__S2                                       (abs)        0000
__S3                                       (abs)        0000
___bmul                                    text48       1600
___bmul@multiplicand                       cstackCOMMON 0070
___bmul@multiplier                         cstackCOMMON 0073
___bmul@product                            cstackCOMMON 0072
___int_sp                                  stack        0000
___latbits                                 (abs)        0002
___sp                                      stack        0000
__end_of_AnalogValue                       text32       092C
__end_of_Blink                             text15       0963
__end_of_ChannelP                          strings      0813
__end_of_ChannelR                          strings      0820
__end_of_ChannelS                          strings      082D
__end_of_ClockInit                         text34       0CF1
__end_of_DarknessCheck                     text30       086F
__end_of_DelayDs                           text33       1745
__end_of_FindChannel                       text21       0763
__end_of_IncreaseMemoryAdress              text49       0A40
__end_of_LightWithSensController           text28       09EE
__end_of_Mode_0                            text27       15A9
__end_of_Mode_1                            text26       1700
__end_of_Mode_2                            text25       15E2
__end_of_Mode_4                            text18       1635
__end_of_Mode_5                            text17       0844
__end_of_OperationMode                     text12       15D5
__end_of_PICInit                           text16       0B00
__end_of_ReadClock                         text45       0551
__end_of_ReadFIFO                          text13       1647
__end_of_ReadMemoryAdress                  text9        089B
__end_of_ReadSPI                           text35       15B9
__end_of_ReceivedPacketHandler             text3        0418
__end_of_RegisterRead                      text24       17B1
__end_of_RegisterSet                       text23       16E1
__end_of_ResetMemoryAdress                 text10       16A5
__end_of_SendMemoryData                    text6        0661
__end_of_SetRFMode                         text22       0BDE
__end_of_TimerCounter                      text52       09A5
__end_of_TransiverInit                     text14       1000
__end_of_TransiverReadFIFO                 text2        0B6D
__end_of_TransiverToReceive                text1        0A9C
__end_of_TransmittPacket                   text19       0E52
__end_of_WriteFIFO                         text20       1600
__end_of_WriteSPI                          text36       1673
__end_of___bmul                            text48       1611
__end_of__initialization                   cinit        003B
__end_of__stringtab                        strings      0806
__end_of_eeprom_read                       text31       178D
__end_of_eeprom_write                      text11       08F9
__end_of_main                              maintext     0DA0
__end_of_ram_bulk_erase                    text5        1722
__end_of_read_ram_status                   text8        168B
__end_of_read_write_flash_ram              text7        07E5
__end_of_saveDataToFlash                   text39       028A
__end_of_tc_int                            text37       0F16
__end_of_timerFunction                     text29       1623
__end_of_write_ram_status                  text4        08C9
__end_ofi1_AnalogValue                     text43       1800
__end_ofi1_DelayDs                         text44       16C3
__end_ofi1_OperationMode                   text38       15CA
__end_ofi1_ReadMemoryAdress                text42       1769
__end_ofi1_ReadSPI                         text46       15B1
__end_ofi1_WriteSPI                        text47       15F0
__end_ofi1_eeprom_read                     text51       0800
__end_ofi1_eeprom_write                    text50       17D7
__end_ofi1_read_ram_status                 text41       165B
__end_ofi1_read_write_flash_ram            text40       0C53
__initialization                           cinit        0015
__pbssBANK0                                bssBANK0     0043
__pbssBANK1                                bssBANK1     00D6
__pbssBANK3                                bssBANK3     0190
__pcstackBANK0                             cstackBANK0  0020
__pcstackBANK1                             cstackBANK1  00A0
__pcstackBANK3                             cstackBANK3  01B8
__pcstackCOMMON                            cstackCOMMON 0070
__pdataBANK0                               dataBANK0    0061
__pidataBANK0                              idataBANK0   082D
__pintentry                                intentry     0004
__pmaintext                                maintext     0CF1
__pstrings                                 strings      0800
__ptext1                                   text1        0A40
__ptext10                                  text10       168B
__ptext11                                  text11       08C9
__ptext12                                  text12       15CA
__ptext13                                  text13       1635
__ptext14                                  text14       0F16
__ptext15                                  text15       092C
__ptext16                                  text16       0A9C
__ptext17                                  text17       0830
__ptext18                                  text18       1623
__ptext19                                  text19       0DA0
__ptext2                                   text2        0B00
__ptext20                                  text20       15F0
__ptext21                                  text21       0661
__ptext22                                  text22       0B6D
__ptext23                                  text23       16C3
__ptext24                                  text24       178D
__ptext25                                  text25       15D5
__ptext26                                  text26       16E1
__ptext27                                  text27       15A5
__ptext28                                  text28       09A5
__ptext29                                  text29       1611
__ptext3                                   text3        028A
__ptext30                                  text30       0844
__ptext31                                  text31       1769
__ptext32                                  text32       08F9
__ptext33                                  text33       1722
__ptext34                                  text34       0C53
__ptext35                                  text35       15B1
__ptext36                                  text36       165B
__ptext37                                  text37       0E52
__ptext38                                  text38       15C1
__ptext39                                  text39       003F
__ptext4                                   text4        089B
__ptext40                                  text40       0BDE
__ptext41                                  text41       1647
__ptext42                                  text42       1745
__ptext43                                  text43       17D7
__ptext44                                  text44       16A5
__ptext45                                  text45       0418
__ptext46                                  text46       15A9
__ptext47                                  text47       15E2
__ptext48                                  text48       1600
__ptext49                                  text49       09EE
__ptext5                                   text5        1700
__ptext50                                  text50       17B1
__ptext51                                  text51       07E5
__ptext52                                  text52       0963
__ptext6                                   text6        0551
__ptext7                                   text7        0763
__ptext8                                   text8        1673
__ptext9                                   text9        086F
__size_of_AnalogValue                      (abs)        0000
__size_of_Blink                            (abs)        0000
__size_of_ClockInit                        (abs)        0000
__size_of_DarknessCheck                    (abs)        0000
__size_of_DelayDs                          (abs)        0000
__size_of_FindChannel                      (abs)        0000
__size_of_IncreaseMemoryAdress             (abs)        0000
__size_of_LightWithSensController          (abs)        0000
__size_of_Mode_0                           (abs)        0000
__size_of_Mode_1                           (abs)        0000
__size_of_Mode_2                           (abs)        0000
__size_of_Mode_4                           (abs)        0000
__size_of_Mode_5                           (abs)        0000
__size_of_OperationMode                    (abs)        0000
__size_of_PICInit                          (abs)        0000
__size_of_ReadClock                        (abs)        0000
__size_of_ReadFIFO                         (abs)        0000
__size_of_ReadMemoryAdress                 (abs)        0000
__size_of_ReadSPI                          (abs)        0000
__size_of_ReceivedPacketHandler            (abs)        0000
__size_of_RegisterRead                     (abs)        0000
__size_of_RegisterSet                      (abs)        0000
__size_of_ResetMemoryAdress                (abs)        0000
__size_of_SendMemoryData                   (abs)        0000
__size_of_SetRFMode                        (abs)        0000
__size_of_TimerCounter                     (abs)        0000
__size_of_TransiverInit                    (abs)        0000
__size_of_TransiverReadFIFO                (abs)        0000
__size_of_TransiverToReceive               (abs)        0000
__size_of_TransmittPacket                  (abs)        0000
__size_of_WriteFIFO                        (abs)        0000
__size_of_WriteSPI                         (abs)        0000
__size_of___bmul                           (abs)        0000
__size_of_eeprom_read                      (abs)        0000
__size_of_eeprom_write                     (abs)        0000
__size_of_main                             (abs)        0000
__size_of_ram_bulk_erase                   (abs)        0000
__size_of_read_ram_status                  (abs)        0000
__size_of_read_write_flash_ram             (abs)        0000
__size_of_saveDataToFlash                  (abs)        0000
__size_of_tc_int                           (abs)        0000
__size_of_timerFunction                    (abs)        0000
__size_of_write_ram_status                 (abs)        0000
__size_ofi1_AnalogValue                    (abs)        0000
__size_ofi1_DelayDs                        (abs)        0000
__size_ofi1_OperationMode                  (abs)        0000
__size_ofi1_ReadMemoryAdress               (abs)        0000
__size_ofi1_ReadSPI                        (abs)        0000
__size_ofi1_WriteSPI                       (abs)        0000
__size_ofi1_eeprom_read                    (abs)        0000
__size_ofi1_eeprom_write                   (abs)        0000
__size_ofi1_read_ram_status                (abs)        0000
__size_ofi1_read_write_flash_ram           (abs)        0000
__stringbase                               strings      0805
__stringtab                                strings      0800
_bChannelFound                             bssBANK0     0060
_bDark                                     bssBANK1     00D6
_bTimerComplete                            bssBANK0     004D
_bTransiverModeReceive                     bssBANK1     00D7
_bValueFromPot                             dataBANK0    0063
_channelFound                              bssBANK0     0052
_eeprom_read                               text31       1769
_eeprom_write                              text11       08C9
_intBlinkCounter                           bssBANK0     0054
_intBlinkCycle                             bssBANK0     0056
_intClockTimer                             bssBANK0     0043
_intHalfSecondCounter                      bssBANK0     005A
_intMinuteCounter                          bssBANK0     005C
_intNumberOfBlinks                         dataBANK0    0061
_intSecondCounter                          bssBANK0     005E
_main                                      maintext     0CF1
_ram_bulk_erase                            text5        1700
_read_ram_status                           text8        1673
_read_write_flash_ram                      text7        0763
_saveDataToFlash                           text39       003F
_tc_int                                    text37       0E52
_timerFunction                             text29       1611
_write_ram_status                          text4        089B
btemp                                      (abs)        007E
clear_ram0                                 clrtext      15B9
eeprom_read@addr                           cstackBANK1  00A1
eeprom_write@addr                          cstackBANK1  00A2
eeprom_write@value                         cstackBANK1  00A0
end_of_initialization                      cinit        003B
i1AnalogValue@channel                      cstackCOMMON 0077
i1DelayDs@cnt                              cstackCOMMON 0070
i1DelayDs@i                                cstackCOMMON 0074
i1OperationMode@bracketStatus              cstackCOMMON 0071
i1ReadMemoryAdress@var1                    cstackCOMMON 0073
i1ReadMemoryAdress@var2                    cstackCOMMON 0072
i1ReadMemoryAdress@var3                    cstackCOMMON 0075
i1WriteSPI@buffer                          cstackCOMMON 0071
i1WriteSPI@databyte                        cstackCOMMON 0072
i1_AnalogValue                             text43       17D7
i1_DelayDs                                 text44       16A5
i1_OperationMode                           text38       15C1
i1_ReadMemoryAdress                        text42       1745
i1_ReadSPI                                 text46       15A9
i1_WriteSPI                                text47       15E2
i1_eeprom_read                             text51       07E5
i1_eeprom_write                            text50       17B1
i1_read_ram_status                         text41       1647
i1_read_write_flash_ram                    text40       0BDE
i1eeprom_read@addr                         cstackCOMMON 0071
i1eeprom_write@addr                        cstackCOMMON 0072
i1eeprom_write@value                       cstackCOMMON 0070
i1read_ram_status@status                   cstackCOMMON 0074
i1read_write_flash_ram@bytes_to_readwrite  cstackCOMMON 0075
i1read_write_flash_ram@flash_page          cstackCOMMON 0078
i1read_write_flash_ram@flash_sector        cstackCOMMON 0077
i1read_write_flash_ram@i                   cstackBANK0  0021
i1read_write_flash_ram@mem_ptr             cstackCOMMON 007A
i1read_write_flash_ram@offset              cstackCOMMON 0079
i1read_write_flash_ram@one_read_zero_write cstackBANK0  0020
interrupt_function                         intentry     0004
intlevel0                                  functab      0000
intlevel1                                  functab      0000
intlevel2                                  functab      0000
intlevel3                                  functab      0000
intlevel4                                  functab      0000
intlevel5                                  functab      0000
read_ram_status@status                     cstackBANK1  00A4
read_write_flash_ram@bytes_to_readwrite    cstackBANK1  00A5
read_write_flash_ram@flash_page            cstackBANK1  00A8
read_write_flash_ram@flash_sector          cstackBANK1  00A7
read_write_flash_ram@i                     cstackBANK1  00AE
read_write_flash_ram@mem_ptr               cstackBANK1  00AA
read_write_flash_ram@offset                cstackBANK1  00A9
read_write_flash_ram@one_read_zero_write   cstackBANK1  00AD
reset_vec                                  reset_vec    0000
saveDataToFlash@addr1                      cstackBANK0  0039
saveDataToFlash@addr2                      cstackBANK0  003A
saveDataToFlash@addr3                      cstackBANK0  003B
saveDataToFlash@date                       cstackBANK0  0035
saveDataToFlash@hours                      cstackBANK0  0034
saveDataToFlash@minutes                    cstackBANK0  0033
saveDataToFlash@month                      cstackBANK0  0036
saveDataToFlash@seconds                    cstackBANK0  0032
saveDataToFlash@value                      cstackBANK0  0038
saveDataToFlash@year                       cstackBANK0  0037
saved_w                                    (abs)        007E
stackhi                                    (abs)        0000
stacklo                                    (abs)        0000
start                                      init         0012
start_initialization                       cinit        0015
timerFunction@intSetSeconds                cstackBANK1  00A2
timerFunction@intTimerNumber               cstackBANK1  00A0
write_ram_status@status                    cstackBANK1  00A5
wtemp0                                     (abs)        007E


FUNCTION INFORMATION:

 *************** function _main *****************
 Defined at:
		line 31 in file "main.c"
 Parameters:    Size  Location     Type
		None
 Auto vars:     Size  Location     Type
		None
 Return value:  Size  Location     Type
                  2   78[None  ] int 
 Registers used:
		wreg, fsr0l, fsr0h, status,2, status,0, btemp+1, pclath, cstack
 Tracked objects:
		On entry : 
		On exit  : 
		Unchanged: 
 Data sizes:     COMMON   BANK0   BANK1   BANK3   BANK2
      Params:         0       0       0       0       0
      Locals:         0       0       0       0       0
      Temps:          0       0       3       0       0
      Totals:         0       0       3       0       0
Total ram usage:        3 bytes
 Hardware stack levels required when called:   15
 This function calls:
		_ClockInit
		_Mode_0
		_Mode_1
		_Mode_2
		_Mode_4
		_Mode_5
		_OperationMode
		_PICInit
		_ResetMemoryAdress
		_SendMemoryData
		_TransiverInit
		_TransiverReadFIFO
		_TransiverToReceive
		_ram_bulk_erase
		_read_ram_status
		_write_ram_status
 This function is called by:
		Startup code after reset
 This function uses a non-reentrant model


 *************** function _TransiverToReceive *****************
 Defined at:
		line 16 in file "functions.c"
 Parameters:    Size  Location     Type
		None
 Auto vars:     Size  Location     Type
		None
 Return value:  Size  Location     Type
                  1    wreg      void 
 Registers used:
		wreg, fsr0l, fsr0h, status,2, status,0, btemp+1, pclath, cstack
 Tracked objects:
		On entry : 
		On exit  : 
		Unchanged: 
 Data sizes:     COMMON   BANK0   BANK1   BANK3   BANK2
      Params:         0       0       0       0       0
      Locals:         0       0       0       0       0
      Temps:          0       0       2       0       0
      Totals:         0       0       2       0       0
Total ram usage:        2 bytes
 Hardware stack levels used:    1
 Hardware stack levels required when called:   11
 This function calls:
		_FindChannel
		_RegisterRead
		_RegisterSet
		_SetRFMode
		_timerFunction
 This function is called by:
		_main
 This function uses a non-reentrant model


 *************** function _TransiverReadFIFO *****************
 Defined at:
		line 42 in file "functions.c"
 Parameters:    Size  Location     Type
		None
 Auto vars:     Size  Location     Type
  j               2   32[BANK3 ] int 
  ReceivedStri   30    0[BANK3 ] unsigned char [30]
  i               2   30[BANK3 ] int 
 Return value:  Size  Location     Type
                  1    wreg      void 
 Registers used:
		wreg, fsr0l, fsr0h, status,2, status,0, btemp+1, pclath, cstack
 Tracked objects:
		On entry : 
		On exit  : 
		Unchanged: 
 Data sizes:     COMMON   BANK0   BANK1   BANK3   BANK2
      Params:         0       0       0       0       0
      Locals:         0       0       0      34       0
      Temps:          0       0       2       0       0
      Totals:         0       0       2      34       0
Total ram usage:       36 bytes
 Hardware stack levels used:    1
 Hardware stack levels required when called:   14
 This function calls:
		_ReadFIFO
		_ReceivedPacketHandler
		_SetRFMode
		_timerFunction
 This function is called by:
		_main
 This function uses a non-reentrant model


 *************** function _ReceivedPacketHandler *****************
 Defined at:
		line 73 in file "functions.c"
 Parameters:    Size  Location     Type
  Data            1    wreg     PTR unsigned char 
		 -> TransiverReadFIFO@ReceivedString(30), 
 Auto vars:     Size  Location     Type
  Data            1   48[BANK1 ] PTR unsigned char 
		 -> TransiverReadFIFO@ReceivedString(30), 
 Return value:  Size  Location     Type
                  1    wreg      void 
 Registers used:
		wreg, fsr0l, fsr0h, status,2, status,0, btemp+1, pclath, cstack
 Tracked objects:
		On entry : 
		On exit  : 
		Unchanged: 
 Data sizes:     COMMON   BANK0   BANK1   BANK3   BANK2
      Params:         0       0       0       0       0
      Locals:         0       0       1       0       0
      Temps:          0       0       1       0       0
      Totals:         0       0       2       0       0
Total ram usage:        2 bytes
 Hardware stack levels used:    1
 Hardware stack levels required when called:   13
 This function calls:
		_AnalogValue
		_DarknessCheck
		_DelayDs
		_OperationMode
		_ResetMemoryAdress
		_SendMemoryData
		_TransmittPacket
		_eeprom_read
		_ram_bulk_erase
		_read_ram_status
		_write_ram_status
 This function is called by:
		_TransiverReadFIFO
 This function uses a non-reentrant model


 *************** function _write_ram_status *****************
 Defined at:
		line 169 in file "m25p16.c"
 Parameters:    Size  Location     Type
  status          1    wreg     unsigned char 
 Auto vars:     Size  Location     Type
  status          1    5[BANK1 ] unsigned char 
 Return value:  Size  Location     Type
                  1    wreg      void 
 Registers used:
		wreg, status,2, status,0, pclath, cstack
 Tracked objects:
		On entry : 
		On exit  : 
		Unchanged: 
 Data sizes:     COMMON   BANK0   BANK1   BANK3   BANK2
      Params:         0       0       0       0       0
      Locals:         0       0       1       0       0
      Temps:          0       0       0       0       0
      Totals:         0       0       1       0       0
Total ram usage:        1 bytes
 Hardware stack levels used:    1
 Hardware stack levels required when called:    9
 This function calls:
		_WriteSPI
		_read_ram_status
 This function is called by:
		_main
		_ReceivedPacketHandler
 This function uses a non-reentrant model


 *************** function _ram_bulk_erase *****************
 Defined at:
		line 69 in file "m25p16.c"
 Parameters:    Size  Location     Type
		None
 Auto vars:     Size  Location     Type
		None
 Return value:  Size  Location     Type
                  1    wreg      void 
 Registers used:
		wreg, status,2, status,0, pclath, cstack
 Tracked objects:
		On entry : 
		On exit  : 
		Unchanged: 
 Data sizes:     COMMON   BANK0   BANK1   BANK3   BANK2
      Params:         0       0       0       0       0
      Locals:         0       0       0       0       0
      Temps:          0       0       0       0       0
      Totals:         0       0       0       0       0
Total ram usage:        0 bytes
 Hardware stack levels used:    1
 Hardware stack levels required when called:    9
 This function calls:
		_WriteSPI
		_read_ram_status
 This function is called by:
		_main
		_ReceivedPacketHandler
 This function uses a non-reentrant model


 *************** function _SendMemoryData *****************
 Defined at:
		line 1180 in file "functions.c"
 Parameters:    Size  Location     Type
		None
 Auto vars:     Size  Location     Type
  finalAddress    4   43[BANK1 ] unsigned long 
  address         4   36[BANK1 ] unsigned long 
  addr1           1   42[BANK1 ] unsigned char 
  addr2           1   41[BANK1 ] unsigned char 
  addr3           1   40[BANK1 ] unsigned char 
  value           1   35[BANK1 ] unsigned char 
 Return value:  Size  Location     Type
                  1    wreg      void 
 Registers used:
		wreg, fsr0l, fsr0h, status,2, status,0, btemp+1, pclath, cstack
 Tracked objects:
		On entry : 
		On exit  : 
		Unchanged: 
 Data sizes:     COMMON   BANK0   BANK1   BANK3   BANK2
      Params:         0       0       0       0       0
      Locals:         0       0      12       0       0
      Temps:          0       0       8       0       0
      Totals:         0       0      20       0       0
Total ram usage:       20 bytes
 Hardware stack levels used:    1
 Hardware stack levels required when called:   12
 This function calls:
		_ReadMemoryAdress
		_TransmittPacket
		_read_write_flash_ram
 This function is called by:
		_main
		_ReceivedPacketHandler
 This function uses a non-reentrant model


 *************** function _read_write_flash_ram *****************
 Defined at:
		line 107 in file "m25p16.c"
 Parameters:    Size  Location     Type
  one_read_zer    1    wreg     unsigned char 
  bytes_to_rea    2    5[BANK1 ] unsigned short 
  flash_sector    1    7[BANK1 ] unsigned char 
  flash_page      1    8[BANK1 ] unsigned char 
  offset          1    9[BANK1 ] unsigned char 
  mem_ptr         1   10[BANK1 ] PTR unsigned char 
		 -> SendMemoryData@value(1), saveDataToFlash@value(1), 
 Auto vars:     Size  Location     Type
  one_read_zer    1   13[BANK1 ] unsigned char 
  i               2   14[BANK1 ] unsigned short 
 Return value:  Size  Location     Type
                  1    wreg      void 
 Registers used:
		wreg, fsr0l, fsr0h, status,2, status,0, pclath, cstack
 Tracked objects:
		On entry : 
		On exit  : 
		Unchanged: 
 Data sizes:     COMMON   BANK0   BANK1   BANK3   BANK2
      Params:         0       0       6       0       0
      Locals:         0       0       3       0       0
      Temps:          0       0       2       0       0
      Totals:         0       0      11       0       0
Total ram usage:       11 bytes
 Hardware stack levels used:    1
 Hardware stack levels required when called:    9
 This function calls:
		_ReadSPI
		_WriteSPI
		_read_ram_status
 This function is called by:
		_SendMemoryData
		_write_flash_page
		_read_flash_page
 This function uses a non-reentrant model


 *************** function _read_ram_status *****************
 Defined at:
		line 57 in file "m25p16.c"
 Parameters:    Size  Location     Type
		None
 Auto vars:     Size  Location     Type
  status          1    4[BANK1 ] unsigned char 
 Return value:  Size  Location     Type
                  1    wreg      unsigned char 
 Registers used:
		wreg, status,2, status,0, pclath, cstack
 Tracked objects:
		On entry : 
		On exit  : 
		Unchanged: 
 Data sizes:     COMMON   BANK0   BANK1   BANK3   BANK2
      Params:         0       0       0       0       0
      Locals:         0       0       1       0       0
      Temps:          0       0       1       0       0
      Totals:         0       0       2       0       0
Total ram usage:        2 bytes
 Hardware stack levels used:    1
 Hardware stack levels required when called:    8
 This function calls:
		_ReadSPI
		_WriteSPI
 This function is called by:
		_main
		_ReceivedPacketHandler
		_ram_bulk_erase
		_read_write_flash_ram
		_write_ram_status
		_ram_sector_erase
 This function uses a non-reentrant model


 *************** function _ReadMemoryAdress *****************
 Defined at:
		line 956 in file "functions.c"
 Parameters:    Size  Location     Type
  var3            1    wreg     PTR unsigned char 
		 -> SendMemoryData@addr3(1), saveDataToFlash@addr3(1), 
  var2            1    2[BANK1 ] PTR unsigned char 
		 -> SendMemoryData@addr2(1), saveDataToFlash@addr2(1), 
  var1            1    3[BANK1 ] PTR unsigned char 
		 -> SendMemoryData@addr1(1), saveDataToFlash@addr1(1), 
 Auto vars:     Size  Location     Type
  var3            1    5[BANK1 ] PTR unsigned char 
		 -> SendMemoryData@addr3(1), saveDataToFlash@addr3(1), 
 Return value:  Size  Location     Type
                  1    wreg      void 
 Registers used:
		wreg, fsr0l, fsr0h, status,2, status,0, pclath, cstack
 Tracked objects:
		On entry : 
		On exit  : 
		Unchanged: 
 Data sizes:     COMMON   BANK0   BANK1   BANK3   BANK2
      Params:         0       0       2       0       0
      Locals:         0       0       1       0       0
      Temps:          0       0       1       0       0
      Totals:         0       0       4       0       0
Total ram usage:        4 bytes
 Hardware stack levels used:    1
 Hardware stack levels required when called:    7
 This function calls:
		_eeprom_read
 This function is called by:
		_SendMemoryData
 This function uses a non-reentrant model


 *************** function _ResetMemoryAdress *****************
 Defined at:
		line 1020 in file "functions.c"
 Parameters:    Size  Location     Type
		None
 Auto vars:     Size  Location     Type
		None
 Return value:  Size  Location     Type
                  1    wreg      void 
 Registers used:
		wreg, status,2, status,0, pclath, cstack
 Tracked objects:
		On entry : 
		On exit  : 
		Unchanged: 
 Data sizes:     COMMON   BANK0   BANK1   BANK3   BANK2
      Params:         0       0       0       0       0
      Locals:         0       0       0       0       0
      Temps:          0       0       0       0       0
      Totals:         0       0       0       0       0
Total ram usage:        0 bytes
 Hardware stack levels used:    1
 Hardware stack levels required when called:    7
 This function calls:
		_eeprom_write
 This function is called by:
		_main
		_ReceivedPacketHandler
 This function uses a non-reentrant model


 *************** function _eeprom_write *****************
 Defined at:
		line 6 in file "C:\Program Files (x86)\Microchip\xc8\v1.40\sources\pic\eewrite.c"
 Parameters:    Size  Location     Type
  addr            1    wreg     unsigned char 
  value           1    0[BANK1 ] unsigned char 
 Auto vars:     Size  Location     Type
  addr            1    2[BANK1 ] unsigned char 
 Return value:  Size  Location     Type
                  1    wreg      void 
 Registers used:
		wreg, status,2, status,0
 Tracked objects:
		On entry : 
		On exit  : 
		Unchanged: 
 Data sizes:     COMMON   BANK0   BANK1   BANK3   BANK2
      Params:         0       0       1       0       0
      Locals:         0       0       1       0       0
      Temps:          0       0       1       0       0
      Totals:         0       0       3       0       0
Total ram usage:        3 bytes
 Hardware stack levels used:    1
 Hardware stack levels required when called:    6
 This function calls:
		Nothing
 This function is called by:
		_ResetMemoryAdress
 This function uses a non-reentrant model


 *************** function _OperationMode *****************
 Defined at:
		line 932 in file "functions.c"
 Parameters:    Size  Location     Type
		None
 Auto vars:     Size  Location     Type
  bracketStatu    1    1[BANK1 ] unsigned char 
 Return value:  Size  Location     Type
                  1    wreg      unsigned char 
 Registers used:
		wreg, status,2
 Tracked objects:
		On entry : 
		On exit  : 
		Unchanged: 
 Data sizes:     COMMON   BANK0   BANK1   BANK3   BANK2
      Params:         0       0       0       0       0
      Locals:         0       0       1       0       0
      Temps:          0       0       1       0       0
      Totals:         0       0       2       0       0
Total ram usage:        2 bytes
 Hardware stack levels used:    1
 Hardware stack levels required when called:    6
 This function calls:
		Nothing
 This function is called by:
		_main
		_ReceivedPacketHandler
 This function uses a non-reentrant model


 *************** function _ReadFIFO *****************
 Defined at:
		line 745 in file "functions.c"
 Parameters:    Size  Location     Type
		None
 Auto vars:     Size  Location     Type
  value           1    4[BANK1 ] unsigned char 
 Return value:  Size  Location     Type
                  1    wreg      unsigned char 
 Registers used:
		wreg, status,2, status,0, pclath, cstack
 Tracked objects:
		On entry : 
		On exit  : 
		Unchanged: 
 Data sizes:     COMMON   BANK0   BANK1   BANK3   BANK2
      Params:         0       0       0       0       0
      Locals:         0       0       1       0       0
      Temps:          0       0       1       0       0
      Totals:         0       0       2       0       0
Total ram usage:        2 bytes
 Hardware stack levels used:    1
 Hardware stack levels required when called:    8
 This function calls:
		_ReadSPI
 This function is called by:
		_TransiverReadFIFO
 This function uses a non-reentrant model


 *************** function _TransiverInit *****************
 Defined at:
		line 510 in file "functions.c"
 Parameters:    Size  Location     Type
		None
 Auto vars:     Size  Location     Type
		None
 Return value:  Size  Location     Type
                  1    wreg      void 
 Registers used:
		wreg, fsr0l, fsr0h, status,2, status,0, btemp+1, pclath, cstack
 Tracked objects:
		On entry : 
		On exit  : 
		Unchanged: 
 Data sizes:     COMMON   BANK0   BANK1   BANK3   BANK2
      Params:         0       0       0       0       0
      Locals:         0       0       0       0       0
      Temps:          0       0       1       0       0
      Totals:         0       0       1       0       0
Total ram usage:        1 bytes
 Hardware stack levels used:    1
 Hardware stack levels required when called:   11
 This function calls:
		_Blink
		_FindChannel
		_RegisterRead
		_RegisterSet
		_SetRFMode
 This function is called by:
		_main
 This function uses a non-reentrant model


 *************** function _Blink *****************
 Defined at:
		line 658 in file "functions.c"
 Parameters:    Size  Location     Type
  n               2    6[BANK1 ] int 
 Auto vars:     Size  Location     Type
  i               2    9[BANK1 ] int 
 Return value:  Size  Location     Type
                  1    wreg      void 
 Registers used:
		wreg, status,2, status,0, pclath, cstack
 Tracked objects:
		On entry : 
		On exit  : 
		Unchanged: 
 Data sizes:     COMMON   BANK0   BANK1   BANK3   BANK2
      Params:         0       0       2       0       0
      Locals:         0       0       2       0       0
      Temps:          0       0       1       0       0
      Totals:         0       0       5       0       0
Total ram usage:        5 bytes
 Hardware stack levels used:    1
 Hardware stack levels required when called:    7
 This function calls:
		_DelayDs
 This function is called by:
		_TransiverInit
 This function uses a non-reentrant model


 *************** function _PICInit *****************
 Defined at:
		line 398 in file "functions.c"
 Parameters:    Size  Location     Type
		None
 Auto vars:     Size  Location     Type
		None
 Return value:  Size  Location     Type
                  1    wreg      void 
 Registers used:
		wreg, status,2, status,0
 Tracked objects:
		On entry : 
		On exit  : 
		Unchanged: 
 Data sizes:     COMMON   BANK0   BANK1   BANK3   BANK2
      Params:         0       0       0       0       0
      Locals:         0       0       0       0       0
      Temps:          0       0       0       0       0
      Totals:         0       0       0       0       0
Total ram usage:        0 bytes
 Hardware stack levels used:    1
 Hardware stack levels required when called:    6
 This function calls:
		Nothing
 This function is called by:
		_main
 This function uses a non-reentrant model


 *************** function _Mode_5 *****************
 Defined at:
		line 299 in file "functions.c"
 Parameters:    Size  Location     Type
		None
 Auto vars:     Size  Location     Type
		None
 Return value:  Size  Location     Type
                  1    wreg      void 
 Registers used:
		wreg, fsr0l, fsr0h, status,2, status,0, btemp+1, pclath, cstack
 Tracked objects:
		On entry : 
		On exit  : 
		Unchanged: 
 Data sizes:     COMMON   BANK0   BANK1   BANK3   BANK2
      Params:         0       0       0       0       0
      Locals:         0       0       0       0       0
      Temps:          0       0       1       0       0
      Totals:         0       0       1       0       0
Total ram usage:        1 bytes
 Hardware stack levels used:    1
 Hardware stack levels required when called:   12
 This function calls:
		_LightWithSensController
		_TransmittPacket
 This function is called by:
		_main
 This function uses a non-reentrant model


 *************** function _Mode_4 *****************
 Defined at:
		line 287 in file "functions.c"
 Parameters:    Size  Location     Type
		None
 Auto vars:     Size  Location     Type
		None
 Return value:  Size  Location     Type
                  1    wreg      void 
 Registers used:
		wreg, fsr0l, fsr0h, status,2, status,0, btemp+1, pclath, cstack
 Tracked objects:
		On entry : 
		On exit  : 
		Unchanged: 
 Data sizes:     COMMON   BANK0   BANK1   BANK3   BANK2
      Params:         0       0       0       0       0
      Locals:         0       0       0       0       0
      Temps:          0       0       0       0       0
      Totals:         0       0       0       0       0
Total ram usage:        0 bytes
 Hardware stack levels used:    1
 Hardware stack levels required when called:   12
 This function calls:
		_LightWithSensController
		_TransmittPacket
 This function is called by:
		_main
 This function uses a non-reentrant model


 *************** function _TransmittPacket *****************
 Defined at:
		line 194 in file "functions.c"
 Parameters:    Size  Location     Type
  topic           1    wreg     unsigned char 
  value           1   21[BANK1 ] unsigned char 
 Auto vars:     Size  Location     Type
  topic           1   26[BANK1 ] unsigned char 
  i               2   24[BANK1 ] int 
 Return value:  Size  Location     Type
                  1    wreg      void 
 Registers used:
		wreg, fsr0l, fsr0h, status,2, status,0, btemp+1, pclath, cstack
 Tracked objects:
		On entry : 
		On exit  : 
		Unchanged: 
 Data sizes:     COMMON   BANK0   BANK1   BANK3   BANK2
      Params:         0       0       1       0       0
      Locals:         0       0       3       0       0
      Temps:          0       0       2       0       0
      Totals:         0       0       6       0       0
Total ram usage:        6 bytes
 Hardware stack levels used:    1
 Hardware stack levels required when called:   11
 This function calls:
		_FindChannel
		_RegisterRead
		_RegisterSet
		_SetRFMode
		_WriteFIFO
		_timerFunction
 This function is called by:
		_ReceivedPacketHandler
		_Mode_4
		_Mode_5
		_SendMemoryData
 This function uses a non-reentrant model


 *************** function _WriteFIFO *****************
 Defined at:
		line 772 in file "functions.c"
 Parameters:    Size  Location     Type
  Data            1    wreg     unsigned char 
 Auto vars:     Size  Location     Type
  Data            1    3[BANK1 ] unsigned char 
 Return value:  Size  Location     Type
                  1    wreg      void 
 Registers used:
		wreg, status,2, status,0, pclath, cstack
 Tracked objects:
		On entry : 
		On exit  : 
		Unchanged: 
 Data sizes:     COMMON   BANK0   BANK1   BANK3   BANK2
      Params:         0       0       0       0       0
      Locals:         0       0       1       0       0
      Temps:          0       0       0       0       0
      Totals:         0       0       1       0       0
Total ram usage:        1 bytes
 Hardware stack levels used:    1
 Hardware stack levels required when called:    7
 This function calls:
		_WriteSPI
 This function is called by:
		_TransmittPacket
 This function uses a non-reentrant model


 *************** function _FindChannel *****************
 Defined at:
		line 555 in file "functions.c"
 Parameters:    Size  Location     Type
		None
 Auto vars:     Size  Location     Type
  i               2   19[BANK1 ] int 
  cnt             2   17[BANK1 ] int 
 Return value:  Size  Location     Type
                  1    wreg      unsigned char 
 Registers used:
		wreg, fsr0l, fsr0h, status,2, status,0, btemp+1, pclath, cstack
 Tracked objects:
		On entry : 
		On exit  : 
		Unchanged: 
 Data sizes:     COMMON   BANK0   BANK1   BANK3   BANK2
      Params:         0       0       0       0       0
      Locals:         0       0       4       0       0
      Temps:          0       0       3       0       0
      Totals:         0       0       7       0       0
Total ram usage:        7 bytes
 Hardware stack levels used:    1
 Hardware stack levels required when called:   10
 This function calls:
		_RegisterRead
		_RegisterSet
		_SetRFMode
 This function is called by:
		_TransiverToReceive
		_TransmittPacket
		_TransiverInit
 This function uses a non-reentrant model


 *************** function _SetRFMode *****************
 Defined at:
		line 610 in file "functions.c"
 Parameters:    Size  Location     Type
  mode            1    wreg     unsigned char 
 Auto vars:     Size  Location     Type
  mode            1   12[BANK1 ] unsigned char 
  mcparam0_rea    1   13[BANK1 ] unsigned char 
 Return value:  Size  Location     Type
                  1    wreg      void 
 Registers used:
		wreg, fsr0l, fsr0h, status,2, status,0, pclath, cstack
 Tracked objects:
		On entry : 
		On exit  : 
		Unchanged: 
 Data sizes:     COMMON   BANK0   BANK1   BANK3   BANK2
      Params:         0       0       0       0       0
      Locals:         0       0       2       0       0
      Temps:          0       0       1       0       0
      Totals:         0       0       3       0       0
Total ram usage:        3 bytes
 Hardware stack levels used:    1
 Hardware stack levels required when called:    9
 This function calls:
		_RegisterRead
		_RegisterSet
 This function is called by:
		_TransiverToReceive
		_TransiverReadFIFO
		_TransmittPacket
		_TransiverInit
		_FindChannel
 This function uses a non-reentrant model


 *************** function _RegisterSet *****************
 Defined at:
		line 719 in file "functions.c"
 Parameters:    Size  Location     Type
  adress          1    wreg     unsigned char 
  value           1    7[BANK1 ] unsigned char 
 Auto vars:     Size  Location     Type
  adress          1   10[BANK1 ] unsigned char 
 Return value:  Size  Location     Type
                  1    wreg      void 
 Registers used:
		wreg, status,2, status,0, pclath, cstack
 Tracked objects:
		On entry : 
		On exit  : 
		Unchanged: 
 Data sizes:     COMMON   BANK0   BANK1   BANK3   BANK2
      Params:         0       0       1       0       0
      Locals:         0       0       1       0       0
      Temps:          0       0       2       0       0
      Totals:         0       0       4       0       0
Total ram usage:        4 bytes
[...]
 This function uses a non-reentrant model


 *************** function _saveDataToFlash *****************
 Defined at:
		line 1043 in file "functions.c"
 Parameters:    Size  Location     Type
		None
 Auto vars:     Size  Location     Type
  addr3           1   27[BANK0 ] unsigned char 
  addr2           1   26[BANK0 ] unsigned char 
  addr1           1   25[BANK0 ] unsigned char 
  value           1   24[BANK0 ] unsigned char 
  year            1   23[BANK0 ] unsigned char 
  month           1   22[BANK0 ] unsigned char 
  date            1   21[BANK0 ] unsigned char 
  hours           1   20[BANK0 ] unsigned char 
  minutes         1   19[BANK0 ] unsigned char 
  seconds         1   18[BANK0 ] unsigned char 
 Return value:  Size  Location     Type
                  1    wreg      void 
 Registers used:
		wreg, fsr0l, fsr0h, status,2, status,0, pclath, cstack
 Tracked objects:
		On entry : 
		On exit  : 
		Unchanged: 
 Data sizes:     COMMON   BANK0   BANK1   BANK3   BANK2
      Params:         0       0       0       0       0
      Locals:         0      10       0       0       0
      Temps:          0       5       0       0       0
      Totals:         0      15       0       0       0
Total ram usage:       15 bytes
 Hardware stack levels used:    1
 Hardware stack levels required when called:    4
 This function calls:
		_IncreaseMemoryAdress
		_ReadClock
		i1_AnalogValue
		i1_ReadMemoryAdress
		i1_read_write_flash_ram
 This function is called by:
		_tc_int
 This function uses a non-reentrant model


 *************** function i1_read_write_flash_ram *****************
 Defined at:
		line 107 in file "m25p16.c"
 Parameters:    Size  Location     Type
  one_read_zer    1    wreg     unsigned char 
  bytes_to_rea    2    5[COMMON] unsigned short 
  flash_sector    1    7[COMMON] unsigned char 
  flash_page      1    8[COMMON] unsigned char 
  offset          1    9[COMMON] unsigned char 
  mem_ptr         1   10[COMMON] PTR unsigned char 
		 -> SendMemoryData@value(1), saveDataToFlash@value(1), 
 Auto vars:     Size  Location     Type
  one_read_zer    1    0[BANK0 ] unsigned char 
  read_write_f    2    1[BANK0 ] unsigned short 
 Return value:  Size  Location     Type
                  1    wreg      void 
 Registers used:
		wreg, fsr0l, fsr0h, status,2, status,0, pclath, cstack
 Tracked objects:
		On entry : 
		On exit  : 
		Unchanged: 
 Data sizes:     COMMON   BANK0   BANK1   BANK3   BANK2
      Params:         6       0       0       0       0
      Locals:         0       3       0       0       0
      Temps:          2       0       0       0       0
      Totals:         8       3       0       0       0
Total ram usage:       11 bytes
 Hardware stack levels used:    1
 Hardware stack levels required when called:    3
 This function calls:
		i1_ReadSPI
		i1_WriteSPI
		i1_read_ram_status
 This function is called by:
		_saveDataToFlash
 This function uses a non-reentrant model


 *************** function i1_read_ram_status *****************
 Defined at:
		line 57 in file "m25p16.c"
 Parameters:    Size  Location     Type
		None
 Auto vars:     Size  Location     Type
  read_ram_sta    1    4[COMMON] unsigned char 
 Return value:  Size  Location     Type
                  1    wreg      unsigned char 
 Registers used:
		wreg, status,2, status,0, pclath, cstack
 Tracked objects:
		On entry : 
		On exit  : 
		Unchanged: 
 Data sizes:     COMMON   BANK0   BANK1   BANK3   BANK2
      Params:         0       0       0       0       0
      Locals:         1       0       0       0       0
      Temps:          1       0       0       0       0
      Totals:         2       0       0       0       0
Total ram usage:        2 bytes
 Hardware stack levels used:    1
 Hardware stack levels required when called:    2
 This function calls:
		i1_ReadSPI
		i1_WriteSPI
 This function is called by:
		i1_read_write_flash_ram
 This function uses a non-reentrant model


 *************** function i1_ReadMemoryAdress *****************
 Defined at:
		line 956 in file "functions.c"
 Parameters:    Size  Location     Type
  var3            1    wreg     PTR unsigned char 
		 -> SendMemoryData@addr3(1), saveDataToFlash@addr3(1), 
  var2            1    2[COMMON] PTR unsigned char 
		 -> SendMemoryData@addr2(1), saveDataToFlash@addr2(1), 
  var1            1    3[COMMON] PTR unsigned char 
		 -> SendMemoryData@addr1(1), saveDataToFlash@addr1(1), 
 Auto vars:     Size  Location     Type
  var3            1    5[COMMON] PTR unsigned char 
		 -> SendMemoryData@addr3(1), saveDataToFlash@addr3(1), 
 Return value:  Size  Location     Type
                  1    wreg      void 
 Registers used:
		wreg, fsr0l, fsr0h, status,2, status,0, pclath, cstack
 Tracked objects:
		On entry : 
		On exit  : 
		Unchanged: 
 Data sizes:     COMMON   BANK0   BANK1   BANK3   BANK2
      Params:         2       0       0       0       0
      Locals:         1       0       0       0       0
      Temps:          1       0       0       0       0
      Totals:         4       0       0       0       0
Total ram usage:        4 bytes
 Hardware stack levels used:    1
 Hardware stack levels required when called:    1
 This function calls:
		i1_eeprom_read
 This function is called by:
		_saveDataToFlash
 This function uses a non-reentrant model


 *************** function i1_AnalogValue *****************
 Defined at:
		line 871 in file "functions.c"
 Parameters:    Size  Location     Type
  channel         1    wreg     unsigned char 
 Auto vars:     Size  Location     Type
  channel         1    7[COMMON] unsigned char 
 Return value:  Size  Location     Type
                  1    wreg      unsigned char 
 Registers used:
		wreg, status,2, status,0, pclath, cstack
 Tracked objects:
		On entry : 
		On exit  : 
		Unchanged: 
 Data sizes:     COMMON   BANK0   BANK1   BANK3   BANK2
      Params:         0       0       0       0       0
      Locals:         1       0       0       0       0
      Temps:          1       0       0       0       0
      Totals:         2       0       0       0       0
Total ram usage:        2 bytes
 Hardware stack levels used:    1
 Hardware stack levels required when called:    1
 This function calls:
		i1_DelayDs
 This function is called by:
		_saveDataToFlash
 This function uses a non-reentrant model


 *************** function i1_DelayDs *****************
 Defined at:
		line 481 in file "functions.c"
 Parameters:    Size  Location     Type
  cnt             2    0[COMMON] int 
 Auto vars:     Size  Location     Type
  DelayDs         2    4[COMMON] int 
 Return value:  Size  Location     Type
                  1    wreg      void 
 Registers used:
		wreg, status,2
 Tracked objects:
		On entry : 
		On exit  : 
		Unchanged: 
 Data sizes:     COMMON   BANK0   BANK1   BANK3   BANK2
      Params:         2       0       0       0       0
      Locals:         2       0       0       0       0
      Temps:          2       0       0       0       0
      Totals:         6       0       0       0       0
Total ram usage:        6 bytes
 Hardware stack levels used:    1
 This function calls:
		Nothing
 This function is called by:
		i1_AnalogValue
 This function uses a non-reentrant model


 *************** function _ReadClock *****************
 Defined at:
		line 49 in file "MCP79510.c"
 Parameters:    Size  Location     Type
  seconds         1    wreg     PTR unsigned char 
		 -> saveDataToFlash@seconds(1), 
  minutes         1    4[COMMON] PTR unsigned char 
		 -> saveDataToFlash@minutes(1), 
  hour            1    5[COMMON] PTR unsigned char 
		 -> saveDataToFlash@hours(1), 
  date            1    6[COMMON] PTR unsigned char 
		 -> saveDataToFlash@date(1), 
  month           1    7[COMMON] PTR unsigned char 
		 -> saveDataToFlash@month(1), 
  year            1    8[COMMON] PTR unsigned char 
		 -> saveDataToFlash@year(1), 
 Auto vars:     Size  Location     Type
  seconds         1    6[BANK0 ] PTR unsigned char 
		 -> saveDataToFlash@seconds(1), 
  date1           1   12[BANK0 ] unsigned char 
  year1           1   11[BANK0 ] unsigned char 
  month1          1   10[BANK0 ] unsigned char 
  hour1           1    9[BANK0 ] unsigned char 
  min1            1    8[BANK0 ] unsigned char 
  sec1            1    7[BANK0 ] unsigned char 
  year10          1    5[BANK0 ] unsigned char 
  month10         1    4[BANK0 ] unsigned char 
  date10          1    3[BANK0 ] unsigned char 
  hour10          1    2[BANK0 ] unsigned char 
  min10           1    1[BANK0 ] unsigned char 
  sec10           1    0[BANK0 ] unsigned char 
 Return value:  Size  Location     Type
                  1    wreg      void 
 Registers used:
		wreg, fsr0l, fsr0h, status,2, status,0, pclath, cstack
 Tracked objects:
		On entry : 
		On exit  : 
		Unchanged: 
 Data sizes:     COMMON   BANK0   BANK1   BANK3   BANK2
      Params:         5       0       0       0       0
      Locals:         0      13       0       0       0
      Temps:          2       0       0       0       0
      Totals:         7      13       0       0       0
Total ram usage:       20 bytes
 Hardware stack levels used:    1
 Hardware stack levels required when called:    2
 This function calls:
		___bmul
		i1_ReadSPI
		i1_WriteSPI
 This function is called by:
		_saveDataToFlash
 This function uses a non-reentrant model


 *************** function i1_ReadSPI *****************
 Defined at:
		line 502 in file "functions.c"
 Parameters:    Size  Location     Type
		None
 Auto vars:     Size  Location     Type
		None
 Return value:  Size  Location     Type
                  1    wreg      unsigned char 
 Registers used:
		wreg, status,2, status,0, pclath, cstack
 Tracked objects:
		On entry : 
		On exit  : 
		Unchanged: 
 Data sizes:     COMMON   BANK0   BANK1   BANK3   BANK2
      Params:         0       0       0       0       0
      Locals:         0       0       0       0       0
      Temps:          0       0       0       0       0
      Totals:         0       0       0       0       0
Total ram usage:        0 bytes
 Hardware stack levels used:    1
 Hardware stack levels required when called:    1
 This function calls:
		i1_WriteSPI
 This function is called by:
		_ReadClock
		i1_read_ram_status
		i1_read_write_flash_ram
 This function uses a non-reentrant model


 *************** function i1_WriteSPI *****************
 Defined at:
		line 490 in file "functions.c"
 Parameters:    Size  Location     Type
  databyte        1    wreg     unsigned char 
 Auto vars:     Size  Location     Type
  databyte        1    2[COMMON] unsigned char 
  WriteSPI        1    1[COMMON] unsigned char 
 Return value:  Size  Location     Type
                  1    wreg      void 
 Registers used:
		wreg
 Tracked objects:
		On entry : 
		On exit  : 
		Unchanged: 
 Data sizes:     COMMON   BANK0   BANK1   BANK3   BANK2
      Params:         0       0       0       0       0
      Locals:         2       0       0       0       0
      Temps:          1       0       0       0       0
      Totals:         3       0       0       0       0
Total ram usage:        3 bytes
 Hardware stack levels used:    1
 This function calls:
		Nothing
 This function is called by:
		_ReadClock
		i1_ReadSPI
		i1_read_ram_status
		i1_read_write_flash_ram
 This function uses a non-reentrant model


 *************** function ___bmul *****************
 Defined at:
		line 4 in file "C:\Program Files (x86)\Microchip\xc8\v1.40\sources\common\Umul8.c"
 Parameters:    Size  Location     Type
  multiplier      1    wreg     unsigned char 
  multiplicand    1    0[COMMON] unsigned char 
 Auto vars:     Size  Location     Type
  multiplier      1    3[COMMON] unsigned char 
  product         1    2[COMMON] unsigned char 
 Return value:  Size  Location     Type
                  1    wreg      unsigned char 
 Registers used:
		wreg, status,2, status,0
 Tracked objects:
		On entry : 
		On exit  : 
		Unchanged: 
 Data sizes:     COMMON   BANK0   BANK1   BANK3   BANK2
      Params:         1       0       0       0       0
      Locals:         2       0       0       0       0
      Temps:          1       0       0       0       0
      Totals:         4       0       0       0       0
Total ram usage:        4 bytes
 Hardware stack levels used:    1
 This function calls:
		Nothing
 This function is called by:
		_ReadClock
 This function uses a non-reentrant model


 *************** function _IncreaseMemoryAdress *****************
 Defined at:
		line 981 in file "functions.c"
 Parameters:    Size  Location     Type
		None
 Auto vars:     Size  Location     Type
  var3            1    6[COMMON] unsigned char 
  var2            1    5[COMMON] unsigned char 
  var1            1    4[COMMON] unsigned char 
 Return value:  Size  Location     Type
                  1    wreg      void 
 Registers used:
		wreg, status,2, status,0, pclath, cstack
 Tracked objects:
		On entry : 
		On exit  : 
		Unchanged: 
 Data sizes:     COMMON   BANK0   BANK1   BANK3   BANK2
      Params:         0       0       0       0       0
      Locals:         3       0       0       0       0
      Temps:          1       0       0       0       0
      Totals:         4       0       0       0       0
Total ram usage:        4 bytes
 Hardware stack levels used:    1
 Hardware stack levels required when called:    1
 This function calls:
		i1_eeprom_read
		i1_eeprom_write
 This function is called by:
		_saveDataToFlash
 This function uses a non-reentrant model


 *************** function i1_eeprom_write *****************
 Defined at:
		line 6 in file "C:\Program Files (x86)\Microchip\xc8\v1.40\sources\pic\eewrite.c"
 Parameters:    Size  Location     Type
  addr            1    wreg     unsigned char 
  value           1    0[COMMON] unsigned char 
 Auto vars:     Size  Location     Type
  addr            1    2[COMMON] unsigned char 
 Return value:  Size  Location     Type
                  1    wreg      void 
 Registers used:
		wreg, status,2, status,0
 Tracked objects:
		On entry : 
		On exit  : 
		Unchanged: 
 Data sizes:     COMMON   BANK0   BANK1   BANK3   BANK2
      Params:         1       0       0       0       0
      Locals:         1       0       0       0       0
      Temps:          1       0       0       0       0
      Totals:         3       0       0       0       0
Total ram usage:        3 bytes
 Hardware stack levels used:    1
 This function calls:
		Nothing
 This function is called by:
		_IncreaseMemoryAdress
 This function uses a non-reentrant model


 *************** function i1_eeprom_read *****************
 Defined at:
		line 6 in file "C:\Program Files (x86)\Microchip\xc8\v1.40\sources\pic\eeread.c"
 Parameters:    Size  Location     Type
  addr            1    wreg     unsigned char 
 Auto vars:     Size  Location     Type
  addr            1    1[COMMON] unsigned char 
 Return value:  Size  Location     Type
                  1    wreg      unsigned char 
 Registers used:
		wreg, status,2, status,0
 Tracked objects:
		On entry : 
		On exit  : 
		Unchanged: 
 Data sizes:     COMMON   BANK0   BANK1   BANK3   BANK2
      Params:         0       0       0       0       0
      Locals:         1       0       0       0       0
      Temps:          1       0       0       0       0
      Totals:         2       0       0       0       0
Total ram usage:        2 bytes
 Hardware stack levels used:    1
 This function calls:
		Nothing
 This function is called by:
		_IncreaseMemoryAdress
		i1_ReadMemoryAdress
 This function uses a non-reentrant model


 *************** function _TimerCounter *****************
 Defined at:
		line 385 in file "functions.c"
 Parameters:    Size  Location     Type
		None
 Auto vars:     Size  Location     Type
  i               2    3[COMMON] int 
 Return value:  Size  Location     Type
                  1    wreg      void 
 Registers used:
		wreg, fsr0l, fsr0h, status,2, status,0, btemp+1
 Tracked objects:
		On entry : 
		On exit  : 
		Unchanged: 
 Data sizes:     COMMON   BANK0   BANK1   BANK3   BANK2
      Params:         0       0       0       0       0
      Locals:         2       0       0       0       0
      Temps:          3       0       0       0       0
      Totals:         5       0       0       0       0
Total ram usage:        5 bytes
 Hardware stack levels used:    1
 This function calls:
		Nothing
 This function is called by:
		_tc_int
 This function uses a non-reentrant model



MODULE INFORMATION

Module		Function		Class		Link	Load	Size
m25p16.c
		_read_write_flash_ram		CODE           	0763	0000	131
		_read_ram_status		CODE           	1673	0000	25
		_ram_bulk_erase		CODE           	1700	0000	35
		_write_ram_status		CODE           	089B	0000	47

m25p16.c estimated size: 238

MCP79510.c
		_ClockInit     		CODE           	0C53	0000	159
		_ReadClock     		CODE           	0418	0000	314

MCP79510.c estimated size: 473

functions.c
		_ReadMemoryAdress		CODE           	086F	0000	45
		_SetRFMode     		CODE           	0B6D	0000	114
		_ResetMemoryAdress		CODE           	168B	0000	27
		_Mode_0        		CODE           	15A5	0000	5
		_TransmittPacket		CODE           	0DA0	0000	179
		_ReadFIFO      		CODE           	1635	0000	19
		_LightWithSensController		CODE           	09A5	0000	74
		_timerFunction 		CODE           	1611	0000	19
		_DelayDs       		CODE           	1722	0000	36
		_TransiverInit 		CODE           	0F16	0000	235
		_AnalogValue   		CODE           	08F9	0000	52
		_tc_int        		CODE           	0E52	0000	197
		_IncreaseMemoryAdress		CODE           	09EE	0000	83
		_OperationMode 		CODE           	15CA	0000	12
		_Mode_1        		CODE           	16E1	0000	32
		_FindChannel   		CODE           	0661	0000	259
		_ReceivedPacketHandler		CODE           	028A	0000	399
		_Blink         		CODE           	092C	0000	56
		_Mode_4        		CODE           	1623	0000	19
		_PICInit       		CODE           	0A9C	0000	101
		_saveDataToFlash		CODE           	003F	0000	588
		_WriteFIFO     		CODE           	15F0	0000	17
		_TransiverToReceive		CODE           	0A40	0000	93
		_TimerCounter  		CODE           	0963	0000	67
		_SendMemoryData		CODE           	0551	0000	273
		_TransiverReadFIFO		CODE           	0B00	0000	110
		_RegisterSet   		CODE           	16C3	0000	31
		_Mode_2        		CODE           	15D5	0000	14
		_RegisterRead  		CODE           	178D	0000	37
		_Mode_5        		CODE           	0830	0000	21
		_DarknessCheck 		CODE           	0844	0000	44
		_WriteSPI      		CODE           	165B	0000	25
		_ReadSPI       		CODE           	15B1	0000	9

functions.c estimated size: 3292

C:\Program Files (x86)\Microchip\xc8\v1.40\sources\pic\eeread.c
		_eeprom_read   		CODE           	1769	0000	37

C:\Program Files (x86)\Microchip\xc8\v1.40\sources\pic\eeread.c estimated size: 37

shared
		i1_ReadSPI     		CODE           	15A9	0000	9
		__stringtab    		STRING         	0800	0000	7
		i1_read_ram_status		CODE           	1647	0000	21
		i1_AnalogValue 		CODE           	17D7	0000	42
		i1_read_write_flash_ram		CODE           	0BDE	0000	118
		i1_DelayDs     		CODE           	16A5	0000	31
		__initialization		CODE           	0015	0000	39
		i1_OperationMode		CODE           	15C1	0000	10
		_ChannelP      		STRING         	0806	0000	14
		_ChannelR      		STRING         	0813	0000	14
		_ChannelS      		STRING         	0820	0000	14
		i1_WriteSPI    		CODE           	15E2	0000	15
		i1_eeprom_read 		CODE           	07E5	0000	28
		i1_ReadMemoryAdress		CODE           	1745	0000	37
		i1_eeprom_write		CODE           	17B1	0000	39

shared estimated size: 438

C:\Program Files (x86)\Microchip\xc8\v1.40\sources\pic\eewrite.c
		_eeprom_write  		CODE           	08C9	0000	49

C:\Program Files (x86)\Microchip\xc8\v1.40\sources\pic\eewrite.c estimated size: 49

main.c
		_main          		CODE           	0CF1	0000	176

main.c estimated size: 176

C:\Program Files (x86)\Microchip\xc8\v1.40\sources\common\Umul8.c
		___bmul        		CODE           	1600	0000	18

C:\Program Files (x86)\Microchip\xc8\v1.40\sources\common\Umul8.c estimated size: 18

