Microchip MPLAB XC8 Compiler V1.40 ()

Linker command line:

-W-3 --edf=C:\Program Files (x86)\Microchip\xc8\v1.40\dat\en_msgs.txt -cs \
  -h+dist/default/production\Bustel_Cardv20.0.X.production.sym \
  --cmf=dist/default/production\Bustel_Cardv20.0.X.production.cmf -z \
  -Q16F887 -oC:\Users\tellw\AppData\Local\Temp\s2q0.2 \
  -Mdist/default/production/Bustel_Cardv20.0.X.production.map -E1 -ver=XC8 \
  -ASTACK=0E5h-0efh -pstack=STACK -ACODE=00h-07FFhx4 -ASTRCODE=00h-01FFFh \
  -ASTRING=00h-0FFhx32 -ACONST=00h-0FFhx32 -AENTRY=00h-0FFhx32 \
  -ACOMMON=070h-07Fh -ABANK0=020h-06Fh -ABANK1=0A0h-0EFh \
  -ABANK2=0110h-016Fh -ABANK3=0190h-01EFh \
  -ARAM=020h-06Fh,0A0h-0EFh,0110h-016Fh,0190h-01EFh \
  -AABS1=020h-07Fh,0A0h-0EFh,0110h-016Fh,0190h-01EFh -ASFR0=00h-01Fh \
  -ASFR1=080h-09Fh -ASFR2=0100h-010Fh -ASFR3=0180h-018Fh \
  -preset_vec=00h,intentry=04h,init,end_init -ppowerup=CODE -pcinit=CODE \
  -pfunctab=CODE -ACONFIG=02007h-02008h -pconfig=CONFIG -DCONFIG=2 \
  -AIDLOC=02000h-02003h -pidloc=IDLOC -DIDLOC=2 -AEEDATA=00h-0FFh/02100h \
  -peeprom_data=EEDATA -DEEDATA=2 -DCODE=2 -DSTRCODE=2 -DSTRING=2 -DCONST=2 \
  -DENTRY=2 -k C:\Users\tellw\AppData\Local\Temp\s2q0.obj \
  dist/default/production\Bustel_Cardv20.0.X.production.obj 

Object code version is 3.11

Machine type is 16F887



                Name                               Link     Load   Length Selector   Space Scale
C:\Users\tellw\AppData\Local\Temp\s2q0.obj
                end_init                             12       12        3        8       0
                reset_vec                             0        0        3        0       0
                config                             2007     2007        1     400E       0
dist/default/production\Bustel_Cardv20.0.X.production.obj
                cinit                                15       15       37        8       0
                intentry                              4        4        E        8       0
                text34                              D9A      D9A       42     1B34       0
                text33                              BCE      BCE        9     179C       0
                text32                              634      634       C4        8       0
                text31                              BF9      BF9        E     17F2       0
                text30                              BBE      BBE        8     177C       0
                text29                              F70      F70       90     1EE0       0
                text28                              C9E      C9E       23     193C       0
                text27                              CE5      CE5       29     19CA       0
                text26                              CC1      CC1       24     1982       0
                text25                              D0E      D0E       29     1A1C       0
                text24                              C25      C25       12     184A       0
                text23                              7A7      7A7       42        8       0
                text22                              7FC      7FC        4        8       0
                text21                              C7F      C7F       1F     18FE       0
                text20                              BEC      BEC        D     17D8       0
                text19                              C63      C63       1C     18C6       0
                text18                              C49      C49       1A     1892       0
                text17                              F01      F01       6F     1E02       0
                text16                              44A      44A      100        8       0
                text15                              BE0      BE0        C     17C0       0
                text14                              6F8      6F8       AF        8       0
                text13                              C15      C15       10     182A       0
                text12                              C37      C37       12     186E       0
                text11                              E38      E38       62     1C70       0
                text10                              7E9      7E9       13        8       0
                text9                               311      311      139        8       0
                text8                               D67      D67       33     1ACE       0
                text7                               54A      54A       EA        8       0
                text6                               C07      C07        E     180E       0
                text5                               BD7      BD7        9     17AE       0
                text4                               1C1      1C1      150        8       0
                text3                               E9A      E9A       67     1D34       0
                text2                               DDC      DDC       5C     1BB8       0
                text1                               D37      D37       30     1A6E       0
                maintext                             4C       4C      175        8       0
                cstackBANK0                          20       20       4C       20       1
                cstackCOMMON                         70       70        C       70       1
                clrtext                             BC6      BC6        8     178C       0
                bssBANK2                            110      110       5F      110       1
                bssBANK3                            190      190       5F      190       1
                dataBANK1                            E3       E3        2       A0       1
                bssBANK1                             A0       A0       43       A0       1
                dataBANK0                            6F       6F        1       20       1
                bssBANK0                             6C       6C        3       20       1
                bssCOMMON                            7C       7C        2       70       1
                strings                             800      800       2D     1000       0
                idataBANK1                          BBC      BBC        2     1778       0
                idataBANK0                            3        3        1        0       0

TOTAL           Name                               Link     Load   Length     Space
        CLASS   STACK          

        CLASS   CODE           
                end_init                             12       12        3         0
                cinit                                15       15       37         0
                intentry                              4        4        E         0
                reset_vec                             0        0        3         0
                text34                              D9A      D9A       42         0
                text33                              BCE      BCE        9         0
                text32                              634      634       C4         0
                text31                              BF9      BF9        E         0
                text30                              BBE      BBE        8         0
                text29                              F70      F70       90         0
                text28                              C9E      C9E       23         0
                text27                              CE5      CE5       29         0
                text26                              CC1      CC1       24         0
                text25                              D0E      D0E       29         0
                text24                              C25      C25       12         0
                text23                              7A7      7A7       42         0
                text22                              7FC      7FC        4         0
                text21                              C7F      C7F       1F         0
                text20                              BEC      BEC        D         0
                text19                              C63      C63       1C         0
                text18                              C49      C49       1A         0
                text17                              F01      F01       6F         0
                text16                              44A      44A      100         0
                text15                              BE0      BE0        C         0
                text14                              6F8      6F8       AF         0
                text13                              C15      C15       10         0
                text12                              C37      C37       12         0
                text11                              E38      E38       62         0
                text10                              7E9      7E9       13         0
                text9                               311      311      139         0
                text8                               D67      D67       33         0
                text7                               54A      54A       EA         0
                text6                               C07      C07        E         0
                text5                               BD7      BD7        9         0
                text4                               1C1      1C1      150         0
                text3                               E9A      E9A       67         0
                text2                               DDC      DDC       5C         0
                text1                               D37      D37       30         0
                maintext                             4C       4C      175         0
                clrtext                             BC6      BC6        8         0
                idataBANK1                          BBC      BBC        2         0
                idataBANK0                            3        3        1         0

        CLASS   STRCODE        

        CLASS   STRING         
                strings                             800      800       2D         0

        CLASS   CONST          

        CLASS   ENTRY          

        CLASS   COMMON         
                cstackCOMMON                         70       70        C         1
                bssCOMMON                            7C       7C        2         1

        CLASS   BANK0          
                cstackBANK0                          20       20       4C         1
                dataBANK0                            6F       6F        1         1
                bssBANK0                             6C       6C        3         1

        CLASS   BANK1          
                dataBANK1                            E3       E3        2         1
                bssBANK1                             A0       A0       43         1

        CLASS   BANK2          
                bssBANK2                            110      110       5F         1

        CLASS   BANK3          
                bssBANK3                            190      190       5F         1

        CLASS   RAM            

        CLASS   ABS1           
                abs_s1                               7E       7E        2         1

        CLASS   SFR0           

        CLASS   SFR1           

        CLASS   SFR2           

        CLASS   SFR3           

        CLASS   CONFIG         
                config                             2007     2007        1         0

        CLASS   IDLOC          

        CLASS   EEDATA         



SEGMENTS        Name                           Load    Length   Top    Selector   Space  Class     Delta

                reset_vec                      000000  000004  000004         0       0  CODE        2
                intentry                       000004  0007FC  000800         8       0  CODE        2
                cstackBANK0                    000020  000050  000070        20       1  BANK0       1
                cstackCOMMON                   000070  00000E  00007E        70       1  COMMON      1
                bssBANK1                       0000A0  000045  0000E5        A0       1  BANK1       1
                bssBANK2                       000110  00005F  00016F       110       1  BANK2       1
                bssBANK3                       000190  00005F  0001EF       190       1  BANK3       1
                strings                        000800  00002D  00082D      1000       0  STRING      2
                idataBANK1                     000BBC  000002  000BBE      1778       0  CODE        2
                text30                         000BBE  000008  000BC6      177C       0  CODE        2
                clrtext                        000BC6  000008  000BCE      178C       0  CODE        2
                text33                         000BCE  000009  000BD7      179C       0  CODE        2
                text5                          000BD7  000009  000BE0      17AE       0  CODE        2
                text15                         000BE0  00000C  000BEC      17C0       0  CODE        2
                text20                         000BEC  00000D  000BF9      17D8       0  CODE        2
                text31                         000BF9  00000E  000C07      17F2       0  CODE        2
                text6                          000C07  00000E  000C15      180E       0  CODE        2
                text13                         000C15  000010  000C25      182A       0  CODE        2
                text24                         000C25  000012  000C37      184A       0  CODE        2
                text12                         000C37  000012  000C49      186E       0  CODE        2
                text18                         000C49  00001A  000C63      1892       0  CODE        2
                text19                         000C63  00001C  000C7F      18C6       0  CODE        2
                text21                         000C7F  00001F  000C9E      18FE       0  CODE        2
                text28                         000C9E  000023  000CC1      193C       0  CODE        2
                text26                         000CC1  000024  000CE5      1982       0  CODE        2
                text27                         000CE5  000029  000D0E      19CA       0  CODE        2
                text25                         000D0E  000029  000D37      1A1C       0  CODE        2
                text1                          000D37  000030  000D67      1A6E       0  CODE        2
                text8                          000D67  000033  000D9A      1ACE       0  CODE        2
                text34                         000D9A  000042  000DDC      1B34       0  CODE        2
                text2                          000DDC  00005C  000E38      1BB8       0  CODE        2
                text11                         000E38  000062  000E9A      1C70       0  CODE        2
                text3                          000E9A  000067  000F01      1D34       0  CODE        2
                text17                         000F01  00006F  000F70      1E02       0  CODE        2
                text29                         000F70  000090  001000      1EE0       0  CODE        2
                config                         002007  000001  002008      400E       0  CONFIG      2


UNUSED ADDRESS RANGES

        Name                Unused          Largest block    Delta
        BANK1            00E5-00EF              B           1
        BANK2            016F-016F              1           1
        BANK3            01EF-01EF              1           1
        CODE             082D-0BBB            38F           2
                         1000-1FFF            800
        CONFIG           2008-2008              1           2
        CONST            082D-0BBB            100           2
                         1000-1FFF            100
        EEDATA           2100-21FF            100           2
        ENTRY            082D-0BBB            100           2
                         1000-1FFF            100
        IDLOC            2000-2003              4           2
        RAM              00E5-00EF              B           1
                         016F-016F              1
                         01EF-01EF              1
        SFR0             0000-001F             20           1
        SFR1             0080-009F             20           1
        SFR2             0100-010F             10           1
        SFR3             0180-018F             10           1
        STACK            00E5-00EF              B           1
        STRCODE          082D-0BBB            38F           2
                         1000-1FFF           1000
        STRING           082D-0BBB            100           2
                         1000-1FFF            100

                                  Symbol Table

AnalogValue@channel               cstackBANK0  0027
Blink@i                           cstackBANK0  0029
Blink@n                           cstackBANK0  0026
DarknessCheck@darknessValue       cstackBANK0  0029
DelayDs@cnt                       cstackBANK0  0020
DelayDs@i                         cstackBANK0  0024
FindChannel@cnt                   cstackBANK0  0031
FindChannel@i                     cstackBANK0  0033
OperationMode@bracketStatus       cstackBANK0  0021
ReadClock@date                    cstackBANK0  0026
ReadClock@date1                   cstackBANK0  0037
ReadClock@date10                  cstackBANK0  002E
ReadClock@hour                    cstackBANK0  0025
ReadClock@hour1                   cstackBANK0  0034
ReadClock@hour10                  cstackBANK0  002D
ReadClock@min1                    cstackBANK0  0033
ReadClock@min10                   cstackBANK0  002C
ReadClock@minutes                 cstackBANK0  0024
ReadClock@month                   cstackBANK0  0027
ReadClock@month1                  cstackBANK0  0035
ReadClock@month10                 cstackBANK0  002F
ReadClock@sec1                    cstackBANK0  0032
ReadClock@sec10                   cstackBANK0  002B
ReadClock@seconds                 cstackBANK0  0031
ReadClock@year                    cstackBANK0  0028
ReadClock@year1                   cstackBANK0  0036
ReadClock@year10                  cstackBANK0  0030
ReadFIFO@value                    cstackBANK0  0024
ReceivedPacketHandler@Data        cstackBANK0  003C
RegisterRead@adress               cstackBANK0  0026
RegisterRead@value                cstackBANK0  0025
RegisterSet@adress                cstackBANK0  002A
RegisterSet@value                 cstackBANK0  0027
SetRFMode@mcparam0_read           cstackBANK0  002D
SetRFMode@mode                    cstackBANK0  002C
TimerCounter@i                    cstackCOMMON 0073
TransiverReadFIFO@ReceivedString  cstackBANK0  003F
TransiverReadFIFO@i               cstackBANK0  005D
TransiverReadFIFO@j               cstackBANK0  005F
TransmittPacket@i                 cstackBANK0  0038
TransmittPacket@topic             cstackBANK0  003A
TransmittPacket@value             cstackBANK0  0035
WriteFIFO@Data                    cstackBANK0  0023
WriteSPI@buffer                   cstackBANK0  0021
WriteSPI@databyte                 cstackBANK0  0022
_ADCON0bits                       (abs)        001F
_ADCON1bits                       (abs)        009F
_ADRESH                           (abs)        001E
_ANSEL                            (abs)        0188
_ANSELH                           (abs)        0189
_ANSELHbits                       (abs)        0189
_ANSELbits                        (abs)        0188
_AnalogValue                      text27       0CE5
_Blink                            text8        0D67
_CARRY                            (abs)        0018
_ChannelP                         strings      0806
_ChannelR                         strings      0813
_ChannelS                         strings      0820
_ClockInit                        text29       0F70
_DarknessCheck                    text25       0D0E
_DelayDs                          text28       0C9E
_EEADR                            (abs)        010D
_EECON1                           (abs)        018C
_EECON2                           (abs)        018D
_EEDATA                           (abs)        010C
_FindChannel                      text16       044A
_GIE                              (abs)        005F
_INTCONbits                       (abs)        000B
_IOCBbits                         (abs)        0096
_LightWithSensController          text23       07A7
_Mode_0                           text22       07FC
_Mode_1                           text21       0C7F
_Mode_2                           text20       0BEC
_Mode_4                           text13       0C15
_Mode_5                           text12       0C37
_OPTION_REGbits                   (abs)        0081
_OSCCONbits                       (abs)        008F
_OperationMode                    text5        0BD7
_PICInit                          text11       0E38
_PIE1bits                         (abs)        008C
_PIR1bits                         (abs)        000C
_PORTA                            (abs)        0005
_PORTB                            (abs)        0006
_PORTC                            (abs)        0007
_PORTD                            (abs)        0008
_PORTE                            (abs)        0009
_RA1                              (abs)        0029
_RA4                              (abs)        002C
_RA5                              (abs)        002D
_RB0                              (abs)        0030
_RB1                              (abs)        0031
_RB3                              (abs)        0033
_RB4                              (abs)        0034
_RB5                              (abs)        0035
_RBIF                             (abs)        0058
_RC0                              (abs)        0038
_RC1                              (abs)        0039
_RC2                              (abs)        003A
_RD                               (abs)        0C60
_RD3                              (abs)        0043
_RD4                              (abs)        0044
_ReadClock                        text9        0311
_ReadFIFO                         text6        0C07
_ReadSPI                          text30       0BBE
_ReceivedPacketHandler            text4        01C1
_RegisterRead                     text19       0C63
_RegisterSet                      text18       0C49
_SSPBUF                           (abs)        0013
_SSPCONbits                       (abs)        0014
_SSPIE                            (abs)        0463
_SSPSTATbits                      (abs)        0094
_SetRFMode                        text17       0F01
_T1CON                            (abs)        0010
_T1CONbits                        (abs)        0010
_TMR1H                            (abs)        000F
_TMR1IF                           (abs)        0060
_TMR1L                            (abs)        000E
_TMR1ON                           (abs)        0080
_TRISA                            (abs)        0085
_TRISB                            (abs)        0086
_TRISC                            (abs)        0087
_TRISD                            (abs)        0088
_TRISE                            (abs)        0089
_TimerCounter                     text34       0D9A
_TransiverInit                    text7        054A
_TransiverReadFIFO                text3        0E9A
_TransiverToReceive               text2        0DDC
_TransmittPacket                  text14       06F8
_WPUBbits                         (abs)        0095
_WR                               (abs)        0C61
_WREN                             (abs)        0C62
_WriteFIFO                        text15       0BE0
_WriteSPI                         text31       0BF9
__CFG_BOREN$OFF                   (abs)        0000
__CFG_CP$ON                       (abs)        0000
__CFG_CPD$ON                      (abs)        0000
__CFG_DEBUG$OFF                   (abs)        0000
__CFG_FCMEN$OFF                   (abs)        0000
__CFG_FOSC$INTRC_NOCLKOUT         (abs)        0000
__CFG_IESO$OFF                    (abs)        0000
__CFG_LVP$OFF                     (abs)        0000
__CFG_MCLRE$OFF                   (abs)        0000
__CFG_PWRTE$OFF                   (abs)        0000
__CFG_WDTE$OFF                    (abs)        0000
__Habs1                           abs1         0000
__Hbank0                          bank0        0000
__Hbank1                          bank1        0000
__Hbank2                          bank2        0000
__Hbank3                          bank3        0000
__HbssBANK0                       bssBANK0     0000
__HbssBANK1                       bssBANK1     0000
__HbssBANK2                       bssBANK2     0000
__HbssBANK3                       bssBANK3     0000
__HbssCOMMON                      bssCOMMON    0000
__Hcinit                          cinit        004C
__Hclrtext                        clrtext      0000
__Hcode                           code         0000
__Hcommon                         common       0000
__Hconfig                         config       2008
__HcstackBANK0                    cstackBANK0  0000
__HcstackCOMMON                   cstackCOMMON 0000
__HdataBANK0                      dataBANK0    0000
__HdataBANK1                      dataBANK1    0000
__Heeprom_data                    eeprom_data  0000
__Hend_init                       end_init     0015
__Hfunctab                        functab      0000
__HidataBANK0                     idataBANK0   0000
__HidataBANK1                     idataBANK1   0000
__Hidloc                          idloc        0000
__Hinit                           init         0012
__Hintentry                       intentry     0012
__Hmaintext                       maintext     0000
__Hpowerup                        powerup      0000
__Hram                            ram          0000
__Hreset_vec                      reset_vec    0003
__Hsfr0                           sfr0         0000
__Hsfr1                           sfr1         0000
__Hsfr2                           sfr2         0000
__Hsfr3                           sfr3         0000
__Hspace_0                        (abs)        2008
__Hspace_1                        (abs)        01EF
__Hspace_2                        (abs)        0000
__Hspace_3                        (abs)        0000
__Hstack                          stack        0000
__Hstrings                        strings      0000
__Htext                           text         0000
__Labs1                           abs1         0000
__Lbank0                          bank0        0000
__Lbank1                          bank1        0000
__Lbank2                          bank2        0000
__Lbank3                          bank3        0000
__LbssBANK0                       bssBANK0     0000
__LbssBANK1                       bssBANK1     0000
__LbssBANK2                       bssBANK2     0000
__LbssBANK3                       bssBANK3     0000
__LbssCOMMON                      bssCOMMON    0000
__Lcinit                          cinit        0015
__Lclrtext                        clrtext      0000
__Lcode                           code         0000
__Lcommon                         common       0000
__Lconfig                         config       2007
__LcstackBANK0                    cstackBANK0  0000
__LcstackCOMMON                   cstackCOMMON 0000
__LdataBANK0                      dataBANK0    0000
__LdataBANK1                      dataBANK1    0000
__Leeprom_data                    eeprom_data  0000
__Lend_init                       end_init     0012
__Lfunctab                        functab      0000
__LidataBANK0                     idataBANK0   0000
__LidataBANK1                     idataBANK1   0000
__Lidloc                          idloc        0000
__Linit                           init         0012
__Lintentry                       intentry     0004
__Lmaintext                       maintext     0000
__Lpowerup                        powerup      0000
__Lram                            ram          0000
__Lreset_vec                      reset_vec    0000
__Lsfr0                           sfr0         0000
__Lsfr1                           sfr1         0000
__Lsfr2                           sfr2         0000
__Lsfr3                           sfr3         0000
__Lspace_0                        (abs)        0000
__Lspace_1                        (abs)        0000
__Lspace_2                        (abs)        0000
__Lspace_3                        (abs)        0000
__Lstack                          stack        0000
__Lstrings                        strings      0000
__Ltext                           text         0000
__S0                              (abs)        2008
__S1                              (abs)        01EF
__S2                              (abs)        0000
__S3                              (abs)        0000
___bmul                           text10       07E9
___bmul@multiplicand              cstackBANK0  0020
___bmul@multiplier                cstackBANK0  0023
___bmul@product                   cstackBANK0  0022
___int_sp                         stack        0000
___latbits                        (abs)        0002
___sp                             stack        0000
__end_of_AnalogValue              text27       0D0E
__end_of_Blink                    text8        0D9A
__end_of_ChannelP                 strings      0813
__end_of_ChannelR                 strings      0820
__end_of_ChannelS                 strings      082D
__end_of_ClockInit                text29       1000
__end_of_DarknessCheck            text25       0D37
__end_of_DelayDs                  text28       0CC1
__end_of_FindChannel              text16       054A
__end_of_LightWithSensController  text23       07E9
__end_of_Mode_0                   text22       0800
__end_of_Mode_1                   text21       0C9E
__end_of_Mode_2                   text20       0BF9
__end_of_Mode_4                   text13       0C25
__end_of_Mode_5                   text12       0C49
__end_of_OperationMode            text5        0BE0
__end_of_PICInit                  text11       0E9A
__end_of_ReadClock                text9        044A
__end_of_ReadFIFO                 text6        0C15
__end_of_ReadSPI                  text30       0BC6
__end_of_ReceivedPacketHandler    text4        0311
__end_of_RegisterRead             text19       0C7F
__end_of_RegisterSet              text18       0C63
__end_of_SetRFMode                text17       0F70
__end_of_TimerCounter             text34       0DDC
__end_of_TransiverInit            text7        0634
__end_of_TransiverReadFIFO        text3        0F01
__end_of_TransiverToReceive       text2        0E38
__end_of_TransmittPacket          text14       07A7
__end_of_WriteFIFO                text15       0BEC
__end_of_WriteSPI                 text31       0C07
__end_of___bmul                   text10       07FC
__end_of__initialization          cinit        0048
__end_of__stringtab               strings      0806
__end_of_eeprom_read              text26       0CE5
__end_of_eeprom_write             text1        0D67
__end_of_main                     maintext     01C1
__end_of_tc_int                   text32       06F8
__end_of_timerFunction            text24       0C37
__end_ofi1_OperationMode          text33       0BD7
__initialization                  cinit        0015
__pbssBANK0                       bssBANK0     006C
__pbssBANK1                       bssBANK1     00A0
__pbssBANK2                       bssBANK2     0110
__pbssBANK3                       bssBANK3     0190
__pbssCOMMON                      bssCOMMON    007C
__pcstackBANK0                    cstackBANK0  0020
__pcstackCOMMON                   cstackCOMMON 0070
__pdataBANK0                      dataBANK0    006F
__pdataBANK1                      dataBANK1    00E3
__pidataBANK0                     idataBANK0   0003
__pidataBANK1                     idataBANK1   0BBC
__pintentry                       intentry     0004
__pmaintext                       maintext     004C
__pstrings                        strings      0800
__ptext1                          text1        0D37
__ptext10                         text10       07E9
__ptext11                         text11       0E38
__ptext12                         text12       0C37
__ptext13                         text13       0C15
__ptext14                         text14       06F8
__ptext15                         text15       0BE0
__ptext16                         text16       044A
__ptext17                         text17       0F01
__ptext18                         text18       0C49
__ptext19                         text19       0C63
__ptext2                          text2        0DDC
__ptext20                         text20       0BEC
__ptext21                         text21       0C7F
__ptext22                         text22       07FC
__ptext23                         text23       07A7
__ptext24                         text24       0C25
__ptext25                         text25       0D0E
__ptext26                         text26       0CC1
__ptext27                         text27       0CE5
__ptext28                         text28       0C9E
__ptext29                         text29       0F70
__ptext3                          text3        0E9A
__ptext30                         text30       0BBE
__ptext31                         text31       0BF9
__ptext32                         text32       0634
__ptext33                         text33       0BCE
__ptext34                         text34       0D9A
__ptext4                          text4        01C1
__ptext5                          text5        0BD7
__ptext6                          text6        0C07
__ptext7                          text7        054A
__ptext8                          text8        0D67
__ptext9                          text9        0311
__size_of_AnalogValue             (abs)        0000
__size_of_Blink                   (abs)        0000
__size_of_ClockInit               (abs)        0000
__size_of_DarknessCheck           (abs)        0000
__size_of_DelayDs                 (abs)        0000
__size_of_FindChannel             (abs)        0000
__size_of_LightWithSensController (abs)        0000
__size_of_Mode_0                  (abs)        0000
__size_of_Mode_1                  (abs)        0000
__size_of_Mode_2                  (abs)        0000
__size_of_Mode_4                  (abs)        0000
__size_of_Mode_5                  (abs)        0000
__size_of_OperationMode           (abs)        0000
__size_of_PICInit                 (abs)        0000
__size_of_ReadClock               (abs)        0000
__size_of_ReadFIFO                (abs)        0000
__size_of_ReadSPI                 (abs)        0000
__size_of_ReceivedPacketHandler   (abs)        0000
__size_of_RegisterRead            (abs)        0000
__size_of_RegisterSet             (abs)        0000
__size_of_SetRFMode               (abs)        0000
__size_of_TimerCounter            (abs)        0000
__size_of_TransiverInit           (abs)        0000
__size_of_TransiverReadFIFO       (abs)        0000
__size_of_TransiverToReceive      (abs)        0000
__size_of_TransmittPacket         (abs)        0000
__size_of_WriteFIFO               (abs)        0000
__size_of_WriteSPI                (abs)        0000
__size_of___bmul                  (abs)        0000
__size_of_eeprom_read             (abs)        0000
__size_of_eeprom_write            (abs)        0000
__size_of_main                    (abs)        0000
__size_of_tc_int                  (abs)        0000
__size_of_timerFunction           (abs)        0000
__size_ofi1_OperationMode         (abs)        0000
__stringbase                      strings      0805
__stringtab                       strings      0800
_bChannelFound                    bssBANK0     006C
_bDark                            bssBANK0     006D
_bTimerComplete                   bssBANK1     00D2
_bTransiverModeReceive            bssBANK0     006E
_bValueFromPot                    dataBANK0    006F
_channelFound                     bssBANK1     00D7
_eeprom_read                      text26       0CC1
_eeprom_write                     text1        0D37
_intBlinkCounter                  bssBANK1     00D9
_intBlinkCycle                    bssCOMMON    007C
_intClockTimer                    bssBANK1     00C8
_intHalfSecondCounter             bssBANK1     00DD
_intMinuteCounter                 bssBANK1     00DF
_intNumberOfBlinks                dataBANK1    00E3
_intSecondCounter                 bssBANK1     00E1
_main                             maintext     004C
_tc_int                           text32       0634
_timerFunction                    text24       0C25
btemp                             (abs)        007E
clear_ram0                        clrtext      0BC6
eeprom_read@addr                  cstackBANK0  0021
eeprom_write@addr                 cstackBANK0  0022
eeprom_write@value                cstackBANK0  0020
end_of_initialization             cinit        0048
i1OperationMode@bracketStatus     cstackCOMMON 0071
i1_OperationMode                  text33       0BCE
interrupt_function                intentry     0004
intlevel0                         functab      0000
intlevel1                         functab      0000
intlevel2                         functab      0000
intlevel3                         functab      0000
intlevel4                         functab      0000
intlevel5                         functab      0000
main@date                         cstackBANK0  0069
main@hour                         cstackBANK0  0068
main@minutes                      cstackBANK0  0067
main@month                        cstackBANK0  006A
main@seconds                      cstackBANK0  0066
main@year                         cstackBANK0  006B
reset_vec                         reset_vec    0000
saved_w                           (abs)        007E
stackhi                           (abs)        0000
stacklo                           (abs)        0000
start                             init         0012
start_initialization              cinit        0015
timerFunction@intSetSeconds       cstackBANK0  0022
timerFunction@intTimerNumber      cstackBANK0  0020
wtemp0                            (abs)        007E


FUNCTION INFORMATION:

 *************** function _main *****************
 Defined at:
		line 33 in file "main.c"
 Parameters:    Size  Location     Type
		None
 Auto vars:     Size  Location     Type
  year            1   75[BANK0 ] unsigned char 
  month           1   74[BANK0 ] unsigned char 
  date            1   73[BANK0 ] unsigned char 
  hour            1   72[BANK0 ] unsigned char 
  minutes         1   71[BANK0 ] unsigned char 
  seconds         1   70[BANK0 ] unsigned char 
 Return value:  Size  Location     Type
                  2   78[None  ] int 
 Registers used:
		wreg, fsr0l, fsr0h, status,2, status,0, btemp+1, pclath, cstack
 Tracked objects:
		On entry : 
		On exit  : 
		Unchanged: 
 Data sizes:     COMMON   BANK0   BANK1   BANK3   BANK2
      Params:         0       0       0       0       0
      Locals:         0       6       0       0       0
      Temps:          0       5       0       0       0
      Totals:         0      11       0       0       0
Total ram usage:       11 bytes
 Hardware stack levels required when called:   10
 This function calls:
		_ClockInit
		_Mode_0
		_Mode_1
		_Mode_2
		_Mode_4
		_Mode_5
		_OperationMode
		_PICInit
		_ReadClock
		_TransiverInit
		_TransiverReadFIFO
		_TransiverToReceive
		_TransmittPacket
		_eeprom_write
 This function is called by:
		Startup code after reset
 This function uses a non-reentrant model


 *************** function _eeprom_write *****************
 Defined at:
		line 6 in file "C:\Program Files (x86)\Microchip\xc8\v1.40\sources\pic\eewrite.c"
 Parameters:    Size  Location     Type
  addr            1    wreg     unsigned char 
  value           1    0[BANK0 ] unsigned char 
 Auto vars:     Size  Location     Type
  addr            1    2[BANK0 ] unsigned char 
 Return value:  Size  Location     Type
                  1    wreg      void 
 Registers used:
		wreg, status,2, status,0
 Tracked objects:
		On entry : 
		On exit  : 
		Unchanged: 
 Data sizes:     COMMON   BANK0   BANK1   BANK3   BANK2
      Params:         0       1       0       0       0
      Locals:         0       1       0       0       0
      Temps:          0       1       0       0       0
      Totals:         0       3       0       0       0
Total ram usage:        3 bytes
 Hardware stack levels used:    1
 Hardware stack levels required when called:    2
 This function calls:
		Nothing
 This function is called by:
		_main
		_IncreaseMemoryAdress
		_ResetMemoryAdress
 This function uses a non-reentrant model


 *************** function _TransiverToReceive *****************
 Defined at:
		line 16 in file "functions.c"
 Parameters:    Size  Location     Type
		None
 Auto vars:     Size  Location     Type
		None
 Return value:  Size  Location     Type
                  1    wreg      void 
 Registers used:
		wreg, fsr0l, fsr0h, status,2, status,0, btemp+1, pclath, cstack
 Tracked objects:
		On entry : 
		On exit  : 
		Unchanged: 
 Data sizes:     COMMON   BANK0   BANK1   BANK3   BANK2
      Params:         0       0       0       0       0
      Locals:         0       0       0       0       0
      Temps:          0       2       0       0       0
      Totals:         0       2       0       0       0
Total ram usage:        2 bytes
 Hardware stack levels used:    1
 Hardware stack levels required when called:    7
 This function calls:
		_FindChannel
		_RegisterRead
		_RegisterSet
		_SetRFMode
		_timerFunction
 This function is called by:
		_main
 This function uses a non-reentrant model


 *************** function _TransiverReadFIFO *****************
 Defined at:
		line 42 in file "functions.c"
 Parameters:    Size  Location     Type
		None
 Auto vars:     Size  Location     Type
  j               2   63[BANK0 ] int 
  ReceivedStri   30   31[BANK0 ] unsigned char [30]
  i               2   61[BANK0 ] int 
 Return value:  Size  Location     Type
                  1    wreg      void 
 Registers used:
		wreg, fsr0l, fsr0h, status,2, status,0, btemp+1, pclath, cstack
 Tracked objects:
		On entry : 
		On exit  : 
		Unchanged: 
 Data sizes:     COMMON   BANK0   BANK1   BANK3   BANK2
      Params:         0       0       0       0       0
      Locals:         0      34       0       0       0
      Temps:          0       2       0       0       0
      Totals:         0      36       0       0       0
Total ram usage:       36 bytes
 Hardware stack levels used:    1
 Hardware stack levels required when called:    9
 This function calls:
		_ReadFIFO
		_ReceivedPacketHandler
		_SetRFMode
		_timerFunction
 This function is called by:
		_main
 This function uses a non-reentrant model


 *************** function _ReceivedPacketHandler *****************
 Defined at:
		line 73 in file "functions.c"
 Parameters:    Size  Location     Type
  Data            1    wreg     PTR unsigned char 
		 -> TransiverReadFIFO@ReceivedString(30), 
 Auto vars:     Size  Location     Type
  Data            1   28[BANK0 ] PTR unsigned char 
		 -> TransiverReadFIFO@ReceivedString(30), 
 Return value:  Size  Location     Type
                  1    wreg      void 
 Registers used:
		wreg, fsr0l, fsr0h, status,2, status,0, btemp+1, pclath, cstack
 Tracked objects:
		On entry : 
		On exit  : 
		Unchanged: 
 Data sizes:     COMMON   BANK0   BANK1   BANK3   BANK2
      Params:         0       0       0       0       0
      Locals:         0       1       0       0       0
      Temps:          0       1       0       0       0
      Totals:         0       2       0       0       0
Total ram usage:        2 bytes
 Hardware stack levels used:    1
 Hardware stack levels required when called:    8
 This function calls:
		_AnalogValue
		_DarknessCheck
		_DelayDs
		_OperationMode
		_TransmittPacket
		_eeprom_read
 This function is called by:
		_TransiverReadFIFO
 This function uses a non-reentrant model


 *************** function _OperationMode *****************
 Defined at:
		line 919 in file "functions.c"
 Parameters:    Size  Location     Type
		None
 Auto vars:     Size  Location     Type
  bracketStatu    1    1[BANK0 ] unsigned char 
 Return value:  Size  Location     Type
                  1    wreg      unsigned char 
 Registers used:
		wreg, status,2
 Tracked objects:
		On entry : 
		On exit  : 
		Unchanged: 
 Data sizes:     COMMON   BANK0   BANK1   BANK3   BANK2
      Params:         0       0       0       0       0
      Locals:         0       1       0       0       0
      Temps:          0       1       0       0       0
      Totals:         0       2       0       0       0
Total ram usage:        2 bytes
 Hardware stack levels used:    1
 Hardware stack levels required when called:    2
 This function calls:
		Nothing
 This function is called by:
		_main
		_ReceivedPacketHandler
 This function uses a non-reentrant model


 *************** function _ReadFIFO *****************
 Defined at:
		line 735 in file "functions.c"
 Parameters:    Size  Location     Type
		None
 Auto vars:     Size  Location     Type
  value           1    4[BANK0 ] unsigned char 
 Return value:  Size  Location     Type
                  1    wreg      unsigned char 
 Registers used:
		wreg, status,2, status,0, pclath, cstack
 Tracked objects:
		On entry : 
		On exit  : 
		Unchanged: 
 Data sizes:     COMMON   BANK0   BANK1   BANK3   BANK2
      Params:         0       0       0       0       0
      Locals:         0       1       0       0       0
      Temps:          0       1       0       0       0
      Totals:         0       2       0       0       0
Total ram usage:        2 bytes
 Hardware stack levels used:    1
 Hardware stack levels required when called:    4
 This function calls:
		_ReadSPI
 This function is called by:
		_TransiverReadFIFO
 This function uses a non-reentrant model


 *************** function _TransiverInit *****************
 Defined at:
		line 500 in file "functions.c"
 Parameters:    Size  Location     Type
		None
 Auto vars:     Size  Location     Type
		None
 Return value:  Size  Location     Type
                  1    wreg      void 
 Registers used:
		wreg, fsr0l, fsr0h, status,2, status,0, btemp+1, pclath, cstack
 Tracked objects:
		On entry : 
		On exit  : 
		Unchanged: 
 Data sizes:     COMMON   BANK0   BANK1   BANK3   BANK2
      Params:         0       0       0       0       0
      Locals:         0       0       0       0       0
      Temps:          0       1       0       0       0
      Totals:         0       1       0       0       0
Total ram usage:        1 bytes
 Hardware stack levels used:    1
 Hardware stack levels required when called:    7
 This function calls:
		_Blink
		_FindChannel
		_RegisterRead
		_RegisterSet
		_SetRFMode
 This function is called by:
		_main
 This function uses a non-reentrant model


 *************** function _Blink *****************
 Defined at:
		line 648 in file "functions.c"
 Parameters:    Size  Location     Type
  n               2    6[BANK0 ] int 
 Auto vars:     Size  Location     Type
  i               2    9[BANK0 ] int 
 Return value:  Size  Location     Type
                  1    wreg      void 
 Registers used:
		wreg, status,2, status,0, pclath, cstack
 Tracked objects:
		On entry : 
		On exit  : 
		Unchanged: 
 Data sizes:     COMMON   BANK0   BANK1   BANK3   BANK2
      Params:         0       2       0       0       0
      Locals:         0       2       0       0       0
      Temps:          0       1       0       0       0
      Totals:         0       5       0       0       0
Total ram usage:        5 bytes
 Hardware stack levels used:    1
 Hardware stack levels required when called:    3
 This function calls:
		_DelayDs
 This function is called by:
		_TransiverInit
 This function uses a non-reentrant model


 *************** function _ReadClock *****************
 Defined at:
		line 48 in file "MCP79510.c"
 Parameters:    Size  Location     Type
  seconds         1    wreg     PTR unsigned char 
		 -> main@seconds(1), 
  minutes         1    4[BANK0 ] PTR unsigned char 
		 -> main@minutes(1), 
  hour            1    5[BANK0 ] PTR unsigned char 
		 -> main@hour(1), 
  date            1    6[BANK0 ] PTR unsigned char 
		 -> main@date(1), 
  month           1    7[BANK0 ] PTR unsigned char 
		 -> main@month(1), 
  year            1    8[BANK0 ] PTR unsigned char 
		 -> main@year(1), 
 Auto vars:     Size  Location     Type
  seconds         1   17[BANK0 ] PTR unsigned char 
		 -> main@seconds(1), 
  date1           1   23[BANK0 ] unsigned char 
  year1           1   22[BANK0 ] unsigned char 
  month1          1   21[BANK0 ] unsigned char 
  hour1           1   20[BANK0 ] unsigned char 
  min1            1   19[BANK0 ] unsigned char 
  sec1            1   18[BANK0 ] unsigned char 
  year10          1   16[BANK0 ] unsigned char 
  month10         1   15[BANK0 ] unsigned char 
  date10          1   14[BANK0 ] unsigned char 
  hour10          1   13[BANK0 ] unsigned char 
  min10           1   12[BANK0 ] unsigned char 
  sec10           1   11[BANK0 ] unsigned char 
 Return value:  Size  Location     Type
                  1    wreg      void 
 Registers used:
		wreg, fsr0l, fsr0h, status,2, status,0, pclath, cstack
 Tracked objects:
		On entry : 
		On exit  : 
		Unchanged: 
 Data sizes:     COMMON   BANK0   BANK1   BANK3   BANK2
      Params:         0       5       0       0       0
      Locals:         0      13       0       0       0
      Temps:          0       2       0       0       0
      Totals:         0      20       0       0       0
Total ram usage:       20 bytes
 Hardware stack levels used:    1
 Hardware stack levels required when called:    4
 This function calls:
		_ReadSPI
		_WriteSPI
		___bmul
 This function is called by:
		_main
 This function uses a non-reentrant model


 *************** function ___bmul *****************
 Defined at:
		line 4 in file "C:\Program Files (x86)\Microchip\xc8\v1.40\sources\common\Umul8.c"
 Parameters:    Size  Location     Type
  multiplier      1    wreg     unsigned char 
  multiplicand    1    0[BANK0 ] unsigned char 
 Auto vars:     Size  Location     Type
  multiplier      1    3[BANK0 ] unsigned char 
  product         1    2[BANK0 ] unsigned char 
 Return value:  Size  Location     Type
                  1    wreg      unsigned char 
 Registers used:
		wreg, status,2, status,0
 Tracked objects:
		On entry : 
		On exit  : 
		Unchanged: 
 Data sizes:     COMMON   BANK0   BANK1   BANK3   BANK2
      Params:         0       1       0       0       0
      Locals:         0       2       0       0       0
      Temps:          0       1       0       0       0
      Totals:         0       4       0       0       0
Total ram usage:        4 bytes
 Hardware stack levels used:    1
 Hardware stack levels required when called:    2
 This function calls:
		Nothing
 This function is called by:
		_ReadClock
 This function uses a non-reentrant model


 *************** function _PICInit *****************
 Defined at:
		line 388 in file "functions.c"
 Parameters:    Size  Location     Type
		None
 Auto vars:     Size  Location     Type
		None
 Return value:  Size  Location     Type
                  1    wreg      void 
 Registers used:
		wreg, status,2, status,0
 Tracked objects:
		On entry : 
		On exit  : 
		Unchanged: 
 Data sizes:     COMMON   BANK0   BANK1   BANK3   BANK2
      Params:         0       0       0       0       0
      Locals:         0       0       0       0       0
      Temps:          0       0       0       0       0
      Totals:         0       0       0       0       0
Total ram usage:        0 bytes
 Hardware stack levels used:    1
 Hardware stack levels required when called:    2
 This function calls:
		Nothing
 This function is called by:
		_main
 This function uses a non-reentrant model


 *************** function _Mode_5 *****************
 Defined at:
		line 289 in file "functions.c"
 Parameters:    Size  Location     Type
		None
 Auto vars:     Size  Location     Type
		None
 Return value:  Size  Location     Type
                  1    wreg      void 
 Registers used:
		wreg, fsr0l, fsr0h, status,2, status,0, btemp+1, pclath, cstack
 Tracked objects:
		On entry : 
		On exit  : 
		Unchanged: 
 Data sizes:     COMMON   BANK0   BANK1   BANK3   BANK2
      Params:         0       0       0       0       0
      Locals:         0       0       0       0       0
      Temps:          0       1       0       0       0
      Totals:         0       1       0       0       0
Total ram usage:        1 bytes
 Hardware stack levels used:    1
 Hardware stack levels required when called:    8
 This function calls:
		_LightWithSensController
		_TransmittPacket
 This function is called by:
		_main
 This function uses a non-reentrant model


 *************** function _Mode_4 *****************
 Defined at:
		line 277 in file "functions.c"
 Parameters:    Size  Location     Type
		None
 Auto vars:     Size  Location     Type
		None
 Return value:  Size  Location     Type
                  1    wreg      void 
 Registers used:
		wreg, fsr0l, fsr0h, status,2, status,0, btemp+1, pclath, cstack
 Tracked objects:
		On entry : 
		On exit  : 
		Unchanged: 
 Data sizes:     COMMON   BANK0   BANK1   BANK3   BANK2
      Params:         0       0       0       0       0
      Locals:         0       0       0       0       0
      Temps:          0       0       0       0       0
      Totals:         0       0       0       0       0
Total ram usage:        0 bytes
 Hardware stack levels used:    1
 Hardware stack levels required when called:    8
 This function calls:
		_LightWithSensController
		_TransmittPacket
 This function is called by:
		_main
 This function uses a non-reentrant model


 *************** function _TransmittPacket *****************
 Defined at:
		line 184 in file "functions.c"
 Parameters:    Size  Location     Type
  topic           1    wreg     unsigned char 
  value           1   21[BANK0 ] unsigned char 
 Auto vars:     Size  Location     Type
  topic           1   26[BANK0 ] unsigned char 
  i               2   24[BANK0 ] int 
 Return value:  Size  Location     Type
                  1    wreg      void 
 Registers used:
		wreg, fsr0l, fsr0h, status,2, status,0, btemp+1, pclath, cstack
 Tracked objects:
		On entry : 
		On exit  : 
		Unchanged: 
 Data sizes:     COMMON   BANK0   BANK1   BANK3   BANK2
      Params:         0       1       0       0       0
      Locals:         0       3       0       0       0
      Temps:          0       2       0       0       0
      Totals:         0       6       0       0       0
Total ram usage:        6 bytes
 Hardware stack levels used:    1
 Hardware stack levels required when called:    7
 This function calls:
		_FindChannel
		_RegisterRead
		_RegisterSet
		_SetRFMode
		_WriteFIFO
		_timerFunction
 This function is called by:
		_main
		_ReceivedPacketHandler
		_Mode_4
		_Mode_5
 This function uses a non-reentrant model


 *************** function _WriteFIFO *****************
 Defined at:
		line 762 in file "functions.c"
 Parameters:    Size  Location     Type
  Data            1    wreg     unsigned char 
 Auto vars:     Size  Location     Type
  Data            1    3[BANK0 ] unsigned char 
 Return value:  Size  Location     Type
                  1    wreg      void 
 Registers used:
		wreg, status,2, status,0, pclath, cstack
 Tracked objects:
		On entry : 
		On exit  : 
		Unchanged: 
 Data sizes:     COMMON   BANK0   BANK1   BANK3   BANK2
      Params:         0       0       0       0       0
      Locals:         0       1       0       0       0
      Temps:          0       0       0       0       0
      Totals:         0       1       0       0       0
Total ram usage:        1 bytes
 Hardware stack levels used:    1
 Hardware stack levels required when called:    3
 This function calls:
		_WriteSPI
 This function is called by:
		_TransmittPacket
 This function uses a non-reentrant model


 *************** function _FindChannel *****************
 Defined at:
		line 545 in file "functions.c"
 Parameters:    Size  Location     Type
		None
 Auto vars:     Size  Location     Type
  i               2   19[BANK0 ] int 
  cnt             2   17[BANK0 ] int 
 Return value:  Size  Location     Type
                  1    wreg      unsigned char 
 Registers used:
		wreg, fsr0l, fsr0h, status,2, status,0, btemp+1, pclath, cstack
 Tracked objects:
		On entry : 
		On exit  : 
		Unchanged: 
 Data sizes:     COMMON   BANK0   BANK1   BANK3   BANK2
      Params:         0       0       0       0       0
      Locals:         0       4       0       0       0
      Temps:          0       3       0       0       0
      Totals:         0       7       0       0       0
Total ram usage:        7 bytes
 Hardware stack levels used:    1
 Hardware stack levels required when called:    6
 This function calls:
		_RegisterRead
		_RegisterSet
		_SetRFMode
 This function is called by:
		_TransiverToReceive
		_TransmittPacket
		_TransiverInit
 This function uses a non-reentrant model


 *************** function _SetRFMode *****************
 Defined at:
		line 600 in file "functions.c"
 Parameters:    Size  Location     Type
  mode            1    wreg     unsigned char 
 Auto vars:     Size  Location     Type
  mode            1   12[BANK0 ] unsigned char 
  mcparam0_rea    1   13[BANK0 ] unsigned char 
 Return value:  Size  Location     Type
                  1    wreg      void 
 Registers used:
		wreg, fsr0l, fsr0h, status,2, status,0, pclath, cstack
 Tracked objects:
		On entry : 
		On exit  : 
		Unchanged: 
 Data sizes:     COMMON   BANK0   BANK1   BANK3   BANK2
      Params:         0       0       0       0       0
      Locals:         0       2       0       0       0
      Temps:          0       1       0       0       0
      Totals:         0       3       0       0       0
Total ram usage:        3 bytes
 Hardware stack levels used:    1
 Hardware stack levels required when called:    5
 This function calls:
		_RegisterRead
		_RegisterSet
 This function is called by:
		_TransiverToReceive
		_TransiverReadFIFO
		_TransmittPacket
		_TransiverInit
		_FindChannel
 This function uses a non-reentrant model


 *************** function _RegisterSet *****************
 Defined at:
		line 709 in file "functions.c"
 Parameters:    Size  Location     Type
  adress          1    wreg     unsigned char 
  value           1    7[BANK0 ] unsigned char 
 Auto vars:     Size  Location     Type
  adress          1   10[BANK0 ] unsigned char 
 Return value:  Size  Location     Type
                  1    wreg      void 
 Registers used:
		wreg, status,2, status,0, pclath, cstack
 Tracked objects:
		On entry : 
		On exit  : 
		Unchanged: 
 Data sizes:     COMMON   BANK0   BANK1   BANK3   BANK2
      Params:         0       1       0       0       0
      Locals:         0       1       0       0       0
      Temps:          0       2       0       0       0
      Totals:         0       4       0       0       0
Total ram usage:        4 bytes
 Hardware stack levels used:    1
 Hardware stack levels required when called:    3
 This function calls:
		_WriteSPI
 This function is called by:
		_TransiverToReceive
		_TransmittPacket
		_TransiverInit
		_FindChannel
		_SetRFMode
 This function uses a non-reentrant model


 *************** function _RegisterRead *****************
 Defined at:
		line 679 in file "functions.c"
 Parameters:    Size  Location     Type
  adress          1    wreg     unsigned char 
 Auto vars:     Size  Location     Type
  adress          1    6[BANK0 ] unsigned char 
  value           1    5[BANK0 ] unsigned char 
 Return value:  Size  Location     Type
                  1    wreg      unsigned char 
 Registers used:
		wreg, status,2, status,0, pclath, cstack
 Tracked objects:
		On entry : 
		On exit  : 
		Unchanged: 
 Data sizes:     COMMON   BANK0   BANK1   BANK3   BANK2
      Params:         0       0       0       0       0
      Locals:         0       2       0       0       0
      Temps:          0       2       0       0       0
      Totals:         0       4       0       0       0
Total ram usage:        4 bytes
 Hardware stack levels used:    1
 Hardware stack levels required when called:    4
 This function calls:
		_ReadSPI
		_WriteSPI
 This function is called by:
		_TransiverToReceive
		_TransmittPacket
		_TransiverInit
		_FindChannel
		_SetRFMode
 This function uses a non-reentrant model


 *************** function _Mode_2 *****************
 Defined at:
		line 258 in file "functions.c"
 Parameters:    Size  Location     Type
		None
 Auto vars:     Size  Location     Type
		None
 Return value:  Size  Location     Type
                  1    wreg      void 
 Registers used:
		wreg, fsr0l, fsr0h, status,2, status,0, pclath, cstack
 Tracked objects:
		On entry : 
		On exit  : 
		Unchanged: 
 Data sizes:     COMMON   BANK0   BANK1   BANK3   BANK2
      Params:         0       0       0       0       0
      Locals:         0       0       0       0       0
      Temps:          0       0       0       0       0
      Totals:         0       0       0       0       0
Total ram usage:        0 bytes
 Hardware stack levels used:    1
 Hardware stack levels required when called:    6
 This function calls:
		_LightWithSensController
 This function is called by:
		_main
 This function uses a non-reentrant model


 *************** function _Mode_1 *****************
 Defined at:
		line 244 in file "functions.c"
 Parameters:    Size  Location     Type
		None
 Auto vars:     Size  Location     Type
		None
 Return value:  Size  Location     Type
                  1    wreg      void 
 Registers used:
		wreg, status,2, status,0, pclath, cstack
 Tracked objects:
		On entry : 
		On exit  : 
		Unchanged: 
 Data sizes:     COMMON   BANK0   BANK1   BANK3   BANK2
      Params:         0       0       0       0       0
      Locals:         0       0       0       0       0
      Temps:          0       0       0       0       0
      Totals:         0       0       0       0       0
Total ram usage:        0 bytes
 Hardware stack levels used:    1
 Hardware stack levels required when called:    5
 This function calls:
		_DarknessCheck
 This function is called by:
		_main
 This function uses a non-reentrant model


 *************** function _Mode_0 *****************
 Defined at:
		line 236 in file "functions.c"
 Parameters:    Size  Location     Type
		None
 Auto vars:     Size  Location     Type
		None
 Return value:  Size  Location     Type
                  1    wreg      void 
 Registers used:
		wreg, fsr0l, fsr0h, status,2, status,0, pclath, cstack
 Tracked objects:
		On entry : 
		On exit  : 
		Unchanged: 
 Data sizes:     COMMON   BANK0   BANK1   BANK3   BANK2
      Params:         0       0       0       0       0
      Locals:         0       0       0       0       0
      Temps:          0       0       0       0       0
      Totals:         0       0       0       0       0
Total ram usage:        0 bytes
 Hardware stack levels used:    1
 Hardware stack levels required when called:    6
 This function calls:
		_LightWithSensController
 This function is called by:
		_main
 This function uses a non-reentrant model


 *************** function _LightWithSensController *****************
 Defined at:
		line 302 in file "functions.c"
 Parameters:    Size  Location     Type
		None
 Auto vars:     Size  Location     Type
		None
 Return value:  Size  Location     Type
                  1    wreg      void 
 Registers used:
		wreg, fsr0l, fsr0h, status,2, status,0, pclath, cstack
 Tracked objects:
		On entry : 
		On exit  : 
		Unchanged: 
 Data sizes:     COMMON   BANK0   BANK1   BANK3   BANK2
      Params:         0       0       0       0       0
      Locals:         0       0       0       0       0
      Temps:          0       0       0       0       0
      Totals:         0       0       0       0       0
Total ram usage:        0 bytes
 Hardware stack levels used:    1
 Hardware stack levels required when called:    5
 This function calls:
		_DarknessCheck
		_timerFunction
 This function is called by:
		_Mode_0
		_Mode_2
		_Mode_4
		_Mode_5
 This function uses a non-reentrant model


 *************** function _timerFunction *****************
 Defined at:
		line 353 in file "functions.c"
 Parameters:    Size  Location     Type
  intTimerNumb    2    0[BANK0 ] int 
  intSetSecond    2    2[BANK0 ] int 
 Auto vars:     Size  Location     Type
		None
 Return value:  Size  Location     Type
                  1    wreg      unsigned char 
 Registers used:
		wreg, fsr0l, fsr0h, status,2, status,0
 Tracked objects:
		On entry : 
		On exit  : 
		Unchanged: 
 Data sizes:     COMMON   BANK0   BANK1   BANK3   BANK2
      Params:         0       4       0       0       0
      Locals:         0       0       0       0       0
      Temps:          0       1       0       0       0
      Totals:         0       5       0       0       0
Total ram usage:        5 bytes
 Hardware stack levels used:    1
 Hardware stack levels required when called:    2
 This function calls:
		Nothing
 This function is called by:
		_TransiverToReceive
		_TransiverReadFIFO
		_TransmittPacket
		_LightWithSensController
 This function uses a non-reentrant model


 *************** function _DarknessCheck *****************
 Defined at:
		line 885 in file "functions.c"
 Parameters:    Size  Location     Type
		None
 Auto vars:     Size  Location     Type
  darknessValu    1    9[BANK0 ] unsigned char 
 Return value:  Size  Location     Type
                  1    wreg      void 
 Registers used:
		wreg, status,2, status,0, pclath, cstack
 Tracked objects:
		On entry : 
		On exit  : 
		Unchanged: 
 Data sizes:     COMMON   BANK0   BANK1   BANK3   BANK2
      Params:         0       0       0       0       0
      Locals:         0       1       0       0       0
      Temps:          0       1       0       0       0
      Totals:         0       2       0       0       0
Total ram usage:        2 bytes
 Hardware stack levels used:    1
 Hardware stack levels required when called:    4
 This function calls:
		_AnalogValue
		_eeprom_read
 This function is called by:
		_ReceivedPacketHandler
		_Mode_1
		_LightWithSensController
 This function uses a non-reentrant model


 *************** function _eeprom_read *****************
 Defined at:
		line 6 in file "C:\Program Files (x86)\Microchip\xc8\v1.40\sources\pic\eeread.c"
 Parameters:    Size  Location     Type
  addr            1    wreg     unsigned char 
 Auto vars:     Size  Location     Type
  addr            1    1[BANK0 ] unsigned char 
 Return value:  Size  Location     Type
                  1    wreg      unsigned char 
 Registers used:
		wreg, status,2, status,0
 Tracked objects:
		On entry : 
		On exit  : 
		Unchanged: 
 Data sizes:     COMMON   BANK0   BANK1   BANK3   BANK2
      Params:         0       0       0       0       0
      Locals:         0       1       0       0       0
      Temps:          0       1       0       0       0
      Totals:         0       2       0       0       0
Total ram usage:        2 bytes
 Hardware stack levels used:    1
 Hardware stack levels required when called:    2
 This function calls:
		Nothing
 This function is called by:
		_ReceivedPacketHandler
		_DarknessCheck
		_ReadMemoryAdress
		_IncreaseMemoryAdress
 This function uses a non-reentrant model


 *************** function _AnalogValue *****************
 Defined at:
		line 858 in file "functions.c"
 Parameters:    Size  Location     Type
  channel         1    wreg     unsigned char 
 Auto vars:     Size  Location     Type
  channel         1    7[BANK0 ] unsigned char 
 Return value:  Size  Location     Type
                  1    wreg      unsigned char 
 Registers used:
		wreg, status,2, status,0, pclath, cstack
 Tracked objects:
		On entry : 
		On exit  : 
		Unchanged: 
 Data sizes:     COMMON   BANK0   BANK1   BANK3   BANK2
      Params:         0       0       0       0       0
      Locals:         0       1       0       0       0
      Temps:          0       1       0       0       0
      Totals:         0       2       0       0       0
Total ram usage:        2 bytes
 Hardware stack levels used:    1
 Hardware stack levels required when called:    3
 This function calls:
		_DelayDs
 This function is called by:
		_ReceivedPacketHandler
		_DarknessCheck
 This function uses a non-reentrant model


 *************** function _DelayDs *****************
 Defined at:
		line 471 in file "functions.c"
 Parameters:    Size  Location     Type
  cnt             2    0[BANK0 ] int 
 Auto vars:     Size  Location     Type
  i               2    4[BANK0 ] int 
 Return value:  Size  Location     Type
                  1    wreg      void 
 Registers used:
		wreg, status,2
 Tracked objects:
		On entry : 
		On exit  : 
		Unchanged: 
 Data sizes:     COMMON   BANK0   BANK1   BANK3   BANK2
      Params:         0       2       0       0       0
      Locals:         0       2       0       0       0
      Temps:          0       2       0       0       0
      Totals:         0       6       0       0       0
Total ram usage:        6 bytes
 Hardware stack levels used:    1
 Hardware stack levels required when called:    2
 This function calls:
		Nothing
 This function is called by:
		_ReceivedPacketHandler
		_Blink
		_AnalogValue
 This function uses a non-reentrant model


 *************** function _ClockInit *****************
 Defined at:
		line 6 in file "MCP79510.c"
 Parameters:    Size  Location     Type
		None
 Auto vars:     Size  Location     Type
		None
 Return value:  Size  Location     Type
                  1    wreg      void 
 Registers used:
		wreg, status,2, status,0, pclath, cstack
 Tracked objects:
		On entry : 
		On exit  : 
		Unchanged: 
 Data sizes:     COMMON   BANK0   BANK1   BANK3   BANK2
      Params:         0       0       0       0       0
      Locals:         0       0       0       0       0
      Temps:          0       1       0       0       0
      Totals:         0       1       0       0       0
Total ram usage:        1 bytes
 Hardware stack levels used:    1
 Hardware stack levels required when called:    4
 This function calls:
		_ReadSPI
		_WriteSPI
 This function is called by:
		_main
 This function uses a non-reentrant model


 *************** function _ReadSPI *****************
 Defined at:
		line 492 in file "functions.c"
 Parameters:    Size  Location     Type
		None
 Auto vars:     Size  Location     Type
		None
 Return value:  Size  Location     Type
                  1    wreg      unsigned char 
 Registers used:
		wreg, status,2, status,0, pclath, cstack
 Tracked objects:
		On entry : 
		On exit  : 
		Unchanged: 
 Data sizes:     COMMON   BANK0   BANK1   BANK3   BANK2
      Params:         0       0       0       0       0
      Locals:         0       0       0       0       0
      Temps:          0       0       0       0       0
      Totals:         0       0       0       0       0
Total ram usage:        0 bytes
 Hardware stack levels used:    1
 Hardware stack levels required when called:    3
 This function calls:
		_WriteSPI
 This function is called by:
		_RegisterRead
		_ReadFIFO
		_ClockInit
		_ReadClock
		_read_ram_id
		_read_ram_status
		_read_write_flash_ram
 This function uses a non-reentrant model


 *************** function _WriteSPI *****************
 Defined at:
		line 480 in file "functions.c"
 Parameters:    Size  Location     Type
  databyte        1    wreg     unsigned char 
 Auto vars:     Size  Location     Type
  databyte        1    2[BANK0 ] unsigned char 
  buffer          1    1[BANK0 ] unsigned char 
 Return value:  Size  Location     Type
                  1    wreg      void 
 Registers used:
		wreg
 Tracked objects:
		On entry : 
		On exit  : 
		Unchanged: 
 Data sizes:     COMMON   BANK0   BANK1   BANK3   BANK2
      Params:         0       0       0       0       0
      Locals:         0       2       0       0       0
      Temps:          0       1       0       0       0
      Totals:         0       3       0       0       0
Total ram usage:        3 bytes
 Hardware stack levels used:    1
 Hardware stack levels required when called:    2
 This function calls:
		Nothing
 This function is called by:
		_ReadSPI
		_RegisterRead
		_RegisterSet
		_WriteFIFO
		_ClockInit
		_ReadClock
		_read_ram_id
		_read_ram_status
		_ram_bulk_erase
		_ram_sector_erase
		_read_write_flash_ram
		_write_ram_status
		_power_up_flash_ram
		_power_down_flash_ram
 This function uses a non-reentrant model


 *************** function _tc_int *****************
 Defined at:
		line 786 in file "functions.c"
 Parameters:    Size  Location     Type
		None
 Auto vars:     Size  Location     Type
		None
 Return value:  Size  Location     Type
                  1    wreg      void 
 Registers used:
		wreg, fsr0l, fsr0h, status,2, status,0, btemp+1, pclath, cstack
 Tracked objects:
		On entry : 
		On exit  : 
		Unchanged: 
 Data sizes:     COMMON   BANK0   BANK1   BANK3   BANK2
      Params:         0       0       0       0       0
      Locals:         0       0       0       0       0
      Temps:          7       0       0       0       0
      Totals:         7       0       0       0       0
Total ram usage:        7 bytes
 Hardware stack levels used:    1
 Hardware stack levels required when called:    1
 This function calls:
		_TimerCounter
		i1_OperationMode
 This function is called by:
		Interrupt level 1
 This function uses a non-reentrant model


 *************** function i1_OperationMode *****************
 Defined at:
		line 919 in file "functions.c"
 Parameters:    Size  Location     Type
		None
 Auto vars:     Size  Location     Type
  OperationMod    1    1[COMMON] unsigned char 
 Return value:  Size  Location     Type
                  1    wreg      unsigned char 
 Registers used:
		wreg, status,2
 Tracked objects:
		On entry : 
		On exit  : 
		Unchanged: 
 Data sizes:     COMMON   BANK0   BANK1   BANK3   BANK2
      Params:         0       0       0       0       0
      Locals:         1       0       0       0       0
      Temps:          1       0       0       0       0
      Totals:         2       0       0       0       0
Total ram usage:        2 bytes
 Hardware stack levels used:    1
 This function calls:
		Nothing
 This function is called by:
		_tc_int
 This function uses a non-reentrant model


 *************** function _TimerCounter *****************
 Defined at:
		line 375 in file "functions.c"
 Parameters:    Size  Location     Type
		None
 Auto vars:     Size  Location     Type
  i               2    3[COMMON] int 
 Return value:  Size  Location     Type
                  1    wreg      void 
 Registers used:
		wreg, fsr0l, fsr0h, status,2, status,0, btemp+1
 Tracked objects:
		On entry : 
		On exit  : 
		Unchanged: 
 Data sizes:     COMMON   BANK0   BANK1   BANK3   BANK2
      Params:         0       0       0       0       0
      Locals:         2       0       0       0       0
      Temps:          3       0       0       0       0
      Totals:         5       0       0       0       0
Total ram usage:        5 bytes
 Hardware stack levels used:    1
 This function calls:
		Nothing
 This function is called by:
		_tc_int
 This function uses a non-reentrant model



MODULE INFORMATION

Module		Function		Class		Link	Load	Size
MCP79510.c
		_ClockInit     		CODE           	0F70	0000	145
		_ReadClock     		CODE           	0311	0000	314

MCP79510.c estimated size: 459

functions.c
		_SetRFMode     		CODE           	0F01	0000	112
		_Mode_0        		CODE           	07FC	0000	5
		_TransmittPacket		CODE           	06F8	0000	176
		_ReadFIFO      		CODE           	0C07	0000	15
		_LightWithSensController		CODE           	07A7	0000	67
		_timerFunction 		CODE           	0C25	0000	19
		_DelayDs       		CODE           	0C9E	0000	36
		_TransiverInit 		CODE           	054A	0000	235
		_AnalogValue   		CODE           	0CE5	0000	42
		_tc_int        		CODE           	0634	0000	197
		_OperationMode 		CODE           	0BD7	0000	10
		_Mode_1        		CODE           	0C7F	0000	32
		_FindChannel   		CODE           	044A	0000	257
		_ReceivedPacketHandler		CODE           	01C1	0000	337
		_Blink         		CODE           	0D67	0000	52
		_Mode_4        		CODE           	0C15	0000	17
		_PICInit       		CODE           	0E38	0000	99
		_WriteFIFO     		CODE           	0BE0	0000	13
		_TransiverToReceive		CODE           	0DDC	0000	93
		_TimerCounter  		CODE           	0D9A	0000	67
		_TransiverReadFIFO		CODE           	0E9A	0000	104
		_RegisterSet   		CODE           	0C49	0000	27
		_Mode_2        		CODE           	0BEC	0000	14
		_RegisterRead  		CODE           	0C63	0000	29
		_Mode_5        		CODE           	0C37	0000	19
		_DarknessCheck 		CODE           	0D0E	0000	42
		_WriteSPI      		CODE           	0BF9	0000	15
		_ReadSPI       		CODE           	0BBE	0000	9

functions.c estimated size: 2140

C:\Program Files (x86)\Microchip\xc8\v1.40\sources\pic\eeread.c
		_eeprom_read   		CODE           	0CC1	0000	37

C:\Program Files (x86)\Microchip\xc8\v1.40\sources\pic\eeread.c estimated size: 37

shared
		__stringtab    		STRING         	0800	0000	7
		__initialization		CODE           	0015	0000	52
		i1_OperationMode		CODE           	0BCE	0000	10
		_ChannelP      		STRING         	0806	0000	14
		_ChannelR      		STRING         	0813	0000	14
		_ChannelS      		STRING         	0820	0000	14

shared estimated size: 111

C:\Program Files (x86)\Microchip\xc8\v1.40\sources\pic\eewrite.c
		_eeprom_write  		CODE           	0D37	0000	49

C:\Program Files (x86)\Microchip\xc8\v1.40\sources\pic\eewrite.c estimated size: 49

main.c
		_main          		CODE           	004C	0000	374

main.c estimated size: 374

C:\Program Files (x86)\Microchip\xc8\v1.40\sources\common\Umul8.c
		___bmul        		CODE           	07E9	0000	20

C:\Program Files (x86)\Microchip\xc8\v1.40\sources\common\Umul8.c estimated size: 20

