Microchip MPLAB XC8 Compiler V1.40 ()

Linker command line:

-W-3 --edf=C:\Program Files (x86)\Microchip\xc8\v1.40\dat\en_msgs.txt -cs \
  -h+dist/default/production\Bustel_Cardv20.0.X.production.sym \
  --cmf=dist/default/production\Bustel_Cardv20.0.X.production.cmf -z \
  -Q16F887 -oC:\Users\tellw\AppData\Local\Temp\s5p8.2 \
  -Mdist/default/production/Bustel_Cardv20.0.X.production.map -E1 -ver=XC8 \
  -ASTACK=0110h-016fh -pstack=STACK -ACODE=00h-07FFhx4 -ASTRCODE=00h-01FFFh \
  -ASTRING=00h-0FFhx32 -ACONST=00h-0FFhx32 -AENTRY=00h-0FFhx32 \
  -ACOMMON=070h-07Fh -ABANK0=020h-06Fh -ABANK1=0A0h-0EFh \
  -ABANK2=0110h-016Fh -ABANK3=0190h-01EFh \
  -ARAM=020h-06Fh,0A0h-0EFh,0110h-016Fh,0190h-01EFh \
  -AABS1=020h-07Fh,0A0h-0EFh,0110h-016Fh,0190h-01EFh -ASFR0=00h-01Fh \
  -ASFR1=080h-09Fh -ASFR2=0100h-010Fh -ASFR3=0180h-018Fh \
  -preset_vec=00h,intentry=04h,init,end_init -ppowerup=CODE -pcinit=CODE \
  -pfunctab=CODE -ACONFIG=02007h-02008h -pconfig=CONFIG -DCONFIG=2 \
  -AIDLOC=02000h-02003h -pidloc=IDLOC -DIDLOC=2 -AEEDATA=00h-0FFh/02100h \
  -peeprom_data=EEDATA -DEEDATA=2 -DCODE=2 -DSTRCODE=2 -DSTRING=2 -DCONST=2 \
  -DENTRY=2 -k C:\Users\tellw\AppData\Local\Temp\s5p8.obj \
  dist/default/production\Bustel_Cardv20.0.X.production.obj 

Object code version is 3.11

Machine type is 16F887



                Name                               Link     Load   Length Selector   Space Scale
C:\Users\tellw\AppData\Local\Temp\s5p8.obj
                end_init                             12       12        3        8       0
                reset_vec                             0        0        3        0       0
                config                             2007     2007        1     400E       0
dist/default/production\Bustel_Cardv20.0.X.production.obj
                cinit                                15       15       30        8       0
                intentry                              4        4        E        8       0
                text47                              970      970       42     12E0       0
                text46                             163D     163D        9     2C7A       0
                text45                              E54      E54       C2     1CA8       0
                text44                             164F     164F        E     2C9E       0
                text43                             162D     162D        8     2C5A       0
                text42                              C6A      C6A       9A     18D4       0
                text41                             1767     1767       23     2ECE       0
                text40                             17D5     17D5       2B     2FAA       0
                text39                             178A     178A       24     2F14       0
                text38                             17AE     17AE       27     2F5C       0
                text37                             167B     167B       12     2CF6       0
                text36                              931      931       3F     1262       0
                text35                             1629     1629        4     2C52       0
                text34                             16DB     16DB       1A     2DB6       0
                text33                              83D      83D        D     107A       0
                text32                             1729     1729       1C     2E52       0
                text31                             16F5     16F5       1A     2DEA       0
                text30                              B7F      B7F       6F     16FE       0
                text29                              6B6      6B6       F8        8       0
                text28                              7F4      7F4        C        8       0
                text27                              DA2      DA2       B2     1B44       0
                text26                             166B     166B       10     2CD6       0
                text25                             168D     168D       12     2D1A       0
                text24                              AAE      AAE       64     155C       0
                text23                              8FE      8FE       33     11FC       0
                text22                              F16      F16       EA     1E2C       0
                text21                             165D     165D        E     2CBA       0
                text20                             1646     1646        9     2C8C       0
                text19                              8CE      8CE       30     119C       0
                text18                             170F     170F       1A     2E1E       0
                text17                              84A      84A       2C     1094       0
                text16                             16B2     16B2       14     2D64       0
                text15                              BEE      BEE       7C     17DC       0
                text14                              5A6      5A6      110        8       0
                text13                             1745     1745       22     2E8A       0
                text12                             16C6     16C6       15     2D8C       0
                text11                              876      876       2C     10EC       0
                text10                              9B2      9B2       44     1364       0
                text9                               7AE      7AE       46        8       0
                text8                               8A2      8A2       2C     1144       0
                text7                               290      290      1DD        8       0
                text6                               B12      B12       6D     1624       0
                text5                               9F6      9F6       5C     13EC       0
                text4                               A52      A52       5C     14A4       0
                text3                              169F     169F       13     2D3E       0
                text2                               46D      46D      139        8       0
                text1                                45       45      24B        8       0
                maintext                            D04      D04       9E     1A08       0
                cstackBANK0                          20       20       36       20       1
                cstackCOMMON                         70       70        C       70       1
                cstackBANK1                          A0       A0       22       A0       1
                clrtext                            1635     1635        8     2C6A       0
                bssBANK3                            190      190       28      190       1
                bssBANK1                             C2       C2        A       A0       1
                dataBANK0                            6B       6B        3       20       1
                bssBANK0                             56       56       15       20       1
                bssCOMMON                            7C       7C        2       70       1
                strings                             800      800       3D     1000       0
                idataBANK0                         1626     1626        3     2C4C       0

TOTAL           Name                               Link     Load   Length     Space
        CLASS   STACK          

        CLASS   CODE           
                end_init                             12       12        3         0
                cinit                                15       15       30         0
                intentry                              4        4        E         0
                reset_vec                             0        0        3         0
                text47                              970      970       42         0
                text46                             163D     163D        9         0
                text45                              E54      E54       C2         0
                text44                             164F     164F        E         0
                text43                             162D     162D        8         0
                text42                              C6A      C6A       9A         0
                text41                             1767     1767       23         0
                text40                             17D5     17D5       2B         0
                text39                             178A     178A       24         0
                text38                             17AE     17AE       27         0
                text37                             167B     167B       12         0
                text36                              931      931       3F         0
                text35                             1629     1629        4         0
                text34                             16DB     16DB       1A         0
                text33                              83D      83D        D         0
                text32                             1729     1729       1C         0
                text31                             16F5     16F5       1A         0
                text30                              B7F      B7F       6F         0
                text29                              6B6      6B6       F8         0
                text28                              7F4      7F4        C         0
                text27                              DA2      DA2       B2         0
                text26                             166B     166B       10         0
                text25                             168D     168D       12         0
                text24                              AAE      AAE       64         0
                text23                              8FE      8FE       33         0
                text22                              F16      F16       EA         0
                text21                             165D     165D        E         0
                text20                             1646     1646        9         0
                text19                              8CE      8CE       30         0
                text18                             170F     170F       1A         0
                text17                              84A      84A       2C         0
                text16                             16B2     16B2       14         0
                text15                              BEE      BEE       7C         0
                text14                              5A6      5A6      110         0
                text13                             1745     1745       22         0
                text12                             16C6     16C6       15         0
                text11                              876      876       2C         0
                text10                              9B2      9B2       44         0
                text9                               7AE      7AE       46         0
                text8                               8A2      8A2       2C         0
                text7                               290      290      1DD         0
                text6                               B12      B12       6D         0
                text5                               9F6      9F6       5C         0
                text4                               A52      A52       5C         0
                text3                              169F     169F       13         0
                text2                               46D      46D      139         0
                text1                                45       45      24B         0
                maintext                            D04      D04       9E         0
                clrtext                            1635     1635        8         0
                idataBANK0                         1626     1626        3         0

        CLASS   STRCODE        

        CLASS   STRING         
                strings                             800      800       3D         0

        CLASS   CONST          

        CLASS   ENTRY          

        CLASS   COMMON         
                cstackCOMMON                         70       70        C         1
                bssCOMMON                            7C       7C        2         1

        CLASS   BANK0          
                cstackBANK0                          20       20       36         1
                dataBANK0                            6B       6B        3         1
                bssBANK0                             56       56       15         1

        CLASS   BANK1          
                cstackBANK1                          A0       A0       22         1
                bssBANK1                             C2       C2        A         1

        CLASS   BANK2          

        CLASS   BANK3          
                bssBANK3                            190      190       28         1

        CLASS   RAM            

        CLASS   ABS1           
                abs_s1                               7E       7E        2         1

        CLASS   SFR0           

        CLASS   SFR1           

        CLASS   SFR2           

        CLASS   SFR3           

        CLASS   CONFIG         
                config                             2007     2007        1         0

        CLASS   IDLOC          

        CLASS   EEDATA         



SEGMENTS        Name                           Load    Length   Top    Selector   Space  Class     Delta

                reset_vec                      000000  000003  000003         0       0  CODE        2
                intentry                       000004  0007FC  000800         8       0  CODE        2
                cstackBANK0                    000020  00004E  00006E        20       1  BANK0       1
                cstackCOMMON                   000070  00000E  00007E        70       1  COMMON      1
                cstackBANK1                    0000A0  00002C  0000CC        A0       1  BANK1       1
                bssBANK3                       000190  000028  0001B8       190       1  BANK3       1
                strings                        000800  00003D  00083D      1000       0  STRING      2
                text33                         00083D  00000D  00084A      107A       0  CODE        2
                text17                         00084A  00002C  000876      1094       0  CODE        2
                text11                         000876  00002C  0008A2      10EC       0  CODE        2
                text8                          0008A2  00002C  0008CE      1144       0  CODE        2
                text19                         0008CE  000030  0008FE      119C       0  CODE        2
                text23                         0008FE  000033  000931      11FC       0  CODE        2
                text36                         000931  00003F  000970      1262       0  CODE        2
                text47                         000970  000042  0009B2      12E0       0  CODE        2
                text10                         0009B2  000044  0009F6      1364       0  CODE        2
                text5                          0009F6  00005C  000A52      13EC       0  CODE        2
                text4                          000A52  00005C  000AAE      14A4       0  CODE        2
                text24                         000AAE  000064  000B12      155C       0  CODE        2
                text6                          000B12  00006D  000B7F      1624       0  CODE        2
                text30                         000B7F  00006F  000BEE      16FE       0  CODE        2
                text15                         000BEE  00007C  000C6A      17DC       0  CODE        2
                text42                         000C6A  00009A  000D04      18D4       0  CODE        2
                maintext                       000D04  00009E  000DA2      1A08       0  CODE        2
                text27                         000DA2  0000B2  000E54      1B44       0  CODE        2
                text45                         000E54  0000C2  000F16      1CA8       0  CODE        2
                text22                         000F16  0000EA  001000      1E2C       0  CODE        2
                idataBANK0                     001626  000003  001629      2C4C       0  CODE        2
                text35                         001629  000004  00162D      2C52       0  CODE        2
                text43                         00162D  000008  001635      2C5A       0  CODE        2
                clrtext                        001635  000008  00163D      2C6A       0  CODE        2
                text46                         00163D  000009  001646      2C7A       0  CODE        2
                text20                         001646  000009  00164F      2C8C       0  CODE        2
                text44                         00164F  00000E  00165D      2C9E       0  CODE        2
                text21                         00165D  00000E  00166B      2CBA       0  CODE        2
                text26                         00166B  000010  00167B      2CD6       0  CODE        2
                text37                         00167B  000012  00168D      2CF6       0  CODE        2
                text25                         00168D  000012  00169F      2D1A       0  CODE        2
                text3                          00169F  000013  0016B2      2D3E       0  CODE        2
                text16                         0016B2  000014  0016C6      2D64       0  CODE        2
                text12                         0016C6  000015  0016DB      2D8C       0  CODE        2
                text34                         0016DB  00001A  0016F5      2DB6       0  CODE        2
                text31                         0016F5  00001A  00170F      2DEA       0  CODE        2
                text18                         00170F  00001A  001729      2E1E       0  CODE        2
                text32                         001729  00001C  001745      2E52       0  CODE        2
                text13                         001745  000022  001767      2E8A       0  CODE        2
                text41                         001767  000023  00178A      2ECE       0  CODE        2
                text39                         00178A  000024  0017AE      2F14       0  CODE        2
                text38                         0017AE  000027  0017D5      2F5C       0  CODE        2
                text40                         0017D5  00002B  001800      2FAA       0  CODE        2
                config                         002007  000001  002008      400E       0  CONFIG      2


UNUSED ADDRESS RANGES

        Name                Unused          Largest block    Delta
        BANK0            006E-006F              2           1
        BANK1            00CC-00EF             24           1
        BANK2            0110-016F             60           1
        BANK3            01B8-01EF             38           1
        CODE             0003-0003              1           2
                         1000-1625            626
                         1800-1FFF            800
        CONFIG           2008-2008              1           2
        CONST            0003-0003              1           2
                         1000-1625            100
                         1800-1FFF            100
        EEDATA           2100-21FF            100           2
        ENTRY            0003-0003              1           2
                         1000-1625            100
                         1800-1FFF            100
        IDLOC            2000-2003              4           2
        RAM              006E-006F              2           1
                         00CC-00EF             24
                         0110-016F             60
                         01B8-01EF             38
        SFR0             0000-001F             20           1
        SFR1             0080-009F             20           1
        SFR2             0100-010F             10           1
        SFR3             0180-018F             10           1
        STACK            0110-016F             60           1
        STRCODE          0003-0003              1           2
                         1000-1625            626
                         1800-1FFF            800
        STRING           0003-0003              1           2
                         1000-1625            100
                         1800-1FFF            100

                                  Symbol Table

?_strlen                                 cstackBANK0  0020
?_strncmp                                cstackBANK0  0028
AnalogValue@channel                      cstackBANK0  0027
Blink@i                                  cstackBANK0  0029
Blink@n                                  cstackBANK0  0026
ClockInit@cnt                            cstackBANK0  0024
DarknessCheck@darknessValue              cstackBANK0  0029
DelayDs@cnt                              cstackBANK0  0020
DelayDs@i                                cstackBANK0  0024
FindChannel@cnt                          cstackBANK0  0031
FindChannel@i                            cstackBANK0  0033
IncreaseMemoryAdress@var1                cstackBANK0  0024
IncreaseMemoryAdress@var2                cstackBANK0  0025
IncreaseMemoryAdress@var3                cstackBANK0  0026
OperationMode@bracketStatus              cstackBANK0  0021
ReadClock@date                           cstackBANK0  0026
ReadClock@date1                          cstackBANK0  0037
ReadClock@date10                         cstackBANK0  002E
ReadClock@hour                           cstackBANK0  0025
ReadClock@hour1                          cstackBANK0  0034
ReadClock@hour10                         cstackBANK0  002D
ReadClock@min1                           cstackBANK0  0033
ReadClock@min10                          cstackBANK0  002C
ReadClock@minutes                        cstackBANK0  0024
ReadClock@month                          cstackBANK0  0027
ReadClock@month1                         cstackBANK0  0035
ReadClock@month10                        cstackBANK0  002F
ReadClock@sec1                           cstackBANK0  0032
ReadClock@sec10                          cstackBANK0  002B
ReadClock@seconds                        cstackBANK0  0031
ReadClock@year                           cstackBANK0  0028
ReadClock@year1                          cstackBANK0  0036
ReadClock@year10                         cstackBANK0  0030
ReadFIFO@value                           cstackBANK0  0024
ReadMemoryAdress@var1                    cstackBANK0  0023
ReadMemoryAdress@var2                    cstackBANK0  0022
ReadMemoryAdress@var3                    cstackBANK0  0025
ReceivedPacketHandler@Data               cstackBANK0  0050
RegisterRead@adress                      cstackBANK0  0026
RegisterRead@value                       cstackBANK0  0025
RegisterSet@adress                       cstackBANK0  002A
RegisterSet@value                        cstackBANK0  0027
SendMemoryData@addr1                     cstackBANK0  0046
SendMemoryData@addr2                     cstackBANK0  0045
SendMemoryData@addr3                     cstackBANK0  0044
SendMemoryData@address                   cstackBANK0  0047
SendMemoryData@finalAddress              cstackBANK0  004B
SendMemoryData@value                     cstackBANK0  0043
SetRFMode@mcparam0_read                  cstackBANK0  002D
SetRFMode@mode                           cstackBANK0  002C
TimerCounter@i                           cstackCOMMON 0073
TransiverReadFIFO@ReceivedString         cstackBANK1  00A0
TransiverReadFIFO@i                      cstackBANK1  00BE
TransiverReadFIFO@j                      cstackBANK1  00C0
TransmittPacket@i                        cstackBANK0  0038
TransmittPacket@topic                    cstackBANK0  003A
TransmittPacket@value                    cstackBANK0  0035
WriteFIFO@Data                           cstackBANK0  0023
WriteSPI@buffer                          cstackBANK0  0021
WriteSPI@databyte                        cstackBANK0  0022
_ADCON0bits                              (abs)        001F
_ADCON1bits                              (abs)        009F
_ADRESH                                  (abs)        001E
_ANSEL                                   (abs)        0188
_ANSELH                                  (abs)        0189
_ANSELHbits                              (abs)        0189
_ANSELbits                               (abs)        0188
_AnalogValue                             text40       17D5
_Blink                                   text23       08FE
_CARRY                                   (abs)        0018
_ChannelP                                strings      0806
_ChannelR                                strings      0813
_ChannelS                                strings      0820
_ClockInit                               text42       0C6A
_DarknessCheck                           text38       17AE
_DelayDs                                 text41       1767
_EEADR                                   (abs)        010D
_EECON1                                  (abs)        018C
_EECON2                                  (abs)        018D
_EEDATA                                  (abs)        010C
_FindChannel                             text29       06B6
_GIE                                     (abs)        005F
_INTCONbits                              (abs)        000B
_IOCBbits                                (abs)        0096
_IncreaseMemoryAdress                    text4        0A52
_LightWithSensController                 text36       0931
_Mode_0                                  text35       1629
_Mode_1                                  text34       16DB
_Mode_2                                  text33       083D
_Mode_4                                  text26       166B
_Mode_5                                  text25       168D
_OPTION_REGbits                          (abs)        0081
_OSCCONbits                              (abs)        008F
_OperationMode                           text20       1646
_PICInit                                 text24       0AAE
_PIE1bits                                (abs)        008C
_PIR1bits                                (abs)        000C
_PORTA                                   (abs)        0005
_PORTB                                   (abs)        0006
_PORTC                                   (abs)        0007
_PORTD                                   (abs)        0008
_PORTE                                   (abs)        0009
_RA1                                     (abs)        0029
_RA4                                     (abs)        002C
_RA5                                     (abs)        002D
_RB0                                     (abs)        0030
_RB1                                     (abs)        0031
_RB3                                     (abs)        0033
_RB4                                     (abs)        0034
_RB5                                     (abs)        0035
_RBIF                                    (abs)        0058
_RC0                                     (abs)        0038
_RC1                                     (abs)        0039
_RC2                                     (abs)        003A
_RD                                      (abs)        0C60
_RD3                                     (abs)        0043
_RD4                                     (abs)        0044
_ReadClock                               text2        046D
_ReadFIFO                                text21       165D
_ReadMemoryAdress                        text17       084A
_ReadSPI                                 text43       162D
_ReceivedPacketHandler                   text7        0290
_RegisterRead                            text32       1729
_RegisterSet                             text31       16F5
_ResetMemoryAdress                       text18       170F
_SSPBUF                                  (abs)        0013
_SSPCONbits                              (abs)        0014
_SSPIE                                   (abs)        0463
_SSPSTATbits                             (abs)        0094
_SendMemoryData                          text14       05A6
_SetRFMode                               text30       0B7F
_T1CON                                   (abs)        0010
_T1CONbits                               (abs)        0010
_TMR1H                                   (abs)        000F
_TMR1IF                                  (abs)        0060
_TMR1L                                   (abs)        000E
_TMR1ON                                  (abs)        0080
_TRISA                                   (abs)        0085
_TRISB                                   (abs)        0086
_TRISC                                   (abs)        0087
_TRISD                                   (abs)        0088
_TRISE                                   (abs)        0089
_TimerCounter                            text47       0970
_TransiverInit                           text22       0F16
_TransiverReadFIFO                       text6        0B12
_TransiverToReceive                      text5        09F6
_TransmittPacket                         text27       0DA2
_WPUBbits                                (abs)        0095
_WR                                      (abs)        0C61
_WREN                                    (abs)        0C62
_WriteFIFO                               text28       07F4
_WriteSPI                                text44       164F
__CFG_BOREN$OFF                          (abs)        0000
__CFG_CP$ON                              (abs)        0000
__CFG_CPD$ON                             (abs)        0000
__CFG_DEBUG$OFF                          (abs)        0000
__CFG_FCMEN$OFF                          (abs)        0000
__CFG_FOSC$INTRC_NOCLKOUT                (abs)        0000
__CFG_IESO$OFF                           (abs)        0000
__CFG_LVP$OFF                            (abs)        0000
__CFG_MCLRE$OFF                          (abs)        0000
__CFG_PWRTE$OFF                          (abs)        0000
__CFG_WDTE$OFF                           (abs)        0000
__Habs1                                  abs1         0000
__Hbank0                                 bank0        0000
__Hbank1                                 bank1        0000
__Hbank2                                 bank2        0000
__Hbank3                                 bank3        0000
__HbssBANK0                              bssBANK0     0000
__HbssBANK1                              bssBANK1     0000
__HbssBANK3                              bssBANK3     0000
__HbssCOMMON                             bssCOMMON    0000
__Hcinit                                 cinit        0045
__Hclrtext                               clrtext      0000
__Hcode                                  code         0000
__Hcommon                                common       0000
__Hconfig                                config       2008
__HcstackBANK0                           cstackBANK0  0000
__HcstackBANK1                           cstackBANK1  0000
__HcstackCOMMON                          cstackCOMMON 0000
__HdataBANK0                             dataBANK0    0000
__Heeprom_data                           eeprom_data  0000
__Hend_init                              end_init     0015
__Hfunctab                               functab      0000
__HidataBANK0                            idataBANK0   0000
__Hidloc                                 idloc        0000
__Hinit                                  init         0012
__Hintentry                              intentry     0012
__Hmaintext                              maintext     0000
__Hpowerup                               powerup      0000
__Hram                                   ram          0000
__Hreset_vec                             reset_vec    0003
__Hsfr0                                  sfr0         0000
__Hsfr1                                  sfr1         0000
__Hsfr2                                  sfr2         0000
__Hsfr3                                  sfr3         0000
__Hspace_0                               (abs)        2008
__Hspace_1                               (abs)        01B8
__Hspace_2                               (abs)        0000
__Hspace_3                               (abs)        0000
__Hstack                                 stack        0000
__Hstrings                               strings      0000
__Htext                                  text         0000
__Labs1                                  abs1         0000
__Lbank0                                 bank0        0000
__Lbank1                                 bank1        0000
__Lbank2                                 bank2        0000
__Lbank3                                 bank3        0000
__LbssBANK0                              bssBANK0     0000
__LbssBANK1                              bssBANK1     0000
__LbssBANK3                              bssBANK3     0000
__LbssCOMMON                             bssCOMMON    0000
__Lcinit                                 cinit        0015
__Lclrtext                               clrtext      0000
__Lcode                                  code         0000
__Lcommon                                common       0000
__Lconfig                                config       2007
__LcstackBANK0                           cstackBANK0  0000
__LcstackBANK1                           cstackBANK1  0000
__LcstackCOMMON                          cstackCOMMON 0000
__LdataBANK0                             dataBANK0    0000
__Leeprom_data                           eeprom_data  0000
__Lend_init                              end_init     0012
__Lfunctab                               functab      0000
__LidataBANK0                            idataBANK0   0000
__Lidloc                                 idloc        0000
__Linit                                  init         0012
__Lintentry                              intentry     0004
__Lmaintext                              maintext     0000
__Lpowerup                               powerup      0000
__Lram                                   ram          0000
__Lreset_vec                             reset_vec    0000
__Lsfr0                                  sfr0         0000
__Lsfr1                                  sfr1         0000
__Lsfr2                                  sfr2         0000
__Lsfr3                                  sfr3         0000
__Lspace_0                               (abs)        0000
__Lspace_1                               (abs)        0000
__Lspace_2                               (abs)        0000
__Lspace_3                               (abs)        0000
__Lstack                                 stack        0000
__Lstrings                               strings      0000
__Ltext                                  text         0000
__S0                                     (abs)        2008
__S1                                     (abs)        01B8
__S2                                     (abs)        0000
__S3                                     (abs)        0000
___bmul                                  text3        169F
___bmul@multiplicand                     cstackBANK0  0020
___bmul@multiplier                       cstackBANK0  0023
___bmul@product                          cstackBANK0  0022
___int_sp                                stack        0000
___latbits                               (abs)        0002
___sp                                    stack        0000
__end_of_AnalogValue                     text40       1800
__end_of_Blink                           text23       0931
__end_of_ChannelP                        strings      0813
__end_of_ChannelR                        strings      0820
__end_of_ChannelS                        strings      082D
__end_of_ClockInit                       text42       0D04
__end_of_DarknessCheck                   text38       17D5
__end_of_DelayDs                         text41       178A
__end_of_FindChannel                     text29       07AE
__end_of_IncreaseMemoryAdress            text4        0AAE
__end_of_LightWithSensController         text36       0970
__end_of_Mode_0                          text35       162D
__end_of_Mode_1                          text34       16F5
__end_of_Mode_2                          text33       084A
__end_of_Mode_4                          text26       167B
__end_of_Mode_5                          text25       169F
__end_of_OperationMode                   text20       164F
__end_of_PICInit                         text24       0B12
__end_of_ReadClock                       text2        05A6
__end_of_ReadFIFO                        text21       166B
__end_of_ReadMemoryAdress                text17       0876
__end_of_ReadSPI                         text43       1635
__end_of_ReceivedPacketHandler           text7        046D
__end_of_RegisterRead                    text32       1745
__end_of_RegisterSet                     text31       170F
__end_of_ResetMemoryAdress               text18       1729
__end_of_SendMemoryData                  text14       06B6
__end_of_SetRFMode                       text30       0BEE
__end_of_TimerCounter                    text47       09B2
__end_of_TransiverInit                   text22       1000
__end_of_TransiverReadFIFO               text6        0B7F
__end_of_TransiverToReceive              text5        0A52
__end_of_TransmittPacket                 text27       0E54
__end_of_WriteFIFO                       text28       0800
__end_of_WriteSPI                        text44       165D
__end_of___bmul                          text3        16B2
__end_of__initialization                 cinit        0041
__end_of__stringtab                      strings      0806
__end_of_eeprom_read                     text39       17AE
__end_of_eeprom_write                    text19       08FE
__end_of_main                            maintext     0DA2
__end_of_ram_bulk_erase                  text13       1767
__end_of_read_ram_status                 text16       16C6
__end_of_read_write_flash_ram            text15       0C6A
__end_of_saveDataToFlash                 text1        0290
__end_of_strchr                          text12       16DB
__end_of_strlen                          text11       08A2
__end_of_strncmp                         text10       09F6
__end_of_strstr                          text9        07F4
__end_of_tc_int                          text45       0F16
__end_of_timerFunction                   text37       168D
__end_of_write_ram_status                text8        08CE
__end_ofi1_OperationMode                 text46       1646
__initialization                         cinit        0015
__pbssBANK0                              bssBANK0     0056
__pbssBANK1                              bssBANK1     00C2
__pbssBANK3                              bssBANK3     0190
__pbssCOMMON                             bssCOMMON    007C
__pcstackBANK0                           cstackBANK0  0020
__pcstackBANK1                           cstackBANK1  00A0
__pcstackCOMMON                          cstackCOMMON 0070
__pdataBANK0                             dataBANK0    006B
__pidataBANK0                            idataBANK0   1626
__pintentry                              intentry     0004
__pmaintext                              maintext     0D04
__pstrings                               strings      0800
__ptext1                                 text1        0045
__ptext10                                text10       09B2
__ptext11                                text11       0876
__ptext12                                text12       16C6
__ptext13                                text13       1745
__ptext14                                text14       05A6
__ptext15                                text15       0BEE
__ptext16                                text16       16B2
__ptext17                                text17       084A
__ptext18                                text18       170F
__ptext19                                text19       08CE
__ptext2                                 text2        046D
__ptext20                                text20       1646
__ptext21                                text21       165D
__ptext22                                text22       0F16
__ptext23                                text23       08FE
__ptext24                                text24       0AAE
__ptext25                                text25       168D
__ptext26                                text26       166B
__ptext27                                text27       0DA2
__ptext28                                text28       07F4
__ptext29                                text29       06B6
__ptext3                                 text3        169F
__ptext30                                text30       0B7F
__ptext31                                text31       16F5
__ptext32                                text32       1729
__ptext33                                text33       083D
__ptext34                                text34       16DB
__ptext35                                text35       1629
__ptext36                                text36       0931
__ptext37                                text37       167B
__ptext38                                text38       17AE
__ptext39                                text39       178A
__ptext4                                 text4        0A52
__ptext40                                text40       17D5
__ptext41                                text41       1767
__ptext42                                text42       0C6A
__ptext43                                text43       162D
__ptext44                                text44       164F
__ptext45                                text45       0E54
__ptext46                                text46       163D
__ptext47                                text47       0970
__ptext5                                 text5        09F6
__ptext6                                 text6        0B12
__ptext7                                 text7        0290
__ptext8                                 text8        08A2
__ptext9                                 text9        07AE
__size_of_AnalogValue                    (abs)        0000
__size_of_Blink                          (abs)        0000
__size_of_ClockInit                      (abs)        0000
__size_of_DarknessCheck                  (abs)        0000
__size_of_DelayDs                        (abs)        0000
__size_of_FindChannel                    (abs)        0000
__size_of_IncreaseMemoryAdress           (abs)        0000
__size_of_LightWithSensController        (abs)        0000
__size_of_Mode_0                         (abs)        0000
__size_of_Mode_1                         (abs)        0000
__size_of_Mode_2                         (abs)        0000
__size_of_Mode_4                         (abs)        0000
__size_of_Mode_5                         (abs)        0000
__size_of_OperationMode                  (abs)        0000
__size_of_PICInit                        (abs)        0000
__size_of_ReadClock                      (abs)        0000
__size_of_ReadFIFO                       (abs)        0000
__size_of_ReadMemoryAdress               (abs)        0000
__size_of_ReadSPI                        (abs)        0000
__size_of_ReceivedPacketHandler          (abs)        0000
__size_of_RegisterRead                   (abs)        0000
__size_of_RegisterSet                    (abs)        0000
__size_of_ResetMemoryAdress              (abs)        0000
__size_of_SendMemoryData                 (abs)        0000
__size_of_SetRFMode                      (abs)        0000
__size_of_TimerCounter                   (abs)        0000
__size_of_TransiverInit                  (abs)        0000
__size_of_TransiverReadFIFO              (abs)        0000
__size_of_TransiverToReceive             (abs)        0000
__size_of_TransmittPacket                (abs)        0000
__size_of_WriteFIFO                      (abs)        0000
__size_of_WriteSPI                       (abs)        0000
__size_of___bmul                         (abs)        0000
__size_of_eeprom_read                    (abs)        0000
__size_of_eeprom_write                   (abs)        0000
__size_of_main                           (abs)        0000
__size_of_ram_bulk_erase                 (abs)        0000
__size_of_read_ram_status                (abs)        0000
__size_of_read_write_flash_ram           (abs)        0000
__size_of_saveDataToFlash                (abs)        0000
__size_of_strchr                         (abs)        0000
__size_of_strlen                         (abs)        0000
__size_of_strncmp                        (abs)        0000
__size_of_strstr                         (abs)        0000
__size_of_tc_int                         (abs)        0000
__size_of_timerFunction                  (abs)        0000
__size_of_write_ram_status               (abs)        0000
__size_ofi1_OperationMode                (abs)        0000
__stringbase                             strings      0805
__stringtab                              strings      0800
_bChannelFound                           bssBANK0     0067
_bDark                                   bssBANK0     0068
_bSaveDataToFlash                        bssBANK0     0069
_bTimerComplete                          bssBANK0     0056
_bTransiverModeReceive                   bssBANK0     006A
_bValueFromPot                           dataBANK0    006D
_channelFound                            bssBANK0     005B
_eeprom_read                             text39       178A
_eeprom_write                            text19       08CE
_intBlinkCounter                         bssCOMMON    007C
_intBlinkCycle                           bssBANK0     005D
_intClockTimer                           bssBANK1     00C2
_intHalfSecondCounter                    bssBANK0     0061
_intMinuteCounter                        bssBANK0     0063
_intNumberOfBlinks                       dataBANK0    006B
_intSecondCounter                        bssBANK0     0065
_main                                    maintext     0D04
_ram_bulk_erase                          text13       1745
_read_ram_status                         text16       16B2
_read_write_flash_ram                    text15       0BEE
_saveDataToFlash                         text1        0045
_strchr                                  text12       16C6
_strlen                                  text11       0876
_strncmp                                 text10       09B2
_strstr                                  text9        07AE
_tc_int                                  text45       0E54
_timerFunction                           text37       167B
_write_ram_status                        text8        08A2
btemp                                    (abs)        007E
clear_ram0                               clrtext      1635
eeprom_read@addr                         cstackBANK0  0021
eeprom_write@addr                        cstackBANK0  0022
eeprom_write@value                       cstackBANK0  0020
end_of_initialization                    cinit        0041
i1OperationMode@bracketStatus            cstackCOMMON 0071
i1_OperationMode                         text46       163D
interrupt_function                       intentry     0004
intlevel0                                functab      0000
intlevel1                                functab      0000
intlevel2                                functab      0000
intlevel3                                functab      0000
intlevel4                                functab      0000
intlevel5                                functab      0000
read_ram_status@status                   cstackBANK0  0024
read_write_flash_ram@bytes_to_readwrite  cstackBANK0  0025
read_write_flash_ram@flash_page          cstackBANK0  0028
read_write_flash_ram@flash_sector        cstackBANK0  0027
read_write_flash_ram@i                   cstackBANK0  002E
read_write_flash_ram@mem_ptr             cstackBANK0  002A
read_write_flash_ram@offset              cstackBANK0  0029
read_write_flash_ram@one_read_zero_write cstackBANK0  002D
reset_vec                                reset_vec    0000
saveDataToFlash@addr1                    cstackBANK0  0044
saveDataToFlash@addr2                    cstackBANK0  0045
saveDataToFlash@addr3                    cstackBANK0  0046
saveDataToFlash@date                     cstackBANK0  0040
saveDataToFlash@hours                    cstackBANK0  003F
saveDataToFlash@minutes                  cstackBANK0  003E
saveDataToFlash@month                    cstackBANK0  0041
saveDataToFlash@seconds                  cstackBANK0  003D
saveDataToFlash@value                    cstackBANK0  0043
saveDataToFlash@year                     cstackBANK0  0042
saved_w                                  (abs)        007E
stackhi                                  (abs)        0000
stacklo                                  (abs)        0000
start                                    init         0012
start_initialization                     cinit        0015
strchr@chr                               cstackBANK0  0020
strchr@ptr                               cstackBANK0  0022
strlen@cp                                cstackBANK0  0027
strlen@s                                 cstackBANK0  0026
strncmp@len                              cstackBANK0  0029
strncmp@s1                               cstackBANK0  002D
strncmp@s2                               cstackBANK0  0028
strstr@s1                                cstackBANK0  0032
strstr@s2                                cstackBANK0  002E
timerFunction@intSetSeconds              cstackBANK0  0022
timerFunction@intTimerNumber             cstackBANK0  0020
write_ram_status@status                  cstackBANK0  0025
wtemp0                                   (abs)        007E


FUNCTION INFORMATION:

 *************** function _main *****************
 Defined at:
		line 21 in file "main.c"
 Parameters:    Size  Location     Type
		None
 Auto vars:     Size  Location     Type
		None
 Return value:  Size  Location     Type
                  2   74[None  ] int 
 Registers used:
		wreg, fsr0l, fsr0h, status,2, status,0, btemp+1, pclath, cstack
 Tracked objects:
		On entry : 
		On exit  : 
		Unchanged: 
 Data sizes:     COMMON   BANK0   BANK1   BANK3   BANK2
      Params:         0       0       0       0       0
      Locals:         0       0       0       0       0
      Temps:          0       3       0       0       0
      Totals:         0       3       0       0       0
Total ram usage:        3 bytes
 Hardware stack levels required when called:   11
 This function calls:
		_ClockInit
		_Mode_0
		_Mode_1
		_Mode_2
		_Mode_4
		_Mode_5
		_OperationMode
		_PICInit
		_TransiverInit
		_TransiverReadFIFO
		_TransiverToReceive
		_saveDataToFlash
 This function is called by:
		Startup code after reset
 This function uses a non-reentrant model


 *************** function _saveDataToFlash *****************
 Defined at:
		line 1075 in file "functions.c"
 Parameters:    Size  Location     Type
		None
 Auto vars:     Size  Location     Type
  addr3           1   38[BANK0 ] unsigned char 
  addr2           1   37[BANK0 ] unsigned char 
  addr1           1   36[BANK0 ] unsigned char 
  value           1   35[BANK0 ] unsigned char 
  year            1   34[BANK0 ] unsigned char 
  month           1   33[BANK0 ] unsigned char 
  date            1   32[BANK0 ] unsigned char 
  hours           1   31[BANK0 ] unsigned char 
  minutes         1   30[BANK0 ] unsigned char 
  seconds         1   29[BANK0 ] unsigned char 
 Return value:  Size  Location     Type
                  1    wreg      void 
 Registers used:
		wreg, fsr0l, fsr0h, status,2, status,0, pclath, cstack
 Tracked objects:
		On entry : 
		On exit  : 
		Unchanged: 
 Data sizes:     COMMON   BANK0   BANK1   BANK3   BANK2
      Params:         0       0       0       0       0
      Locals:         0      10       0       0       0
      Temps:          0       5       0       0       0
      Totals:         0      15       0       0       0
Total ram usage:       15 bytes
 Hardware stack levels used:    1
 Hardware stack levels required when called:    6
 This function calls:
		_AnalogValue
		_IncreaseMemoryAdress
		_ReadClock
		_ReadMemoryAdress
		_read_write_flash_ram
 This function is called by:
		_main
 This function uses a non-reentrant model


 *************** function _ReadClock *****************
 Defined at:
		line 49 in file "MCP79510.c"
 Parameters:    Size  Location     Type
  seconds         1    wreg     PTR unsigned char 
		 -> saveDataToFlash@seconds(1), 
  minutes         1    4[BANK0 ] PTR unsigned char 
		 -> saveDataToFlash@minutes(1), 
  hour            1    5[BANK0 ] PTR unsigned char 
		 -> saveDataToFlash@hours(1), 
  date            1    6[BANK0 ] PTR unsigned char 
		 -> saveDataToFlash@date(1), 
  month           1    7[BANK0 ] PTR unsigned char 
		 -> saveDataToFlash@month(1), 
  year            1    8[BANK0 ] PTR unsigned char 
		 -> saveDataToFlash@year(1), 
 Auto vars:     Size  Location     Type
  seconds         1   17[BANK0 ] PTR unsigned char 
		 -> saveDataToFlash@seconds(1), 
  date1           1   23[BANK0 ] unsigned char 
  year1           1   22[BANK0 ] unsigned char 
  month1          1   21[BANK0 ] unsigned char 
  hour1           1   20[BANK0 ] unsigned char 
  min1            1   19[BANK0 ] unsigned char 
  sec1            1   18[BANK0 ] unsigned char 
  year10          1   16[BANK0 ] unsigned char 
  month10         1   15[BANK0 ] unsigned char 
  date10          1   14[BANK0 ] unsigned char 
  hour10          1   13[BANK0 ] unsigned char 
  min10           1   12[BANK0 ] unsigned char 
  sec10           1   11[BANK0 ] unsigned char 
 Return value:  Size  Location     Type
                  1    wreg      void 
 Registers used:
		wreg, fsr0l, fsr0h, status,2, status,0, pclath, cstack
 Tracked objects:
		On entry : 
		On exit  : 
		Unchanged: 
 Data sizes:     COMMON   BANK0   BANK1   BANK3   BANK2
      Params:         0       5       0       0       0
      Locals:         0      13       0       0       0
      Temps:          0       2       0       0       0
      Totals:         0      20       0       0       0
Total ram usage:       20 bytes
 Hardware stack levels used:    1
 Hardware stack levels required when called:    4
 This function calls:
		_ReadSPI
		_WriteSPI
		___bmul
 This function is called by:
		_saveDataToFlash
 This function uses a non-reentrant model


 *************** function ___bmul *****************
 Defined at:
		line 4 in file "C:\Program Files (x86)\Microchip\xc8\v1.40\sources\common\Umul8.c"
 Parameters:    Size  Location     Type
  multiplier      1    wreg     unsigned char 
  multiplicand    1    0[BANK0 ] unsigned char 
 Auto vars:     Size  Location     Type
  multiplier      1    3[BANK0 ] unsigned char 
  product         1    2[BANK0 ] unsigned char 
 Return value:  Size  Location     Type
                  1    wreg      unsigned char 
 Registers used:
		wreg, status,2, status,0
 Tracked objects:
		On entry : 
		On exit  : 
		Unchanged: 
 Data sizes:     COMMON   BANK0   BANK1   BANK3   BANK2
      Params:         0       1       0       0       0
      Locals:         0       2       0       0       0
      Temps:          0       1       0       0       0
      Totals:         0       4       0       0       0
Total ram usage:        4 bytes
 Hardware stack levels used:    1
 Hardware stack levels required when called:    2
 This function calls:
		Nothing
 This function is called by:
		_ReadClock
 This function uses a non-reentrant model


 *************** function _IncreaseMemoryAdress *****************
 Defined at:
		line 1013 in file "functions.c"
 Parameters:    Size  Location     Type
		None
 Auto vars:     Size  Location     Type
  var3            1    6[BANK0 ] unsigned char 
  var2            1    5[BANK0 ] unsigned char 
  var1            1    4[BANK0 ] unsigned char 
 Return value:  Size  Location     Type
                  1    wreg      void 
 Registers used:
		wreg, status,2, status,0, pclath, cstack
 Tracked objects:
		On entry : 
		On exit  : 
		Unchanged: 
 Data sizes:     COMMON   BANK0   BANK1   BANK3   BANK2
      Params:         0       0       0       0       0
      Locals:         0       3       0       0       0
      Temps:          0       1       0       0       0
      Totals:         0       4       0       0       0
Total ram usage:        4 bytes
 Hardware stack levels used:    1
 Hardware stack levels required when called:    3
 This function calls:
		_eeprom_read
		_eeprom_write
 This function is called by:
		_saveDataToFlash
 This function uses a non-reentrant model


 *************** function _TransiverToReceive *****************
 Defined at:
		line 16 in file "functions.c"
 Parameters:    Size  Location     Type
		None
 Auto vars:     Size  Location     Type
		None
 Return value:  Size  Location     Type
                  1    wreg      void 
 Registers used:
		wreg, fsr0l, fsr0h, status,2, status,0, btemp+1, pclath, cstack
 Tracked objects:
		On entry : 
		On exit  : 
		Unchanged: 
 Data sizes:     COMMON   BANK0   BANK1   BANK3   BANK2
      Params:         0       0       0       0       0
      Locals:         0       0       0       0       0
      Temps:          0       2       0       0       0
      Totals:         0       2       0       0       0
Total ram usage:        2 bytes
 Hardware stack levels used:    1
 Hardware stack levels required when called:    7
 This function calls:
		_FindChannel
		_RegisterRead
		_RegisterSet
		_SetRFMode
		_timerFunction
 This function is called by:
		_main
 This function uses a non-reentrant model


 *************** function _TransiverReadFIFO *****************
 Defined at:
		line 42 in file "functions.c"
 Parameters:    Size  Location     Type
		None
 Auto vars:     Size  Location     Type
  j               2   32[BANK1 ] int 
  ReceivedStri   30    0[BANK1 ] unsigned char [30]
  i               2   30[BANK1 ] int 
 Return value:  Size  Location     Type
                  1    wreg      void 
 Registers used:
		wreg, fsr0l, fsr0h, status,2, status,0, btemp+1, pclath, cstack
 Tracked objects:
		On entry : 
		On exit  : 
		Unchanged: 
 Data sizes:     COMMON   BANK0   BANK1   BANK3   BANK2
      Params:         0       0       0       0       0
      Locals:         0       0      34       0       0
      Temps:          0       2       0       0       0
      Totals:         0       2      34       0       0
Total ram usage:       36 bytes
 Hardware stack levels used:    1
 Hardware stack levels required when called:   10
 This function calls:
		_ReadFIFO
		_ReceivedPacketHandler
		_SetRFMode
		_timerFunction
 This function is called by:
		_main
 This function uses a non-reentrant model


 *************** function _ReceivedPacketHandler *****************
 Defined at:
		line 73 in file "functions.c"
 Parameters:    Size  Location     Type
  Data            1    wreg     PTR unsigned char 
		 -> TransiverReadFIFO@ReceivedString(30), 
 Auto vars:     Size  Location     Type
  Data            1   48[BANK0 ] PTR unsigned char 
		 -> TransiverReadFIFO@ReceivedString(30), 
 Return value:  Size  Location     Type
                  1    wreg      void 
 Registers used:
		wreg, fsr0l, fsr0h, status,2, status,0, btemp+1, pclath, cstack
 Tracked objects:
		On entry : 
		On exit  : 
		Unchanged: 
 Data sizes:     COMMON   BANK0   BANK1   BANK3   BANK2
      Params:         0       0       0       0       0
      Locals:         0       1       0       0       0
      Temps:          0       1       0       0       0
      Totals:         0       2       0       0       0
Total ram usage:        2 bytes
 Hardware stack levels used:    1
 Hardware stack levels required when called:    9
 This function calls:
		_AnalogValue
		_DarknessCheck
		_DelayDs
		_OperationMode
		_ResetMemoryAdress
		_SendMemoryData
		_TransmittPacket
		_eeprom_read
		_eeprom_write
		_ram_bulk_erase
		_read_ram_status
		_strstr
		_write_ram_status
 This function is called by:
		_TransiverReadFIFO
 This function uses a non-reentrant model


 *************** function _write_ram_status *****************
 Defined at:
		line 169 in file "m25p16.c"
 Parameters:    Size  Location     Type
  status          1    wreg     unsigned char 
 Auto vars:     Size  Location     Type
  status          1    5[BANK0 ] unsigned char 
 Return value:  Size  Location     Type
                  1    wreg      void 
 Registers used:
		wreg, status,2, status,0, pclath, cstack
 Tracked objects:
		On entry : 
		On exit  : 
		Unchanged: 
 Data sizes:     COMMON   BANK0   BANK1   BANK3   BANK2
      Params:         0       0       0       0       0
      Locals:         0       1       0       0       0
      Temps:          0       0       0       0       0
      Totals:         0       1       0       0       0
Total ram usage:        1 bytes
 Hardware stack levels used:    1
 Hardware stack levels required when called:    5
 This function calls:
		_WriteSPI
		_read_ram_status
 This function is called by:
		_ReceivedPacketHandler
 This function uses a non-reentrant model


 *************** function _strstr *****************
 Defined at:
		line 4 in file "C:\Program Files (x86)\Microchip\xc8\v1.40\sources\common\strstr.c"
 Parameters:    Size  Location     Type
  s1              1    wreg     PTR const unsigned char 
		 -> NULL(0), TransiverReadFIFO@ReceivedString(30), 
  s2              1   14[BANK0 ] PTR const unsigned char 
		 -> STR_2(8), STR_1(8), 
 Auto vars:     Size  Location     Type
  s1              1   18[BANK0 ] PTR const unsigned char 
		 -> NULL(0), TransiverReadFIFO@ReceivedString(30), 
 Return value:  Size  Location     Type
                  1    wreg      PTR unsigned char 
 Registers used:
		wreg, fsr0l, fsr0h, status,2, status,0, pclath, cstack
 Tracked objects:
		On entry : 
		On exit  : 
		Unchanged: 
 Data sizes:     COMMON   BANK0   BANK1   BANK3   BANK2
      Params:         0       1       0       0       0
      Locals:         0       1       0       0       0
      Temps:          0       3       0       0       0
      Totals:         0       5       0       0       0
Total ram usage:        5 bytes
 Hardware stack levels used:    1
 Hardware stack levels required when called:    3
 This function calls:
		_strchr
		_strlen
		_strncmp
 This function is called by:
		_ReceivedPacketHandler
 This function uses a non-reentrant model


 *************** function _strncmp *****************
 Defined at:
		line 4 in file "C:\Program Files (x86)\Microchip\xc8\v1.40\sources\common\strncmp.c"
 Parameters:    Size  Location     Type
  s1              1    wreg     PTR const unsigned char 
		 -> NULL(0), TransiverReadFIFO@ReceivedString(30), 
  s2              1    8[BANK0 ] PTR const unsigned char 
		 -> STR_2(8), STR_1(8), 
  len             2    9[BANK0 ] unsigned int 
 Auto vars:     Size  Location     Type
  s1              1   13[BANK0 ] PTR const unsigned char 
		 -> NULL(0), TransiverReadFIFO@ReceivedString(30), 
 Return value:  Size  Location     Type
                  2    8[BANK0 ] int 
 Registers used:
		wreg, fsr0l, fsr0h, status,2, status,0, pclath
 Tracked objects:
		On entry : 
		On exit  : 
		Unchanged: 
 Data sizes:     COMMON   BANK0   BANK1   BANK3   BANK2
      Params:         0       3       0       0       0
      Locals:         0       1       0       0       0
      Temps:          0       2       0       0       0
      Totals:         0       6       0       0       0
Total ram usage:        6 bytes
 Hardware stack levels used:    1
 Hardware stack levels required when called:    2
 This function calls:
		Nothing
 This function is called by:
		_strstr
 This function uses a non-reentrant model


 *************** function _strlen *****************
 Defined at:
		line 4 in file "C:\Program Files (x86)\Microchip\xc8\v1.40\sources\common\strlen.c"
 Parameters:    Size  Location     Type
  s               1    wreg     PTR const unsigned char 
		 -> STR_2(8), STR_1(8), 
 Auto vars:     Size  Location     Type
  s               1    6[BANK0 ] PTR const unsigned char 
		 -> STR_2(8), STR_1(8), 
  cp              1    7[BANK0 ] PTR const unsigned char 
		 -> STR_2(8), STR_1(8), 
 Return value:  Size  Location     Type
                  2    0[BANK0 ] unsigned int 
 Registers used:
		wreg, fsr0l, fsr0h, status,2, status,0, pclath
 Tracked objects:
		On entry : 
		On exit  : 
		Unchanged: 
 Data sizes:     COMMON   BANK0   BANK1   BANK3   BANK2
      Params:         0       2       0       0       0
      Locals:         0       2       0       0       0
      Temps:          0       4       0       0       0
      Totals:         0       8       0       0       0
Total ram usage:        8 bytes
 Hardware stack levels used:    1
 Hardware stack levels required when called:    2
 This function calls:
		Nothing
 This function is called by:
		_strstr
 This function uses a non-reentrant model


 *************** function _strchr *****************
 Defined at:
		line 4 in file "C:\Program Files (x86)\Microchip\xc8\v1.40\sources\common\strchr.c"
 Parameters:    Size  Location     Type
  ptr             1    wreg     PTR const unsigned char 
		 -> NULL(0), TransiverReadFIFO@ReceivedString(30), 
  chr             2    0[BANK0 ] int 
 Auto vars:     Size  Location     Type
  ptr             1    2[BANK0 ] PTR const unsigned char 
		 -> NULL(0), TransiverReadFIFO@ReceivedString(30), 
 Return value:  Size  Location     Type
                  1    wreg      PTR unsigned char 
 Registers used:
		wreg, fsr0l, fsr0h, status,2, status,0
 Tracked objects:
		On entry : 
		On exit  : 
		Unchanged: 
 Data sizes:     COMMON   BANK0   BANK1   BANK3   BANK2
      Params:         0       2       0       0       0
      Locals:         0       1       0       0       0
      Temps:          0       0       0       0       0
      Totals:         0       3       0       0       0
Total ram usage:        3 bytes
 Hardware stack levels used:    1
 Hardware stack levels required when called:    2
 This function calls:
		Nothing
 This function is called by:
		_strstr
 This function uses a non-reentrant model


 *************** function _ram_bulk_erase *****************
 Defined at:
		line 69 in file "m25p16.c"
 Parameters:    Size  Location     Type
		None
 Auto vars:     Size  Location     Type
		None
 Return value:  Size  Location     Type
                  1    wreg      void 
 Registers used:
		wreg, status,2, status,0, pclath, cstack
 Tracked objects:
		On entry : 
		On exit  : 
		Unchanged: 
 Data sizes:     COMMON   BANK0   BANK1   BANK3   BANK2
      Params:         0       0       0       0       0
      Locals:         0       0       0       0       0
      Temps:          0       0       0       0       0
      Totals:         0       0       0       0       0
Total ram usage:        0 bytes
 Hardware stack levels used:    1
 Hardware stack levels required when called:    5
 This function calls:
		_WriteSPI
		_read_ram_status
 This function is called by:
		_ReceivedPacketHandler
 This function uses a non-reentrant model


 *************** function _SendMemoryData *****************
 Defined at:
		line 1212 in file "functions.c"
 Parameters:    Size  Location     Type
		None
 Auto vars:     Size  Location     Type
  finalAddress    4   43[BANK0 ] unsigned long 
  address         4   39[BANK0 ] unsigned long 
  addr1           1   38[BANK0 ] unsigned char 
  addr2           1   37[BANK0 ] unsigned char 
  addr3           1   36[BANK0 ] unsigned char 
  value           1   35[BANK0 ] unsigned char 
 Return value:  Size  Location     Type
                  1    wreg      void 
 Registers used:
		wreg, fsr0l, fsr0h, status,2, status,0, btemp+1, pclath, cstack
 Tracked objects:
		On entry : 
		On exit  : 
		Unchanged: 
 Data sizes:     COMMON   BANK0   BANK1   BANK3   BANK2
      Params:         0       0       0       0       0
      Locals:         0      12       0       0       0
      Temps:          0       8       0       0       0
      Totals:         0      20       0       0       0
Total ram usage:       20 bytes
 Hardware stack levels used:    1
 Hardware stack levels required when called:    8
 This function calls:
		_ReadMemoryAdress
		_TransmittPacket
		_read_write_flash_ram
 This function is called by:
		_ReceivedPacketHandler
 This function uses a non-reentrant model


 *************** function _read_write_flash_ram *****************
 Defined at:
		line 107 in file "m25p16.c"
 Parameters:    Size  Location     Type
  one_read_zer    1    wreg     unsigned char 
  bytes_to_rea    2    5[BANK0 ] unsigned short 
  flash_sector    1    7[BANK0 ] unsigned char 
  flash_page      1    8[BANK0 ] unsigned char 
  offset          1    9[BANK0 ] unsigned char 
  mem_ptr         1   10[BANK0 ] PTR unsigned char 
		 -> SendMemoryData@value(1), saveDataToFlash@value(1), 
 Auto vars:     Size  Location     Type
  one_read_zer    1   13[BANK0 ] unsigned char 
  i               2   14[BANK0 ] unsigned short 
 Return value:  Size  Location     Type
                  1    wreg      void 
 Registers used:
		wreg, fsr0l, fsr0h, status,2, status,0, pclath, cstack
 Tracked objects:
		On entry : 
		On exit  : 
		Unchanged: 
 Data sizes:     COMMON   BANK0   BANK1   BANK3   BANK2
      Params:         0       6       0       0       0
      Locals:         0       3       0       0       0
      Temps:          0       2       0       0       0
      Totals:         0      11       0       0       0
Total ram usage:       11 bytes
 Hardware stack levels used:    1
 Hardware stack levels required when called:    5
 This function calls:
		_ReadSPI
		_WriteSPI
		_read_ram_status
 This function is called by:
		_saveDataToFlash
		_SendMemoryData
		_write_flash_page
		_read_flash_page
 This function uses a non-reentrant model


 *************** function _read_ram_status *****************
 Defined at:
		line 57 in file "m25p16.c"
 Parameters:    Size  Location     Type
		None
 Auto vars:     Size  Location     Type
  status          1    4[BANK0 ] unsigned char 
 Return value:  Size  Location     Type
                  1    wreg      unsigned char 
 Registers used:
		wreg, status,2, status,0, pclath, cstack
 Tracked objects:
		On entry : 
		On exit  : 
		Unchanged: 
 Data sizes:     COMMON   BANK0   BANK1   BANK3   BANK2
      Params:         0       0       0       0       0
      Locals:         0       1       0       0       0
      Temps:          0       1       0       0       0
      Totals:         0       2       0       0       0
Total ram usage:        2 bytes
 Hardware stack levels used:    1
 Hardware stack levels required when called:    4
 This function calls:
		_ReadSPI
		_WriteSPI
 This function is called by:
		_ReceivedPacketHandler
		_ram_bulk_erase
		_read_write_flash_ram
		_write_ram_status
		_ram_sector_erase
 This function uses a non-reentrant model


 *************** function _ReadMemoryAdress *****************
 Defined at:
		line 988 in file "functions.c"
 Parameters:    Size  Location     Type
  var3            1    wreg     PTR unsigned char 
		 -> SendMemoryData@addr3(1), saveDataToFlash@addr3(1), 
  var2            1    2[BANK0 ] PTR unsigned char 
		 -> SendMemoryData@addr2(1), saveDataToFlash@addr2(1), 
  var1            1    3[BANK0 ] PTR unsigned char 
		 -> SendMemoryData@addr1(1), saveDataToFlash@addr1(1), 
 Auto vars:     Size  Location     Type
  var3            1    5[BANK0 ] PTR unsigned char 
		 -> SendMemoryData@addr3(1), saveDataToFlash@addr3(1), 
 Return value:  Size  Location     Type
                  1    wreg      void 
 Registers used:
		wreg, fsr0l, fsr0h, status,2, status,0, pclath, cstack
 Tracked objects:
		On entry : 
		On exit  : 
		Unchanged: 
 Data sizes:     COMMON   BANK0   BANK1   BANK3   BANK2
      Params:         0       2       0       0       0
      Locals:         0       1       0       0       0
      Temps:          0       1       0       0       0
      Totals:         0       4       0       0       0
Total ram usage:        4 bytes
 Hardware stack levels used:    1
 Hardware stack levels required when called:    3
 This function calls:
		_eeprom_read
 This function is called by:
		_saveDataToFlash
		_SendMemoryData
 This function uses a non-reentrant model


 *************** function _ResetMemoryAdress *****************
 Defined at:
		line 1052 in file "functions.c"
 Parameters:    Size  Location     Type
		None
 Auto vars:     Size  Location     Type
		None
 Return value:  Size  Location     Type
                  1    wreg      void 
 Registers used:
		wreg, status,2, status,0, pclath, cstack
 Tracked objects:
		On entry : 
		On exit  : 
		Unchanged: 
 Data sizes:     COMMON   BANK0   BANK1   BANK3   BANK2
      Params:         0       0       0       0       0
      Locals:         0       0       0       0       0
      Temps:          0       0       0       0       0
      Totals:         0       0       0       0       0
Total ram usage:        0 bytes
 Hardware stack levels used:    1
 Hardware stack levels required when called:    3
 This function calls:
		_eeprom_write
 This function is called by:
		_ReceivedPacketHandler
 This function uses a non-reentrant model


 *************** function _eeprom_write *****************
 Defined at:
		line 6 in file "C:\Program Files (x86)\Microchip\xc8\v1.40\sources\pic\eewrite.c"
 Parameters:    Size  Location     Type
  addr            1    wreg     unsigned char 
  value           1    0[BANK0 ] unsigned char 
 Auto vars:     Size  Location     Type
  addr            1    2[BANK0 ] unsigned char 
 Return value:  Size  Location     Type
                  1    wreg      void 
 Registers used:
		wreg, status,2, status,0
 Tracked objects:
		On entry : 
		On exit  : 
		Unchanged: 
 Data sizes:     COMMON   BANK0   BANK1   BANK3   BANK2
      Params:         0       1       0       0       0
      Locals:         0       1       0       0       0
      Temps:          0       1       0       0       0
      Totals:         0       3       0       0       0
Total ram usage:        3 bytes
 Hardware stack levels used:    1
 Hardware stack levels required when called:    2
 This function calls:
		Nothing
 This function is called by:
		_ReceivedPacketHandler
		_IncreaseMemoryAdress
		_ResetMemoryAdress
 This function uses a non-reentrant model


 *************** function _OperationMode *****************
 Defined at:
		line 964 in file "functions.c"
 Parameters:    Size  Location     Type
		None
 Auto vars:     Size  Location     Type
  bracketStatu    1    1[BANK0 ] unsigned char 
 Return value:  Size  Location     Type
                  1    wreg      unsigned char 
 Registers used:
		wreg, status,2
 Tracked objects:
		On entry : 
		On exit  : 
		Unchanged: 
 Data sizes:     COMMON   BANK0   BANK1   BANK3   BANK2
      Params:         0       0       0       0       0
      Locals:         0       1       0       0       0
      Temps:          0       1       0       0       0
      Totals:         0       2       0       0       0
Total ram usage:        2 bytes
 Hardware stack levels used:    1
 Hardware stack levels required when called:    2
 This function calls:
		Nothing
 This function is called by:
		_main
		_ReceivedPacketHandler
 This function uses a non-reentrant model


 *************** function _ReadFIFO *****************
 Defined at:
		line 775 in file "functions.c"
 Parameters:    Size  Location     Type
		None
 Auto vars:     Size  Location     Type
  value           1    4[BANK0 ] unsigned char 
 Return value:  Size  Location     Type
                  1    wreg      unsigned char 
 Registers used:
		wreg, status,2, status,0, pclath, cstack
 Tracked objects:
		On entry : 
		On exit  : 
		Unchanged: 
 Data sizes:     COMMON   BANK0   BANK1   BANK3   BANK2
      Params:         0       0       0       0       0
      Locals:         0       1       0       0       0
      Temps:          0       1       0       0       0
      Totals:         0       2       0       0       0
Total ram usage:        2 bytes
 Hardware stack levels used:    1
 Hardware stack levels required when called:    4
 This function calls:
		_ReadSPI
 This function is called by:
		_TransiverReadFIFO
 This function uses a non-reentrant model


 *************** function _TransiverInit *****************
 Defined at:
		line 540 in file "functions.c"
 Parameters:    Size  Location     Type
		None
 Auto vars:     Size  Location     Type
		None
 Return value:  Size  Location     Type
                  1    wreg      void 
 Registers used:
		wreg, fsr0l, fsr0h, status,2, status,0, btemp+1, pclath, cstack
 Tracked objects:
		On entry : 
		On exit  : 
		Unchanged: 
 Data sizes:     COMMON   BANK0   BANK1   BANK3   BANK2
      Params:         0       0       0       0       0
      Locals:         0       0       0       0       0
      Temps:          0       1       0       0       0
      Totals:         0       1       0       0       0
Total ram usage:        1 bytes
 Hardware stack levels used:    1
 Hardware stack levels required when called:    7
 This function calls:
		_Blink
		_FindChannel
		_RegisterRead
		_RegisterSet
		_SetRFMode
 This function is called by:
		_main
 This function uses a non-reentrant model


 *************** function _Blink *****************
 Defined at:
		line 688 in file "functions.c"
 Parameters:    Size  Location     Type
  n               2    6[BANK0 ] int 
 Auto vars:     Size  Location     Type
  i               2    9[BANK0 ] int 
 Return value:  Size  Location     Type
                  1    wreg      void 
 Registers used:
		wreg, status,2, status,0, pclath, cstack
 Tracked objects:
		On entry : 
		On exit  : 
		Unchanged: 
 Data sizes:     COMMON   BANK0   BANK1   BANK3   BANK2
      Params:         0       2       0       0       0
      Locals:         0       2       0       0       0
      Temps:          0       1       0       0       0
      Totals:         0       5       0       0       0
Total ram usage:        5 bytes
 Hardware stack levels used:    1
 Hardware stack levels required when called:    3
 This function calls:
		_DelayDs
 This function is called by:
		_TransiverInit
 This function uses a non-reentrant model


 *************** function _PICInit *****************
 Defined at:
		line 428 in file "functions.c"
 Parameters:    Size  Location     Type
		None
 Auto vars:     Size  Location     Type
		None
 Return value:  Size  Location     Type
                  1    wreg      void 
 Registers used:
		wreg, status,2, status,0
 Tracked objects:
		On entry : 
		On exit  : 
		Unchanged: 
 Data sizes:     COMMON   BANK0   BANK1   BANK3   BANK2
      Params:         0       0       0       0       0
      Locals:         0       0       0       0       0
      Temps:          0       0       0       0       0
      Totals:         0       0       0       0       0
Total ram usage:        0 bytes
 Hardware stack levels used:    1
 Hardware stack levels required when called:    2
 This function calls:
		Nothing
 This function is called by:
		_main
 This function uses a non-reentrant model


 *************** function _Mode_5 *****************
 Defined at:
		line 329 in file "functions.c"
 Parameters:    Size  Location     Type
		None
 Auto vars:     Size  Location     Type
		None
 Return value:  Size  Location     Type
                  1    wreg      void 
 Registers used:
		wreg, fsr0l, fsr0h, status,2, status,0, btemp+1, pclath, cstack
 Tracked objects:
		On entry : 
		On exit  : 
		Unchanged: 
 Data sizes:     COMMON   BANK0   BANK1   BANK3   BANK2
[...]


 *************** function _RegisterRead *****************
 Defined at:
		line 719 in file "functions.c"
 Parameters:    Size  Location     Type
  adress          1    wreg     unsigned char 
 Auto vars:     Size  Location     Type
  adress          1    6[BANK0 ] unsigned char 
  value           1    5[BANK0 ] unsigned char 
 Return value:  Size  Location     Type
                  1    wreg      unsigned char 
 Registers used:
		wreg, status,2, status,0, pclath, cstack
 Tracked objects:
		On entry : 
		On exit  : 
		Unchanged: 
 Data sizes:     COMMON   BANK0   BANK1   BANK3   BANK2
      Params:         0       0       0       0       0
      Locals:         0       2       0       0       0
      Temps:          0       2       0       0       0
      Totals:         0       4       0       0       0
Total ram usage:        4 bytes
 Hardware stack levels used:    1
 Hardware stack levels required when called:    4
 This function calls:
		_ReadSPI
		_WriteSPI
 This function is called by:
		_TransiverToReceive
		_TransmittPacket
		_TransiverInit
		_FindChannel
		_SetRFMode
 This function uses a non-reentrant model


 *************** function _Mode_2 *****************
 Defined at:
		line 298 in file "functions.c"
 Parameters:    Size  Location     Type
		None
 Auto vars:     Size  Location     Type
		None
 Return value:  Size  Location     Type
                  1    wreg      void 
 Registers used:
		wreg, fsr0l, fsr0h, status,2, status,0, pclath, cstack
 Tracked objects:
		On entry : 
		On exit  : 
		Unchanged: 
 Data sizes:     COMMON   BANK0   BANK1   BANK3   BANK2
      Params:         0       0       0       0       0
      Locals:         0       0       0       0       0
      Temps:          0       0       0       0       0
      Totals:         0       0       0       0       0
Total ram usage:        0 bytes
 Hardware stack levels used:    1
 Hardware stack levels required when called:    6
 This function calls:
		_LightWithSensController
 This function is called by:
		_main
 This function uses a non-reentrant model


 *************** function _Mode_1 *****************
 Defined at:
		line 284 in file "functions.c"
 Parameters:    Size  Location     Type
		None
 Auto vars:     Size  Location     Type
		None
 Return value:  Size  Location     Type
                  1    wreg      void 
 Registers used:
		wreg, status,2, status,0, pclath, cstack
 Tracked objects:
		On entry : 
		On exit  : 
		Unchanged: 
 Data sizes:     COMMON   BANK0   BANK1   BANK3   BANK2
      Params:         0       0       0       0       0
      Locals:         0       0       0       0       0
      Temps:          0       0       0       0       0
      Totals:         0       0       0       0       0
Total ram usage:        0 bytes
 Hardware stack levels used:    1
 Hardware stack levels required when called:    5
 This function calls:
		_DarknessCheck
 This function is called by:
		_main
 This function uses a non-reentrant model


 *************** function _Mode_0 *****************
 Defined at:
		line 276 in file "functions.c"
 Parameters:    Size  Location     Type
		None
 Auto vars:     Size  Location     Type
		None
 Return value:  Size  Location     Type
                  1    wreg      void 
 Registers used:
		wreg, fsr0l, fsr0h, status,2, status,0, pclath, cstack
 Tracked objects:
		On entry : 
		On exit  : 
		Unchanged: 
 Data sizes:     COMMON   BANK0   BANK1   BANK3   BANK2
      Params:         0       0       0       0       0
      Locals:         0       0       0       0       0
      Temps:          0       0       0       0       0
      Totals:         0       0       0       0       0
Total ram usage:        0 bytes
 Hardware stack levels used:    1
 Hardware stack levels required when called:    6
 This function calls:
		_LightWithSensController
 This function is called by:
		_main
 This function uses a non-reentrant model


 *************** function _LightWithSensController *****************
 Defined at:
		line 342 in file "functions.c"
 Parameters:    Size  Location     Type
		None
 Auto vars:     Size  Location     Type
		None
 Return value:  Size  Location     Type
                  1    wreg      void 
 Registers used:
		wreg, fsr0l, fsr0h, status,2, status,0, pclath, cstack
 Tracked objects:
		On entry : 
		On exit  : 
		Unchanged: 
 Data sizes:     COMMON   BANK0   BANK1   BANK3   BANK2
      Params:         0       0       0       0       0
      Locals:         0       0       0       0       0
      Temps:          0       0       0       0       0
      Totals:         0       0       0       0       0
Total ram usage:        0 bytes
 Hardware stack levels used:    1
 Hardware stack levels required when called:    5
 This function calls:
		_DarknessCheck
		_timerFunction
 This function is called by:
		_Mode_0
		_Mode_2
		_Mode_4
		_Mode_5
 This function uses a non-reentrant model


 *************** function _timerFunction *****************
 Defined at:
		line 393 in file "functions.c"
 Parameters:    Size  Location     Type
  intTimerNumb    2    0[BANK0 ] int 
  intSetSecond    2    2[BANK0 ] int 
 Auto vars:     Size  Location     Type
		None
 Return value:  Size  Location     Type
                  1    wreg      unsigned char 
 Registers used:
		wreg, fsr0l, fsr0h, status,2, status,0
 Tracked objects:
		On entry : 
		On exit  : 
		Unchanged: 
 Data sizes:     COMMON   BANK0   BANK1   BANK3   BANK2
      Params:         0       4       0       0       0
      Locals:         0       0       0       0       0
      Temps:          0       1       0       0       0
      Totals:         0       5       0       0       0
Total ram usage:        5 bytes
 Hardware stack levels used:    1
 Hardware stack levels required when called:    2
 This function calls:
		Nothing
 This function is called by:
		_TransiverToReceive
		_TransiverReadFIFO
		_TransmittPacket
		_LightWithSensController
 This function uses a non-reentrant model


 *************** function _DarknessCheck *****************
 Defined at:
		line 931 in file "functions.c"
 Parameters:    Size  Location     Type
		None
 Auto vars:     Size  Location     Type
  darknessValu    1    9[BANK0 ] unsigned char 
 Return value:  Size  Location     Type
                  1    wreg      void 
 Registers used:
		wreg, status,2, status,0, pclath, cstack
 Tracked objects:
		On entry : 
		On exit  : 
		Unchanged: 
 Data sizes:     COMMON   BANK0   BANK1   BANK3   BANK2
      Params:         0       0       0       0       0
      Locals:         0       1       0       0       0
      Temps:          0       1       0       0       0
      Totals:         0       2       0       0       0
Total ram usage:        2 bytes
 Hardware stack levels used:    1
 Hardware stack levels required when called:    4
 This function calls:
		_AnalogValue
		_eeprom_read
 This function is called by:
		_ReceivedPacketHandler
		_Mode_1
		_LightWithSensController
 This function uses a non-reentrant model


 *************** function _eeprom_read *****************
 Defined at:
		line 6 in file "C:\Program Files (x86)\Microchip\xc8\v1.40\sources\pic\eeread.c"
 Parameters:    Size  Location     Type
  addr            1    wreg     unsigned char 
 Auto vars:     Size  Location     Type
  addr            1    1[BANK0 ] unsigned char 
 Return value:  Size  Location     Type
                  1    wreg      unsigned char 
 Registers used:
		wreg, status,2, status,0
 Tracked objects:
		On entry : 
		On exit  : 
		Unchanged: 
 Data sizes:     COMMON   BANK0   BANK1   BANK3   BANK2
      Params:         0       0       0       0       0
      Locals:         0       1       0       0       0
      Temps:          0       1       0       0       0
      Totals:         0       2       0       0       0
Total ram usage:        2 bytes
 Hardware stack levels used:    1
 Hardware stack levels required when called:    2
 This function calls:
		Nothing
 This function is called by:
		_ReceivedPacketHandler
		_DarknessCheck
		_ReadMemoryAdress
		_IncreaseMemoryAdress
 This function uses a non-reentrant model


 *************** function _AnalogValue *****************
 Defined at:
		line 901 in file "functions.c"
 Parameters:    Size  Location     Type
  channel         1    wreg     unsigned char 
 Auto vars:     Size  Location     Type
  channel         1    7[BANK0 ] unsigned char 
 Return value:  Size  Location     Type
                  1    wreg      unsigned char 
 Registers used:
		wreg, status,2, status,0, pclath, cstack
 Tracked objects:
		On entry : 
		On exit  : 
		Unchanged: 
 Data sizes:     COMMON   BANK0   BANK1   BANK3   BANK2
      Params:         0       0       0       0       0
      Locals:         0       1       0       0       0
      Temps:          0       1       0       0       0
      Totals:         0       2       0       0       0
Total ram usage:        2 bytes
 Hardware stack levels used:    1
 Hardware stack levels required when called:    3
 This function calls:
		_DelayDs
 This function is called by:
		_ReceivedPacketHandler
		_DarknessCheck
		_saveDataToFlash
 This function uses a non-reentrant model


 *************** function _DelayDs *****************
 Defined at:
		line 511 in file "functions.c"
 Parameters:    Size  Location     Type
  cnt             2    0[BANK0 ] int 
 Auto vars:     Size  Location     Type
  i               2    4[BANK0 ] int 
 Return value:  Size  Location     Type
                  1    wreg      void 
 Registers used:
		wreg, status,2
 Tracked objects:
		On entry : 
		On exit  : 
		Unchanged: 
 Data sizes:     COMMON   BANK0   BANK1   BANK3   BANK2
      Params:         0       2       0       0       0
      Locals:         0       2       0       0       0
      Temps:          0       2       0       0       0
      Totals:         0       6       0       0       0
Total ram usage:        6 bytes
 Hardware stack levels used:    1
 Hardware stack levels required when called:    2
 This function calls:
		Nothing
 This function is called by:
		_ReceivedPacketHandler
		_Blink
		_AnalogValue
 This function uses a non-reentrant model


 *************** function _ClockInit *****************
 Defined at:
		line 6 in file "MCP79510.c"
 Parameters:    Size  Location     Type
		None
 Auto vars:     Size  Location     Type
  cnt             1    4[BANK0 ] unsigned char 
 Return value:  Size  Location     Type
                  1    wreg      void 
 Registers used:
		wreg, status,2, status,0, pclath, cstack
 Tracked objects:
		On entry : 
		On exit  : 
		Unchanged: 
 Data sizes:     COMMON   BANK0   BANK1   BANK3   BANK2
      Params:         0       0       0       0       0
      Locals:         0       1       0       0       0
      Temps:          0       1       0       0       0
      Totals:         0       2       0       0       0
Total ram usage:        2 bytes
 Hardware stack levels used:    1
 Hardware stack levels required when called:    4
 This function calls:
		_ReadSPI
		_WriteSPI
 This function is called by:
		_main
 This function uses a non-reentrant model


 *************** function _ReadSPI *****************
 Defined at:
		line 532 in file "functions.c"
 Parameters:    Size  Location     Type
		None
 Auto vars:     Size  Location     Type
		None
 Return value:  Size  Location     Type
                  1    wreg      unsigned char 
 Registers used:
		wreg, status,2, status,0, pclath, cstack
 Tracked objects:
		On entry : 
		On exit  : 
		Unchanged: 
 Data sizes:     COMMON   BANK0   BANK1   BANK3   BANK2
      Params:         0       0       0       0       0
      Locals:         0       0       0       0       0
      Temps:          0       0       0       0       0
      Totals:         0       0       0       0       0
Total ram usage:        0 bytes
 Hardware stack levels used:    1
 Hardware stack levels required when called:    3
 This function calls:
		_WriteSPI
 This function is called by:
		_RegisterRead
		_ReadFIFO
		_read_ram_status
		_read_write_flash_ram
		_ClockInit
		_ReadClock
		_read_ram_id
 This function uses a non-reentrant model


 *************** function _WriteSPI *****************
 Defined at:
		line 520 in file "functions.c"
 Parameters:    Size  Location     Type
  databyte        1    wreg     unsigned char 
 Auto vars:     Size  Location     Type
  databyte        1    2[BANK0 ] unsigned char 
  buffer          1    1[BANK0 ] unsigned char 
 Return value:  Size  Location     Type
                  1    wreg      void 
 Registers used:
		wreg
 Tracked objects:
		On entry : 
		On exit  : 
		Unchanged: 
 Data sizes:     COMMON   BANK0   BANK1   BANK3   BANK2
      Params:         0       0       0       0       0
      Locals:         0       2       0       0       0
      Temps:          0       1       0       0       0
      Totals:         0       3       0       0       0
Total ram usage:        3 bytes
 Hardware stack levels used:    1
 Hardware stack levels required when called:    2
 This function calls:
		Nothing
 This function is called by:
		_ReadSPI
		_RegisterRead
		_RegisterSet
		_WriteFIFO
		_read_ram_status
		_ram_bulk_erase
		_read_write_flash_ram
		_write_ram_status
		_ClockInit
		_ReadClock
		_read_ram_id
		_ram_sector_erase
		_power_up_flash_ram
		_power_down_flash_ram
 This function uses a non-reentrant model


 *************** function _tc_int *****************
 Defined at:
		line 826 in file "functions.c"
 Parameters:    Size  Location     Type
		None
 Auto vars:     Size  Location     Type
		None
 Return value:  Size  Location     Type
                  1    wreg      void 
 Registers used:
		wreg, fsr0l, fsr0h, status,2, status,0, btemp+1, pclath, cstack
 Tracked objects:
		On entry : 
		On exit  : 
		Unchanged: 
 Data sizes:     COMMON   BANK0   BANK1   BANK3   BANK2
      Params:         0       0       0       0       0
      Locals:         0       0       0       0       0
      Temps:          7       0       0       0       0
      Totals:         7       0       0       0       0
Total ram usage:        7 bytes
 Hardware stack levels used:    1
 Hardware stack levels required when called:    1
 This function calls:
		_TimerCounter
		i1_OperationMode
 This function is called by:
		Interrupt level 1
 This function uses a non-reentrant model


 *************** function i1_OperationMode *****************
 Defined at:
		line 964 in file "functions.c"
 Parameters:    Size  Location     Type
		None
 Auto vars:     Size  Location     Type
  OperationMod    1    1[COMMON] unsigned char 
 Return value:  Size  Location     Type
                  1    wreg      unsigned char 
 Registers used:
		wreg, status,2
 Tracked objects:
		On entry : 
		On exit  : 
		Unchanged: 
 Data sizes:     COMMON   BANK0   BANK1   BANK3   BANK2
      Params:         0       0       0       0       0
      Locals:         1       0       0       0       0
      Temps:          1       0       0       0       0
      Totals:         2       0       0       0       0
Total ram usage:        2 bytes
 Hardware stack levels used:    1
 This function calls:
		Nothing
 This function is called by:
		_tc_int
 This function uses a non-reentrant model


 *************** function _TimerCounter *****************
 Defined at:
		line 415 in file "functions.c"
 Parameters:    Size  Location     Type
		None
 Auto vars:     Size  Location     Type
  i               2    3[COMMON] int 
 Return value:  Size  Location     Type
                  1    wreg      void 
 Registers used:
		wreg, fsr0l, fsr0h, status,2, status,0, btemp+1
 Tracked objects:
		On entry : 
		On exit  : 
		Unchanged: 
 Data sizes:     COMMON   BANK0   BANK1   BANK3   BANK2
      Params:         0       0       0       0       0
      Locals:         2       0       0       0       0
      Temps:          3       0       0       0       0
      Totals:         5       0       0       0       0
Total ram usage:        5 bytes
 Hardware stack levels used:    1
 This function calls:
		Nothing
 This function is called by:
		_tc_int
 This function uses a non-reentrant model



MODULE INFORMATION

Module		Function		Class		Link	Load	Size
m25p16.c
		_read_write_flash_ram		CODE           	0BEE	0000	125
		_read_ram_status		CODE           	16B2	0000	21
		_ram_bulk_erase		CODE           	1745	0000	35
		_write_ram_status		CODE           	08A2	0000	45

m25p16.c estimated size: 226

MCP79510.c
		_ClockInit     		CODE           	0C6A	0000	155
		_ReadClock     		CODE           	046D	0000	314

MCP79510.c estimated size: 469

C:\Program Files (x86)\Microchip\xc8\v1.40\sources\common\strncmp.c
		_strncmp       		CODE           	09B2	0000	69

C:\Program Files (x86)\Microchip\xc8\v1.40\sources\common\strncmp.c estimated size: 69

functions.c
		_ReadMemoryAdress		CODE           	084A	0000	45
		_SetRFMode     		CODE           	0B7F	0000	112
		_ResetMemoryAdress		CODE           	170F	0000	27
		_Mode_0        		CODE           	1629	0000	5
		_TransmittPacket		CODE           	0DA2	0000	179
		_ReadFIFO      		CODE           	165D	0000	15
		_LightWithSensController		CODE           	0931	0000	64
		_timerFunction 		CODE           	167B	0000	19
		_DelayDs       		CODE           	1767	0000	36
		_TransiverInit 		CODE           	0F16	0000	235
		_AnalogValue   		CODE           	17D5	0000	44
		_tc_int        		CODE           	0E54	0000	195
		_IncreaseMemoryAdress		CODE           	0A52	0000	93
		_OperationMode 		CODE           	1646	0000	10
		_Mode_1        		CODE           	16DB	0000	27
		_FindChannel   		CODE           	06B6	0000	249
		_ReceivedPacketHandler		CODE           	0290	0000	478
		_Blink         		CODE           	08FE	0000	52
		_Mode_4        		CODE           	166B	0000	17
		_PICInit       		CODE           	0AAE	0000	101
		_saveDataToFlash		CODE           	0045	0000	588
		_WriteFIFO     		CODE           	07F4	0000	13
		_TransiverToReceive		CODE           	09F6	0000	93
		_TimerCounter  		CODE           	0970	0000	67
		_SendMemoryData		CODE           	05A6	0000	273
		_TransiverReadFIFO		CODE           	0B12	0000	110
		_RegisterSet   		CODE           	16F5	0000	27
		_Mode_2        		CODE           	083D	0000	14
		_RegisterRead  		CODE           	1729	0000	29
		_Mode_5        		CODE           	168D	0000	19
		_DarknessCheck 		CODE           	17AE	0000	40
		_WriteSPI      		CODE           	164F	0000	15
		_ReadSPI       		CODE           	162D	0000	9

functions.c estimated size: 3300

C:\Program Files (x86)\Microchip\xc8\v1.40\sources\common\strstr.c
		_strstr        		CODE           	07AE	0000	71

C:\Program Files (x86)\Microchip\xc8\v1.40\sources\common\strstr.c estimated size: 71

C:\Program Files (x86)\Microchip\xc8\v1.40\sources\pic\eeread.c
		_eeprom_read   		CODE           	178A	0000	37

C:\Program Files (x86)\Microchip\xc8\v1.40\sources\pic\eeread.c estimated size: 37

shared
		__stringtab    		STRING         	0800	0000	7
		__initialization		CODE           	0015	0000	45
		i1_OperationMode		CODE           	163D	0000	10
		_ChannelP      		STRING         	0806	0000	14
		_ChannelR      		STRING         	0813	0000	14
		_ChannelS      		STRING         	0820	0000	14

shared estimated size: 104

C:\Program Files (x86)\Microchip\xc8\v1.40\sources\pic\eewrite.c
		_eeprom_write  		CODE           	08CE	0000	49

C:\Program Files (x86)\Microchip\xc8\v1.40\sources\pic\eewrite.c estimated size: 49

main.c
		_main          		CODE           	0D04	0000	159

main.c estimated size: 159

C:\Program Files (x86)\Microchip\xc8\v1.40\sources\common\strlen.c
		_strlen        		CODE           	0876	0000	45

C:\Program Files (x86)\Microchip\xc8\v1.40\sources\common\strlen.c estimated size: 45

C:\Program Files (x86)\Microchip\xc8\v1.40\sources\common\Umul8.c
		___bmul        		CODE           	169F	0000	20

C:\Program Files (x86)\Microchip\xc8\v1.40\sources\common\Umul8.c estimated size: 20

C:\Program Files (x86)\Microchip\xc8\v1.40\sources\common\strchr.c
		_strchr        		CODE           	16C6	0000	22

C:\Program Files (x86)\Microchip\xc8\v1.40\sources\common\strchr.c estimated size: 22

