Microchip MPLAB XC8 Compiler V1.38 ()

Linker command line:

-W-3 --edf=C:\Program Files (x86)\Microchip\xc8\v1.38\dat\en_msgs.txt -cs \
  -h+dist/default/production\Bustel_Cardv20.0.X.production.sym \
  --cmf=dist/default/production\Bustel_Cardv20.0.X.production.cmf -z \
  -Q16F887 -oC:\Users\gustav\AppData\Local\Temp\scm8.2 \
  -Mdist/default/production/Bustel_Cardv20.0.X.production.map -E1 -ver=XC8 \
  -ASTACK=0110h-016fh -pstack=STACK -ACODE=00h-07FFhx4 -ASTRCODE=00h-01FFFh \
  -ASTRING=00h-0FFhx32 -ACONST=00h-0FFhx32 -AENTRY=00h-0FFhx32 \
  -ACOMMON=070h-07Fh -ABANK0=020h-06Fh -ABANK1=0A0h-0EFh \
  -ABANK2=0110h-016Fh -ABANK3=0190h-01EFh \
  -ARAM=020h-06Fh,0A0h-0EFh,0110h-016Fh,0190h-01EFh \
  -AABS1=020h-07Fh,0A0h-0EFh,0110h-016Fh,0190h-01EFh -ASFR0=00h-01Fh \
  -ASFR1=080h-09Fh -ASFR2=0100h-010Fh -ASFR3=0180h-018Fh \
  -preset_vec=00h,intentry=04h,init,end_init -ppowerup=CODE -pcinit=CODE \
  -pfunctab=CODE -ACONFIG=02007h-02008h -pconfig=CONFIG -DCONFIG=2 \
  -AIDLOC=02000h-02003h -pidloc=IDLOC -DIDLOC=2 -AEEDATA=00h-0FFh/02100h \
  -peeprom_data=EEDATA -DEEDATA=2 -DCODE=2 -DSTRCODE=2 -DSTRING=2 -DCONST=2 \
  -DENTRY=2 -k C:\Users\gustav\AppData\Local\Temp\scm8.obj \
  dist/default/production\Bustel_Cardv20.0.X.production.obj 

Object code version is 3.11

Machine type is 16F887



                Name                               Link     Load   Length Selector   Space Scale
C:\Users\gustav\AppData\Local\Temp\scm8.obj
                end_init                             12       12        3        8       0
                reset_vec                             0        0        3        0       0
                config                             2007     2007        1     400E       0
dist/default/production\Bustel_Cardv20.0.X.production.obj
                cinit                                15       15       2A        8       0
                intentry                              4        4        E        8       0
                text56                              814      814       42     1028       0
                text55                             1561     1561       1B     2AC2       0
                text54                             1689     1689       26     2D12       0
                text53                              929      929       52     1252       0
                text52                             14A7     14A7       11     294E       0
                text51                             1489     1489        E     2912       0
                text50                             1450     1450        8     28A0       0
                text49                              47E      47E      139        8       0
                text48                             157C     157C       1E     2AF8       0
                text47                             16AF     16AF       2B     2D5E       0
                text46                             15F9     15F9       24     2BF2       0
                text45                             14EE     14EE       14     29DC       0
                text44                              B1B      B1B       75     1636       0
                text43                               3F       3F      24B        8       0
                text42                             1468     1468        9     28D0       0
                text41                              D60      D60       CC     1AC0       0
                text40                             1517     1517       18     2A2E       0
                text39                             1458     1458        8     28B0       0
                text38                              C13      C13       9B     1826       0
                text37                             161D     161D       24     2C3A       0
                text36                             17C7     17C7       39     2F8E       0
                text35                             1641     1641       24     2C82       0
                text34                              7D6      7D6       27        8       0
                text33                             14B8     14B8       12     2970       0
                text32                              8E0      8E0       49     11C0       0
                text31                             144C     144C        4     2898       0
                text30                             15B8     15B8       1F     2B70       0
                text29                             147C     147C        D     28F8       0
                text28                             1665     1665       24     2CCA       0
                text27                             159A     159A       1E     2B34       0
                text26                              AAA      AAA       71     1554       0
                text25                              6D4      6D4      102        8       0
                text24                             1497     1497       10     292E       0
                text23                              CAE      CAE       B2     195C       0
                text22                             14CA     14CA       12     2994       0
                text21                              800      800       14     1000       0
                text20                              9D8      9D8       64     13B0       0
                text19                             1790     1790       37     2F20       0
                text18                              E2C      E2C       EA     1C58       0
                text17                             14DC     14DC       12     29B8       0
                text16                             1471     1471        B     28E2       0
                text15                             1760     1760       30     2EC0       0
                text14                             1547     1547       1A     2A8E       0
                text13                             16DA     16DA       2C     2DB4       0
                text12                             152F     152F       18     2A5E       0
                text11                              B90      B90       83     1720       0
                text10                              5B7      5B7      11D        8       0
                text9                              15D7     15D7       22     2BAE       0
                text8                              1502     1502       15     2A04       0
                text7                              1706     1706       2C     2E0C       0
                text6                               856      856       44     10AC       0
                text5                               89A      89A       46     1134       0
                text4                              1732     1732       2E     2E64       0
                text3                               28A      28A      1F4        8       0
                text2                               A3C      A3C       6E     1478       0
                text1                               97B      97B       5D     12F6       0
                maintext                            F16      F16       EA     1E2C       0
                cstackBANK0                          20       20       23       20       1
                cstackCOMMON                         70       70        D       70       1
                cstackBANK1                          A0       A0       36       A0       1
                cstackBANK3                         1B8      1B8       22      190       1
                clrtext                            1460     1460        8     28C0       0
                bssBANK3                            190      190       28      190       1
                bssBANK1                             D6       D6        2       A0       1
                dataBANK0                            61       61        3       20       1
                bssBANK0                             43       43       1E       20       1
                strings                            1000     1000       3D     2000       0
                idataBANK0                          7FD      7FD        3        8       0

TOTAL           Name                               Link     Load   Length     Space
        CLASS   STACK          

        CLASS   CODE           
                end_init                             12       12        3         0
                cinit                                15       15       2A         0
                intentry                              4        4        E         0
                reset_vec                             0        0        3         0
                text56                              814      814       42         0
                text55                             1561     1561       1B         0
                text54                             1689     1689       26         0
                text53                              929      929       52         0
                text52                             14A7     14A7       11         0
                text51                             1489     1489        E         0
                text50                             1450     1450        8         0
                text49                              47E      47E      139         0
                text48                             157C     157C       1E         0
                text47                             16AF     16AF       2B         0
                text46                             15F9     15F9       24         0
                text45                             14EE     14EE       14         0
                text44                              B1B      B1B       75         0
                text43                               3F       3F      24B         0
                text42                             1468     1468        9         0
                text41                              D60      D60       CC         0
                text40                             1517     1517       18         0
                text39                             1458     1458        8         0
                text38                              C13      C13       9B         0
                text37                             161D     161D       24         0
                text36                             17C7     17C7       39         0
                text35                             1641     1641       24         0
                text34                              7D6      7D6       27         0
                text33                             14B8     14B8       12         0
                text32                              8E0      8E0       49         0
                text31                             144C     144C        4         0
                text30                             15B8     15B8       1F         0
                text29                             147C     147C        D         0
                text28                             1665     1665       24         0
                text27                             159A     159A       1E         0
                text26                              AAA      AAA       71         0
                text25                              6D4      6D4      102         0
                text24                             1497     1497       10         0
                text23                              CAE      CAE       B2         0
                text22                             14CA     14CA       12         0
                text21                              800      800       14         0
                text20                              9D8      9D8       64         0
                text19                             1790     1790       37         0
                text18                              E2C      E2C       EA         0
                text17                             14DC     14DC       12         0
                text16                             1471     1471        B         0
                text15                             1760     1760       30         0
                text14                             1547     1547       1A         0
                text13                             16DA     16DA       2C         0
                text12                             152F     152F       18         0
                text11                              B90      B90       83         0
                text10                              5B7      5B7      11D         0
                text9                              15D7     15D7       22         0
                text8                              1502     1502       15         0
                text7                              1706     1706       2C         0
                text6                               856      856       44         0
                text5                               89A      89A       46         0
                text4                              1732     1732       2E         0
                text3                               28A      28A      1F4         0
                text2                               A3C      A3C       6E         0
                text1                               97B      97B       5D         0
                maintext                            F16      F16       EA         0
                clrtext                            1460     1460        8         0
                idataBANK0                          7FD      7FD        3         0

        CLASS   STRCODE        

        CLASS   STRING         
                strings                            1000     1000       3D         0

        CLASS   CONST          

        CLASS   ENTRY          

        CLASS   COMMON         
                cstackCOMMON                         70       70        D         1

        CLASS   BANK0          
                cstackBANK0                          20       20       23         1
                dataBANK0                            61       61        3         1
                bssBANK0                             43       43       1E         1

        CLASS   BANK1          
                cstackBANK1                          A0       A0       36         1
                bssBANK1                             D6       D6        2         1

        CLASS   BANK2          

        CLASS   BANK3          
                cstackBANK3                         1B8      1B8       22         1
                bssBANK3                            190      190       28         1

        CLASS   RAM            

        CLASS   ABS1           
                abs_s1                               7E       7E        2         1

        CLASS   SFR0           

        CLASS   SFR1           

        CLASS   SFR2           

        CLASS   SFR3           

        CLASS   CONFIG         
                config                             2007     2007        1         0

        CLASS   IDLOC          

        CLASS   EEDATA         



SEGMENTS        Name                           Load    Length   Top    Selector   Space  Class     Delta

                reset_vec                      000000  000003  000003         0       0  CODE        2
                intentry                       000004  0007FC  000800         8       0  CODE        2
                cstackBANK0                    000020  000044  000064        20       1  BANK0       1
                cstackCOMMON                   000070  00000D  00007D        70       1  COMMON      1
                cstackBANK1                    0000A0  000038  0000D8        A0       1  BANK1       1
                bssBANK3                       000190  00004A  0001DA       190       1  BANK3       1
                text21                         000800  000014  000814      1000       0  CODE        2
                text56                         000814  000042  000856      1028       0  CODE        2
                text6                          000856  000044  00089A      10AC       0  CODE        2
                text5                          00089A  000046  0008E0      1134       0  CODE        2
                text32                         0008E0  000049  000929      11C0       0  CODE        2
                text53                         000929  000052  00097B      1252       0  CODE        2
                text1                          00097B  00005D  0009D8      12F6       0  CODE        2
                text20                         0009D8  000064  000A3C      13B0       0  CODE        2
                text2                          000A3C  00006E  000AAA      1478       0  CODE        2
                text26                         000AAA  000071  000B1B      1554       0  CODE        2
                text44                         000B1B  000075  000B90      1636       0  CODE        2
                text11                         000B90  000083  000C13      1720       0  CODE        2
                text38                         000C13  00009B  000CAE      1826       0  CODE        2
                text23                         000CAE  0000B2  000D60      195C       0  CODE        2
                text41                         000D60  0000CC  000E2C      1AC0       0  CODE        2
                text18                         000E2C  0000EA  000F16      1C58       0  CODE        2
                maintext                       000F16  0000EA  001000      1E2C       0  CODE        2
                strings                        001000  00003D  00103D      2000       0  STRING      2
                text31                         00144C  000004  001450      2898       0  CODE        2
                text50                         001450  000008  001458      28A0       0  CODE        2
                text39                         001458  000008  001460      28B0       0  CODE        2
                clrtext                        001460  000008  001468      28C0       0  CODE        2
                text42                         001468  000009  001471      28D0       0  CODE        2
                text16                         001471  00000B  00147C      28E2       0  CODE        2
                text29                         00147C  00000D  001489      28F8       0  CODE        2
                text51                         001489  00000E  001497      2912       0  CODE        2
                text24                         001497  000010  0014A7      292E       0  CODE        2
                text52                         0014A7  000011  0014B8      294E       0  CODE        2
                text33                         0014B8  000012  0014CA      2970       0  CODE        2
                text22                         0014CA  000012  0014DC      2994       0  CODE        2
                text17                         0014DC  000012  0014EE      29B8       0  CODE        2
                text45                         0014EE  000014  001502      29DC       0  CODE        2
                text8                          001502  000015  001517      2A04       0  CODE        2
                text40                         001517  000018  00152F      2A2E       0  CODE        2
                text12                         00152F  000018  001547      2A5E       0  CODE        2
                text14                         001547  00001A  001561      2A8E       0  CODE        2
                text55                         001561  00001B  00157C      2AC2       0  CODE        2
                text48                         00157C  00001E  00159A      2AF8       0  CODE        2
                text27                         00159A  00001E  0015B8      2B34       0  CODE        2
                text30                         0015B8  00001F  0015D7      2B70       0  CODE        2
                text9                          0015D7  000022  0015F9      2BAE       0  CODE        2
                text46                         0015F9  000024  00161D      2BF2       0  CODE        2
                text37                         00161D  000024  001641      2C3A       0  CODE        2
                text35                         001641  000024  001665      2C82       0  CODE        2
                text28                         001665  000024  001689      2CCA       0  CODE        2
                text54                         001689  000026  0016AF      2D12       0  CODE        2
                text47                         0016AF  00002B  0016DA      2D5E       0  CODE        2
                text13                         0016DA  00002C  001706      2DB4       0  CODE        2
                text7                          001706  00002C  001732      2E0C       0  CODE        2
                text4                          001732  00002E  001760      2E64       0  CODE        2
                text15                         001760  000030  001790      2EC0       0  CODE        2
                text19                         001790  000037  0017C7      2F20       0  CODE        2
                text36                         0017C7  000039  001800      2F8E       0  CODE        2
                config                         002007  000001  002008      400E       0  CONFIG      2


UNUSED ADDRESS RANGES

        Name                Unused          Largest block    Delta
        BANK0            0064-006F              C           1
        BANK1            00D8-00EF             18           1
        BANK2            0110-016F             60           1
        BANK3            01DA-01EF             16           1
        CODE             0003-0003              1           2
                         103D-144B            40F
                         1800-1FFF            800
        COMMON           007D-007D              1           1
        CONFIG           2008-2008              1           2
        CONST            0003-0003              1           2
                         103D-144B            100
                         1800-1FFF            100
        EEDATA           2100-21FF            100           2
        ENTRY            0003-0003              1           2
                         103D-144B            100
                         1800-1FFF            100
        IDLOC            2000-2003              4           2
        RAM              0064-006F              C           1
                         00D8-00EF             18
                         0110-016F             60
                         01DA-01EF             16
        SFR0             0000-001F             20           1
        SFR1             0080-009F             20           1
        SFR2             0100-010F             10           1
        SFR3             0180-018F             10           1
        STACK            0110-016F             60           1
        STRCODE          0003-0003              1           2
                         103D-144B            40F
                         1800-1FFF            800
        STRING           0003-0003              1           2
                         103D-144B            100
                         1800-1FFF            100

                                  Symbol Table

?_strlen                                   cstackBANK1  00A0
?_strncmp                                  cstackBANK1  00A8
AnalogValue@channel                        cstackBANK1  00A7
Blink@i                                    cstackBANK1  00A9
Blink@n                                    cstackBANK1  00A6
ClockInit@cnt                              cstackBANK1  00A4
DarknessCheck@darknessValue                cstackBANK1  00A9
DelayDs@cnt                                cstackBANK1  00A0
DelayDs@i                                  cstackBANK1  00A4
FindChannel@cnt                            cstackBANK1  00B1
FindChannel@i                              cstackBANK1  00B3
IncreaseMemoryAdress@var1                  cstackCOMMON 0074
IncreaseMemoryAdress@var2                  cstackCOMMON 0075
IncreaseMemoryAdress@var3                  cstackCOMMON 0076
OperationMode@bracketStatus                cstackBANK1  00A1
ReadClock@date                             cstackCOMMON 0076
ReadClock@date1                            cstackBANK0  002C
ReadClock@date10                           cstackBANK0  0023
ReadClock@hour                             cstackCOMMON 0075
ReadClock@hour1                            cstackBANK0  0029
ReadClock@hour10                           cstackBANK0  0022
ReadClock@min1                             cstackBANK0  0028
ReadClock@min10                            cstackBANK0  0021
ReadClock@minutes                          cstackCOMMON 0074
ReadClock@month                            cstackCOMMON 0077
ReadClock@month1                           cstackBANK0  002A
ReadClock@month10                          cstackBANK0  0024
ReadClock@sec1                             cstackBANK0  0027
ReadClock@sec10                            cstackBANK0  0020
ReadClock@seconds                          cstackBANK0  0026
ReadClock@year                             cstackCOMMON 0078
ReadClock@year1                            cstackBANK0  002B
ReadClock@year10                           cstackBANK0  0025
ReadFIFO@value                             cstackBANK1  00A4
ReadMemoryAdress@var1                      cstackBANK1  00A3
ReadMemoryAdress@var2                      cstackBANK1  00A2
ReadMemoryAdress@var3                      cstackBANK1  00A5
ReceivedPacketHandler@Data                 cstackBANK1  00D0
RegisterRead@adress                        cstackBANK1  00A6
RegisterRead@value                         cstackBANK1  00A5
RegisterSet@adress                         cstackBANK1  00AA
RegisterSet@value                          cstackBANK1  00A7
SendMemoryData@addr1                       cstackBANK1  00CA
SendMemoryData@addr2                       cstackBANK1  00C9
SendMemoryData@addr3                       cstackBANK1  00C8
SendMemoryData@address                     cstackBANK1  00CB
SendMemoryData@finalAddress                cstackBANK1  00C4
SendMemoryData@value                       cstackBANK1  00C3
SetRFMode@mcparam0_read                    cstackBANK1  00AD
SetRFMode@mode                             cstackBANK1  00AC
TimerCounter@i                             cstackCOMMON 0073
TransiverReadFIFO@ReceivedString           cstackBANK3  01B8
TransiverReadFIFO@i                        cstackBANK3  01D6
TransiverReadFIFO@j                        cstackBANK3  01D8
TransmittPacket@i                          cstackBANK1  00B8
TransmittPacket@topic                      cstackBANK1  00BA
TransmittPacket@value                      cstackBANK1  00B5
WriteFIFO@Data                             cstackBANK1  00A3
WriteSPI@buffer                            cstackBANK1  00A1
WriteSPI@databyte                          cstackBANK1  00A2
_ADCON0bits                                (abs)        001F
_ADCON1bits                                (abs)        009F
_ADRESH                                    (abs)        001E
_ANSEL                                     (abs)        0188
_ANSELH                                    (abs)        0189
_ANSELHbits                                (abs)        0189
_ANSELbits                                 (abs)        0188
_AnalogValue                               text36       17C7
_Blink                                     text19       1790
_CARRY                                     (abs)        0018
_ChannelP                                  strings      1006
_ChannelR                                  strings      1013
_ChannelS                                  strings      1020
_ClockInit                                 text38       0C13
_DarknessCheck                             text34       07D6
_DelayDs                                   text37       161D
_EEADR                                     (abs)        010D
_EECON1                                    (abs)        018C
_EECON2                                    (abs)        018D
_EEDATA                                    (abs)        010C
_FindChannel                               text25       06D4
_GIE                                       (abs)        005F
_INTCONbits                                (abs)        000B
_IOCBbits                                  (abs)        0096
_IncreaseMemoryAdress                      text53       0929
_LightWithSensController                   text32       08E0
_Mode_0                                    text31       144C
_Mode_1                                    text30       15B8
_Mode_2                                    text29       147C
_Mode_4                                    text22       14CA
_Mode_5                                    text21       0800
_OPTION_REGbits                            (abs)        0081
_OSCCONbits                                (abs)        008F
_OperationMode                             text16       1471
_PICInit                                   text20       09D8
_PIE1bits                                  (abs)        008C
_PIR1bits                                  (abs)        000C
_PORTA                                     (abs)        0005
_PORTB                                     (abs)        0006
_PORTC                                     (abs)        0007
_PORTD                                     (abs)        0008
_PORTE                                     (abs)        0009
_RA1                                       (abs)        0029
_RA4                                       (abs)        002C
_RA5                                       (abs)        002D
_RB0                                       (abs)        0030
_RB1                                       (abs)        0031
_RB3                                       (abs)        0033
_RB4                                       (abs)        0034
_RB5                                       (abs)        0035
_RBIF                                      (abs)        0058
_RC0                                       (abs)        0038
_RC1                                       (abs)        0039
_RC2                                       (abs)        003A
_RD                                        (abs)        0C60
_RD3                                       (abs)        0043
_RD4                                       (abs)        0044
_ReadClock                                 text49       047E
_ReadFIFO                                  text17       14DC
_ReadMemoryAdress                          text13       16DA
_ReadSPI                                   text39       1458
_ReceivedPacketHandler                     text3        028A
_RegisterRead                              text28       1665
_RegisterSet                               text27       159A
_ResetMemoryAdress                         text14       1547
_SSPBUF                                    (abs)        0013
_SSPCONbits                                (abs)        0014
_SSPIE                                     (abs)        0463
_SSPSTATbits                               (abs)        0094
_SendMemoryData                            text10       05B7
_SetRFMode                                 text26       0AAA
_T1CON                                     (abs)        0010
_T1CONbits                                 (abs)        0010
_TMR1H                                     (abs)        000F
_TMR1IF                                    (abs)        0060
_TMR1L                                     (abs)        000E
_TMR1ON                                    (abs)        0080
_TRISA                                     (abs)        0085
_TRISB                                     (abs)        0086
_TRISC                                     (abs)        0087
_TRISD                                     (abs)        0088
_TRISE                                     (abs)        0089
_TimerCounter                              text56       0814
_TransiverInit                             text18       0E2C
_TransiverReadFIFO                         text2        0A3C
_TransiverToReceive                        text1        097B
_TransmittPacket                           text23       0CAE
_WPUBbits                                  (abs)        0095
_WR                                        (abs)        0C61
_WREN                                      (abs)        0C62
_WriteFIFO                                 text24       1497
_WriteSPI                                  text40       1517
__CFG_BOREN$OFF                            (abs)        0000
__CFG_CP$ON                                (abs)        0000
__CFG_CPD$ON                               (abs)        0000
__CFG_DEBUG$OFF                            (abs)        0000
__CFG_FCMEN$OFF                            (abs)        0000
__CFG_FOSC$INTRC_NOCLKOUT                  (abs)        0000
__CFG_IESO$OFF                             (abs)        0000
__CFG_LVP$OFF                              (abs)        0000
__CFG_MCLRE$OFF                            (abs)        0000
__CFG_PWRTE$OFF                            (abs)        0000
__CFG_WDTE$OFF                             (abs)        0000
__Habs1                                    abs1         0000
__Hbank0                                   bank0        0000
__Hbank1                                   bank1        0000
__Hbank2                                   bank2        0000
__Hbank3                                   bank3        0000
__HbssBANK0                                bssBANK0     0000
__HbssBANK1                                bssBANK1     0000
__HbssBANK3                                bssBANK3     0000
__Hcinit                                   cinit        003F
__Hclrtext                                 clrtext      0000
__Hcode                                    code         0000
__Hcommon                                  common       0000
__Hconfig                                  config       2008
__HcstackBANK0                             cstackBANK0  0000
__HcstackBANK1                             cstackBANK1  0000
__HcstackBANK3                             cstackBANK3  0000
__HcstackCOMMON                            cstackCOMMON 0000
__HdataBANK0                               dataBANK0    0000
__Heeprom_data                             eeprom_data  0000
__Hend_init                                end_init     0015
__Hfunctab                                 functab      0000
__HidataBANK0                              idataBANK0   0000
__Hidloc                                   idloc        0000
__Hinit                                    init         0012
__Hintentry                                intentry     0012
__Hmaintext                                maintext     0000
__Hpowerup                                 powerup      0000
__Hram                                     ram          0000
__Hreset_vec                               reset_vec    0003
__Hsfr0                                    sfr0         0000
__Hsfr1                                    sfr1         0000
__Hsfr2                                    sfr2         0000
__Hsfr3                                    sfr3         0000
__Hspace_0                                 (abs)        2008
__Hspace_1                                 (abs)        01DA
__Hspace_2                                 (abs)        0000
__Hspace_3                                 (abs)        0000
__Hstack                                   stack        0000
__Hstrings                                 strings      0000
__Htext                                    text         0000
__Labs1                                    abs1         0000
__Lbank0                                   bank0        0000
__Lbank1                                   bank1        0000
__Lbank2                                   bank2        0000
__Lbank3                                   bank3        0000
__LbssBANK0                                bssBANK0     0000
__LbssBANK1                                bssBANK1     0000
__LbssBANK3                                bssBANK3     0000
__Lcinit                                   cinit        0015
__Lclrtext                                 clrtext      0000
__Lcode                                    code         0000
__Lcommon                                  common       0000
__Lconfig                                  config       2007
__LcstackBANK0                             cstackBANK0  0000
__LcstackBANK1                             cstackBANK1  0000
__LcstackBANK3                             cstackBANK3  0000
__LcstackCOMMON                            cstackCOMMON 0000
__LdataBANK0                               dataBANK0    0000
__Leeprom_data                             eeprom_data  0000
__Lend_init                                end_init     0012
__Lfunctab                                 functab      0000
__LidataBANK0                              idataBANK0   0000
__Lidloc                                   idloc        0000
__Linit                                    init         0012
__Lintentry                                intentry     0004
__Lmaintext                                maintext     0000
__Lpowerup                                 powerup      0000
__Lram                                     ram          0000
__Lreset_vec                               reset_vec    0000
__Lsfr0                                    sfr0         0000
__Lsfr1                                    sfr1         0000
__Lsfr2                                    sfr2         0000
__Lsfr3                                    sfr3         0000
__Lspace_0                                 (abs)        0000
__Lspace_1                                 (abs)        0000
__Lspace_2                                 (abs)        0000
__Lspace_3                                 (abs)        0000
__Lstack                                   stack        0000
__Lstrings                                 strings      0000
__Ltext                                    text         0000
__S0                                       (abs)        2008
__S1                                       (abs)        01DA
__S2                                       (abs)        0000
__S3                                       (abs)        0000
___bmul                                    text52       14A7
___bmul@multiplicand                       cstackCOMMON 0070
___bmul@multiplier                         cstackCOMMON 0073
___bmul@product                            cstackCOMMON 0072
___int_sp                                  stack        0000
___latbits                                 (abs)        0002
___sp                                      stack        0000
__end_of_AnalogValue                       text36       1800
__end_of_Blink                             text19       17C7
__end_of_ChannelP                          strings      1013
__end_of_ChannelR                          strings      1020
__end_of_ChannelS                          strings      102D
__end_of_ClockInit                         text38       0CAE
__end_of_DarknessCheck                     text34       07FD
__end_of_DelayDs                           text37       1641
__end_of_FindChannel                       text25       07D6
__end_of_IncreaseMemoryAdress              text53       097B
__end_of_LightWithSensController           text32       0929
__end_of_Mode_0                            text31       1450
__end_of_Mode_1                            text30       15D7
__end_of_Mode_2                            text29       1489
__end_of_Mode_4                            text22       14DC
__end_of_Mode_5                            text21       0814
__end_of_OperationMode                     text16       147C
__end_of_PICInit                           text20       0A3C
__end_of_ReadClock                         text49       05B7
__end_of_ReadFIFO                          text17       14EE
__end_of_ReadMemoryAdress                  text13       1706
__end_of_ReadSPI                           text39       1460
__end_of_ReceivedPacketHandler             text3        047E
__end_of_RegisterRead                      text28       1689
__end_of_RegisterSet                       text27       15B8
__end_of_ResetMemoryAdress                 text14       1561
__end_of_SendMemoryData                    text10       06D4
__end_of_SetRFMode                         text26       0B1B
__end_of_TimerCounter                      text56       0856
__end_of_TransiverInit                     text18       0F16
__end_of_TransiverReadFIFO                 text2        0AAA
__end_of_TransiverToReceive                text1        09D8
__end_of_TransmittPacket                   text23       0D60
__end_of_WriteFIFO                         text24       14A7
__end_of_WriteSPI                          text40       152F
__end_of___bmul                            text52       14B8
__end_of__initialization                   cinit        003B
__end_of__stringtab                        strings      1006
__end_of_eeprom_read                       text35       1665
__end_of_eeprom_write                      text15       1790
__end_of_main                              maintext     1000
__end_of_ram_bulk_erase                    text9        15F9
__end_of_read_ram_status                   text12       1547
__end_of_read_write_flash_ram              text11       0C13
__end_of_saveDataToFlash                   text43       028A
__end_of_strchr                            text8        1517
__end_of_strlen                            text7        1732
__end_of_strncmp                           text6        089A
__end_of_strstr                            text5        08E0
__end_of_tc_int                            text41       0E2C
__end_of_timerFunction                     text33       14CA
__end_of_write_ram_status                  text4        1760
__end_ofi1_AnalogValue                     text47       16DA
__end_ofi1_DelayDs                         text48       159A
__end_ofi1_OperationMode                   text42       1471
__end_ofi1_ReadMemoryAdress                text46       161D
__end_ofi1_ReadSPI                         text50       1458
__end_ofi1_WriteSPI                        text51       1497
__end_ofi1_eeprom_read                     text55       157C
__end_ofi1_eeprom_write                    text54       16AF
__end_ofi1_read_ram_status                 text45       1502
__end_ofi1_read_write_flash_ram            text44       0B90
__initialization                           cinit        0015
__pbssBANK0                                bssBANK0     0043
__pbssBANK1                                bssBANK1     00D6
__pbssBANK3                                bssBANK3     0190
__pcstackBANK0                             cstackBANK0  0020
__pcstackBANK1                             cstackBANK1  00A0
__pcstackBANK3                             cstackBANK3  01B8
__pcstackCOMMON                            cstackCOMMON 0070
__pdataBANK0                               dataBANK0    0061
__pidataBANK0                              idataBANK0   07FD
__pintentry                                intentry     0004
__pmaintext                                maintext     0F16
__pstrings                                 strings      1000
__ptext1                                   text1        097B
__ptext10                                  text10       05B7
__ptext11                                  text11       0B90
__ptext12                                  text12       152F
__ptext13                                  text13       16DA
__ptext14                                  text14       1547
__ptext15                                  text15       1760
__ptext16                                  text16       1471
__ptext17                                  text17       14DC
__ptext18                                  text18       0E2C
__ptext19                                  text19       1790
__ptext2                                   text2        0A3C
__ptext20                                  text20       09D8
__ptext21                                  text21       0800
__ptext22                                  text22       14CA
__ptext23                                  text23       0CAE
__ptext24                                  text24       1497
__ptext25                                  text25       06D4
__ptext26                                  text26       0AAA
__ptext27                                  text27       159A
__ptext28                                  text28       1665
__ptext29                                  text29       147C
__ptext3                                   text3        028A
__ptext30                                  text30       15B8
__ptext31                                  text31       144C
__ptext32                                  text32       08E0
__ptext33                                  text33       14B8
__ptext34                                  text34       07D6
__ptext35                                  text35       1641
__ptext36                                  text36       17C7
__ptext37                                  text37       161D
__ptext38                                  text38       0C13
__ptext39                                  text39       1458
__ptext4                                   text4        1732
__ptext40                                  text40       1517
__ptext41                                  text41       0D60
__ptext42                                  text42       1468
__ptext43                                  text43       003F
__ptext44                                  text44       0B1B
__ptext45                                  text45       14EE
__ptext46                                  text46       15F9
__ptext47                                  text47       16AF
__ptext48                                  text48       157C
__ptext49                                  text49       047E
__ptext5                                   text5        089A
__ptext50                                  text50       1450
__ptext51                                  text51       1489
__ptext52                                  text52       14A7
__ptext53                                  text53       0929
__ptext54                                  text54       1689
__ptext55                                  text55       1561
__ptext56                                  text56       0814
__ptext6                                   text6        0856
__ptext7                                   text7        1706
__ptext8                                   text8        1502
__ptext9                                   text9        15D7
__size_of_AnalogValue                      (abs)        0000
__size_of_Blink                            (abs)        0000
__size_of_ClockInit                        (abs)        0000
__size_of_DarknessCheck                    (abs)        0000
__size_of_DelayDs                          (abs)        0000
__size_of_FindChannel                      (abs)        0000
__size_of_IncreaseMemoryAdress             (abs)        0000
__size_of_LightWithSensController          (abs)        0000
__size_of_Mode_0                           (abs)        0000
__size_of_Mode_1                           (abs)        0000
__size_of_Mode_2                           (abs)        0000
__size_of_Mode_4                           (abs)        0000
__size_of_Mode_5                           (abs)        0000
__size_of_OperationMode                    (abs)        0000
__size_of_PICInit                          (abs)        0000
__size_of_ReadClock                        (abs)        0000
__size_of_ReadFIFO                         (abs)        0000
__size_of_ReadMemoryAdress                 (abs)        0000
__size_of_ReadSPI                          (abs)        0000
__size_of_ReceivedPacketHandler            (abs)        0000
__size_of_RegisterRead                     (abs)        0000
__size_of_RegisterSet                      (abs)        0000
__size_of_ResetMemoryAdress                (abs)        0000
__size_of_SendMemoryData                   (abs)        0000
__size_of_SetRFMode                        (abs)        0000
__size_of_TimerCounter                     (abs)        0000
__size_of_TransiverInit                    (abs)        0000
__size_of_TransiverReadFIFO                (abs)        0000
__size_of_TransiverToReceive               (abs)        0000
__size_of_TransmittPacket                  (abs)        0000
__size_of_WriteFIFO                        (abs)        0000
__size_of_WriteSPI                         (abs)        0000
__size_of___bmul                           (abs)        0000
__size_of_eeprom_read                      (abs)        0000
__size_of_eeprom_write                     (abs)        0000
__size_of_main                             (abs)        0000
__size_of_ram_bulk_erase                   (abs)        0000
__size_of_read_ram_status                  (abs)        0000
__size_of_read_write_flash_ram             (abs)        0000
__size_of_saveDataToFlash                  (abs)        0000
__size_of_strchr                           (abs)        0000
__size_of_strlen                           (abs)        0000
__size_of_strncmp                          (abs)        0000
__size_of_strstr                           (abs)        0000
__size_of_tc_int                           (abs)        0000
__size_of_timerFunction                    (abs)        0000
__size_of_write_ram_status                 (abs)        0000
__size_ofi1_AnalogValue                    (abs)        0000
__size_ofi1_DelayDs                        (abs)        0000
__size_ofi1_OperationMode                  (abs)        0000
__size_ofi1_ReadMemoryAdress               (abs)        0000
__size_ofi1_ReadSPI                        (abs)        0000
__size_ofi1_WriteSPI                       (abs)        0000
__size_ofi1_eeprom_read                    (abs)        0000
__size_ofi1_eeprom_write                   (abs)        0000
__size_ofi1_read_ram_status                (abs)        0000
__size_ofi1_read_write_flash_ram           (abs)        0000
__stringbase                               strings      1005
__stringtab                                strings      1000
_bChannelFound                             bssBANK0     0060
_bDark                                     bssBANK1     00D6
_bTimerComplete                            bssBANK0     004D
_bTransiverModeReceive                     bssBANK1     00D7
_bValueFromPot                             dataBANK0    0063
_channelFound                              bssBANK0     0052
_eeprom_read                               text35       1641
_eeprom_write                              text15       1760
_intBlinkCounter                           bssBANK0     0054
_intBlinkCycle                             bssBANK0     0056
_intClockTimer                             bssBANK0     0043
_intHalfSecondCounter                      bssBANK0     005A
_intMinuteCounter                          bssBANK0     005C
_intNumberOfBlinks                         dataBANK0    0061
_intSecondCounter                          bssBANK0     005E
_main                                      maintext     0F16
_ram_bulk_erase                            text9        15D7
_read_ram_status                           text12       152F
_read_write_flash_ram                      text11       0B90
_saveDataToFlash                           text43       003F
_strchr                                    text8        1502
_strlen                                    text7        1706
_strncmp                                   text6        0856
_strstr                                    text5        089A
_tc_int                                    text41       0D60
_timerFunction                             text33       14B8
_write_ram_status                          text4        1732
btemp                                      (abs)        007E
clear_ram0                                 clrtext      1460
eeprom_read@addr                           cstackBANK1  00A1
eeprom_write@addr                          cstackBANK1  00A2
eeprom_write@value                         cstackBANK1  00A0
end_of_initialization                      cinit        003B
i1AnalogValue@channel                      cstackCOMMON 0077
i1DelayDs@cnt                              cstackCOMMON 0070
i1DelayDs@i                                cstackCOMMON 0074
i1OperationMode@bracketStatus              cstackCOMMON 0071
i1ReadMemoryAdress@var1                    cstackCOMMON 0073
i1ReadMemoryAdress@var2                    cstackCOMMON 0072
i1ReadMemoryAdress@var3                    cstackCOMMON 0075
i1WriteSPI@buffer                          cstackCOMMON 0071
i1WriteSPI@databyte                        cstackCOMMON 0072
i1_AnalogValue                             text47       16AF
i1_DelayDs                                 text48       157C
i1_OperationMode                           text42       1468
i1_ReadMemoryAdress                        text46       15F9
i1_ReadSPI                                 text50       1450
i1_WriteSPI                                text51       1489
i1_eeprom_read                             text55       1561
i1_eeprom_write                            text54       1689
i1_read_ram_status                         text45       14EE
i1_read_write_flash_ram                    text44       0B1B
i1eeprom_read@addr                         cstackCOMMON 0071
i1eeprom_write@addr                        cstackCOMMON 0072
i1eeprom_write@value                       cstackCOMMON 0070
i1read_ram_status@status                   cstackCOMMON 0074
i1read_write_flash_ram@bytes_to_readwrite  cstackCOMMON 0075
i1read_write_flash_ram@flash_page          cstackCOMMON 0078
i1read_write_flash_ram@flash_sector        cstackCOMMON 0077
i1read_write_flash_ram@i                   cstackBANK0  0021
i1read_write_flash_ram@mem_ptr             cstackCOMMON 007A
i1read_write_flash_ram@offset              cstackCOMMON 0079
i1read_write_flash_ram@one_read_zero_write cstackBANK0  0020
interrupt_function                         intentry     0004
intlevel0                                  functab      0000
intlevel1                                  functab      0000
intlevel2                                  functab      0000
intlevel3                                  functab      0000
intlevel4                                  functab      0000
intlevel5                                  functab      0000
ltemp                                      (abs)        007E
ltemp0                                     (abs)        007E
ltemp1                                     (abs)        0082
ltemp2                                     (abs)        0086
ltemp3                                     (abs)        0080
read_ram_status@status                     cstackBANK1  00A4
read_write_flash_ram@bytes_to_readwrite    cstackBANK1  00A5
read_write_flash_ram@flash_page            cstackBANK1  00A8
read_write_flash_ram@flash_sector          cstackBANK1  00A7
read_write_flash_ram@i                     cstackBANK1  00AE
read_write_flash_ram@mem_ptr               cstackBANK1  00AA
read_write_flash_ram@offset                cstackBANK1  00A9
read_write_flash_ram@one_read_zero_write   cstackBANK1  00AD
reset_vec                                  reset_vec    0000
saveDataToFlash@addr1                      cstackBANK0  0039
saveDataToFlash@addr2                      cstackBANK0  003A
saveDataToFlash@addr3                      cstackBANK0  003B
saveDataToFlash@date                       cstackBANK0  0035
saveDataToFlash@hours                      cstackBANK0  0034
saveDataToFlash@minutes                    cstackBANK0  0033
saveDataToFlash@month                      cstackBANK0  0036
saveDataToFlash@seconds                    cstackBANK0  0032
saveDataToFlash@value                      cstackBANK0  0038
saveDataToFlash@year                       cstackBANK0  0037
saved_w                                    (abs)        007E
stackhi                                    (abs)        0000
stacklo                                    (abs)        0000
start                                      init         0012
start_initialization                       cinit        0015
strchr@chr                                 cstackBANK1  00A0
strchr@ptr                                 cstackBANK1  00A2
strlen@cp                                  cstackBANK1  00A7
strlen@s                                   cstackBANK1  00A6
strncmp@len                                cstackBANK1  00A9
strncmp@s1                                 cstackBANK1  00AD
strncmp@s2                                 cstackBANK1  00A8
strstr@s1                                  cstackBANK1  00B2
strstr@s2                                  cstackBANK1  00AE
timerFunction@intSetSeconds                cstackBANK1  00A2
timerFunction@intTimerNumber               cstackBANK1  00A0
ttemp                                      (abs)        007E
ttemp0                                     (abs)        007E
ttemp1                                     (abs)        0081
ttemp2                                     (abs)        0084
ttemp3                                     (abs)        0087
ttemp4                                     (abs)        007F
write_ram_status@status                    cstackBANK1  00A5
wtemp                                      (abs)        007E
wtemp0                                     (abs)        007E
wtemp1                                     (abs)        0080
wtemp2                                     (abs)        0082
wtemp3                                     (abs)        0084
wtemp4                                     (abs)        0086
wtemp5                                     (abs)        0088
wtemp6                                     (abs)        007F


FUNCTION INFORMATION:

 *************** function _main *****************
 Defined at:
		line 21 in file "main.c"
 Parameters:    Size  Location     Type
		None
 Auto vars:     Size  Location     Type
		None
 Return value:  Size  Location     Type
                  2   76[None  ] int 
 Registers used:
		wreg, fsr0l, fsr0h, status,2, status,0, btemp+1, pclath, cstack
 Tracked objects:
		On entry : 
		On exit  : 
		Unchanged: 
 Data sizes:     COMMON   BANK0   BANK1   BANK3   BANK2
      Params:         0       0       0       0       0
      Locals:         0       0       0       0       0
      Temps:          0       0       3       0       0
      Totals:         0       0       3       0       0
Total ram usage:        3 bytes
 Hardware stack levels required when called:   15
 This function calls:
		_ClockInit
		_Mode_0
		_Mode_1
		_Mode_2
		_Mode_4
		_Mode_5
		_OperationMode
		_PICInit
		_ResetMemoryAdress
		_TransiverInit
		_TransiverReadFIFO
		_TransiverToReceive
		_ram_bulk_erase
		_read_ram_status
		_write_ram_status
 This function is called by:
		Startup code after reset
 This function uses a non-reentrant model


 *************** function _TransiverToReceive *****************
 Defined at:
		line 16 in file "functions.c"
 Parameters:    Size  Location     Type
		None
 Auto vars:     Size  Location     Type
		None
 Return value:  Size  Location     Type
                  1    wreg      void 
 Registers used:
		wreg, fsr0l, fsr0h, status,2, status,0, btemp+1, pclath, cstack
 Tracked objects:
		On entry : 
		On exit  : 
		Unchanged: 
 Data sizes:     COMMON   BANK0   BANK1   BANK3   BANK2
      Params:         0       0       0       0       0
      Locals:         0       0       0       0       0
      Temps:          0       0       2       0       0
      Totals:         0       0       2       0       0
Total ram usage:        2 bytes
 Hardware stack levels used:    1
 Hardware stack levels required when called:   11
 This function calls:
		_FindChannel
		_RegisterRead
		_RegisterSet
		_SetRFMode
		_timerFunction
 This function is called by:
		_main
 This function uses a non-reentrant model


 *************** function _TransiverReadFIFO *****************
 Defined at:
		line 42 in file "functions.c"
 Parameters:    Size  Location     Type
		None
 Auto vars:     Size  Location     Type
  j               2   32[BANK3 ] int 
  ReceivedStri   30    0[BANK3 ] unsigned char [30]
  i               2   30[BANK3 ] int 
 Return value:  Size  Location     Type
                  1    wreg      void 
 Registers used:
		wreg, fsr0l, fsr0h, status,2, status,0, btemp+1, pclath, cstack
 Tracked objects:
		On entry : 
		On exit  : 
		Unchanged: 
 Data sizes:     COMMON   BANK0   BANK1   BANK3   BANK2
      Params:         0       0       0       0       0
      Locals:         0       0       0      34       0
      Temps:          0       0       2       0       0
      Totals:         0       0       2      34       0
Total ram usage:       36 bytes
 Hardware stack levels used:    1
 Hardware stack levels required when called:   14
 This function calls:
		_ReadFIFO
		_ReceivedPacketHandler
		_SetRFMode
		_timerFunction
 This function is called by:
		_main
 This function uses a non-reentrant model


 *************** function _ReceivedPacketHandler *****************
 Defined at:
		line 73 in file "functions.c"
 Parameters:    Size  Location     Type
  Data            1    wreg     PTR unsigned char 
		 -> TransiverReadFIFO@ReceivedString(30), 
 Auto vars:     Size  Location     Type
  Data            1   48[BANK1 ] PTR unsigned char 
		 -> TransiverReadFIFO@ReceivedString(30), 
 Return value:  Size  Location     Type
                  1    wreg      void 
 Registers used:
		wreg, fsr0l, fsr0h, status,2, status,0, btemp+1, pclath, cstack
 Tracked objects:
		On entry : 
		On exit  : 
		Unchanged: 
 Data sizes:     COMMON   BANK0   BANK1   BANK3   BANK2
      Params:         0       0       0       0       0
      Locals:         0       0       1       0       0
      Temps:          0       0       1       0       0
      Totals:         0       0       2       0       0
Total ram usage:        2 bytes
 Hardware stack levels used:    1
 Hardware stack levels required when called:   13
 This function calls:
		_AnalogValue
		_DarknessCheck
		_DelayDs
		_OperationMode
		_ResetMemoryAdress
		_SendMemoryData
		_TransmittPacket
		_eeprom_read
		_eeprom_write
		_ram_bulk_erase
		_read_ram_status
		_strstr
		_write_ram_status
 This function is called by:
		_TransiverReadFIFO
 This function uses a non-reentrant model


 *************** function _write_ram_status *****************
 Defined at:
		line 169 in file "m25p16.c"
 Parameters:    Size  Location     Type
  status          1    wreg     unsigned char 
 Auto vars:     Size  Location     Type
  status          1    5[BANK1 ] unsigned char 
 Return value:  Size  Location     Type
                  1    wreg      void 
 Registers used:
		wreg, status,2, status,0, pclath, cstack
 Tracked objects:
		On entry : 
		On exit  : 
		Unchanged: 
 Data sizes:     COMMON   BANK0   BANK1   BANK3   BANK2
      Params:         0       0       0       0       0
      Locals:         0       0       1       0       0
      Temps:          0       0       0       0       0
      Totals:         0       0       1       0       0
Total ram usage:        1 bytes
 Hardware stack levels used:    1
 Hardware stack levels required when called:    9
 This function calls:
		_WriteSPI
		_read_ram_status
 This function is called by:
		_main
		_ReceivedPacketHandler
 This function uses a non-reentrant model


 *************** function _strstr *****************
 Defined at:
		line 4 in file "C:\Program Files (x86)\Microchip\xc8\v1.38\sources\common\strstr.c"
 Parameters:    Size  Location     Type
  s1              1    wreg     PTR const unsigned char 
		 -> NULL(0), TransiverReadFIFO@ReceivedString(30), 
  s2              1   14[BANK1 ] PTR const unsigned char 
		 -> STR_2(8), STR_1(8), 
 Auto vars:     Size  Location     Type
  s1              1   18[BANK1 ] PTR const unsigned char 
		 -> NULL(0), TransiverReadFIFO@ReceivedString(30), 
 Return value:  Size  Location     Type
                  1    wreg      PTR unsigned char 
 Registers used:
		wreg, fsr0l, fsr0h, status,2, status,0, pclath, cstack
 Tracked objects:
		On entry : 
		On exit  : 
		Unchanged: 
 Data sizes:     COMMON   BANK0   BANK1   BANK3   BANK2
      Params:         0       0       1       0       0
      Locals:         0       0       1       0       0
      Temps:          0       0       3       0       0
      Totals:         0       0       5       0       0
Total ram usage:        5 bytes
 Hardware stack levels used:    1
 Hardware stack levels required when called:    7
 This function calls:
		_strchr
		_strlen
		_strncmp
 This function is called by:
		_ReceivedPacketHandler
 This function uses a non-reentrant model


 *************** function _strncmp *****************
 Defined at:
		line 4 in file "C:\Program Files (x86)\Microchip\xc8\v1.38\sources\common\strncmp.c"
 Parameters:    Size  Location     Type
  s1              1    wreg     PTR const unsigned char 
		 -> NULL(0), TransiverReadFIFO@ReceivedString(30), 
  s2              1    8[BANK1 ] PTR const unsigned char 
		 -> STR_2(8), STR_1(8), 
  len             2    9[BANK1 ] unsigned int 
 Auto vars:     Size  Location     Type
  s1              1   13[BANK1 ] PTR const unsigned char 
		 -> NULL(0), TransiverReadFIFO@ReceivedString(30), 
 Return value:  Size  Location     Type
                  2    8[BANK1 ] int 
 Registers used:
		wreg, fsr0l, fsr0h, status,2, status,0, pclath
 Tracked objects:
		On entry : 
		On exit  : 
		Unchanged: 
 Data sizes:     COMMON   BANK0   BANK1   BANK3   BANK2
      Params:         0       0       3       0       0
      Locals:         0       0       1       0       0
      Temps:          0       0       2       0       0
      Totals:         0       0       6       0       0
Total ram usage:        6 bytes
 Hardware stack levels used:    1
 Hardware stack levels required when called:    6
 This function calls:
		Nothing
 This function is called by:
		_strstr
 This function uses a non-reentrant model


 *************** function _strlen *****************
 Defined at:
		line 4 in file "C:\Program Files (x86)\Microchip\xc8\v1.38\sources\common\strlen.c"
 Parameters:    Size  Location     Type
  s               1    wreg     PTR const unsigned char 
		 -> STR_2(8), STR_1(8), 
 Auto vars:     Size  Location     Type
  s               1    6[BANK1 ] PTR const unsigned char 
		 -> STR_2(8), STR_1(8), 
  cp              1    7[BANK1 ] PTR const unsigned char 
		 -> STR_2(8), STR_1(8), 
 Return value:  Size  Location     Type
                  2    0[BANK1 ] unsigned int 
 Registers used:
		wreg, fsr0l, fsr0h, status,2, status,0, pclath
 Tracked objects:
		On entry : 
		On exit  : 
		Unchanged: 
 Data sizes:     COMMON   BANK0   BANK1   BANK3   BANK2
      Params:         0       0       2       0       0
      Locals:         0       0       2       0       0
      Temps:          0       0       4       0       0
      Totals:         0       0       8       0       0
Total ram usage:        8 bytes
 Hardware stack levels used:    1
 Hardware stack levels required when called:    6
 This function calls:
		Nothing
 This function is called by:
		_strstr
 This function uses a non-reentrant model


 *************** function _strchr *****************
 Defined at:
		line 4 in file "C:\Program Files (x86)\Microchip\xc8\v1.38\sources\common\strchr.c"
 Parameters:    Size  Location     Type
  ptr             1    wreg     PTR const unsigned char 
		 -> NULL(0), TransiverReadFIFO@ReceivedString(30), 
  chr             2    0[BANK1 ] int 
 Auto vars:     Size  Location     Type
  ptr             1    2[BANK1 ] PTR const unsigned char 
		 -> NULL(0), TransiverReadFIFO@ReceivedString(30), 
 Return value:  Size  Location     Type
                  1    wreg      PTR unsigned char 
 Registers used:
		wreg, fsr0l, fsr0h, status,2, status,0
 Tracked objects:
		On entry : 
		On exit  : 
		Unchanged: 
 Data sizes:     COMMON   BANK0   BANK1   BANK3   BANK2
      Params:         0       0       2       0       0
      Locals:         0       0       1       0       0
      Temps:          0       0       0       0       0
      Totals:         0       0       3       0       0
Total ram usage:        3 bytes
 Hardware stack levels used:    1
 Hardware stack levels required when called:    6
 This function calls:
		Nothing
 This function is called by:
		_strstr
 This function uses a non-reentrant model


 *************** function _ram_bulk_erase *****************
 Defined at:
		line 69 in file "m25p16.c"
 Parameters:    Size  Location     Type
		None
 Auto vars:     Size  Location     Type
		None
 Return value:  Size  Location     Type
                  1    wreg      void 
 Registers used:
		wreg, status,2, status,0, pclath, cstack
 Tracked objects:
		On entry : 
		On exit  : 
		Unchanged: 
 Data sizes:     COMMON   BANK0   BANK1   BANK3   BANK2
      Params:         0       0       0       0       0
      Locals:         0       0       0       0       0
      Temps:          0       0       0       0       0
      Totals:         0       0       0       0       0
Total ram usage:        0 bytes
 Hardware stack levels used:    1
 Hardware stack levels required when called:    9
 This function calls:
		_WriteSPI
		_read_ram_status
 This function is called by:
		_main
		_ReceivedPacketHandler
 This function uses a non-reentrant model


 *************** function _SendMemoryData *****************
 Defined at:
		line 1213 in file "functions.c"
 Parameters:    Size  Location     Type
		None
 Auto vars:     Size  Location     Type
  address         4   43[BANK1 ] unsigned long 
  finalAddress    4   36[BANK1 ] unsigned long 
  addr1           1   42[BANK1 ] unsigned char 
  addr2           1   41[BANK1 ] unsigned char 
  addr3           1   40[BANK1 ] unsigned char 
  value           1   35[BANK1 ] unsigned char 
 Return value:  Size  Location     Type
                  1    wreg      void 
 Registers used:
		wreg, fsr0l, fsr0h, status,2, status,0, btemp+1, pclath, cstack
 Tracked objects:
		On entry : 
		On exit  : 
		Unchanged: 
 Data sizes:     COMMON   BANK0   BANK1   BANK3   BANK2
      Params:         0       0       0       0       0
      Locals:         0       0      12       0       0
      Temps:          0       0       8       0       0
      Totals:         0       0      20       0       0
Total ram usage:       20 bytes
 Hardware stack levels used:    1
 Hardware stack levels required when called:   12
 This function calls:
		_ReadMemoryAdress
		_TransmittPacket
		_read_write_flash_ram
 This function is called by:
		_ReceivedPacketHandler
 This function uses a non-reentrant model


 *************** function _read_write_flash_ram *****************
 Defined at:
		line 107 in file "m25p16.c"
 Parameters:    Size  Location     Type
  one_read_zer    1    wreg     unsigned char 
  bytes_to_rea    2    5[BANK1 ] unsigned short 
  flash_sector    1    7[BANK1 ] unsigned char 
  flash_page      1    8[BANK1 ] unsigned char 
  offset          1    9[BANK1 ] unsigned char 
  mem_ptr         1   10[BANK1 ] PTR unsigned char 
		 -> SendMemoryData@value(1), saveDataToFlash@value(1), 
 Auto vars:     Size  Location     Type
  one_read_zer    1   13[BANK1 ] unsigned char 
  i               2   14[BANK1 ] unsigned short 
 Return value:  Size  Location     Type
                  1    wreg      void 
 Registers used:
		wreg, fsr0l, fsr0h, status,2, status,0, pclath, cstack
 Tracked objects:
		On entry : 
		On exit  : 
		Unchanged: 
 Data sizes:     COMMON   BANK0   BANK1   BANK3   BANK2
      Params:         0       0       6       0       0
      Locals:         0       0       3       0       0
      Temps:          0       0       2       0       0
      Totals:         0       0      11       0       0
Total ram usage:       11 bytes
 Hardware stack levels used:    1
 Hardware stack levels required when called:    9
 This function calls:
		_ReadSPI
		_WriteSPI
		_read_ram_status
 This function is called by:
		_SendMemoryData
		_write_flash_page
		_read_flash_page
 This function uses a non-reentrant model


 *************** function _read_ram_status *****************
 Defined at:
		line 57 in file "m25p16.c"
 Parameters:    Size  Location     Type
		None
 Auto vars:     Size  Location     Type
  status          1    4[BANK1 ] unsigned char 
 Return value:  Size  Location     Type
                  1    wreg      unsigned char 
 Registers used:
		wreg, status,2, status,0, pclath, cstack
 Tracked objects:
		On entry : 
		On exit  : 
		Unchanged: 
 Data sizes:     COMMON   BANK0   BANK1   BANK3   BANK2
      Params:         0       0       0       0       0
      Locals:         0       0       1       0       0
      Temps:          0       0       1       0       0
      Totals:         0       0       2       0       0
Total ram usage:        2 bytes
 Hardware stack levels used:    1
 Hardware stack levels required when called:    8
 This function calls:
		_ReadSPI
		_WriteSPI
 This function is called by:
		_main
		_ReceivedPacketHandler
		_ram_bulk_erase
		_read_write_flash_ram
		_write_ram_status
		_ram_sector_erase
 This function uses a non-reentrant model


 *************** function _ReadMemoryAdress *****************
 Defined at:
		line 989 in file "functions.c"
 Parameters:    Size  Location     Type
  var3            1    wreg     PTR unsigned char 
		 -> SendMemoryData@addr3(1), saveDataToFlash@addr3(1), 
  var2            1    2[BANK1 ] PTR unsigned char 
		 -> SendMemoryData@addr2(1), saveDataToFlash@addr2(1), 
  var1            1    3[BANK1 ] PTR unsigned char 
		 -> SendMemoryData@addr1(1), saveDataToFlash@addr1(1), 
 Auto vars:     Size  Location     Type
  var3            1    5[BANK1 ] PTR unsigned char 
		 -> SendMemoryData@addr3(1), saveDataToFlash@addr3(1), 
 Return value:  Size  Location     Type
                  1    wreg      void 
 Registers used:
		wreg, fsr0l, fsr0h, status,2, status,0, pclath, cstack
 Tracked objects:
		On entry : 
		On exit  : 
		Unchanged: 
 Data sizes:     COMMON   BANK0   BANK1   BANK3   BANK2
      Params:         0       0       2       0       0
      Locals:         0       0       1       0       0
      Temps:          0       0       1       0       0
      Totals:         0       0       4       0       0
Total ram usage:        4 bytes
 Hardware stack levels used:    1
 Hardware stack levels required when called:    7
 This function calls:
		_eeprom_read
 This function is called by:
		_SendMemoryData
 This function uses a non-reentrant model


 *************** function _ResetMemoryAdress *****************
 Defined at:
		line 1053 in file "functions.c"
 Parameters:    Size  Location     Type
		None
 Auto vars:     Size  Location     Type
		None
 Return value:  Size  Location     Type
                  1    wreg      void 
 Registers used:
		wreg, status,2, status,0, pclath, cstack
 Tracked objects:
		On entry : 
		On exit  : 
		Unchanged: 
 Data sizes:     COMMON   BANK0   BANK1   BANK3   BANK2
      Params:         0       0       0       0       0
      Locals:         0       0       0       0       0
      Temps:          0       0       0       0       0
      Totals:         0       0       0       0       0
Total ram usage:        0 bytes
 Hardware stack levels used:    1
 Hardware stack levels required when called:    7
 This function calls:
		_eeprom_write
 This function is called by:
		_main
		_ReceivedPacketHandler
 This function uses a non-reentrant model


 *************** function _eeprom_write *****************
 Defined at:
		line 6 in file "C:\Program Files (x86)\Microchip\xc8\v1.38\sources\pic\eewrite.c"
 Parameters:    Size  Location     Type
  addr            1    wreg     unsigned char 
  value           1    0[BANK1 ] unsigned char 
 Auto vars:     Size  Location     Type
  addr            1    2[BANK1 ] unsigned char 
 Return value:  Size  Location     Type
                  1    wreg      void 
 Registers used:
		wreg, status,2, status,0
 Tracked objects:
		On entry : 
		On exit  : 
		Unchanged: 
 Data sizes:     COMMON   BANK0   BANK1   BANK3   BANK2
      Params:         0       0       1       0       0
      Locals:         0       0       1       0       0
      Temps:          0       0       1       0       0
      Totals:         0       0       3       0       0
Total ram usage:        3 bytes
 Hardware stack levels used:    1
 Hardware stack levels required when called:    6
 This function calls:
		Nothing
 This function is called by:
		_ReceivedPacketHandler
		_ResetMemoryAdress
 This function uses a non-reentrant model


 *************** function _OperationMode *****************
 Defined at:
		line 965 in file "functions.c"
 Parameters:    Size  Location     Type
		None
 Auto vars:     Size  Location     Type
  bracketStatu    1    1[BANK1 ] unsigned char 
 Return value:  Size  Location     Type
                  1    wreg      unsigned char 
 Registers used:
		wreg, status,2
 Tracked objects:
		On entry : 
		On exit  : 
		Unchanged: 
 Data sizes:     COMMON   BANK0   BANK1   BANK3   BANK2
      Params:         0       0       0       0       0
      Locals:         0       0       1       0       0
      Temps:          0       0       1       0       0
      Totals:         0       0       2       0       0
Total ram usage:        2 bytes
 Hardware stack levels used:    1
 Hardware stack levels required when called:    6
 This function calls:
		Nothing
 This function is called by:
		_main
		_ReceivedPacketHandler
 This function uses a non-reentrant model


 *************** function _ReadFIFO *****************
 Defined at:
		line 772 in file "functions.c"
 Parameters:    Size  Location     Type
		None
 Auto vars:     Size  Location     Type
  value           1    4[BANK1 ] unsigned char 
 Return value:  Size  Location     Type
                  1    wreg      unsigned char 
 Registers used:
		wreg, status,2, status,0, pclath, cstack
 Tracked objects:
		On entry : 
		On exit  : 
		Unchanged: 
 Data sizes:     COMMON   BANK0   BANK1   BANK3   BANK2
      Params:         0       0       0       0       0
      Locals:         0       0       1       0       0
      Temps:          0       0       1       0       0
      Totals:         0       0       2       0       0
Total ram usage:        2 bytes
 Hardware stack levels used:    1
 Hardware stack levels required when called:    8
 This function calls:
		_ReadSPI
 This function is called by:
		_TransiverReadFIFO
 This function uses a non-reentrant model


 *************** function _TransiverInit *****************
 Defined at:
		line 537 in file "functions.c"
 Parameters:    Size  Location     Type
		None
 Auto vars:     Size  Location     Type
		None
 Return value:  Size  Location     Type
                  1    wreg      void 
 Registers used:
		wreg, fsr0l, fsr0h, status,2, status,0, btemp+1, pclath, cstack
 Tracked objects:
		On entry : 
		On exit  : 
		Unchanged: 
 Data sizes:     COMMON   BANK0   BANK1   BANK3   BANK2
      Params:         0       0       0       0       0
      Locals:         0       0       0       0       0
      Temps:          0       0       1       0       0
      Totals:         0       0       1       0       0
Total ram usage:        1 bytes
 Hardware stack levels used:    1
 Hardware stack levels required when called:   11
 This function calls:
		_Blink
		_FindChannel
		_RegisterRead
		_RegisterSet
		_SetRFMode
 This function is called by:
		_main
 This function uses a non-reentrant model


 *************** function _Blink *****************
 Defined at:
		line 685 in file "functions.c"
 Parameters:    Size  Location     Type
  n               2    6[BANK1 ] int 
[...]
		wreg, fsr0l, fsr0h, status,2, status,0, pclath, cstack
 Tracked objects:
		On entry : 
		On exit  : 
		Unchanged: 
 Data sizes:     COMMON   BANK0   BANK1   BANK3   BANK2
      Params:         0       0       0       0       0
      Locals:         0      10       0       0       0
      Temps:          0       5       0       0       0
      Totals:         0      15       0       0       0
Total ram usage:       15 bytes
 Hardware stack levels used:    1
 Hardware stack levels required when called:    4
 This function calls:
		_IncreaseMemoryAdress
		_ReadClock
		i1_AnalogValue
		i1_ReadMemoryAdress
		i1_read_write_flash_ram
 This function is called by:
		_tc_int
 This function uses a non-reentrant model


 *************** function i1_read_write_flash_ram *****************
 Defined at:
		line 107 in file "m25p16.c"
 Parameters:    Size  Location     Type
  one_read_zer    1    wreg     unsigned char 
  bytes_to_rea    2    5[COMMON] unsigned short 
  flash_sector    1    7[COMMON] unsigned char 
  flash_page      1    8[COMMON] unsigned char 
  offset          1    9[COMMON] unsigned char 
  mem_ptr         1   10[COMMON] PTR unsigned char 
		 -> SendMemoryData@value(1), saveDataToFlash@value(1), 
 Auto vars:     Size  Location     Type
  one_read_zer    1    0[BANK0 ] unsigned char 
  read_write_f    2    1[BANK0 ] unsigned short 
 Return value:  Size  Location     Type
                  1    wreg      void 
 Registers used:
		wreg, fsr0l, fsr0h, status,2, status,0, pclath, cstack
 Tracked objects:
		On entry : 
		On exit  : 
		Unchanged: 
 Data sizes:     COMMON   BANK0   BANK1   BANK3   BANK2
      Params:         6       0       0       0       0
      Locals:         0       3       0       0       0
      Temps:          2       0       0       0       0
      Totals:         8       3       0       0       0
Total ram usage:       11 bytes
 Hardware stack levels used:    1
 Hardware stack levels required when called:    3
 This function calls:
		i1_ReadSPI
		i1_WriteSPI
		i1_read_ram_status
 This function is called by:
		_saveDataToFlash
 This function uses a non-reentrant model


 *************** function i1_read_ram_status *****************
 Defined at:
		line 57 in file "m25p16.c"
 Parameters:    Size  Location     Type
		None
 Auto vars:     Size  Location     Type
  read_ram_sta    1    4[COMMON] unsigned char 
 Return value:  Size  Location     Type
                  1    wreg      unsigned char 
 Registers used:
		wreg, status,2, status,0, pclath, cstack
 Tracked objects:
		On entry : 
		On exit  : 
		Unchanged: 
 Data sizes:     COMMON   BANK0   BANK1   BANK3   BANK2
      Params:         0       0       0       0       0
      Locals:         1       0       0       0       0
      Temps:          1       0       0       0       0
      Totals:         2       0       0       0       0
Total ram usage:        2 bytes
 Hardware stack levels used:    1
 Hardware stack levels required when called:    2
 This function calls:
		i1_ReadSPI
		i1_WriteSPI
 This function is called by:
		i1_read_write_flash_ram
 This function uses a non-reentrant model


 *************** function i1_ReadMemoryAdress *****************
 Defined at:
		line 989 in file "functions.c"
 Parameters:    Size  Location     Type
  var3            1    wreg     PTR unsigned char 
		 -> SendMemoryData@addr3(1), saveDataToFlash@addr3(1), 
  var2            1    2[COMMON] PTR unsigned char 
		 -> SendMemoryData@addr2(1), saveDataToFlash@addr2(1), 
  var1            1    3[COMMON] PTR unsigned char 
		 -> SendMemoryData@addr1(1), saveDataToFlash@addr1(1), 
 Auto vars:     Size  Location     Type
  var3            1    5[COMMON] PTR unsigned char 
		 -> SendMemoryData@addr3(1), saveDataToFlash@addr3(1), 
 Return value:  Size  Location     Type
                  1    wreg      void 
 Registers used:
		wreg, fsr0l, fsr0h, status,2, status,0, pclath, cstack
 Tracked objects:
		On entry : 
		On exit  : 
		Unchanged: 
 Data sizes:     COMMON   BANK0   BANK1   BANK3   BANK2
      Params:         2       0       0       0       0
      Locals:         1       0       0       0       0
      Temps:          1       0       0       0       0
      Totals:         4       0       0       0       0
Total ram usage:        4 bytes
 Hardware stack levels used:    1
 Hardware stack levels required when called:    1
 This function calls:
		i1_eeprom_read
 This function is called by:
		_saveDataToFlash
 This function uses a non-reentrant model


 *************** function i1_AnalogValue *****************
 Defined at:
		line 902 in file "functions.c"
 Parameters:    Size  Location     Type
  channel         1    wreg     unsigned char 
 Auto vars:     Size  Location     Type
  channel         1    7[COMMON] unsigned char 
 Return value:  Size  Location     Type
                  1    wreg      unsigned char 
 Registers used:
		wreg, status,2, status,0, pclath, cstack
 Tracked objects:
		On entry : 
		On exit  : 
		Unchanged: 
 Data sizes:     COMMON   BANK0   BANK1   BANK3   BANK2
      Params:         0       0       0       0       0
      Locals:         1       0       0       0       0
      Temps:          1       0       0       0       0
      Totals:         2       0       0       0       0
Total ram usage:        2 bytes
 Hardware stack levels used:    1
 Hardware stack levels required when called:    1
 This function calls:
		i1_DelayDs
 This function is called by:
		_saveDataToFlash
 This function uses a non-reentrant model


 *************** function i1_DelayDs *****************
 Defined at:
		line 508 in file "functions.c"
 Parameters:    Size  Location     Type
  cnt             2    0[COMMON] int 
 Auto vars:     Size  Location     Type
  DelayDs         2    4[COMMON] int 
 Return value:  Size  Location     Type
                  1    wreg      void 
 Registers used:
		wreg, status,2
 Tracked objects:
		On entry : 
		On exit  : 
		Unchanged: 
 Data sizes:     COMMON   BANK0   BANK1   BANK3   BANK2
      Params:         2       0       0       0       0
      Locals:         2       0       0       0       0
      Temps:          2       0       0       0       0
      Totals:         6       0       0       0       0
Total ram usage:        6 bytes
 Hardware stack levels used:    1
 This function calls:
		Nothing
 This function is called by:
		i1_AnalogValue
 This function uses a non-reentrant model


 *************** function _ReadClock *****************
 Defined at:
		line 49 in file "MCP79510.c"
 Parameters:    Size  Location     Type
  seconds         1    wreg     PTR unsigned char 
		 -> saveDataToFlash@seconds(1), 
  minutes         1    4[COMMON] PTR unsigned char 
		 -> saveDataToFlash@minutes(1), 
  hour            1    5[COMMON] PTR unsigned char 
		 -> saveDataToFlash@hours(1), 
  date            1    6[COMMON] PTR unsigned char 
		 -> saveDataToFlash@date(1), 
  month           1    7[COMMON] PTR unsigned char 
		 -> saveDataToFlash@month(1), 
  year            1    8[COMMON] PTR unsigned char 
		 -> saveDataToFlash@year(1), 
 Auto vars:     Size  Location     Type
  seconds         1    6[BANK0 ] PTR unsigned char 
		 -> saveDataToFlash@seconds(1), 
  date1           1   12[BANK0 ] unsigned char 
  year1           1   11[BANK0 ] unsigned char 
  month1          1   10[BANK0 ] unsigned char 
  hour1           1    9[BANK0 ] unsigned char 
  min1            1    8[BANK0 ] unsigned char 
  sec1            1    7[BANK0 ] unsigned char 
  year10          1    5[BANK0 ] unsigned char 
  month10         1    4[BANK0 ] unsigned char 
  date10          1    3[BANK0 ] unsigned char 
  hour10          1    2[BANK0 ] unsigned char 
  min10           1    1[BANK0 ] unsigned char 
  sec10           1    0[BANK0 ] unsigned char 
 Return value:  Size  Location     Type
                  1    wreg      void 
 Registers used:
		wreg, fsr0l, fsr0h, status,2, status,0, pclath, cstack
 Tracked objects:
		On entry : 
		On exit  : 
		Unchanged: 
 Data sizes:     COMMON   BANK0   BANK1   BANK3   BANK2
      Params:         5       0       0       0       0
      Locals:         0      13       0       0       0
      Temps:          2       0       0       0       0
      Totals:         7      13       0       0       0
Total ram usage:       20 bytes
 Hardware stack levels used:    1
 Hardware stack levels required when called:    2
 This function calls:
		___bmul
		i1_ReadSPI
		i1_WriteSPI
 This function is called by:
		_saveDataToFlash
 This function uses a non-reentrant model


 *************** function i1_ReadSPI *****************
 Defined at:
		line 529 in file "functions.c"
 Parameters:    Size  Location     Type
		None
 Auto vars:     Size  Location     Type
		None
 Return value:  Size  Location     Type
                  1    wreg      unsigned char 
 Registers used:
		wreg, status,2, status,0, pclath, cstack
 Tracked objects:
		On entry : 
		On exit  : 
		Unchanged: 
 Data sizes:     COMMON   BANK0   BANK1   BANK3   BANK2
      Params:         0       0       0       0       0
      Locals:         0       0       0       0       0
      Temps:          0       0       0       0       0
      Totals:         0       0       0       0       0
Total ram usage:        0 bytes
 Hardware stack levels used:    1
 Hardware stack levels required when called:    1
 This function calls:
		i1_WriteSPI
 This function is called by:
		_ReadClock
		i1_read_ram_status
		i1_read_write_flash_ram
 This function uses a non-reentrant model


 *************** function i1_WriteSPI *****************
 Defined at:
		line 517 in file "functions.c"
 Parameters:    Size  Location     Type
  databyte        1    wreg     unsigned char 
 Auto vars:     Size  Location     Type
  databyte        1    2[COMMON] unsigned char 
  WriteSPI        1    1[COMMON] unsigned char 
 Return value:  Size  Location     Type
                  1    wreg      void 
 Registers used:
		wreg
 Tracked objects:
		On entry : 
		On exit  : 
		Unchanged: 
 Data sizes:     COMMON   BANK0   BANK1   BANK3   BANK2
      Params:         0       0       0       0       0
      Locals:         2       0       0       0       0
      Temps:          1       0       0       0       0
      Totals:         3       0       0       0       0
Total ram usage:        3 bytes
 Hardware stack levels used:    1
 This function calls:
		Nothing
 This function is called by:
		_ReadClock
		i1_ReadSPI
		i1_read_ram_status
		i1_read_write_flash_ram
 This function uses a non-reentrant model


 *************** function ___bmul *****************
 Defined at:
		line 4 in file "C:\Program Files (x86)\Microchip\xc8\v1.38\sources\common\Umul8.c"
 Parameters:    Size  Location     Type
  multiplier      1    wreg     unsigned char 
  multiplicand    1    0[COMMON] unsigned char 
 Auto vars:     Size  Location     Type
  multiplier      1    3[COMMON] unsigned char 
  product         1    2[COMMON] unsigned char 
 Return value:  Size  Location     Type
                  1    wreg      unsigned char 
 Registers used:
		wreg, status,2, status,0
 Tracked objects:
		On entry : 
		On exit  : 
		Unchanged: 
 Data sizes:     COMMON   BANK0   BANK1   BANK3   BANK2
      Params:         1       0       0       0       0
      Locals:         2       0       0       0       0
      Temps:          1       0       0       0       0
      Totals:         4       0       0       0       0
Total ram usage:        4 bytes
 Hardware stack levels used:    1
 This function calls:
		Nothing
 This function is called by:
		_ReadClock
 This function uses a non-reentrant model


 *************** function _IncreaseMemoryAdress *****************
 Defined at:
		line 1014 in file "functions.c"
 Parameters:    Size  Location     Type
		None
 Auto vars:     Size  Location     Type
  var3            1    6[COMMON] unsigned char 
  var2            1    5[COMMON] unsigned char 
  var1            1    4[COMMON] unsigned char 
 Return value:  Size  Location     Type
                  1    wreg      void 
 Registers used:
		wreg, status,2, status,0, pclath, cstack
 Tracked objects:
		On entry : 
		On exit  : 
		Unchanged: 
 Data sizes:     COMMON   BANK0   BANK1   BANK3   BANK2
      Params:         0       0       0       0       0
      Locals:         3       0       0       0       0
      Temps:          1       0       0       0       0
      Totals:         4       0       0       0       0
Total ram usage:        4 bytes
 Hardware stack levels used:    1
 Hardware stack levels required when called:    1
 This function calls:
		i1_eeprom_read
		i1_eeprom_write
 This function is called by:
		_saveDataToFlash
 This function uses a non-reentrant model


 *************** function i1_eeprom_write *****************
 Defined at:
		line 6 in file "C:\Program Files (x86)\Microchip\xc8\v1.38\sources\pic\eewrite.c"
 Parameters:    Size  Location     Type
  addr            1    wreg     unsigned char 
  value           1    0[COMMON] unsigned char 
 Auto vars:     Size  Location     Type
  addr            1    2[COMMON] unsigned char 
 Return value:  Size  Location     Type
                  1    wreg      void 
 Registers used:
		wreg, status,2, status,0
 Tracked objects:
		On entry : 
		On exit  : 
		Unchanged: 
 Data sizes:     COMMON   BANK0   BANK1   BANK3   BANK2
      Params:         1       0       0       0       0
      Locals:         1       0       0       0       0
      Temps:          1       0       0       0       0
      Totals:         3       0       0       0       0
Total ram usage:        3 bytes
 Hardware stack levels used:    1
 This function calls:
		Nothing
 This function is called by:
		_IncreaseMemoryAdress
 This function uses a non-reentrant model


 *************** function i1_eeprom_read *****************
 Defined at:
		line 6 in file "C:\Program Files (x86)\Microchip\xc8\v1.38\sources\pic\eeread.c"
 Parameters:    Size  Location     Type
  addr            1    wreg     unsigned char 
 Auto vars:     Size  Location     Type
  addr            1    1[COMMON] unsigned char 
 Return value:  Size  Location     Type
                  1    wreg      unsigned char 
 Registers used:
		wreg, status,2, status,0
 Tracked objects:
		On entry : 
		On exit  : 
		Unchanged: 
 Data sizes:     COMMON   BANK0   BANK1   BANK3   BANK2
      Params:         0       0       0       0       0
      Locals:         1       0       0       0       0
      Temps:          1       0       0       0       0
      Totals:         2       0       0       0       0
Total ram usage:        2 bytes
 Hardware stack levels used:    1
 This function calls:
		Nothing
 This function is called by:
		_IncreaseMemoryAdress
		i1_ReadMemoryAdress
 This function uses a non-reentrant model


 *************** function _TimerCounter *****************
 Defined at:
		line 412 in file "functions.c"
 Parameters:    Size  Location     Type
		None
 Auto vars:     Size  Location     Type
  i               2    3[COMMON] int 
 Return value:  Size  Location     Type
                  1    wreg      void 
 Registers used:
		wreg, fsr0l, fsr0h, status,2, status,0, btemp+1
 Tracked objects:
		On entry : 
		On exit  : 
		Unchanged: 
 Data sizes:     COMMON   BANK0   BANK1   BANK3   BANK2
      Params:         0       0       0       0       0
      Locals:         2       0       0       0       0
      Temps:          3       0       0       0       0
      Totals:         5       0       0       0       0
Total ram usage:        5 bytes
 Hardware stack levels used:    1
 This function calls:
		Nothing
 This function is called by:
		_tc_int
 This function uses a non-reentrant model



MODULE INFORMATION

Module		Function		Class		Link	Load	Size
m25p16.c
		_read_write_flash_ram		CODE           	0B90	0000	132
		_read_ram_status		CODE           	152F	0000	25
		_ram_bulk_erase		CODE           	15D7	0000	35
		_write_ram_status		CODE           	1732	0000	47

m25p16.c estimated size: 239

C:\Program Files (x86)\Microchip\xc8\v1.38\sources\common\strstr.c
		_strstr        		CODE           	089A	0000	71

C:\Program Files (x86)\Microchip\xc8\v1.38\sources\common\strstr.c estimated size: 71

MCP79510.c
		_ClockInit     		CODE           	0C13	0000	156
		_ReadClock     		CODE           	047E	0000	314

MCP79510.c estimated size: 470

functions.c
		_ReadMemoryAdress		CODE           	16DA	0000	45
		_SetRFMode     		CODE           	0AAA	0000	114
		_ResetMemoryAdress		CODE           	1547	0000	27
		_Mode_0        		CODE           	144C	0000	5
		_TransmittPacket		CODE           	0CAE	0000	179
		_ReadFIFO      		CODE           	14DC	0000	19
		_LightWithSensController		CODE           	08E0	0000	74
		_timerFunction 		CODE           	14B8	0000	19
		_DelayDs       		CODE           	161D	0000	37
		_TransiverInit 		CODE           	0E2C	0000	235
		_AnalogValue   		CODE           	17C7	0000	58
		_tc_int        		CODE           	0D60	0000	205
		_IncreaseMemoryAdress		CODE           	0929	0000	83
		_OperationMode 		CODE           	1471	0000	12
		_Mode_1        		CODE           	15B8	0000	32
		_FindChannel   		CODE           	06D4	0000	259
		_ReceivedPacketHandler		CODE           	028A	0000	501
		_Blink         		CODE           	1790	0000	56
		_Mode_4        		CODE           	14CA	0000	19
		_PICInit       		CODE           	09D8	0000	101
		_saveDataToFlash		CODE           	003F	0000	588
		_WriteFIFO     		CODE           	1497	0000	17
		_TransiverToReceive		CODE           	097B	0000	94
		_TimerCounter  		CODE           	0814	0000	67
		_SendMemoryData		CODE           	05B7	0000	286
		_TransiverReadFIFO		CODE           	0A3C	0000	111
		_RegisterSet   		CODE           	159A	0000	31
		_Mode_2        		CODE           	147C	0000	14
		_RegisterRead  		CODE           	1665	0000	37
		_Mode_5        		CODE           	0800	0000	21
		_DarknessCheck 		CODE           	07D6	0000	40
		_WriteSPI      		CODE           	1517	0000	25
		_ReadSPI       		CODE           	1458	0000	9

functions.c estimated size: 3420

C:\Program Files (x86)\Microchip\xc8\v1.38\sources\common\strncmp.c
		_strncmp       		CODE           	0856	0000	69

C:\Program Files (x86)\Microchip\xc8\v1.38\sources\common\strncmp.c estimated size: 69

C:\Program Files (x86)\Microchip\xc8\v1.38\sources\common\Umul8.c
		___bmul        		CODE           	14A7	0000	18

C:\Program Files (x86)\Microchip\xc8\v1.38\sources\common\Umul8.c estimated size: 18

C:\Program Files (x86)\Microchip\xc8\v1.38\sources\pic\eewrite.c
		_eeprom_write  		CODE           	1760	0000	49

C:\Program Files (x86)\Microchip\xc8\v1.38\sources\pic\eewrite.c estimated size: 49

shared
		i1_ReadSPI     		CODE           	1450	0000	9
		__stringtab    		STRING         	1000	0000	7
		i1_read_ram_status		CODE           	14EE	0000	21
		i1_AnalogValue 		CODE           	16AF	0000	44
		i1_read_write_flash_ram		CODE           	0B1B	0000	118
		i1_DelayDs     		CODE           	157C	0000	31
		__initialization		CODE           	0015	0000	39
		i1_OperationMode		CODE           	1468	0000	10
		_ChannelP      		STRING         	1006	0000	14
		_ChannelR      		STRING         	1013	0000	14
		_ChannelS      		STRING         	1020	0000	14
		i1_WriteSPI    		CODE           	1489	0000	15
		i1_eeprom_read 		CODE           	1561	0000	28
		i1_ReadMemoryAdress		CODE           	15F9	0000	37
		i1_eeprom_write		CODE           	1689	0000	39

shared estimated size: 440

C:\Program Files (x86)\Microchip\xc8\v1.38\sources\common\strlen.c
		_strlen        		CODE           	1706	0000	45

C:\Program Files (x86)\Microchip\xc8\v1.38\sources\common\strlen.c estimated size: 45

C:\Program Files (x86)\Microchip\xc8\v1.38\sources\common\strchr.c
		_strchr        		CODE           	1502	0000	22

C:\Program Files (x86)\Microchip\xc8\v1.38\sources\common\strchr.c estimated size: 22

C:\Program Files (x86)\Microchip\xc8\v1.38\sources\pic\eeread.c
		_eeprom_read   		CODE           	1641	0000	37

C:\Program Files (x86)\Microchip\xc8\v1.38\sources\pic\eeread.c estimated size: 37

main.c
		_main          		CODE           	0F16	0000	235

main.c estimated size: 235

