Microchip MPLAB XC8 Compiler V1.40 ()

Linker command line:

-W-3 --edf=C:\Program Files (x86)\Microchip\xc8\v1.40\dat\en_msgs.txt -cs \
  -h+dist/default/production\Bustel_Cardv20.0.X.production.sym \
  --cmf=dist/default/production\Bustel_Cardv20.0.X.production.cmf -z \
  -Q16F886 -oC:\Users\tellw\AppData\Local\Temp\s3qk.2 \
  -Mdist/default/production/Bustel_Cardv20.0.X.production.map -E1 -ver=XC8 \
  -ASTACK=0110h-016fh -pstack=STACK -ACODE=00h-07FFhx4 -ASTRCODE=00h-01FFFh \
  -ASTRING=00h-0FFhx32 -ACONST=00h-0FFhx32 -AENTRY=00h-0FFhx32 \
  -ACOMMON=070h-07Fh -ABANK0=020h-06Fh -ABANK1=0A0h-0EFh \
  -ABANK2=0110h-016Fh -ABANK3=0190h-01EFh \
  -ARAM=020h-06Fh,0A0h-0EFh,0110h-016Fh,0190h-01EFh \
  -AABS1=020h-07Fh,0A0h-0EFh,0110h-016Fh,0190h-01EFh -ASFR0=00h-01Fh \
  -ASFR1=080h-09Fh -ASFR2=0100h-010Fh -ASFR3=0180h-018Fh \
  -preset_vec=00h,intentry=04h,init,end_init -ppowerup=CODE -pcinit=CODE \
  -pfunctab=CODE -ACONFIG=02007h-02008h -pconfig=CONFIG -DCONFIG=2 \
  -AIDLOC=02000h-02003h -pidloc=IDLOC -DIDLOC=2 -AEEDATA=00h-0FFh/02100h \
  -peeprom_data=EEDATA -DEEDATA=2 -DCODE=2 -DSTRCODE=2 -DSTRING=2 -DCONST=2 \
  -DENTRY=2 -k C:\Users\tellw\AppData\Local\Temp\s3qk.obj \
  dist/default/production\Bustel_Cardv20.0.X.production.obj 

Object code version is 3.11

Machine type is 16F886



                Name                               Link     Load   Length Selector   Space Scale
C:\Users\tellw\AppData\Local\Temp\s3qk.obj
                end_init                             12       12        3        8       0
                reset_vec                             0        0        3        0       0
                config                             2007     2007        1     400E       0
dist/default/production\Bustel_Cardv20.0.X.production.obj
                cinit                                15       15       33        8       0
                intentry                              4        4        E        8       0
                text38                              E85      E85       42     1D0A       0
                text37                              C2F      C2F        9     185E       0
                text36                              4A9      4A9       CC        8       0
                text35                              D1F      D1F       23     1A3E       0
                text34                              D65      D65       29     1ACA       0
                text33                              5DB      5DB       24        8       0
                text32                              D8E      D8E       29     1B1C       0
                text31                              CA8      CA8       12     1950       0
                text30                              E46      E46       3F     1C8C       0
                text29                              7FC      7FC        4      D56       0
                text28                              CCF      CCF       1A     199E       0
                text27                              C4D      C4D        D     189A       0
                text26                              C5A      C5A        E     18B4       0
                text25                              C1F      C1F        8     183E       0
                text24                              D03      D03       1C     1A06       0
                text23                              CE9      CE9       1A     19D2       0
                text22                              78D      78D       6F      D56       0
                text21                              1ED      1ED      100        8       0
                text20                              C41      C41        C     1882       0
                text19                              3D7      3D7       D2        8       0
                text18                              C86      C86       11     190C       0
                text17                              C97      C97       11     192E       0
                text16                              E13      E13       33     1C26       0
                text15                              2ED      2ED       EA        8       0
                text14                              C68      C68        E     18D0       0
                text13                              C38      C38        9     1870       0
                text12                              D42      D42       23     1A84       0
                text11                              C76      C76       10     18EC       0
                text10                              71C      71C       71      D56       0
                text9                               DE3      DE3       30     1BC6       0
                text8                               CBA      CBA       15     1974       0
                text7                               DB7      DB7       2C     1B6E       0
                text6                               EC7      EC7       44     1D8E       0
                text5                               F0B      F0B       46     1E16       0
                text4                                48       48      1A5        8       0
                text3                               575      575       66        8       0
                text2                               FA4      FA4       5C     1F48       0
                text1                               F51      F51       53     1EA2       0
                maintext                            6AB      6AB       71      D56       0
                cstackBANK0                          20       20       48       20       1
                cstackCOMMON                         70       70        C       70       1
                clrtext                             C27      C27        8     184E       0
                bssBANK3                            190      190       28      190       1
                dataBANK1                            D7       D7        2       A0       1
                bssBANK1                             A0       A0       37       A0       1
                dataBANK0                            6F       6F        1       20       1
                bssBANK0                             68       68        7       20       1
                bssCOMMON                            7C       7C        2       70       1
                strings                             600      600       AB      C00       0
                idataBANK1                          C1D      C1D        2     183A       0
                idataBANK0                          5FF      5FF        1        8       0

TOTAL           Name                               Link     Load   Length     Space
        CLASS   STACK          

        CLASS   CODE           
                end_init                             12       12        3         0
                cinit                                15       15       33         0
                intentry                              4        4        E         0
                reset_vec                             0        0        3         0
                text38                              E85      E85       42         0
                text37                              C2F      C2F        9         0
                text36                              4A9      4A9       CC         0
                text35                              D1F      D1F       23         0
                text34                              D65      D65       29         0
                text33                              5DB      5DB       24         0
                text32                              D8E      D8E       29         0
                text31                              CA8      CA8       12         0
                text30                              E46      E46       3F         0
                text29                              7FC      7FC        4         0
                text28                              CCF      CCF       1A         0
                text27                              C4D      C4D        D         0
                text26                              C5A      C5A        E         0
                text25                              C1F      C1F        8         0
                text24                              D03      D03       1C         0
                text23                              CE9      CE9       1A         0
                text22                              78D      78D       6F         0
                text21                              1ED      1ED      100         0
                text20                              C41      C41        C         0
                text19                              3D7      3D7       D2         0
                text18                              C86      C86       11         0
                text17                              C97      C97       11         0
                text16                              E13      E13       33         0
                text15                              2ED      2ED       EA         0
                text14                              C68      C68        E         0
                text13                              C38      C38        9         0
                text12                              D42      D42       23         0
                text11                              C76      C76       10         0
                text10                              71C      71C       71         0
                text9                               DE3      DE3       30         0
                text8                               CBA      CBA       15         0
                text7                               DB7      DB7       2C         0
                text6                               EC7      EC7       44         0
                text5                               F0B      F0B       46         0
                text4                                48       48      1A5         0
                text3                               575      575       66         0
                text2                               FA4      FA4       5C         0
                text1                               F51      F51       53         0
                maintext                            6AB      6AB       71         0
                clrtext                             C27      C27        8         0
                idataBANK1                          C1D      C1D        2         0
                idataBANK0                          5FF      5FF        1         0

        CLASS   STRCODE        

        CLASS   STRING         
                strings                             600      600       AB         0

        CLASS   CONST          

        CLASS   ENTRY          

        CLASS   COMMON         
                cstackCOMMON                         70       70        C         1
                bssCOMMON                            7C       7C        2         1

        CLASS   BANK0          
                cstackBANK0                          20       20       48         1
                dataBANK0                            6F       6F        1         1
                bssBANK0                             68       68        7         1

        CLASS   BANK1          
                dataBANK1                            D7       D7        2         1
                bssBANK1                             A0       A0       37         1

        CLASS   BANK2          

        CLASS   BANK3          
                bssBANK3                            190      190       28         1

        CLASS   RAM            

        CLASS   ABS1           
                abs_s1                               7E       7E        2         1

        CLASS   SFR0           

        CLASS   SFR1           

        CLASS   SFR2           

        CLASS   SFR3           

        CLASS   CONFIG         
                config                             2007     2007        1         0

        CLASS   IDLOC          

        CLASS   EEDATA         



SEGMENTS        Name                           Load    Length   Top    Selector   Space  Class     Delta

                reset_vec                      000000  000003  000003         0       0  CODE        2
                intentry                       000004  0005FC  000600         8       0  CODE        2
                cstackBANK0                    000020  000050  000070        20       1  BANK0       1
                cstackCOMMON                   000070  00000E  00007E        70       1  COMMON      1
                bssBANK1                       0000A0  000039  0000D9        A0       1  BANK1       1
                bssBANK3                       000190  000028  0001B8       190       1  BANK3       1
                strings                        000600  0000AB  0006AB       C00       0  STRING      2
                maintext                       0006AB  000155  000800       D56       0  CODE        2
                idataBANK1                     000C1D  000002  000C1F      183A       0  CODE        2
                text25                         000C1F  000008  000C27      183E       0  CODE        2
                clrtext                        000C27  000008  000C2F      184E       0  CODE        2
                text37                         000C2F  000009  000C38      185E       0  CODE        2
                text13                         000C38  000009  000C41      1870       0  CODE        2
                text20                         000C41  00000C  000C4D      1882       0  CODE        2
                text27                         000C4D  00000D  000C5A      189A       0  CODE        2
                text26                         000C5A  00000E  000C68      18B4       0  CODE        2
                text14                         000C68  00000E  000C76      18D0       0  CODE        2
                text11                         000C76  000010  000C86      18EC       0  CODE        2
                text18                         000C86  000011  000C97      190C       0  CODE        2
                text17                         000C97  000011  000CA8      192E       0  CODE        2
                text31                         000CA8  000012  000CBA      1950       0  CODE        2
                text8                          000CBA  000015  000CCF      1974       0  CODE        2
                text28                         000CCF  00001A  000CE9      199E       0  CODE        2
                text23                         000CE9  00001A  000D03      19D2       0  CODE        2
                text24                         000D03  00001C  000D1F      1A06       0  CODE        2
                text35                         000D1F  000023  000D42      1A3E       0  CODE        2
                text12                         000D42  000023  000D65      1A84       0  CODE        2
                text34                         000D65  000029  000D8E      1ACA       0  CODE        2
                text32                         000D8E  000029  000DB7      1B1C       0  CODE        2
                text7                          000DB7  00002C  000DE3      1B6E       0  CODE        2
                text9                          000DE3  000030  000E13      1BC6       0  CODE        2
                text16                         000E13  000033  000E46      1C26       0  CODE        2
                text30                         000E46  00003F  000E85      1C8C       0  CODE        2
                text38                         000E85  000042  000EC7      1D0A       0  CODE        2
                text6                          000EC7  000044  000F0B      1D8E       0  CODE        2
                text5                          000F0B  000046  000F51      1E16       0  CODE        2
                text1                          000F51  000053  000FA4      1EA2       0  CODE        2
                text2                          000FA4  00005C  001000      1F48       0  CODE        2
                config                         002007  000001  002008      400E       0  CONFIG      2


UNUSED ADDRESS RANGES

        Name                Unused          Largest block    Delta
        BANK1            00D9-00EF             17           1
        BANK2            0110-016F             60           1
        BANK3            01B8-01EF             38           1
        CODE             0003-0003              1           2
                         0800-0C1C            41D
                         1000-1FFF            800
        CONFIG           2008-2008              1           2
        CONST            0003-0003              1           2
                         0800-0C1C            100
                         1000-1FFF            100
        EEDATA           2100-21FF            100           2
        ENTRY            0003-0003              1           2
                         0800-0C1C            100
                         1000-1FFF            100
        IDLOC            2000-2003              4           2
        RAM              00D9-00EF             17           1
                         0110-016F             60
                         01B8-01EF             38
        SFR0             0000-001F             20           1
        SFR1             0080-009F             20           1
        SFR2             0100-010F             10           1
        SFR3             0180-018F             10           1
        STACK            0110-016F             60           1
        STRCODE          0003-0003              1           2
                         0800-0C1C            41D
                         1000-1FFF           1000
        STRING           0003-0003              1           2
                         0800-0C1C            100
                         1000-1FFF            100

                                  Symbol Table

?___wmul                          cstackBANK0  0020
?_atoi                            cstackBANK0  0026
?_strlen                          cstackBANK0  0020
?_strncmp                         cstackBANK0  0028
AnalogValue@channel               cstackBANK0  0027
Blink@i                           cstackBANK0  0029
Blink@n                           cstackBANK0  0026
DarknessCheck@darknessValue       cstackBANK0  0029
DelayDs@cnt                       cstackBANK0  0020
DelayDs@i                         cstackBANK0  0024
FindChannel@cnt                   cstackBANK0  0031
FindChannel@i                     cstackBANK0  0033
OperationMode@bracketStatus       cstackBANK0  0021
ReadFIFO@value                    cstackBANK0  0024
RegisterRead@adress               cstackBANK0  0026
RegisterRead@value                cstackBANK0  0025
RegisterSet@adress                cstackBANK0  002A
RegisterSet@value                 cstackBANK0  0027
SetRFMode@mcparam0_read           cstackBANK0  002D
SetRFMode@mode                    cstackBANK0  002C
TimerCounter@i                    cstackCOMMON 0073
TransiverReadFIFO@i               cstackBANK0  0061
TransiverReadFIFO@j               cstackBANK0  0063
TransmittString@dataString        cstackBANK0  0035
TransmittString@i                 cstackBANK0  003A
TransmittedDataHandler@slask      cstackBANK0  003D
TransmittedDataHandler@slask_734  cstackBANK0  0045
TransmittedDataHandler@slask_743  cstackBANK0  004D
TransmittedDataHandler@slask_746  cstackBANK0  0055
TransmittedDataHandler@value      cstackBANK0  005D
WriteFIFO@Data                    cstackBANK0  0023
WriteSPI@buffer                   cstackBANK0  0021
WriteSPI@databyte                 cstackBANK0  0022
_ADCON0bits                       (abs)        001F
_ADCON1bits                       (abs)        009F
_ADRESH                           (abs)        001E
_ANSEL                            (abs)        0188
_ANSELH                           (abs)        0189
_ANSELbits                        (abs)        0188
_AnalogValue                      text34       0D65
_Blink                            text16       0E13
_CARRY                            (abs)        0018
_ChannelP                         strings      0610
_ChannelR                         strings      061D
_ChannelS                         strings      062A
_DarknessCheck                    text32       0D8E
_DelayDs                          text35       0D1F
_EEADR                            (abs)        010D
_EECON1                           (abs)        018C
_EECON2                           (abs)        018D
_EEDATA                           (abs)        010C
_FindChannel                      text21       01ED
_GIE                              (abs)        005F
_INTCONbits                       (abs)        000B
_IOCBbits                         (abs)        0096
_LightWithSensController          text30       0E46
_Mode_0                           text29       07FC
_Mode_1                           text28       0CCF
_Mode_2                           text27       0C4D
_Mode_4                           text18       0C86
_Mode_5                           text17       0C97
_OPTION_REGbits                   (abs)        0081
_OSCCONbits                       (abs)        008F
_OperationMode                    text13       0C38
_PIE1bits                         (abs)        008C
_PIR1bits                         (abs)        000C
_PORTA                            (abs)        0005
_PORTAbits                        (abs)        0005
_PORTB                            (abs)        0006
_PORTBbits                        (abs)        0006
_PORTC                            (abs)        0007
_PORTCbits                        (abs)        0007
_RBIF                             (abs)        0058
_RD                               (abs)        0C60
_ReadFIFO                         text14       0C68
_ReadSPI                          text25       0C1F
_RegisterRead                     text24       0D03
_RegisterSet                      text23       0CE9
_SSPBUF                           (abs)        0013
_SSPCONbits                       (abs)        0014
_SSPIE                            (abs)        0463
_SSPSTATbits                      (abs)        0094
_SetRFMode                        text22       078D
_T1CON                            (abs)        0010
_T1CONbits                        (abs)        0010
_TMR1H                            (abs)        000F
_TMR1IF                           (abs)        0060
_TMR1L                            (abs)        000E
_TMR1ON                           (abs)        0080
_TRISA                            (abs)        0085
_TRISB                            (abs)        0086
_TRISC                            (abs)        0087
_TimerCounter                     text38       0E85
_TransiverInit                    text15       02ED
_TransiverReadFIFO                text3        0575
_TransiverToReceive               text2        0FA4
_TransmittString                  text19       03D7
_TransmittedDataHandler           text4        0048
_TransmittedString                bssBANK1     00B9
_WPUBbits                         (abs)        0095
_WR                               (abs)        0C61
_WREN                             (abs)        0C62
_WriteFIFO                        text20       0C41
_WriteSPI                         text26       0C5A
__CFG_BOREN$OFF                   (abs)        0000
__CFG_CP$ON                       (abs)        0000
__CFG_CPD$ON                      (abs)        0000
__CFG_FCMEN$OFF                   (abs)        0000
__CFG_FOSC$INTRC_NOCLKOUT         (abs)        0000
__CFG_IESO$OFF                    (abs)        0000
__CFG_LVP$OFF                     (abs)        0000
__CFG_MCLRE$OFF                   (abs)        0000
__CFG_WDTE$OFF                    (abs)        0000
__Habs1                           abs1         0000
__Hbank0                          bank0        0000
__Hbank1                          bank1        0000
__Hbank2                          bank2        0000
__Hbank3                          bank3        0000
__HbssBANK0                       bssBANK0     0000
__HbssBANK1                       bssBANK1     0000
__HbssBANK3                       bssBANK3     0000
__HbssCOMMON                      bssCOMMON    0000
__Hcinit                          cinit        0048
__Hclrtext                        clrtext      0000
__Hcode                           code         0000
__Hcommon                         common       0000
__Hconfig                         config       2008
__HcstackBANK0                    cstackBANK0  0000
__HcstackCOMMON                   cstackCOMMON 0000
__HdataBANK0                      dataBANK0    0000
__HdataBANK1                      dataBANK1    0000
__Heeprom_data                    eeprom_data  0000
__Hend_init                       end_init     0015
__Hfunctab                        functab      0000
__HidataBANK0                     idataBANK0   0000
__HidataBANK1                     idataBANK1   0000
__Hidloc                          idloc        0000
__Hinit                           init         0012
__Hintentry                       intentry     0012
__Hmaintext                       maintext     0000
__Hpowerup                        powerup      0000
__Hram                            ram          0000
__Hreset_vec                      reset_vec    0003
__Hsfr0                           sfr0         0000
__Hsfr1                           sfr1         0000
__Hsfr2                           sfr2         0000
__Hsfr3                           sfr3         0000
__Hspace_0                        (abs)        2008
__Hspace_1                        (abs)        01B8
__Hspace_2                        (abs)        0000
__Hspace_3                        (abs)        0000
__Hstack                          stack        0000
__Hstrings                        strings      0000
__Htext                           text         0000
__Labs1                           abs1         0000
__Lbank0                          bank0        0000
__Lbank1                          bank1        0000
__Lbank2                          bank2        0000
__Lbank3                          bank3        0000
__LbssBANK0                       bssBANK0     0000
__LbssBANK1                       bssBANK1     0000
__LbssBANK3                       bssBANK3     0000
__LbssCOMMON                      bssCOMMON    0000
__Lcinit                          cinit        0015
__Lclrtext                        clrtext      0000
__Lcode                           code         0000
__Lcommon                         common       0000
__Lconfig                         config       2007
__LcstackBANK0                    cstackBANK0  0000
__LcstackCOMMON                   cstackCOMMON 0000
__LdataBANK0                      dataBANK0    0000
__LdataBANK1                      dataBANK1    0000
__Leeprom_data                    eeprom_data  0000
__Lend_init                       end_init     0012
__Lfunctab                        functab      0000
__LidataBANK0                     idataBANK0   0000
__LidataBANK1                     idataBANK1   0000
__Lidloc                          idloc        0000
__Linit                           init         0012
__Lintentry                       intentry     0004
__Lmaintext                       maintext     0000
__Lpowerup                        powerup      0000
__Lram                            ram          0000
__Lreset_vec                      reset_vec    0000
__Lsfr0                           sfr0         0000
__Lsfr1                           sfr1         0000
__Lsfr2                           sfr2         0000
__Lsfr3                           sfr3         0000
__Lspace_0                        (abs)        0000
__Lspace_1                        (abs)        0000
__Lspace_2                        (abs)        0000
__Lspace_3                        (abs)        0000
__Lstack                          stack        0000
__Lstrings                        strings      0000
__Ltext                           text         0000
__S0                              (abs)        2008
__S1                              (abs)        01B8
__S2                              (abs)        0000
__S3                              (abs)        0000
___int_sp                         stack        0000
___latbits                        (abs)        0002
___sp                             stack        0000
___wmul                           text12       0D42
___wmul@multiplicand              cstackBANK0  0022
___wmul@multiplier                cstackBANK0  0020
___wmul@product                   cstackBANK0  0024
__end_of_AnalogValue              text34       0D8E
__end_of_Blink                    text16       0E46
__end_of_ChannelP                 strings      061D
__end_of_ChannelR                 strings      062A
__end_of_ChannelS                 strings      0637
__end_of_DarknessCheck            text32       0DB7
__end_of_DelayDs                  text35       0D42
__end_of_FindChannel              text21       02ED
__end_of_LightWithSensController  text30       0E85
__end_of_Mode_0                   text29       0800
__end_of_Mode_1                   text28       0CE9
__end_of_Mode_2                   text27       0C5A
__end_of_Mode_4                   text18       0C97
__end_of_Mode_5                   text17       0CA8
__end_of_OperationMode            text13       0C41
__end_of_ReadFIFO                 text14       0C76
__end_of_ReadSPI                  text25       0C27
__end_of_RegisterRead             text24       0D1F
__end_of_RegisterSet              text23       0D03
__end_of_SetRFMode                text22       07FC
__end_of_TimerCounter             text38       0EC7
__end_of_TransiverInit            text15       03D7
__end_of_TransiverReadFIFO        text3        05DB
__end_of_TransiverToReceive       text2        1000
__end_of_TransmittString          text19       04A9
__end_of_TransmittedDataHandler   text4        01ED
__end_of_WriteFIFO                text20       0C4D
__end_of_WriteSPI                 text26       0C68
__end_of___wmul                   text12       0D65
__end_of__initialization          cinit        0044
__end_of__stringtab               strings      0610
__end_of_atoi                     text10       078D
__end_of_eeprom_read              text33       05FF
__end_of_eeprom_write             text9        0E13
__end_of_init                     text1        0FA4
__end_of_isdigit                  text11       0C86
__end_of_main                     maintext     071C
__end_of_strchr                   text8        0CCF
__end_of_strlen                   text7        0DE3
__end_of_strncmp                  text6        0F0B
__end_of_strstr                   text5        0F51
__end_of_tc_int                   text36       0575
__end_of_timerFunction            text31       0CBA
__end_ofi1_OperationMode          text37       0C38
__initialization                  cinit        0015
__pbssBANK0                       bssBANK0     0068
__pbssBANK1                       bssBANK1     00A0
__pbssBANK3                       bssBANK3     0190
__pbssCOMMON                      bssCOMMON    007C
__pcstackBANK0                    cstackBANK0  0020
__pcstackCOMMON                   cstackCOMMON 0070
__pdataBANK0                      dataBANK0    006F
__pdataBANK1                      dataBANK1    00D7
__pidataBANK0                     idataBANK0   05FF
__pidataBANK1                     idataBANK1   0C1D
__pintentry                       intentry     0004
__pmaintext                       maintext     06AB
__pstrings                        strings      0600
__ptext1                          text1        0F51
__ptext10                         text10       071C
__ptext11                         text11       0C76
__ptext12                         text12       0D42
__ptext13                         text13       0C38
__ptext14                         text14       0C68
__ptext15                         text15       02ED
__ptext16                         text16       0E13
__ptext17                         text17       0C97
__ptext18                         text18       0C86
__ptext19                         text19       03D7
__ptext2                          text2        0FA4
__ptext20                         text20       0C41
__ptext21                         text21       01ED
__ptext22                         text22       078D
__ptext23                         text23       0CE9
__ptext24                         text24       0D03
__ptext25                         text25       0C1F
__ptext26                         text26       0C5A
__ptext27                         text27       0C4D
__ptext28                         text28       0CCF
__ptext29                         text29       07FC
__ptext3                          text3        0575
__ptext30                         text30       0E46
__ptext31                         text31       0CA8
__ptext32                         text32       0D8E
__ptext33                         text33       05DB
__ptext34                         text34       0D65
__ptext35                         text35       0D1F
__ptext36                         text36       04A9
__ptext37                         text37       0C2F
__ptext38                         text38       0E85
__ptext4                          text4        0048
__ptext5                          text5        0F0B
__ptext6                          text6        0EC7
__ptext7                          text7        0DB7
__ptext8                          text8        0CBA
__ptext9                          text9        0DE3
__size_of_AnalogValue             (abs)        0000
__size_of_Blink                   (abs)        0000
__size_of_DarknessCheck           (abs)        0000
__size_of_DelayDs                 (abs)        0000
__size_of_FindChannel             (abs)        0000
__size_of_LightWithSensController (abs)        0000
__size_of_Mode_0                  (abs)        0000
__size_of_Mode_1                  (abs)        0000
__size_of_Mode_2                  (abs)        0000
__size_of_Mode_4                  (abs)        0000
__size_of_Mode_5                  (abs)        0000
__size_of_OperationMode           (abs)        0000
__size_of_ReadFIFO                (abs)        0000
__size_of_ReadSPI                 (abs)        0000
__size_of_RegisterRead            (abs)        0000
__size_of_RegisterSet             (abs)        0000
__size_of_SetRFMode               (abs)        0000
__size_of_TimerCounter            (abs)        0000
__size_of_TransiverInit           (abs)        0000
__size_of_TransiverReadFIFO       (abs)        0000
__size_of_TransiverToReceive      (abs)        0000
__size_of_TransmittString         (abs)        0000
__size_of_TransmittedDataHandler  (abs)        0000
__size_of_WriteFIFO               (abs)        0000
__size_of_WriteSPI                (abs)        0000
__size_of___wmul                  (abs)        0000
__size_of_atoi                    (abs)        0000
__size_of_eeprom_read             (abs)        0000
__size_of_eeprom_write            (abs)        0000
__size_of_init                    (abs)        0000
__size_of_isdigit                 (abs)        0000
__size_of_main                    (abs)        0000
__size_of_strchr                  (abs)        0000
__size_of_strlen                  (abs)        0000
__size_of_strncmp                 (abs)        0000
__size_of_strstr                  (abs)        0000
__size_of_tc_int                  (abs)        0000
__size_of_timerFunction           (abs)        0000
__size_ofi1_OperationMode         (abs)        0000
__stringbase                      strings      060F
__stringtab                       strings      0600
_addressDarknessValue             bssCOMMON    007C
_atoi                             text10       071C
_bChannelFound                    bssBANK0     006C
_bDark                            bssBANK0     006D
_bTimerComplete                   bssBANK1     00AA
_bTransiverModeReceive            bssBANK0     006E
_bValueFromPot                    dataBANK0    006F
_channelFound                     bssBANK1     00AF
_eeprom_read                      text33       05DB
_eeprom_write                     text9        0DE3
_init                             text1        0F51
_intBlinkCounter                  bssBANK1     00B1
_intBlinkCycle                    bssBANK0     0068
_intClockTimer                    bssBANK1     00A0
_intHalfSecondCounter             bssBANK1     00B5
_intMinuteCounter                 bssBANK1     00B7
_intNumberOfBlinks                dataBANK1    00D7
_intSecondCounter                 bssBANK0     006A
_isdigit                          text11       0C76
_isdigit$1118                     cstackBANK0  0020
_main                             maintext     06AB
_strchr                           text8        0CBA
_strlen                           text7        0DB7
_strncmp                          text6        0EC7
_strstr                           text5        0F0B
_tc_int                           text36       04A9
_timerFunction                    text31       0CA8
atoi@a                            cstackBANK0  002B
atoi@s                            cstackBANK0  002D
atoi@sign                         cstackBANK0  002A
btemp                             (abs)        007E
clear_ram0                        clrtext      0C27
eeprom_read@addr                  cstackBANK0  0021
eeprom_write@addr                 cstackBANK0  0022
eeprom_write@value                cstackBANK0  0020
end_of_initialization             cinit        0044
i1OperationMode@bracketStatus     cstackCOMMON 0071
i1_OperationMode                  text37       0C2F
interrupt_function                intentry     0004
intlevel0                         functab      0000
intlevel1                         functab      0000
intlevel2                         functab      0000
intlevel3                         functab      0000
intlevel4                         functab      0000
intlevel5                         functab      0000
isdigit@c                         cstackBANK0  0021
reset_vec                         reset_vec    0000
saved_w                           (abs)        007E
stackhi                           (abs)        0000
stacklo                           (abs)        0000
start                             init         0012
start_initialization              cinit        0015
strchr@chr                        cstackBANK0  0020
strchr@ptr                        cstackBANK0  0022
strlen@cp                         cstackBANK0  0027
strlen@s                          cstackBANK0  0026
strncmp@len                       cstackBANK0  0029
strncmp@s1                        cstackBANK0  002D
strncmp@s2                        cstackBANK0  0028
strstr@s1                         cstackBANK0  0032
strstr@s2                         cstackBANK0  002E
timerFunction@intSetSeconds       cstackBANK0  0022
timerFunction@intTimerNumber      cstackBANK0  0020
wtemp0                            (abs)        007E


FUNCTION INFORMATION:

 *************** function _main *****************
 Defined at:
		line 27 in file "main.c"
 Parameters:    Size  Location     Type
		None
 Auto vars:     Size  Location     Type
		None
 Return value:  Size  Location     Type
                  1    wreg      void 
 Registers used:
		wreg, fsr0l, fsr0h, status,2, status,0, btemp+1, pclath, cstack
 Tracked objects:
		On entry : 
		On exit  : 
		Unchanged: 
 Data sizes:     COMMON   BANK0   BANK1   BANK3   BANK2
      Params:         0       0       0       0       0
      Locals:         0       0       0       0       0
      Temps:          0       3       0       0       0
      Totals:         0       3       0       0       0
Total ram usage:        3 bytes
 Hardware stack levels required when called:   10
 This function calls:
		_Mode_0
		_Mode_1
		_Mode_2
		_Mode_4
		_Mode_5
		_OperationMode
		_TransiverInit
		_TransiverReadFIFO
		_TransiverToReceive
		_init
 This function is called by:
		Startup code after reset
 This function uses a non-reentrant model


 *************** function _init *****************
 Defined at:
		line 368 in file "functions.c"
 Parameters:    Size  Location     Type
		None
 Auto vars:     Size  Location     Type
		None
 Return value:  Size  Location     Type
                  1    wreg      void 
 Registers used:
		wreg, status,2, status,0
 Tracked objects:
		On entry : 
		On exit  : 
		Unchanged: 
 Data sizes:     COMMON   BANK0   BANK1   BANK3   BANK2
      Params:         0       0       0       0       0
      Locals:         0       0       0       0       0
      Temps:          0       0       0       0       0
      Totals:         0       0       0       0       0
Total ram usage:        0 bytes
 Hardware stack levels used:    1
 Hardware stack levels required when called:    2
 This function calls:
		Nothing
 This function is called by:
		_main
 This function uses a non-reentrant model


 *************** function _TransiverToReceive *****************
 Defined at:
		line 12 in file "functions.c"
 Parameters:    Size  Location     Type
		None
 Auto vars:     Size  Location     Type
		None
 Return value:  Size  Location     Type
                  1    wreg      void 
 Registers used:
		wreg, fsr0l, fsr0h, status,2, status,0, btemp+1, pclath, cstack
 Tracked objects:
		On entry : 
		On exit  : 
		Unchanged: 
 Data sizes:     COMMON   BANK0   BANK1   BANK3   BANK2
      Params:         0       0       0       0       0
      Locals:         0       0       0       0       0
      Temps:          0       2       0       0       0
      Totals:         0       2       0       0       0
Total ram usage:        2 bytes
 Hardware stack levels used:    1
 Hardware stack levels required when called:    7
 This function calls:
		_FindChannel
		_RegisterRead
		_RegisterSet
		_SetRFMode
		_timerFunction
 This function is called by:
		_main
 This function uses a non-reentrant model


 *************** function _TransiverReadFIFO *****************
 Defined at:
		line 38 in file "functions.c"
 Parameters:    Size  Location     Type
		None
 Auto vars:     Size  Location     Type
  j               2   67[BANK0 ] int 
  i               2   65[BANK0 ] int 
 Return value:  Size  Location     Type
                  1    wreg      void 
 Registers used:
		wreg, fsr0l, fsr0h, status,2, status,0, btemp+1, pclath, cstack
 Tracked objects:
		On entry : 
		On exit  : 
		Unchanged: 
 Data sizes:     COMMON   BANK0   BANK1   BANK3   BANK2
      Params:         0       0       0       0       0
      Locals:         0       4       0       0       0
      Temps:          0       2       0       0       0
      Totals:         0       6       0       0       0
Total ram usage:        6 bytes
 Hardware stack levels used:    1
 Hardware stack levels required when called:    9
 This function calls:
		_ReadFIFO
		_SetRFMode
		_TransmittedDataHandler
		_timerFunction
 This function is called by:
		_main
 This function uses a non-reentrant model


 *************** function _TransmittedDataHandler *****************
 Defined at:
		line 59 in file "functions.c"
 Parameters:    Size  Location     Type
		None
 Auto vars:     Size  Location     Type
  slask           8   53[BANK0 ] unsigned char [8]
  value           2   61[BANK0 ] int 
  slask           8   45[BANK0 ] unsigned char [8]
  slask           8   37[BANK0 ] unsigned char [8]
  slask           8   29[BANK0 ] unsigned char [8]
 Return value:  Size  Location     Type
                  1    wreg      void 
 Registers used:
		wreg, fsr0l, fsr0h, status,2, status,0, btemp+1, pclath, cstack
 Tracked objects:
		On entry : 
		On exit  : 
		Unchanged: 
 Data sizes:     COMMON   BANK0   BANK1   BANK3   BANK2
      Params:         0       0       0       0       0
      Locals:         0      34       0       0       0
      Temps:          0       1       0       0       0
      Totals:         0      35       0       0       0
Total ram usage:       35 bytes
 Hardware stack levels used:    1
 Hardware stack levels required when called:    8
 This function calls:
		_AnalogValue
		_DarknessCheck
		_DelayDs
		_OperationMode
		_TransmittString
		_atoi
		_eeprom_read
		_eeprom_write
		_strstr
 This function is called by:
		_TransiverReadFIFO
 This function uses a non-reentrant model


 *************** function _strstr *****************
 Defined at:
		line 4 in file "C:\Program Files (x86)\Microchip\xc8\v1.40\sources\common\strstr.c"
 Parameters:    Size  Location     Type
  s1              1    wreg     PTR const unsigned char 
		 -> NULL(0), TransmittedString(30), 
  s2              1   14[BANK0 ] PTR const unsigned char 
		 -> STR_15(6), STR_14(5), STR_13(8), STR_10(7), 
		 -> STR_7(9), STR_6(7), STR_5(8), STR_4(7), 
		 -> STR_3(7), STR_2(8), STR_1(8), 
 Auto vars:     Size  Location     Type
  s1              1   18[BANK0 ] PTR const unsigned char 
		 -> NULL(0), TransmittedString(30), 
 Return value:  Size  Location     Type
                  1    wreg      PTR unsigned char 
 Registers used:
		wreg, fsr0l, fsr0h, status,2, status,0, pclath, cstack
 Tracked objects:
		On entry : 
		On exit  : 
		Unchanged: 
 Data sizes:     COMMON   BANK0   BANK1   BANK3   BANK2
      Params:         0       1       0       0       0
      Locals:         0       1       0       0       0
      Temps:          0       3       0       0       0
      Totals:         0       5       0       0       0
Total ram usage:        5 bytes
 Hardware stack levels used:    1
 Hardware stack levels required when called:    3
 This function calls:
		_strchr
		_strlen
		_strncmp
 This function is called by:
		_TransmittedDataHandler
 This function uses a non-reentrant model


 *************** function _strncmp *****************
 Defined at:
		line 4 in file "C:\Program Files (x86)\Microchip\xc8\v1.40\sources\common\strncmp.c"
 Parameters:    Size  Location     Type
  s1              1    wreg     PTR const unsigned char 
		 -> NULL(0), TransmittedString(30), 
  s2              1    8[BANK0 ] PTR const unsigned char 
		 -> STR_15(6), STR_14(5), STR_13(8), STR_10(7), 
		 -> STR_7(9), STR_6(7), STR_5(8), STR_4(7), 
		 -> STR_3(7), STR_2(8), STR_1(8), 
  len             2    9[BANK0 ] unsigned int 
 Auto vars:     Size  Location     Type
  s1              1   13[BANK0 ] PTR const unsigned char 
		 -> NULL(0), TransmittedString(30), 
 Return value:  Size  Location     Type
                  2    8[BANK0 ] int 
 Registers used:
		wreg, fsr0l, fsr0h, status,2, status,0, pclath
 Tracked objects:
		On entry : 
		On exit  : 
		Unchanged: 
 Data sizes:     COMMON   BANK0   BANK1   BANK3   BANK2
      Params:         0       3       0       0       0
      Locals:         0       1       0       0       0
      Temps:          0       2       0       0       0
      Totals:         0       6       0       0       0
Total ram usage:        6 bytes
 Hardware stack levels used:    1
 Hardware stack levels required when called:    2
 This function calls:
		Nothing
 This function is called by:
		_strstr
 This function uses a non-reentrant model


 *************** function _strlen *****************
 Defined at:
		line 4 in file "C:\Program Files (x86)\Microchip\xc8\v1.40\sources\common\strlen.c"
 Parameters:    Size  Location     Type
  s               1    wreg     PTR const unsigned char 
		 -> STR_15(6), STR_14(5), STR_13(8), STR_10(7), 
		 -> STR_7(9), STR_6(7), STR_5(8), STR_4(7), 
		 -> STR_3(7), STR_2(8), STR_1(8), 
 Auto vars:     Size  Location     Type
  s               1    6[BANK0 ] PTR const unsigned char 
		 -> STR_15(6), STR_14(5), STR_13(8), STR_10(7), 
		 -> STR_7(9), STR_6(7), STR_5(8), STR_4(7), 
		 -> STR_3(7), STR_2(8), STR_1(8), 
  cp              1    7[BANK0 ] PTR const unsigned char 
		 -> STR_15(6), STR_14(5), STR_13(8), STR_10(7), 
		 -> STR_7(9), STR_6(7), STR_5(8), STR_4(7), 
		 -> STR_3(7), STR_2(8), STR_1(8), 
 Return value:  Size  Location     Type
                  2    0[BANK0 ] unsigned int 
 Registers used:
		wreg, fsr0l, fsr0h, status,2, status,0, pclath
 Tracked objects:
		On entry : 
		On exit  : 
		Unchanged: 
 Data sizes:     COMMON   BANK0   BANK1   BANK3   BANK2
      Params:         0       2       0       0       0
      Locals:         0       2       0       0       0
      Temps:          0       4       0       0       0
      Totals:         0       8       0       0       0
Total ram usage:        8 bytes
 Hardware stack levels used:    1
 Hardware stack levels required when called:    2
 This function calls:
		Nothing
 This function is called by:
		_strstr
 This function uses a non-reentrant model


 *************** function _strchr *****************
 Defined at:
		line 4 in file "C:\Program Files (x86)\Microchip\xc8\v1.40\sources\common\strchr.c"
 Parameters:    Size  Location     Type
  ptr             1    wreg     PTR const unsigned char 
		 -> NULL(0), TransmittedString(30), 
  chr             2    0[BANK0 ] int 
 Auto vars:     Size  Location     Type
  ptr             1    2[BANK0 ] PTR const unsigned char 
		 -> NULL(0), TransmittedString(30), 
 Return value:  Size  Location     Type
                  1    wreg      PTR unsigned char 
 Registers used:
		wreg, fsr0l, fsr0h, status,2, status,0
 Tracked objects:
		On entry : 
		On exit  : 
		Unchanged: 
 Data sizes:     COMMON   BANK0   BANK1   BANK3   BANK2
      Params:         0       2       0       0       0
      Locals:         0       1       0       0       0
      Temps:          0       0       0       0       0
      Totals:         0       3       0       0       0
Total ram usage:        3 bytes
 Hardware stack levels used:    1
 Hardware stack levels required when called:    2
 This function calls:
		Nothing
 This function is called by:
		_strstr
 This function uses a non-reentrant model


 *************** function _eeprom_write *****************
 Defined at:
		line 6 in file "C:\Program Files (x86)\Microchip\xc8\v1.40\sources\pic\eewrite.c"
 Parameters:    Size  Location     Type
  addr            1    wreg     unsigned char 
  value           1    0[BANK0 ] unsigned char 
 Auto vars:     Size  Location     Type
  addr            1    2[BANK0 ] unsigned char 
 Return value:  Size  Location     Type
                  1    wreg      void 
 Registers used:
		wreg, status,2, status,0
 Tracked objects:
		On entry : 
		On exit  : 
		Unchanged: 
 Data sizes:     COMMON   BANK0   BANK1   BANK3   BANK2
      Params:         0       1       0       0       0
      Locals:         0       1       0       0       0
      Temps:          0       1       0       0       0
      Totals:         0       3       0       0       0
Total ram usage:        3 bytes
 Hardware stack levels used:    1
 Hardware stack levels required when called:    2
 This function calls:
		Nothing
 This function is called by:
		_TransmittedDataHandler
 This function uses a non-reentrant model


 *************** function _atoi *****************
 Defined at:
		line 5 in file "C:\Program Files (x86)\Microchip\xc8\v1.40\sources\common\atoi.c"
 Parameters:    Size  Location     Type
  s               1    wreg     PTR const unsigned char 
		 -> TransmittedString(30), 
 Auto vars:     Size  Location     Type
  s               1   13[BANK0 ] PTR const unsigned char 
		 -> TransmittedString(30), 
  a               2   11[BANK0 ] int 
  sign            1   10[BANK0 ] unsigned char 
 Return value:  Size  Location     Type
                  2    6[BANK0 ] int 
 Registers used:
		wreg, fsr0l, fsr0h, status,2, status,0, pclath, cstack
 Tracked objects:
		On entry : 
		On exit  : 
		Unchanged: 
 Data sizes:     COMMON   BANK0   BANK1   BANK3   BANK2
      Params:         0       2       0       0       0
      Locals:         0       4       0       0       0
      Temps:          0       2       0       0       0
      Totals:         0       8       0       0       0
Total ram usage:        8 bytes
 Hardware stack levels used:    1
 Hardware stack levels required when called:    3
 This function calls:
		___wmul
		_isdigit
 This function is called by:
		_TransmittedDataHandler
 This function uses a non-reentrant model


 *************** function _isdigit *****************
 Defined at:
		line 8 in file "C:\Program Files (x86)\Microchip\xc8\v1.40\sources\common\isdigit.c"
 Parameters:    Size  Location     Type
  c               1    wreg     unsigned char 
 Auto vars:     Size  Location     Type
  c               1    1[BANK0 ] unsigned char 
 Return value:  Size  Location     Type
		None               void
 Registers used:
		wreg, status,2, status,0
 Tracked objects:
		On entry : 
		On exit  : 
		Unchanged: 
 Data sizes:     COMMON   BANK0   BANK1   BANK3   BANK2
      Params:         0       0       0       0       0
      Locals:         0       2       0       0       0
      Temps:          0       0       0       0       0
      Totals:         0       2       0       0       0
Total ram usage:        2 bytes
 Hardware stack levels used:    1
 Hardware stack levels required when called:    2
 This function calls:
		Nothing
 This function is called by:
		_atoi
 This function uses a non-reentrant model


 *************** function ___wmul *****************
 Defined at:
		line 15 in file "C:\Program Files (x86)\Microchip\xc8\v1.40\sources\common\Umul16.c"
 Parameters:    Size  Location     Type
  multiplier      2    0[BANK0 ] unsigned int 
  multiplicand    2    2[BANK0 ] unsigned int 
 Auto vars:     Size  Location     Type
  product         2    4[BANK0 ] unsigned int 
 Return value:  Size  Location     Type
                  2    0[BANK0 ] unsigned int 
 Registers used:
		wreg, status,2, status,0
 Tracked objects:
		On entry : 
		On exit  : 
		Unchanged: 
 Data sizes:     COMMON   BANK0   BANK1   BANK3   BANK2
      Params:         0       4       0       0       0
      Locals:         0       2       0       0       0
      Temps:          0       0       0       0       0
      Totals:         0       6       0       0       0
Total ram usage:        6 bytes
 Hardware stack levels used:    1
 Hardware stack levels required when called:    2
 This function calls:
		Nothing
 This function is called by:
		_atoi
 This function uses a non-reentrant model


 *************** function _OperationMode *****************
 Defined at:
		line 878 in file "functions.c"
 Parameters:    Size  Location     Type
		None
 Auto vars:     Size  Location     Type
  bracketStatu    1    1[BANK0 ] unsigned char 
 Return value:  Size  Location     Type
                  1    wreg      unsigned char 
 Registers used:
		wreg, status,2
 Tracked objects:
		On entry : 
		On exit  : 
		Unchanged: 
 Data sizes:     COMMON   BANK0   BANK1   BANK3   BANK2
      Params:         0       0       0       0       0
      Locals:         0       1       0       0       0
      Temps:          0       1       0       0       0
      Totals:         0       2       0       0       0
Total ram usage:        2 bytes
 Hardware stack levels used:    1
 Hardware stack levels required when called:    2
 This function calls:
		Nothing
 This function is called by:
		_main
		_TransmittedDataHandler
 This function uses a non-reentrant model


 *************** function _ReadFIFO *****************
 Defined at:
		line 695 in file "functions.c"
 Parameters:    Size  Location     Type
		None
 Auto vars:     Size  Location     Type
  value           1    4[BANK0 ] unsigned char 
 Return value:  Size  Location     Type
                  1    wreg      unsigned char 
 Registers used:
		wreg, status,2, status,0, pclath, cstack
 Tracked objects:
		On entry : 
		On exit  : 
		Unchanged: 
 Data sizes:     COMMON   BANK0   BANK1   BANK3   BANK2
      Params:         0       0       0       0       0
      Locals:         0       1       0       0       0
      Temps:          0       1       0       0       0
      Totals:         0       2       0       0       0
Total ram usage:        2 bytes
 Hardware stack levels used:    1
 Hardware stack levels required when called:    4
 This function calls:
		_ReadSPI
 This function is called by:
		_TransiverReadFIFO
 This function uses a non-reentrant model


 *************** function _TransiverInit *****************
 Defined at:
		line 460 in file "functions.c"
 Parameters:    Size  Location     Type
		None
 Auto vars:     Size  Location     Type
		None
 Return value:  Size  Location     Type
                  1    wreg      void 
 Registers used:
		wreg, fsr0l, fsr0h, status,2, status,0, btemp+1, pclath, cstack
 Tracked objects:
		On entry : 
		On exit  : 
		Unchanged: 
 Data sizes:     COMMON   BANK0   BANK1   BANK3   BANK2
      Params:         0       0       0       0       0
      Locals:         0       0       0       0       0
      Temps:          0       1       0       0       0
      Totals:         0       1       0       0       0
Total ram usage:        1 bytes
 Hardware stack levels used:    1
 Hardware stack levels required when called:    7
 This function calls:
		_Blink
		_FindChannel
		_RegisterRead
		_RegisterSet
		_SetRFMode
 This function is called by:
		_main
 This function uses a non-reentrant model


 *************** function _Blink *****************
 Defined at:
		line 608 in file "functions.c"
 Parameters:    Size  Location     Type
  n               2    6[BANK0 ] int 
 Auto vars:     Size  Location     Type
  i               2    9[BANK0 ] int 
 Return value:  Size  Location     Type
                  1    wreg      void 
 Registers used:
		wreg, status,2, status,0, pclath, cstack
 Tracked objects:
		On entry : 
		On exit  : 
		Unchanged: 
 Data sizes:     COMMON   BANK0   BANK1   BANK3   BANK2
      Params:         0       2       0       0       0
      Locals:         0       2       0       0       0
      Temps:          0       1       0       0       0
      Totals:         0       5       0       0       0
Total ram usage:        5 bytes
 Hardware stack levels used:    1
 Hardware stack levels required when called:    3
 This function calls:
		_DelayDs
 This function is called by:
		_TransiverInit
 This function uses a non-reentrant model


 *************** function _Mode_5 *****************
 Defined at:
		line 269 in file "functions.c"
 Parameters:    Size  Location     Type
		None
 Auto vars:     Size  Location     Type
		None
 Return value:  Size  Location     Type
                  1    wreg      void 
 Registers used:
		wreg, fsr0l, fsr0h, status,2, status,0, btemp+1, pclath, cstack
 Tracked objects:
		On entry : 
		On exit  : 
		Unchanged: 
 Data sizes:     COMMON   BANK0   BANK1   BANK3   BANK2
      Params:         0       0       0       0       0
      Locals:         0       0       0       0       0
      Temps:          0       0       0       0       0
      Totals:         0       0       0       0       0
Total ram usage:        0 bytes
 Hardware stack levels used:    1
 Hardware stack levels required when called:    8
 This function calls:
		_LightWithSensController
		_TransmittString
 This function is called by:
		_main
 This function uses a non-reentrant model


 *************** function _Mode_4 *****************
 Defined at:
		line 257 in file "functions.c"
 Parameters:    Size  Location     Type
		None
 Auto vars:     Size  Location     Type
		None
 Return value:  Size  Location     Type
                  1    wreg      void 
 Registers used:
		wreg, fsr0l, fsr0h, status,2, status,0, btemp+1, pclath, cstack
 Tracked objects:
		On entry : 
		On exit  : 
		Unchanged: 
 Data sizes:     COMMON   BANK0   BANK1   BANK3   BANK2
      Params:         0       0       0       0       0
      Locals:         0       0       0       0       0
      Temps:          0       0       0       0       0
      Totals:         0       0       0       0       0
Total ram usage:        0 bytes
 Hardware stack levels used:    1
 Hardware stack levels required when called:    8
 This function calls:
		_LightWithSensController
		_TransmittString
 This function is called by:
		_main
 This function uses a non-reentrant model


 *************** function _TransmittString *****************
 Defined at:
		line 163 in file "functions.c"
 Parameters:    Size  Location     Type
  dataString      2   21[BANK0 ] PTR const unsigned char 
		 -> STR_17(8), STR_16(8), TransmittedDataHandler@slask_746(8), TransmittedDataHandler@slask_743(8), 
		 -> STR_12(4), STR_11(4), STR_9(14), STR_8(14), 
		 -> TransmittedDataHandler@slask_734(8), TransmittedDataHandler@slask(8), 
 Auto vars:     Size  Location     Type
  i               2   26[BANK0 ] int 
 Return value:  Size  Location     Type
                  1    wreg      void 
 Registers used:
		wreg, fsr0l, fsr0h, status,2, status,0, btemp+1, pclath, cstack
 Tracked objects:
		On entry : 
		On exit  : 
		Unchanged: 
 Data sizes:     COMMON   BANK0   BANK1   BANK3   BANK2
      Params:         0       2       0       0       0
      Locals:         0       2       0       0       0
      Temps:          0       3       0       0       0
      Totals:         0       7       0       0       0
Total ram usage:        7 bytes
 Hardware stack levels used:    1
 Hardware stack levels required when called:    7
 This function calls:
		_FindChannel
		_RegisterRead
		_RegisterSet
		_SetRFMode
		_WriteFIFO
		_timerFunction
 This function is called by:
		_TransmittedDataHandler
		_Mode_4
		_Mode_5
 This function uses a non-reentrant model


 *************** function _WriteFIFO *****************
 Defined at:
		line 722 in file "functions.c"
 Parameters:    Size  Location     Type
  Data            1    wreg     unsigned char 
 Auto vars:     Size  Location     Type
  Data            1    3[BANK0 ] unsigned char 
 Return value:  Size  Location     Type
                  1    wreg      void 
 Registers used:
		wreg, status,2, status,0, pclath, cstack
 Tracked objects:
		On entry : 
		On exit  : 
		Unchanged: 
 Data sizes:     COMMON   BANK0   BANK1   BANK3   BANK2
      Params:         0       0       0       0       0
      Locals:         0       1       0       0       0
      Temps:          0       0       0       0       0
      Totals:         0       1       0       0       0
Total ram usage:        1 bytes
 Hardware stack levels used:    1
 Hardware stack levels required when called:    3
 This function calls:
		_WriteSPI
 This function is called by:
		_TransmittString
 This function uses a non-reentrant model


 *************** function _FindChannel *****************
 Defined at:
		line 505 in file "functions.c"
 Parameters:    Size  Location     Type
		None
 Auto vars:     Size  Location     Type
  i               2   19[BANK0 ] int 
  cnt             2   17[BANK0 ] int 
 Return value:  Size  Location     Type
                  1    wreg      unsigned char 
 Registers used:
		wreg, fsr0l, fsr0h, status,2, status,0, btemp+1, pclath, cstack
 Tracked objects:
		On entry : 
		On exit  : 
		Unchanged: 
 Data sizes:     COMMON   BANK0   BANK1   BANK3   BANK2
      Params:         0       0       0       0       0
      Locals:         0       4       0       0       0
      Temps:          0       3       0       0       0
      Totals:         0       7       0       0       0
Total ram usage:        7 bytes
 Hardware stack levels used:    1
 Hardware stack levels required when called:    6
 This function calls:
		_RegisterRead
		_RegisterSet
		_SetRFMode
 This function is called by:
		_TransiverToReceive
		_TransmittString
		_TransiverInit
 This function uses a non-reentrant model


 *************** function _SetRFMode *****************
 Defined at:
		line 560 in file "functions.c"
 Parameters:    Size  Location     Type
  mode            1    wreg     unsigned char 
 Auto vars:     Size  Location     Type
  mode            1   12[BANK0 ] unsigned char 
  mcparam0_rea    1   13[BANK0 ] unsigned char 
 Return value:  Size  Location     Type
                  1    wreg      void 
 Registers used:
		wreg, fsr0l, fsr0h, status,2, status,0, pclath, cstack
 Tracked objects:
		On entry : 
		On exit  : 
		Unchanged: 
 Data sizes:     COMMON   BANK0   BANK1   BANK3   BANK2
      Params:         0       0       0       0       0
      Locals:         0       2       0       0       0
      Temps:          0       1       0       0       0
      Totals:         0       3       0       0       0
Total ram usage:        3 bytes
 Hardware stack levels used:    1
 Hardware stack levels required when called:    5
 This function calls:
		_RegisterRead
		_RegisterSet
 This function is called by:
		_TransiverToReceive
		_TransiverReadFIFO
		_TransmittString
		_TransiverInit
		_FindChannel
 This function uses a non-reentrant model


 *************** function _RegisterSet *****************
 Defined at:
		line 669 in file "functions.c"
 Parameters:    Size  Location     Type
  adress          1    wreg     unsigned char 
  value           1    7[BANK0 ] unsigned char 
 Auto vars:     Size  Location     Type
  adress          1   10[BANK0 ] unsigned char 
 Return value:  Size  Location     Type
                  1    wreg      void 
 Registers used:
		wreg, status,2, status,0, pclath, cstack
 Tracked objects:
		On entry : 
		On exit  : 
		Unchanged: 
 Data sizes:     COMMON   BANK0   BANK1   BANK3   BANK2
      Params:         0       1       0       0       0
      Locals:         0       1       0       0       0
      Temps:          0       2       0       0       0
      Totals:         0       4       0       0       0
Total ram usage:        4 bytes
 Hardware stack levels used:    1
 Hardware stack levels required when called:    3
 This function calls:
		_WriteSPI
 This function is called by:
		_TransiverToReceive
		_TransmittString
		_TransiverInit
		_FindChannel
		_SetRFMode
 This function uses a non-reentrant model


 *************** function _RegisterRead *****************
 Defined at:
		line 639 in file "functions.c"
 Parameters:    Size  Location     Type
  adress          1    wreg     unsigned char 
 Auto vars:     Size  Location     Type
  adress          1    6[BANK0 ] unsigned char 
  value           1    5[BANK0 ] unsigned char 
 Return value:  Size  Location     Type
                  1    wreg      unsigned char 
 Registers used:
		wreg, status,2, status,0, pclath, cstack
 Tracked objects:
		On entry : 
		On exit  : 
		Unchanged: 
 Data sizes:     COMMON   BANK0   BANK1   BANK3   BANK2
      Params:         0       0       0       0       0
      Locals:         0       2       0       0       0
      Temps:          0       2       0       0       0
      Totals:         0       4       0       0       0
Total ram usage:        4 bytes
 Hardware stack levels used:    1
 Hardware stack levels required when called:    4
 This function calls:
		_ReadSPI
		_WriteSPI
 This function is called by:
		_TransiverToReceive
		_TransmittString
		_TransiverInit
		_FindChannel
		_SetRFMode
 This function uses a non-reentrant model


 *************** function _ReadSPI *****************
 Defined at:
		line 452 in file "functions.c"
 Parameters:    Size  Location     Type
		None
 Auto vars:     Size  Location     Type
		None
 Return value:  Size  Location     Type
                  1    wreg      unsigned char 
 Registers used:
		wreg, status,2, status,0, pclath, cstack
 Tracked objects:
		On entry : 
		On exit  : 
		Unchanged: 
 Data sizes:     COMMON   BANK0   BANK1   BANK3   BANK2
      Params:         0       0       0       0       0
      Locals:         0       0       0       0       0
      Temps:          0       0       0       0       0
      Totals:         0       0       0       0       0
Total ram usage:        0 bytes
 Hardware stack levels used:    1
 Hardware stack levels required when called:    3
 This function calls:
		_WriteSPI
 This function is called by:
		_RegisterRead
		_ReadFIFO
 This function uses a non-reentrant model


 *************** function _WriteSPI *****************
 Defined at:
		line 440 in file "functions.c"
 Parameters:    Size  Location     Type
  databyte        1    wreg     unsigned char 
 Auto vars:     Size  Location     Type
  databyte        1    2[BANK0 ] unsigned char 
  buffer          1    1[BANK0 ] unsigned char 
 Return value:  Size  Location     Type
                  1    wreg      void 
 Registers used:
		wreg
 Tracked objects:
		On entry : 
		On exit  : 
		Unchanged: 
 Data sizes:     COMMON   BANK0   BANK1   BANK3   BANK2
      Params:         0       0       0       0       0
      Locals:         0       2       0       0       0
      Temps:          0       1       0       0       0
      Totals:         0       3       0       0       0
Total ram usage:        3 bytes
 Hardware stack levels used:    1
 Hardware stack levels required when called:    2
 This function calls:
		Nothing
 This function is called by:
		_ReadSPI
		_RegisterRead
		_RegisterSet
		_WriteFIFO
 This function uses a non-reentrant model


 *************** function _Mode_2 *****************
 Defined at:
		line 238 in file "functions.c"
 Parameters:    Size  Location     Type
		None
 Auto vars:     Size  Location     Type
		None
 Return value:  Size  Location     Type
                  1    wreg      void 
 Registers used:
		wreg, fsr0l, fsr0h, status,2, status,0, pclath, cstack
 Tracked objects:
		On entry : 
		On exit  : 
		Unchanged: 
 Data sizes:     COMMON   BANK0   BANK1   BANK3   BANK2
      Params:         0       0       0       0       0
      Locals:         0       0       0       0       0
      Temps:          0       0       0       0       0
      Totals:         0       0       0       0       0
Total ram usage:        0 bytes
 Hardware stack levels used:    1
 Hardware stack levels required when called:    6
 This function calls:
		_LightWithSensController
 This function is called by:
		_main
 This function uses a non-reentrant model


 *************** function _Mode_1 *****************
 Defined at:
		line 224 in file "functions.c"
 Parameters:    Size  Location     Type
		None
 Auto vars:     Size  Location     Type
		None
 Return value:  Size  Location     Type
                  1    wreg      void 
 Registers used:
		wreg, status,2, status,0, pclath, cstack
 Tracked objects:
		On entry : 
		On exit  : 
		Unchanged: 
 Data sizes:     COMMON   BANK0   BANK1   BANK3   BANK2
      Params:         0       0       0       0       0
      Locals:         0       0       0       0       0
      Temps:          0       0       0       0       0
      Totals:         0       0       0       0       0
Total ram usage:        0 bytes
 Hardware stack levels used:    1
 Hardware stack levels required when called:    5
 This function calls:
		_DarknessCheck
 This function is called by:
		_main
 This function uses a non-reentrant model


 *************** function _Mode_0 *****************
 Defined at:
		line 216 in file "functions.c"
 Parameters:    Size  Location     Type
		None
 Auto vars:     Size  Location     Type
		None
 Return value:  Size  Location     Type
                  1    wreg      void 
 Registers used:
		wreg, fsr0l, fsr0h, status,2, status,0, pclath, cstack
 Tracked objects:
		On entry : 
		On exit  : 
		Unchanged: 
 Data sizes:     COMMON   BANK0   BANK1   BANK3   BANK2
      Params:         0       0       0       0       0
      Locals:         0       0       0       0       0
      Temps:          0       0       0       0       0
      Totals:         0       0       0       0       0
Total ram usage:        0 bytes
 Hardware stack levels used:    1
 Hardware stack levels required when called:    6
 This function calls:
		_LightWithSensController
 This function is called by:
		_main
 This function uses a non-reentrant model


 *************** function _LightWithSensController *****************
 Defined at:
		line 282 in file "functions.c"
 Parameters:    Size  Location     Type
		None
 Auto vars:     Size  Location     Type
		None
 Return value:  Size  Location     Type
                  1    wreg      void 
 Registers used:
		wreg, fsr0l, fsr0h, status,2, status,0, pclath, cstack
 Tracked objects:
		On entry : 
		On exit  : 
		Unchanged: 
 Data sizes:     COMMON   BANK0   BANK1   BANK3   BANK2
      Params:         0       0       0       0       0
      Locals:         0       0       0       0       0
      Temps:          0       0       0       0       0
      Totals:         0       0       0       0       0
Total ram usage:        0 bytes
 Hardware stack levels used:    1
 Hardware stack levels required when called:    5
 This function calls:
		_DarknessCheck
		_timerFunction
 This function is called by:
		_Mode_0
		_Mode_2
		_Mode_4
		_Mode_5
 This function uses a non-reentrant model


 *************** function _timerFunction *****************
 Defined at:
		line 333 in file "functions.c"
 Parameters:    Size  Location     Type
  intTimerNumb    2    0[BANK0 ] int 
  intSetSecond    2    2[BANK0 ] int 
 Auto vars:     Size  Location     Type
		None
 Return value:  Size  Location     Type
                  1    wreg      unsigned char 
 Registers used:
		wreg, fsr0l, fsr0h, status,2, status,0
 Tracked objects:
		On entry : 
		On exit  : 
		Unchanged: 
 Data sizes:     COMMON   BANK0   BANK1   BANK3   BANK2
      Params:         0       4       0       0       0
      Locals:         0       0       0       0       0
      Temps:          0       1       0       0       0
      Totals:         0       5       0       0       0
Total ram usage:        5 bytes
 Hardware stack levels used:    1
 Hardware stack levels required when called:    2
 This function calls:
		Nothing
 This function is called by:
		_TransiverToReceive
		_TransiverReadFIFO
		_TransmittString
		_LightWithSensController
 This function uses a non-reentrant model


 *************** function _DarknessCheck *****************
 Defined at:
		line 844 in file "functions.c"
 Parameters:    Size  Location     Type
		None
 Auto vars:     Size  Location     Type
  darknessValu    1    9[BANK0 ] unsigned char 
 Return value:  Size  Location     Type
                  1    wreg      void 
 Registers used:
		wreg, status,2, status,0, pclath, cstack
 Tracked objects:
		On entry : 
		On exit  : 
		Unchanged: 
 Data sizes:     COMMON   BANK0   BANK1   BANK3   BANK2
      Params:         0       0       0       0       0
      Locals:         0       1       0       0       0
      Temps:          0       1       0       0       0
      Totals:         0       2       0       0       0
Total ram usage:        2 bytes
 Hardware stack levels used:    1
 Hardware stack levels required when called:    4
 This function calls:
		_AnalogValue
		_eeprom_read
 This function is called by:
		_TransmittedDataHandler
		_Mode_1
		_LightWithSensController
 This function uses a non-reentrant model


 *************** function _eeprom_read *****************
 Defined at:
		line 6 in file "C:\Program Files (x86)\Microchip\xc8\v1.40\sources\pic\eeread.c"
 Parameters:    Size  Location     Type
  addr            1    wreg     unsigned char 
 Auto vars:     Size  Location     Type
  addr            1    1[BANK0 ] unsigned char 
 Return value:  Size  Location     Type
                  1    wreg      unsigned char 
 Registers used:
		wreg, status,2, status,0
 Tracked objects:
		On entry : 
		On exit  : 
		Unchanged: 
 Data sizes:     COMMON   BANK0   BANK1   BANK3   BANK2
      Params:         0       0       0       0       0
      Locals:         0       1       0       0       0
      Temps:          0       1       0       0       0
      Totals:         0       2       0       0       0
Total ram usage:        2 bytes
 Hardware stack levels used:    1
 Hardware stack levels required when called:    2
 This function calls:
		Nothing
 This function is called by:
		_TransmittedDataHandler
		_DarknessCheck
 This function uses a non-reentrant model


 *************** function _AnalogValue *****************
 Defined at:
		line 817 in file "functions.c"
 Parameters:    Size  Location     Type
  channel         1    wreg     unsigned char 
 Auto vars:     Size  Location     Type
  channel         1    7[BANK0 ] unsigned char 
 Return value:  Size  Location     Type
                  1    wreg      unsigned char 
 Registers used:
		wreg, status,2, status,0, pclath, cstack
 Tracked objects:
		On entry : 
		On exit  : 
		Unchanged: 
 Data sizes:     COMMON   BANK0   BANK1   BANK3   BANK2
      Params:         0       0       0       0       0
      Locals:         0       1       0       0       0
      Temps:          0       1       0       0       0
      Totals:         0       2       0       0       0
Total ram usage:        2 bytes
 Hardware stack levels used:    1
 Hardware stack levels required when called:    3
 This function calls:
		_DelayDs
 This function is called by:
		_TransmittedDataHandler
		_DarknessCheck
 This function uses a non-reentrant model


 *************** function _DelayDs *****************
 Defined at:
		line 431 in file "functions.c"
 Parameters:    Size  Location     Type
  cnt             2    0[BANK0 ] int 
 Auto vars:     Size  Location     Type
  i               2    4[BANK0 ] int 
 Return value:  Size  Location     Type
                  1    wreg      void 
 Registers used:
		wreg, status,2
 Tracked objects:
		On entry : 
		On exit  : 
		Unchanged: 
 Data sizes:     COMMON   BANK0   BANK1   BANK3   BANK2
      Params:         0       2       0       0       0
      Locals:         0       2       0       0       0
      Temps:          0       2       0       0       0
      Totals:         0       6       0       0       0
Total ram usage:        6 bytes
 Hardware stack levels used:    1
 Hardware stack levels required when called:    2
 This function calls:
		Nothing
 This function is called by:
		_TransmittedDataHandler
		_Blink
		_AnalogValue
 This function uses a non-reentrant model


 *************** function _tc_int *****************
 Defined at:
		line 746 in file "functions.c"
 Parameters:    Size  Location     Type
		None
 Auto vars:     Size  Location     Type
		None
 Return value:  Size  Location     Type
                  1    wreg      void 
 Registers used:
		wreg, fsr0l, fsr0h, status,2, status,0, btemp+1, pclath, cstack
 Tracked objects:
		On entry : 
		On exit  : 
		Unchanged: 
 Data sizes:     COMMON   BANK0   BANK1   BANK3   BANK2
      Params:         0       0       0       0       0
      Locals:         0       0       0       0       0
      Temps:          7       0       0       0       0
      Totals:         7       0       0       0       0
Total ram usage:        7 bytes
 Hardware stack levels used:    1
 Hardware stack levels required when called:    1
 This function calls:
		_TimerCounter
		i1_OperationMode
 This function is called by:
		Interrupt level 1
 This function uses a non-reentrant model


 *************** function i1_OperationMode *****************
 Defined at:
		line 878 in file "functions.c"
 Parameters:    Size  Location     Type
		None
 Auto vars:     Size  Location     Type
  OperationMod    1    1[COMMON] unsigned char 
 Return value:  Size  Location     Type
                  1    wreg      unsigned char 
 Registers used:
		wreg, status,2
 Tracked objects:
		On entry : 
		On exit  : 
		Unchanged: 
 Data sizes:     COMMON   BANK0   BANK1   BANK3   BANK2
      Params:         0       0       0       0       0
      Locals:         1       0       0       0       0
      Temps:          1       0       0       0       0
      Totals:         2       0       0       0       0
Total ram usage:        2 bytes
 Hardware stack levels used:    1
 This function calls:
		Nothing
 This function is called by:
		_tc_int
 This function uses a non-reentrant model


 *************** function _TimerCounter *****************
 Defined at:
		line 355 in file "functions.c"
 Parameters:    Size  Location     Type
		None
 Auto vars:     Size  Location     Type
  i               2    3[COMMON] int 
 Return value:  Size  Location     Type
                  1    wreg      void 
 Registers used:
		wreg, fsr0l, fsr0h, status,2, status,0, btemp+1
 Tracked objects:
		On entry : 
		On exit  : 
		Unchanged: 
 Data sizes:     COMMON   BANK0   BANK1   BANK3   BANK2
      Params:         0       0       0       0       0
      Locals:         2       0       0       0       0
      Temps:          3       0       0       0       0
      Totals:         5       0       0       0       0
Total ram usage:        5 bytes
 Hardware stack levels used:    1
 This function calls:
		Nothing
 This function is called by:
		_tc_int
 This function uses a non-reentrant model



MODULE INFORMATION

Module		Function		Class		Link	Load	Size
C:\Program Files (x86)\Microchip\xc8\v1.40\sources\common\strncmp.c
		_strncmp       		CODE           	0EC7	0000	69

C:\Program Files (x86)\Microchip\xc8\v1.40\sources\common\strncmp.c estimated size: 69

functions.c
		_init          		CODE           	0F51	0000	84
		_SetRFMode     		CODE           	078D	0000	112
		_TransmittedDataHandler		CODE           	0048	0000	422
		_Mode_0        		CODE           	07FC	0000	5
		_TransmittString		CODE           	03D7	0000	211
		_ReadFIFO      		CODE           	0C68	0000	15
		_LightWithSensController		CODE           	0E46	0000	64
		_timerFunction 		CODE           	0CA8	0000	19
		_DelayDs       		CODE           	0D1F	0000	36
		_TransiverInit 		CODE           	02ED	0000	235
		_AnalogValue   		CODE           	0D65	0000	42
		_tc_int        		CODE           	04A9	0000	205
		_OperationMode 		CODE           	0C38	0000	10
		_Mode_1        		CODE           	0CCF	0000	27
		_FindChannel   		CODE           	01ED	0000	257
		_Blink         		CODE           	0E13	0000	52
		_Mode_4        		CODE           	0C86	0000	18
		_WriteFIFO     		CODE           	0C41	0000	13
		_TransiverToReceive		CODE           	0FA4	0000	93
		_TimerCounter  		CODE           	0E85	0000	67
		_TransiverReadFIFO		CODE           	0575	0000	103
		_RegisterSet   		CODE           	0CE9	0000	27
		_Mode_2        		CODE           	0C4D	0000	14
		_RegisterRead  		CODE           	0D03	0000	29
		_Mode_5        		CODE           	0C97	0000	18
		_DarknessCheck 		CODE           	0D8E	0000	42
		_WriteSPI      		CODE           	0C5A	0000	15
		_ReadSPI       		CODE           	0C1F	0000	9

functions.c estimated size: 2244

C:\Program Files (x86)\Microchip\xc8\v1.40\sources\common\strstr.c
		_strstr        		CODE           	0F0B	0000	71

C:\Program Files (x86)\Microchip\xc8\v1.40\sources\common\strstr.c estimated size: 71

C:\Program Files (x86)\Microchip\xc8\v1.40\sources\common\Umul16.c
		___wmul        		CODE           	0D42	0000	36

C:\Program Files (x86)\Microchip\xc8\v1.40\sources\common\Umul16.c estimated size: 36

C:\Program Files (x86)\Microchip\xc8\v1.40\sources\pic\eeread.c
		_eeprom_read   		CODE           	05DB	0000	37

C:\Program Files (x86)\Microchip\xc8\v1.40\sources\pic\eeread.c estimated size: 37

C:\Program Files (x86)\Microchip\xc8\v1.40\sources\common\isdigit.c
		_isdigit       		CODE           	0C76	0000	17

C:\Program Files (x86)\Microchip\xc8\v1.40\sources\common\isdigit.c estimated size: 17

shared
		__stringtab    		STRING         	0600	0000	17
		__initialization		CODE           	0015	0000	48
		i1_OperationMode		CODE           	0C2F	0000	10
		_ChannelP      		STRING         	0610	0000	14
		_ChannelR      		STRING         	061D	0000	14
		_ChannelS      		STRING         	062A	0000	14

shared estimated size: 117

C:\Program Files (x86)\Microchip\xc8\v1.40\sources\common\atoi.c
		_atoi          		CODE           	071C	0000	114

C:\Program Files (x86)\Microchip\xc8\v1.40\sources\common\atoi.c estimated size: 114

C:\Program Files (x86)\Microchip\xc8\v1.40\sources\pic\eewrite.c
		_eeprom_write  		CODE           	0DE3	0000	49

C:\Program Files (x86)\Microchip\xc8\v1.40\sources\pic\eewrite.c estimated size: 49

main.c
		_main          		CODE           	06AB	0000	114

main.c estimated size: 114

C:\Program Files (x86)\Microchip\xc8\v1.40\sources\common\strlen.c
		_strlen        		CODE           	0DB7	0000	45

C:\Program Files (x86)\Microchip\xc8\v1.40\sources\common\strlen.c estimated size: 45

C:\Program Files (x86)\Microchip\xc8\v1.40\sources\common\strchr.c
		_strchr        		CODE           	0CBA	0000	22

C:\Program Files (x86)\Microchip\xc8\v1.40\sources\common\strchr.c estimated size: 22

