Microchip MPLAB XC8 Compiler V1.40 ()

Linker command line:

-W-3 --edf=C:\Program Files (x86)\Microchip\xc8\v1.40\dat\en_msgs.txt -cs \
  -h+dist/default/production\Bustel_Cardv20.0.X.production.sym \
  --cmf=dist/default/production\Bustel_Cardv20.0.X.production.cmf -z \
  -Q16F887 -oC:\Users\tellw\AppData\Local\Temp\s6ig.2 \
  -Mdist/default/production/Bustel_Cardv20.0.X.production.map -E1 -ver=XC8 \
  -ASTACK=0110h-016fh -pstack=STACK -ACODE=00h-07FFhx4 -ASTRCODE=00h-01FFFh \
  -ASTRING=00h-0FFhx32 -ACONST=00h-0FFhx32 -AENTRY=00h-0FFhx32 \
  -ACOMMON=070h-07Fh -ABANK0=020h-06Fh -ABANK1=0A0h-0EFh \
  -ABANK2=0110h-016Fh -ABANK3=0190h-01EFh \
  -ARAM=020h-06Fh,0A0h-0EFh,0110h-016Fh,0190h-01EFh \
  -AABS1=020h-07Fh,0A0h-0EFh,0110h-016Fh,0190h-01EFh -ASFR0=00h-01Fh \
  -ASFR1=080h-09Fh -ASFR2=0100h-010Fh -ASFR3=0180h-018Fh \
  -preset_vec=00h,intentry=04h,init,end_init -ppowerup=CODE -pcinit=CODE \
  -pfunctab=CODE -ACONFIG=02007h-02008h -pconfig=CONFIG -DCONFIG=2 \
  -AIDLOC=02000h-02003h -pidloc=IDLOC -DIDLOC=2 -AEEDATA=00h-0FFh/02100h \
  -peeprom_data=EEDATA -DEEDATA=2 -DCODE=2 -DSTRCODE=2 -DSTRING=2 -DCONST=2 \
  -DENTRY=2 -k C:\Users\tellw\AppData\Local\Temp\s6ig.obj \
  dist/default/production\Bustel_Cardv20.0.X.production.obj 

Object code version is 3.11

Machine type is 16F887



                Name                               Link     Load   Length Selector   Space Scale
C:\Users\tellw\AppData\Local\Temp\s6ig.obj
                end_init                             12       12        3        8       0
                reset_vec                             0        0        3        0       0
                config                             2007     2007        1     400E       0
dist/default/production\Bustel_Cardv20.0.X.production.obj
                cinit                                15       15       30        8       0
                intentry                              4        4        E        8       0
                text49                             17BE     17BE       42     2F7C       0
                text48                             14AD     14AD        9     295A       0
                text47                              739      739       C2        8       0
                text46                             14D8     14D8        E     29B0       0
                text45                             149D     149D        8     293A       0
                text44                              B07      B07       9A     160E       0
                text43                             15DB     15DB       23     2BB6       0
                text42                             166D     166D       2B     2CDA       0
                text41                             15FE     15FE       24     2BFC       0
                text40                             1646     1646       27     2C8C       0
                text39                             1504     1504       12     2A08       0
                text38                             177F     177F       3F     2EFE       0
                text37                              7FB      7FB        4        8       0
                text36                             154F     154F       1A     2A9E       0
                text35                             14CB     14CB        D     2996       0
                text34                             159D     159D       1C     2B3A       0
                text33                             1569     1569       1A     2AD2       0
                text32                              A1C      A1C       6F     1438       0
                text31                              F08      F08       F8     1E10       0
                text30                             14BF     14BF        C     297E       0
                text29                              BA1      BA1       B2     1742       0
                text28                             14F4     14F4       10     29E8       0
                text27                             1516     1516       12     2A2C       0
                text26                              94B      94B       64     1296       0
                text25                             174C     174C       33     2E98       0
                text24                              D31      D31       EA     1A62       0
                text23                             14E6     14E6        E     29CC       0
                text22                             14B6     14B6        9     296C       0
                text21                             171C     171C       30     2E38       0
                text20                             1583     1583       1A     2B06       0
                text19                             1698     1698       2C     2D30       0
                text18                              8A1      8A1       4E     1142       0
                text17                             153B     153B       14     2A76       0
                text16                              A8B      A8B       7C     1516       0
                text15                              4B0      4B0      150        8       0
                text14                             15B9     15B9       22     2B72       0
                text13                              802      802       15     1004       0
                text12                             16C4     16C4       2C     2D88       0
                text11                              817      817       44     102E       0
                text10                              85B      85B       46     10B6       0
                text9                              16F0     16F0       2C     2DE0       0
                text8                               290      290      220        8       0
                text7                               9AF      9AF       6D     135E       0
                text6                               8EF      8EF       5C     11DE       0
                text5                              1622     1622       24     2C44       0
                text4                               E1B      E1B       ED     1C36       0
                text3                              1528     1528       13     2A50       0
                text2                               600      600      139        8       0
                text1                                45       45      24B        8       0
                maintext                            C53      C53       DE     18A6       0
                cstackBANK0                          20       20       38       20       1
                cstackCOMMON                         70       70        C       70       1
                cstackBANK1                          A0       A0       22       A0       1
                clrtext                            14A5     14A5        8     294A       0
                bssBANK3                            190      190       28      190       1
                bssBANK1                             C2       C2        A       A0       1
                dataBANK0                            6D       6D        3       20       1
                bssBANK0                             58       58       15       20       1
                bssCOMMON                            7C       7C        2       70       1
                strings                            1000     1000       3D     2000       0
                idataBANK0                         149A     149A        3     2934       0

TOTAL           Name                               Link     Load   Length     Space
        CLASS   STACK          

        CLASS   CODE           
                end_init                             12       12        3         0
                cinit                                15       15       30         0
                intentry                              4        4        E         0
                reset_vec                             0        0        3         0
                text49                             17BE     17BE       42         0
                text48                             14AD     14AD        9         0
                text47                              739      739       C2         0
                text46                             14D8     14D8        E         0
                text45                             149D     149D        8         0
                text44                              B07      B07       9A         0
                text43                             15DB     15DB       23         0
                text42                             166D     166D       2B         0
                text41                             15FE     15FE       24         0
                text40                             1646     1646       27         0
                text39                             1504     1504       12         0
                text38                             177F     177F       3F         0
                text37                              7FB      7FB        4         0
                text36                             154F     154F       1A         0
                text35                             14CB     14CB        D         0
                text34                             159D     159D       1C         0
                text33                             1569     1569       1A         0
                text32                              A1C      A1C       6F         0
                text31                              F08      F08       F8         0
                text30                             14BF     14BF        C         0
                text29                              BA1      BA1       B2         0
                text28                             14F4     14F4       10         0
                text27                             1516     1516       12         0
                text26                              94B      94B       64         0
                text25                             174C     174C       33         0
                text24                              D31      D31       EA         0
                text23                             14E6     14E6        E         0
                text22                             14B6     14B6        9         0
                text21                             171C     171C       30         0
                text20                             1583     1583       1A         0
                text19                             1698     1698       2C         0
                text18                              8A1      8A1       4E         0
                text17                             153B     153B       14         0
                text16                              A8B      A8B       7C         0
                text15                              4B0      4B0      150         0
                text14                             15B9     15B9       22         0
                text13                              802      802       15         0
                text12                             16C4     16C4       2C         0
                text11                              817      817       44         0
                text10                              85B      85B       46         0
                text9                              16F0     16F0       2C         0
                text8                               290      290      220         0
                text7                               9AF      9AF       6D         0
                text6                               8EF      8EF       5C         0
                text5                              1622     1622       24         0
                text4                               E1B      E1B       ED         0
                text3                              1528     1528       13         0
                text2                               600      600      139         0
                text1                                45       45      24B         0
                maintext                            C53      C53       DE         0
                clrtext                            14A5     14A5        8         0
                idataBANK0                         149A     149A        3         0

        CLASS   STRCODE        

        CLASS   STRING         
                strings                            1000     1000       3D         0

        CLASS   CONST          

        CLASS   ENTRY          

        CLASS   COMMON         
                cstackCOMMON                         70       70        C         1
                bssCOMMON                            7C       7C        2         1

        CLASS   BANK0          
                cstackBANK0                          20       20       38         1
                dataBANK0                            6D       6D        3         1
                bssBANK0                             58       58       15         1

        CLASS   BANK1          
                cstackBANK1                          A0       A0       22         1
                bssBANK1                             C2       C2        A         1

        CLASS   BANK2          

        CLASS   BANK3          
                bssBANK3                            190      190       28         1

        CLASS   RAM            

        CLASS   ABS1           
                abs_s1                               7E       7E        2         1

        CLASS   SFR0           

        CLASS   SFR1           

        CLASS   SFR2           

        CLASS   SFR3           

        CLASS   CONFIG         
                config                             2007     2007        1         0

        CLASS   IDLOC          

        CLASS   EEDATA         



SEGMENTS        Name                           Load    Length   Top    Selector   Space  Class     Delta

                reset_vec                      000000  000003  000003         0       0  CODE        2
                intentry                       000004  0007FB  0007FF         8       0  CODE        2
                cstackBANK0                    000020  000050  000070        20       1  BANK0       1
                cstackCOMMON                   000070  00000E  00007E        70       1  COMMON      1
                cstackBANK1                    0000A0  00002C  0000CC        A0       1  BANK1       1
                bssBANK3                       000190  000028  0001B8       190       1  BANK3       1
                text13                         000802  000015  000817      1004       0  CODE        2
                text11                         000817  000044  00085B      102E       0  CODE        2
                text10                         00085B  000046  0008A1      10B6       0  CODE        2
                text18                         0008A1  00004E  0008EF      1142       0  CODE        2
                text6                          0008EF  00005C  00094B      11DE       0  CODE        2
                text26                         00094B  000064  0009AF      1296       0  CODE        2
                text7                          0009AF  00006D  000A1C      135E       0  CODE        2
                text32                         000A1C  00006F  000A8B      1438       0  CODE        2
                text16                         000A8B  00007C  000B07      1516       0  CODE        2
                text44                         000B07  00009A  000BA1      160E       0  CODE        2
                text29                         000BA1  0000B2  000C53      1742       0  CODE        2
                maintext                       000C53  0000DE  000D31      18A6       0  CODE        2
                text24                         000D31  0000EA  000E1B      1A62       0  CODE        2
                text4                          000E1B  0000ED  000F08      1C36       0  CODE        2
                text31                         000F08  0000F8  001000      1E10       0  CODE        2
                strings                        001000  00003D  00103D      2000       0  STRING      2
                idataBANK0                     00149A  000003  00149D      2934       0  CODE        2
                text45                         00149D  000008  0014A5      293A       0  CODE        2
                clrtext                        0014A5  000008  0014AD      294A       0  CODE        2
                text48                         0014AD  000009  0014B6      295A       0  CODE        2
                text22                         0014B6  000009  0014BF      296C       0  CODE        2
                text30                         0014BF  00000C  0014CB      297E       0  CODE        2
                text35                         0014CB  00000D  0014D8      2996       0  CODE        2
                text46                         0014D8  00000E  0014E6      29B0       0  CODE        2
                text23                         0014E6  00000E  0014F4      29CC       0  CODE        2
                text28                         0014F4  000010  001504      29E8       0  CODE        2
                text39                         001504  000012  001516      2A08       0  CODE        2
                text27                         001516  000012  001528      2A2C       0  CODE        2
                text3                          001528  000013  00153B      2A50       0  CODE        2
                text17                         00153B  000014  00154F      2A76       0  CODE        2
                text36                         00154F  00001A  001569      2A9E       0  CODE        2
                text33                         001569  00001A  001583      2AD2       0  CODE        2
                text20                         001583  00001A  00159D      2B06       0  CODE        2
                text34                         00159D  00001C  0015B9      2B3A       0  CODE        2
                text14                         0015B9  000022  0015DB      2B72       0  CODE        2
                text43                         0015DB  000023  0015FE      2BB6       0  CODE        2
                text41                         0015FE  000024  001622      2BFC       0  CODE        2
                text5                          001622  000024  001646      2C44       0  CODE        2
                text40                         001646  000027  00166D      2C8C       0  CODE        2
                text42                         00166D  00002B  001698      2CDA       0  CODE        2
                text19                         001698  00002C  0016C4      2D30       0  CODE        2
                text12                         0016C4  00002C  0016F0      2D88       0  CODE        2
                text9                          0016F0  00002C  00171C      2DE0       0  CODE        2
                text21                         00171C  000030  00174C      2E38       0  CODE        2
                text25                         00174C  000033  00177F      2E98       0  CODE        2
                text38                         00177F  00003F  0017BE      2EFE       0  CODE        2
                text49                         0017BE  000042  001800      2F7C       0  CODE        2
                config                         002007  000001  002008      400E       0  CONFIG      2


UNUSED ADDRESS RANGES

        Name                Unused          Largest block    Delta
        BANK1            00CC-00EF             24           1
        BANK2            0110-016F             60           1
        BANK3            01B8-01EF             38           1
        CODE             0003-0003              1           2
                         07FF-0801              1
                         103D-1499            45D
                         1800-1FFF            800
        CONFIG           2008-2008              1           2
        CONST            0003-0003              1           2
                         07FF-0801              1
                         103D-1499            100
                         1800-1FFF            100
        EEDATA           2100-21FF            100           2
        ENTRY            0003-0003              1           2
                         07FF-0801              1
                         103D-1499            100
                         1800-1FFF            100
        IDLOC            2000-2003              4           2
        RAM              00CC-00EF             24           1
                         0110-016F             60
                         01B8-01EF             38
        SFR0             0000-001F             20           1
        SFR1             0080-009F             20           1
        SFR2             0100-010F             10           1
        SFR3             0180-018F             10           1
        STACK            0110-016F             60           1
        STRCODE          0003-0003              1           2
                         07FF-0801              3
                         103D-1499            45D
                         1800-1FFF            800
        STRING           0003-0003              1           2
                         07FF-0801              1
                         103D-1499            100
                         1800-1FFF            100

                                  Symbol Table

?___llmod                                cstackBANK0  0020
?_strlen                                 cstackBANK0  0020
?_strncmp                                cstackBANK0  0028
AnalogValue@channel                      cstackBANK0  0027
Blink@i                                  cstackBANK0  0029
Blink@n                                  cstackBANK0  0026
ClockInit@cnt                            cstackBANK0  0024
DarknessCheck@darknessValue              cstackBANK0  0029
DelayDs@cnt                              cstackBANK0  0020
DelayDs@i                                cstackBANK0  0024
FindChannel@cnt                          cstackBANK0  0031
FindChannel@i                            cstackBANK0  0033
IncreaseMemoryAdress@addr1               cstackBANK0  002F
IncreaseMemoryAdress@addr2               cstackBANK0  0030
IncreaseMemoryAdress@addr3               cstackBANK0  0031
IncreaseMemoryAdress@address             cstackBANK0  0032
OperationMode@bracketStatus              cstackBANK0  0021
ReadClock@date                           cstackBANK0  0026
ReadClock@date1                          cstackBANK0  0037
ReadClock@date10                         cstackBANK0  002E
ReadClock@hour                           cstackBANK0  0025
ReadClock@hour1                          cstackBANK0  0034
ReadClock@hour10                         cstackBANK0  002D
ReadClock@min1                           cstackBANK0  0033
ReadClock@min10                          cstackBANK0  002C
ReadClock@minutes                        cstackBANK0  0024
ReadClock@month                          cstackBANK0  0027
ReadClock@month1                         cstackBANK0  0035
ReadClock@month10                        cstackBANK0  002F
ReadClock@sec1                           cstackBANK0  0032
ReadClock@sec10                          cstackBANK0  002B
ReadClock@seconds                        cstackBANK0  0031
ReadClock@year                           cstackBANK0  0028
ReadClock@year1                          cstackBANK0  0036
ReadClock@year10                         cstackBANK0  0030
ReadFIFO@value                           cstackBANK0  0024
ReadMemoryAdress@var1                    cstackBANK0  0023
ReadMemoryAdress@var2                    cstackBANK0  0022
ReadMemoryAdress@var3                    cstackBANK0  0025
ReceivedPacketHandler@Data               cstackBANK0  0050
RegisterRead@adress                      cstackBANK0  0026
RegisterRead@value                       cstackBANK0  0025
RegisterSet@adress                       cstackBANK0  002A
RegisterSet@value                        cstackBANK0  0027
SendMemoryData@addr1                     cstackBANK0  004A
SendMemoryData@addr2                     cstackBANK0  0049
SendMemoryData@addr3                     cstackBANK0  0048
SendMemoryData@address                   cstackBANK0  004B
SendMemoryData@finalAddress              cstackBANK0  0044
SendMemoryData@value                     cstackBANK0  0043
SetRFMode@mcparam0_read                  cstackBANK0  002D
SetRFMode@mode                           cstackBANK0  002C
TimerCounter@i                           cstackCOMMON 0073
TransiverReadFIFO@ReceivedString         cstackBANK1  00A0
TransiverReadFIFO@i                      cstackBANK1  00BE
TransiverReadFIFO@j                      cstackBANK1  00C0
TransmittPacket@i                        cstackBANK0  0038
TransmittPacket@topic                    cstackBANK0  003A
TransmittPacket@value                    cstackBANK0  0035
WriteFIFO@Data                           cstackBANK0  0023
WriteMemoryAdress@var1                   cstackBANK0  0024
WriteMemoryAdress@var2                   cstackBANK0  0023
WriteMemoryAdress@var3                   cstackBANK0  0026
WriteSPI@buffer                          cstackBANK0  0021
WriteSPI@databyte                        cstackBANK0  0022
_ADCON0bits                              (abs)        001F
_ADCON1bits                              (abs)        009F
_ADRESH                                  (abs)        001E
_ANSEL                                   (abs)        0188
_ANSELH                                  (abs)        0189
_ANSELHbits                              (abs)        0189
_ANSELbits                               (abs)        0188
_AnalogValue                             text42       166D
_Blink                                   text25       174C
_CARRY                                   (abs)        0018
_ChannelP                                strings      1006
_ChannelR                                strings      1013
_ChannelS                                strings      1020
_ClockInit                               text44       0B07
_DarknessCheck                           text40       1646
_DelayDs                                 text43       15DB
_EEADR                                   (abs)        010D
_EECON1                                  (abs)        018C
_EECON2                                  (abs)        018D
_EEDATA                                  (abs)        010C
_FindChannel                             text31       0F08
_GIE                                     (abs)        005F
_INTCONbits                              (abs)        000B
_IOCBbits                                (abs)        0096
_IncreaseMemoryAdress                    text4        0E1B
_LightWithSensController                 text38       177F
_Mode_0                                  text37       07FB
_Mode_1                                  text36       154F
_Mode_2                                  text35       14CB
_Mode_4                                  text28       14F4
_Mode_5                                  text27       1516
_OPTION_REGbits                          (abs)        0081
_OSCCONbits                              (abs)        008F
_OperationMode                           text22       14B6
_PICInit                                 text26       094B
_PIE1bits                                (abs)        008C
_PIR1bits                                (abs)        000C
_PORTA                                   (abs)        0005
_PORTB                                   (abs)        0006
_PORTC                                   (abs)        0007
_PORTD                                   (abs)        0008
_PORTE                                   (abs)        0009
_RA1                                     (abs)        0029
_RA4                                     (abs)        002C
_RA5                                     (abs)        002D
_RB0                                     (abs)        0030
_RB1                                     (abs)        0031
_RB3                                     (abs)        0033
_RB4                                     (abs)        0034
_RB5                                     (abs)        0035
_RBIF                                    (abs)        0058
_RC0                                     (abs)        0038
_RC1                                     (abs)        0039
_RC2                                     (abs)        003A
_RD                                      (abs)        0C60
_RD3                                     (abs)        0043
_RD4                                     (abs)        0044
_ReadClock                               text2        0600
_ReadFIFO                                text23       14E6
_ReadMemoryAdress                        text19       1698
_ReadSPI                                 text45       149D
_ReceivedPacketHandler                   text8        0290
_RegisterRead                            text34       159D
_RegisterSet                             text33       1569
_ResetMemoryAdress                       text20       1583
_SSPBUF                                  (abs)        0013
_SSPCONbits                              (abs)        0014
_SSPIE                                   (abs)        0463
_SSPSTATbits                             (abs)        0094
_SendMemoryData                          text15       04B0
_SetRFMode                               text32       0A1C
_T1CON                                   (abs)        0010
_T1CONbits                               (abs)        0010
_TMR1H                                   (abs)        000F
_TMR1IF                                  (abs)        0060
_TMR1L                                   (abs)        000E
_TMR1ON                                  (abs)        0080
_TRISA                                   (abs)        0085
_TRISB                                   (abs)        0086
_TRISC                                   (abs)        0087
_TRISD                                   (abs)        0088
_TRISE                                   (abs)        0089
_TimerCounter                            text49       17BE
_TransiverInit                           text24       0D31
_TransiverReadFIFO                       text7        09AF
_TransiverToReceive                      text6        08EF
_TransmittPacket                         text29       0BA1
_WPUBbits                                (abs)        0095
_WR                                      (abs)        0C61
_WREN                                    (abs)        0C62
_WriteFIFO                               text30       14BF
_WriteMemoryAdress                       text5        1622
_WriteSPI                                text46       14D8
__CFG_BOREN$OFF                          (abs)        0000
__CFG_CP$ON                              (abs)        0000
__CFG_CPD$ON                             (abs)        0000
__CFG_DEBUG$OFF                          (abs)        0000
__CFG_FCMEN$OFF                          (abs)        0000
__CFG_FOSC$INTRC_NOCLKOUT                (abs)        0000
__CFG_IESO$OFF                           (abs)        0000
__CFG_LVP$OFF                            (abs)        0000
__CFG_MCLRE$OFF                          (abs)        0000
__CFG_PWRTE$OFF                          (abs)        0000
__CFG_WDTE$OFF                           (abs)        0000
__Habs1                                  abs1         0000
__Hbank0                                 bank0        0000
__Hbank1                                 bank1        0000
__Hbank2                                 bank2        0000
__Hbank3                                 bank3        0000
__HbssBANK0                              bssBANK0     0000
__HbssBANK1                              bssBANK1     0000
__HbssBANK3                              bssBANK3     0000
__HbssCOMMON                             bssCOMMON    0000
__Hcinit                                 cinit        0045
__Hclrtext                               clrtext      0000
__Hcode                                  code         0000
__Hcommon                                common       0000
__Hconfig                                config       2008
__HcstackBANK0                           cstackBANK0  0000
__HcstackBANK1                           cstackBANK1  0000
__HcstackCOMMON                          cstackCOMMON 0000
__HdataBANK0                             dataBANK0    0000
__Heeprom_data                           eeprom_data  0000
__Hend_init                              end_init     0015
__Hfunctab                               functab      0000
__HidataBANK0                            idataBANK0   0000
__Hidloc                                 idloc        0000
__Hinit                                  init         0012
__Hintentry                              intentry     0012
__Hmaintext                              maintext     0000
__Hpowerup                               powerup      0000
__Hram                                   ram          0000
__Hreset_vec                             reset_vec    0003
__Hsfr0                                  sfr0         0000
__Hsfr1                                  sfr1         0000
__Hsfr2                                  sfr2         0000
__Hsfr3                                  sfr3         0000
__Hspace_0                               (abs)        2008
__Hspace_1                               (abs)        01B8
__Hspace_2                               (abs)        0000
__Hspace_3                               (abs)        0000
__Hstack                                 stack        0000
__Hstrings                               strings      0000
__Htext                                  text         0000
__Labs1                                  abs1         0000
__Lbank0                                 bank0        0000
__Lbank1                                 bank1        0000
__Lbank2                                 bank2        0000
__Lbank3                                 bank3        0000
__LbssBANK0                              bssBANK0     0000
__LbssBANK1                              bssBANK1     0000
__LbssBANK3                              bssBANK3     0000
__LbssCOMMON                             bssCOMMON    0000
__Lcinit                                 cinit        0015
__Lclrtext                               clrtext      0000
__Lcode                                  code         0000
__Lcommon                                common       0000
__Lconfig                                config       2007
__LcstackBANK0                           cstackBANK0  0000
__LcstackBANK1                           cstackBANK1  0000
__LcstackCOMMON                          cstackCOMMON 0000
__LdataBANK0                             dataBANK0    0000
__Leeprom_data                           eeprom_data  0000
__Lend_init                              end_init     0012
__Lfunctab                               functab      0000
__LidataBANK0                            idataBANK0   0000
__Lidloc                                 idloc        0000
__Linit                                  init         0012
__Lintentry                              intentry     0004
__Lmaintext                              maintext     0000
__Lpowerup                               powerup      0000
__Lram                                   ram          0000
__Lreset_vec                             reset_vec    0000
__Lsfr0                                  sfr0         0000
__Lsfr1                                  sfr1         0000
__Lsfr2                                  sfr2         0000
__Lsfr3                                  sfr3         0000
__Lspace_0                               (abs)        0000
__Lspace_1                               (abs)        0000
__Lspace_2                               (abs)        0000
__Lspace_3                               (abs)        0000
__Lstack                                 stack        0000
__Lstrings                               strings      0000
__Ltext                                  text         0000
__S0                                     (abs)        2008
__S1                                     (abs)        01B8
__S2                                     (abs)        0000
__S3                                     (abs)        0000
___bmul                                  text3        1528
___bmul@multiplicand                     cstackBANK0  0020
___bmul@multiplier                       cstackBANK0  0023
___bmul@product                          cstackBANK0  0022
___int_sp                                stack        0000
___latbits                               (abs)        0002
___llmod                                 text18       08A1
___llmod@counter                         cstackBANK0  0029
___llmod@dividend                        cstackBANK0  0024
___llmod@divisor                         cstackBANK0  0020
___sp                                    stack        0000
__end_of_AnalogValue                     text42       1698
__end_of_Blink                           text25       177F
__end_of_ChannelP                        strings      1013
__end_of_ChannelR                        strings      1020
__end_of_ChannelS                        strings      102D
__end_of_ClockInit                       text44       0BA1
__end_of_DarknessCheck                   text40       166D
__end_of_DelayDs                         text43       15FE
__end_of_FindChannel                     text31       1000
__end_of_IncreaseMemoryAdress            text4        0F08
__end_of_LightWithSensController         text38       17BE
__end_of_Mode_0                          text37       07FF
__end_of_Mode_1                          text36       1569
__end_of_Mode_2                          text35       14D8
__end_of_Mode_4                          text28       1504
__end_of_Mode_5                          text27       1528
__end_of_OperationMode                   text22       14BF
__end_of_PICInit                         text26       09AF
__end_of_ReadClock                       text2        0739
__end_of_ReadFIFO                        text23       14F4
__end_of_ReadMemoryAdress                text19       16C4
__end_of_ReadSPI                         text45       14A5
__end_of_ReceivedPacketHandler           text8        04B0
__end_of_RegisterRead                    text34       15B9
__end_of_RegisterSet                     text33       1583
__end_of_ResetMemoryAdress               text20       159D
__end_of_SendMemoryData                  text15       0600
__end_of_SetRFMode                       text32       0A8B
__end_of_TimerCounter                    text49       1800
__end_of_TransiverInit                   text24       0E1B
__end_of_TransiverReadFIFO               text7        0A1C
__end_of_TransiverToReceive              text6        094B
__end_of_TransmittPacket                 text29       0C53
__end_of_WriteFIFO                       text30       14CB
__end_of_WriteMemoryAdress               text5        1646
__end_of_WriteSPI                        text46       14E6
__end_of___bmul                          text3        153B
__end_of___llmod                         text18       08EF
__end_of__initialization                 cinit        0041
__end_of__stringtab                      strings      1006
__end_of_eeprom_read                     text41       1622
__end_of_eeprom_write                    text21       174C
__end_of_main                            maintext     0D31
__end_of_ram_bulk_erase                  text14       15DB
__end_of_read_ram_status                 text17       154F
__end_of_read_write_flash_ram            text16       0B07
__end_of_saveDataToFlash                 text1        0290
__end_of_strchr                          text13       0817
__end_of_strlen                          text12       16F0
__end_of_strncmp                         text11       085B
__end_of_strstr                          text10       08A1
__end_of_tc_int                          text47       07FB
__end_of_timerFunction                   text39       1516
__end_of_write_ram_status                text9        171C
__end_ofi1_OperationMode                 text48       14B6
__initialization                         cinit        0015
__pbssBANK0                              bssBANK0     0058
__pbssBANK1                              bssBANK1     00C2
__pbssBANK3                              bssBANK3     0190
__pbssCOMMON                             bssCOMMON    007C
__pcstackBANK0                           cstackBANK0  0020
__pcstackBANK1                           cstackBANK1  00A0
__pcstackCOMMON                          cstackCOMMON 0070
__pdataBANK0                             dataBANK0    006D
__pidataBANK0                            idataBANK0   149A
__pintentry                              intentry     0004
__pmaintext                              maintext     0C53
__pstrings                               strings      1000
__ptext1                                 text1        0045
__ptext10                                text10       085B
__ptext11                                text11       0817
__ptext12                                text12       16C4
__ptext13                                text13       0802
__ptext14                                text14       15B9
__ptext15                                text15       04B0
__ptext16                                text16       0A8B
__ptext17                                text17       153B
__ptext18                                text18       08A1
__ptext19                                text19       1698
__ptext2                                 text2        0600
__ptext20                                text20       1583
__ptext21                                text21       171C
__ptext22                                text22       14B6
__ptext23                                text23       14E6
__ptext24                                text24       0D31
__ptext25                                text25       174C
__ptext26                                text26       094B
__ptext27                                text27       1516
__ptext28                                text28       14F4
__ptext29                                text29       0BA1
__ptext3                                 text3        1528
__ptext30                                text30       14BF
__ptext31                                text31       0F08
__ptext32                                text32       0A1C
__ptext33                                text33       1569
__ptext34                                text34       159D
__ptext35                                text35       14CB
__ptext36                                text36       154F
__ptext37                                text37       07FB
__ptext38                                text38       177F
__ptext39                                text39       1504
__ptext4                                 text4        0E1B
__ptext40                                text40       1646
__ptext41                                text41       15FE
__ptext42                                text42       166D
__ptext43                                text43       15DB
__ptext44                                text44       0B07
__ptext45                                text45       149D
__ptext46                                text46       14D8
__ptext47                                text47       0739
__ptext48                                text48       14AD
__ptext49                                text49       17BE
__ptext5                                 text5        1622
__ptext6                                 text6        08EF
__ptext7                                 text7        09AF
__ptext8                                 text8        0290
__ptext9                                 text9        16F0
__size_of_AnalogValue                    (abs)        0000
__size_of_Blink                          (abs)        0000
__size_of_ClockInit                      (abs)        0000
__size_of_DarknessCheck                  (abs)        0000
__size_of_DelayDs                        (abs)        0000
__size_of_FindChannel                    (abs)        0000
__size_of_IncreaseMemoryAdress           (abs)        0000
__size_of_LightWithSensController        (abs)        0000
__size_of_Mode_0                         (abs)        0000
__size_of_Mode_1                         (abs)        0000
__size_of_Mode_2                         (abs)        0000
__size_of_Mode_4                         (abs)        0000
__size_of_Mode_5                         (abs)        0000
__size_of_OperationMode                  (abs)        0000
__size_of_PICInit                        (abs)        0000
__size_of_ReadClock                      (abs)        0000
__size_of_ReadFIFO                       (abs)        0000
__size_of_ReadMemoryAdress               (abs)        0000
__size_of_ReadSPI                        (abs)        0000
__size_of_ReceivedPacketHandler          (abs)        0000
__size_of_RegisterRead                   (abs)        0000
__size_of_RegisterSet                    (abs)        0000
__size_of_ResetMemoryAdress              (abs)        0000
__size_of_SendMemoryData                 (abs)        0000
__size_of_SetRFMode                      (abs)        0000
__size_of_TimerCounter                   (abs)        0000
__size_of_TransiverInit                  (abs)        0000
__size_of_TransiverReadFIFO              (abs)        0000
__size_of_TransiverToReceive             (abs)        0000
__size_of_TransmittPacket                (abs)        0000
__size_of_WriteFIFO                      (abs)        0000
__size_of_WriteMemoryAdress              (abs)        0000
__size_of_WriteSPI                       (abs)        0000
__size_of___bmul                         (abs)        0000
__size_of___llmod                        (abs)        0000
__size_of_eeprom_read                    (abs)        0000
__size_of_eeprom_write                   (abs)        0000
__size_of_main                           (abs)        0000
__size_of_ram_bulk_erase                 (abs)        0000
__size_of_read_ram_status                (abs)        0000
__size_of_read_write_flash_ram           (abs)        0000
__size_of_saveDataToFlash                (abs)        0000
__size_of_strchr                         (abs)        0000
__size_of_strlen                         (abs)        0000
__size_of_strncmp                        (abs)        0000
__size_of_strstr                         (abs)        0000
__size_of_tc_int                         (abs)        0000
__size_of_timerFunction                  (abs)        0000
__size_of_write_ram_status               (abs)        0000
__size_ofi1_OperationMode                (abs)        0000
__stringbase                             strings      1005
__stringtab                              strings      1000
_bChannelFound                           bssBANK0     0069
_bDark                                   bssBANK0     006A
_bSaveDataToFlash                        bssBANK0     006B
_bTimerComplete                          bssBANK0     0058
_bTransiverModeReceive                   bssBANK0     006C
_bValueFromPot                           dataBANK0    006F
_channelFound                            bssBANK0     005D
_eeprom_read                             text41       15FE
_eeprom_write                            text21       171C
_intBlinkCounter                         bssCOMMON    007C
_intBlinkCycle                           bssBANK0     005F
_intClockTimer                           bssBANK1     00C2
_intHalfSecondCounter                    bssBANK0     0063
_intMinuteCounter                        bssBANK0     0065
_intNumberOfBlinks                       dataBANK0    006D
_intSecondCounter                        bssBANK0     0067
_main                                    maintext     0C53
_ram_bulk_erase                          text14       15B9
_read_ram_status                         text17       153B
_read_write_flash_ram                    text16       0A8B
_saveDataToFlash                         text1        0045
_strchr                                  text13       0802
_strlen                                  text12       16C4
_strncmp                                 text11       0817
_strstr                                  text10       085B
_tc_int                                  text47       0739
_timerFunction                           text39       1504
_write_ram_status                        text9        16F0
btemp                                    (abs)        007E
clear_ram0                               clrtext      14A5
eeprom_read@addr                         cstackBANK0  0021
eeprom_write@addr                        cstackBANK0  0022
eeprom_write@value                       cstackBANK0  0020
end_of_initialization                    cinit        0041
i1OperationMode@bracketStatus            cstackCOMMON 0071
i1_OperationMode                         text48       14AD
interrupt_function                       intentry     0004
intlevel0                                functab      0000
intlevel1                                functab      0000
intlevel2                                functab      0000
intlevel3                                functab      0000
intlevel4                                functab      0000
intlevel5                                functab      0000
main@i                                   cstackBANK0  0056
read_ram_status@status                   cstackBANK0  0024
read_write_flash_ram@bytes_to_readwrite  cstackBANK0  0025
read_write_flash_ram@flash_page          cstackBANK0  0028
read_write_flash_ram@flash_sector        cstackBANK0  0027
read_write_flash_ram@i                   cstackBANK0  002E
read_write_flash_ram@mem_ptr             cstackBANK0  002A
read_write_flash_ram@offset              cstackBANK0  0029
read_write_flash_ram@one_read_zero_write cstackBANK0  002D
reset_vec                                reset_vec    0000
saveDataToFlash@addr1                    cstackBANK0  0044
saveDataToFlash@addr2                    cstackBANK0  0045
saveDataToFlash@addr3                    cstackBANK0  0046
saveDataToFlash@date                     cstackBANK0  0040
saveDataToFlash@hours                    cstackBANK0  003F
saveDataToFlash@minutes                  cstackBANK0  003E
saveDataToFlash@month                    cstackBANK0  0041
saveDataToFlash@seconds                  cstackBANK0  003D
saveDataToFlash@value                    cstackBANK0  0043
saveDataToFlash@year                     cstackBANK0  0042
saved_w                                  (abs)        007E
stackhi                                  (abs)        0000
stacklo                                  (abs)        0000
start                                    init         0012
start_initialization                     cinit        0015
strchr@chr                               cstackBANK0  0020
strchr@ptr                               cstackBANK0  0022
strlen@cp                                cstackBANK0  0027
strlen@s                                 cstackBANK0  0026
strncmp@len                              cstackBANK0  0029
strncmp@s1                               cstackBANK0  002D
strncmp@s2                               cstackBANK0  0028
strstr@s1                                cstackBANK0  0032
strstr@s2                                cstackBANK0  002E
timerFunction@intSetSeconds              cstackBANK0  0022
timerFunction@intTimerNumber             cstackBANK0  0020
write_ram_status@status                  cstackBANK0  0025
wtemp0                                   (abs)        007E


FUNCTION INFORMATION:

 *************** function _main *****************
 Defined at:
		line 21 in file "main.c"
 Parameters:    Size  Location     Type
		None
 Auto vars:     Size  Location     Type
  i               2   54[BANK0 ] int 
 Return value:  Size  Location     Type
                  2   72[None  ] int 
 Registers used:
		wreg, fsr0l, fsr0h, status,2, status,0, btemp+1, pclath, cstack
 Tracked objects:
		On entry : 
		On exit  : 
		Unchanged: 
 Data sizes:     COMMON   BANK0   BANK1   BANK3   BANK2
      Params:         0       0       0       0       0
      Locals:         0       2       0       0       0
      Temps:          0       3       0       0       0
      Totals:         0       5       0       0       0
Total ram usage:        5 bytes
 Hardware stack levels required when called:   11
 This function calls:
		_ClockInit
		_Mode_0
		_Mode_1
		_Mode_2
		_Mode_4
		_Mode_5
		_OperationMode
		_PICInit
		_TransiverInit
		_TransiverReadFIFO
		_TransiverToReceive
		_saveDataToFlash
 This function is called by:
		Startup code after reset
 This function uses a non-reentrant model


 *************** function _saveDataToFlash *****************
 Defined at:
		line 1109 in file "functions.c"
 Parameters:    Size  Location     Type
		None
 Auto vars:     Size  Location     Type
  addr3           1   38[BANK0 ] unsigned char 
  addr2           1   37[BANK0 ] unsigned char 
  addr1           1   36[BANK0 ] unsigned char 
  value           1   35[BANK0 ] unsigned char 
  year            1   34[BANK0 ] unsigned char 
  month           1   33[BANK0 ] unsigned char 
  date            1   32[BANK0 ] unsigned char 
  hours           1   31[BANK0 ] unsigned char 
  minutes         1   30[BANK0 ] unsigned char 
  seconds         1   29[BANK0 ] unsigned char 
 Return value:  Size  Location     Type
                  1    wreg      void 
 Registers used:
		wreg, fsr0l, fsr0h, status,2, status,0, pclath, cstack
 Tracked objects:
		On entry : 
		On exit  : 
		Unchanged: 
 Data sizes:     COMMON   BANK0   BANK1   BANK3   BANK2
      Params:         0       0       0       0       0
      Locals:         0      10       0       0       0
      Temps:          0       5       0       0       0
      Totals:         0      15       0       0       0
Total ram usage:       15 bytes
 Hardware stack levels used:    1
 Hardware stack levels required when called:    6
 This function calls:
		_AnalogValue
		_IncreaseMemoryAdress
		_ReadClock
		_ReadMemoryAdress
		_read_write_flash_ram
 This function is called by:
		_main
 This function uses a non-reentrant model


 *************** function _ReadClock *****************
 Defined at:
		line 49 in file "MCP79510.c"
 Parameters:    Size  Location     Type
  seconds         1    wreg     PTR unsigned char 
		 -> saveDataToFlash@seconds(1), 
  minutes         1    4[BANK0 ] PTR unsigned char 
		 -> saveDataToFlash@minutes(1), 
  hour            1    5[BANK0 ] PTR unsigned char 
		 -> saveDataToFlash@hours(1), 
  date            1    6[BANK0 ] PTR unsigned char 
		 -> saveDataToFlash@date(1), 
  month           1    7[BANK0 ] PTR unsigned char 
		 -> saveDataToFlash@month(1), 
  year            1    8[BANK0 ] PTR unsigned char 
		 -> saveDataToFlash@year(1), 
 Auto vars:     Size  Location     Type
  seconds         1   17[BANK0 ] PTR unsigned char 
		 -> saveDataToFlash@seconds(1), 
  date1           1   23[BANK0 ] unsigned char 
  year1           1   22[BANK0 ] unsigned char 
  month1          1   21[BANK0 ] unsigned char 
  hour1           1   20[BANK0 ] unsigned char 
  min1            1   19[BANK0 ] unsigned char 
  sec1            1   18[BANK0 ] unsigned char 
  year10          1   16[BANK0 ] unsigned char 
  month10         1   15[BANK0 ] unsigned char 
  date10          1   14[BANK0 ] unsigned char 
  hour10          1   13[BANK0 ] unsigned char 
  min10           1   12[BANK0 ] unsigned char 
  sec10           1   11[BANK0 ] unsigned char 
 Return value:  Size  Location     Type
                  1    wreg      void 
 Registers used:
		wreg, fsr0l, fsr0h, status,2, status,0, pclath, cstack
 Tracked objects:
		On entry : 
		On exit  : 
		Unchanged: 
 Data sizes:     COMMON   BANK0   BANK1   BANK3   BANK2
      Params:         0       5       0       0       0
      Locals:         0      13       0       0       0
      Temps:          0       2       0       0       0
      Totals:         0      20       0       0       0
Total ram usage:       20 bytes
 Hardware stack levels used:    1
 Hardware stack levels required when called:    4
 This function calls:
		_ReadSPI
		_WriteSPI
		___bmul
 This function is called by:
		_saveDataToFlash
 This function uses a non-reentrant model


 *************** function ___bmul *****************
 Defined at:
		line 4 in file "C:\Program Files (x86)\Microchip\xc8\v1.40\sources\common\Umul8.c"
 Parameters:    Size  Location     Type
  multiplier      1    wreg     unsigned char 
  multiplicand    1    0[BANK0 ] unsigned char 
 Auto vars:     Size  Location     Type
  multiplier      1    3[BANK0 ] unsigned char 
  product         1    2[BANK0 ] unsigned char 
 Return value:  Size  Location     Type
                  1    wreg      unsigned char 
 Registers used:
		wreg, status,2, status,0
 Tracked objects:
		On entry : 
		On exit  : 
		Unchanged: 
 Data sizes:     COMMON   BANK0   BANK1   BANK3   BANK2
      Params:         0       1       0       0       0
      Locals:         0       2       0       0       0
      Temps:          0       1       0       0       0
      Totals:         0       4       0       0       0
Total ram usage:        4 bytes
 Hardware stack levels used:    1
 Hardware stack levels required when called:    2
 This function calls:
		Nothing
 This function is called by:
		_ReadClock
 This function uses a non-reentrant model


 *************** function _IncreaseMemoryAdress *****************
 Defined at:
		line 1048 in file "functions.c"
 Parameters:    Size  Location     Type
		None
 Auto vars:     Size  Location     Type
  address         4   18[BANK0 ] unsigned long 
  addr3           1   17[BANK0 ] unsigned char 
  addr2           1   16[BANK0 ] unsigned char 
  addr1           1   15[BANK0 ] unsigned char 
 Return value:  Size  Location     Type
                  1    wreg      void 
 Registers used:
		wreg, fsr0l, fsr0h, status,2, status,0, pclath, cstack
 Tracked objects:
		On entry : 
		On exit  : 
		Unchanged: 
 Data sizes:     COMMON   BANK0   BANK1   BANK3   BANK2
      Params:         0       0       0       0       0
      Locals:         0       7       0       0       0
      Temps:          0       8       0       0       0
      Totals:         0      15       0       0       0
Total ram usage:       15 bytes
 Hardware stack levels used:    1
 Hardware stack levels required when called:    4
 This function calls:
		_ReadMemoryAdress
		_WriteMemoryAdress
 This function is called by:
		_saveDataToFlash
 This function uses a non-reentrant model


 *************** function _WriteMemoryAdress *****************
 Defined at:
		line 1023 in file "functions.c"
 Parameters:    Size  Location     Type
  var3            1    wreg     unsigned char 
  var2            1    3[BANK0 ] unsigned char 
  var1            1    4[BANK0 ] unsigned char 
 Auto vars:     Size  Location     Type
  var3            1    6[BANK0 ] unsigned char 
 Return value:  Size  Location     Type
                  1    wreg      void 
 Registers used:
		wreg, status,2, status,0, pclath, cstack
 Tracked objects:
		On entry : 
		On exit  : 
		Unchanged: 
 Data sizes:     COMMON   BANK0   BANK1   BANK3   BANK2
      Params:         0       2       0       0       0
      Locals:         0       1       0       0       0
      Temps:          0       1       0       0       0
      Totals:         0       4       0       0       0
Total ram usage:        4 bytes
 Hardware stack levels used:    1
 Hardware stack levels required when called:    3
 This function calls:
		_eeprom_write
 This function is called by:
		_IncreaseMemoryAdress
 This function uses a non-reentrant model


 *************** function _TransiverToReceive *****************
 Defined at:
		line 16 in file "functions.c"
 Parameters:    Size  Location     Type
		None
 Auto vars:     Size  Location     Type
		None
 Return value:  Size  Location     Type
                  1    wreg      void 
 Registers used:
		wreg, fsr0l, fsr0h, status,2, status,0, btemp+1, pclath, cstack
 Tracked objects:
		On entry : 
		On exit  : 
		Unchanged: 
 Data sizes:     COMMON   BANK0   BANK1   BANK3   BANK2
      Params:         0       0       0       0       0
      Locals:         0       0       0       0       0
      Temps:          0       2       0       0       0
      Totals:         0       2       0       0       0
Total ram usage:        2 bytes
 Hardware stack levels used:    1
 Hardware stack levels required when called:    7
 This function calls:
		_FindChannel
		_RegisterRead
		_RegisterSet
		_SetRFMode
		_timerFunction
 This function is called by:
		_main
 This function uses a non-reentrant model


 *************** function _TransiverReadFIFO *****************
 Defined at:
		line 42 in file "functions.c"
 Parameters:    Size  Location     Type
		None
 Auto vars:     Size  Location     Type
  j               2   32[BANK1 ] int 
  ReceivedStri   30    0[BANK1 ] unsigned char [30]
  i               2   30[BANK1 ] int 
 Return value:  Size  Location     Type
                  1    wreg      void 
 Registers used:
		wreg, fsr0l, fsr0h, status,2, status,0, btemp+1, pclath, cstack
 Tracked objects:
		On entry : 
		On exit  : 
		Unchanged: 
 Data sizes:     COMMON   BANK0   BANK1   BANK3   BANK2
      Params:         0       0       0       0       0
      Locals:         0       0      34       0       0
      Temps:          0       2       0       0       0
      Totals:         0       2      34       0       0
Total ram usage:       36 bytes
 Hardware stack levels used:    1
 Hardware stack levels required when called:   10
 This function calls:
		_ReadFIFO
		_ReceivedPacketHandler
		_SetRFMode
		_timerFunction
 This function is called by:
		_main
 This function uses a non-reentrant model


 *************** function _ReceivedPacketHandler *****************
 Defined at:
		line 73 in file "functions.c"
 Parameters:    Size  Location     Type
  Data            1    wreg     PTR unsigned char 
		 -> TransiverReadFIFO@ReceivedString(30), 
 Auto vars:     Size  Location     Type
  Data            1   48[BANK0 ] PTR unsigned char 
		 -> TransiverReadFIFO@ReceivedString(30), 
 Return value:  Size  Location     Type
                  1    wreg      void 
 Registers used:
		wreg, fsr0l, fsr0h, status,2, status,0, btemp+1, pclath, cstack
 Tracked objects:
		On entry : 
		On exit  : 
		Unchanged: 
 Data sizes:     COMMON   BANK0   BANK1   BANK3   BANK2
      Params:         0       0       0       0       0
      Locals:         0       1       0       0       0
      Temps:          0       1       0       0       0
      Totals:         0       2       0       0       0
Total ram usage:        2 bytes
 Hardware stack levels used:    1
 Hardware stack levels required when called:    9
 This function calls:
		_AnalogValue
		_DarknessCheck
		_DelayDs
		_OperationMode
		_ResetMemoryAdress
		_SendMemoryData
		_TransmittPacket
		_eeprom_read
		_eeprom_write
		_ram_bulk_erase
		_read_ram_status
		_strstr
		_write_ram_status
 This function is called by:
		_TransiverReadFIFO
 This function uses a non-reentrant model


 *************** function _write_ram_status *****************
 Defined at:
		line 169 in file "m25p16.c"
 Parameters:    Size  Location     Type
  status          1    wreg     unsigned char 
 Auto vars:     Size  Location     Type
  status          1    5[BANK0 ] unsigned char 
 Return value:  Size  Location     Type
                  1    wreg      void 
 Registers used:
		wreg, status,2, status,0, pclath, cstack
 Tracked objects:
		On entry : 
		On exit  : 
		Unchanged: 
 Data sizes:     COMMON   BANK0   BANK1   BANK3   BANK2
      Params:         0       0       0       0       0
      Locals:         0       1       0       0       0
      Temps:          0       0       0       0       0
      Totals:         0       1       0       0       0
Total ram usage:        1 bytes
 Hardware stack levels used:    1
 Hardware stack levels required when called:    5
 This function calls:
		_WriteSPI
		_read_ram_status
 This function is called by:
		_ReceivedPacketHandler
 This function uses a non-reentrant model


 *************** function _strstr *****************
 Defined at:
		line 4 in file "C:\Program Files (x86)\Microchip\xc8\v1.40\sources\common\strstr.c"
 Parameters:    Size  Location     Type
  s1              1    wreg     PTR const unsigned char 
		 -> NULL(0), TransiverReadFIFO@ReceivedString(30), 
  s2              1   14[BANK0 ] PTR const unsigned char 
		 -> STR_2(8), STR_1(8), 
 Auto vars:     Size  Location     Type
  s1              1   18[BANK0 ] PTR const unsigned char 
		 -> NULL(0), TransiverReadFIFO@ReceivedString(30), 
 Return value:  Size  Location     Type
                  1    wreg      PTR unsigned char 
 Registers used:
		wreg, fsr0l, fsr0h, status,2, status,0, pclath, cstack
 Tracked objects:
		On entry : 
		On exit  : 
		Unchanged: 
 Data sizes:     COMMON   BANK0   BANK1   BANK3   BANK2
      Params:         0       1       0       0       0
      Locals:         0       1       0       0       0
      Temps:          0       3       0       0       0
      Totals:         0       5       0       0       0
Total ram usage:        5 bytes
 Hardware stack levels used:    1
 Hardware stack levels required when called:    3
 This function calls:
		_strchr
		_strlen
		_strncmp
 This function is called by:
		_ReceivedPacketHandler
 This function uses a non-reentrant model


 *************** function _strncmp *****************
 Defined at:
		line 4 in file "C:\Program Files (x86)\Microchip\xc8\v1.40\sources\common\strncmp.c"
 Parameters:    Size  Location     Type
  s1              1    wreg     PTR const unsigned char 
		 -> NULL(0), TransiverReadFIFO@ReceivedString(30), 
  s2              1    8[BANK0 ] PTR const unsigned char 
		 -> STR_2(8), STR_1(8), 
  len             2    9[BANK0 ] unsigned int 
 Auto vars:     Size  Location     Type
  s1              1   13[BANK0 ] PTR const unsigned char 
		 -> NULL(0), TransiverReadFIFO@ReceivedString(30), 
 Return value:  Size  Location     Type
                  2    8[BANK0 ] int 
 Registers used:
		wreg, fsr0l, fsr0h, status,2, status,0, pclath
 Tracked objects:
		On entry : 
		On exit  : 
		Unchanged: 
 Data sizes:     COMMON   BANK0   BANK1   BANK3   BANK2
      Params:         0       3       0       0       0
      Locals:         0       1       0       0       0
      Temps:          0       2       0       0       0
      Totals:         0       6       0       0       0
Total ram usage:        6 bytes
 Hardware stack levels used:    1
 Hardware stack levels required when called:    2
 This function calls:
		Nothing
 This function is called by:
		_strstr
 This function uses a non-reentrant model


 *************** function _strlen *****************
 Defined at:
		line 4 in file "C:\Program Files (x86)\Microchip\xc8\v1.40\sources\common\strlen.c"
 Parameters:    Size  Location     Type
  s               1    wreg     PTR const unsigned char 
		 -> STR_2(8), STR_1(8), 
 Auto vars:     Size  Location     Type
  s               1    6[BANK0 ] PTR const unsigned char 
		 -> STR_2(8), STR_1(8), 
  cp              1    7[BANK0 ] PTR const unsigned char 
		 -> STR_2(8), STR_1(8), 
 Return value:  Size  Location     Type
                  2    0[BANK0 ] unsigned int 
 Registers used:
		wreg, fsr0l, fsr0h, status,2, status,0, pclath
 Tracked objects:
		On entry : 
		On exit  : 
		Unchanged: 
 Data sizes:     COMMON   BANK0   BANK1   BANK3   BANK2
      Params:         0       2       0       0       0
      Locals:         0       2       0       0       0
      Temps:          0       4       0       0       0
      Totals:         0       8       0       0       0
Total ram usage:        8 bytes
 Hardware stack levels used:    1
 Hardware stack levels required when called:    2
 This function calls:
		Nothing
 This function is called by:
		_strstr
 This function uses a non-reentrant model


 *************** function _strchr *****************
 Defined at:
		line 4 in file "C:\Program Files (x86)\Microchip\xc8\v1.40\sources\common\strchr.c"
 Parameters:    Size  Location     Type
  ptr             1    wreg     PTR const unsigned char 
		 -> NULL(0), TransiverReadFIFO@ReceivedString(30), 
  chr             2    0[BANK0 ] int 
 Auto vars:     Size  Location     Type
  ptr             1    2[BANK0 ] PTR const unsigned char 
		 -> NULL(0), TransiverReadFIFO@ReceivedString(30), 
 Return value:  Size  Location     Type
                  1    wreg      PTR unsigned char 
 Registers used:
		wreg, fsr0l, fsr0h, status,2, status,0
 Tracked objects:
		On entry : 
		On exit  : 
		Unchanged: 
 Data sizes:     COMMON   BANK0   BANK1   BANK3   BANK2
      Params:         0       2       0       0       0
      Locals:         0       1       0       0       0
      Temps:          0       0       0       0       0
      Totals:         0       3       0       0       0
Total ram usage:        3 bytes
 Hardware stack levels used:    1
 Hardware stack levels required when called:    2
 This function calls:
		Nothing
 This function is called by:
		_strstr
 This function uses a non-reentrant model


 *************** function _ram_bulk_erase *****************
 Defined at:
		line 69 in file "m25p16.c"
 Parameters:    Size  Location     Type
		None
 Auto vars:     Size  Location     Type
		None
 Return value:  Size  Location     Type
                  1    wreg      void 
 Registers used:
		wreg, status,2, status,0, pclath, cstack
 Tracked objects:
		On entry : 
		On exit  : 
		Unchanged: 
 Data sizes:     COMMON   BANK0   BANK1   BANK3   BANK2
      Params:         0       0       0       0       0
      Locals:         0       0       0       0       0
      Temps:          0       0       0       0       0
      Totals:         0       0       0       0       0
Total ram usage:        0 bytes
 Hardware stack levels used:    1
 Hardware stack levels required when called:    5
 This function calls:
		_WriteSPI
		_read_ram_status
 This function is called by:
		_ReceivedPacketHandler
 This function uses a non-reentrant model


 *************** function _SendMemoryData *****************
 Defined at:
		line 1246 in file "functions.c"
 Parameters:    Size  Location     Type
		None
 Auto vars:     Size  Location     Type
  address         4   43[BANK0 ] unsigned long 
  finalAddress    4   36[BANK0 ] unsigned long 
  addr1           1   42[BANK0 ] unsigned char 
  addr2           1   41[BANK0 ] unsigned char 
  addr3           1   40[BANK0 ] unsigned char 
  value           1   35[BANK0 ] unsigned char 
 Return value:  Size  Location     Type
                  1    wreg      void 
 Registers used:
		wreg, fsr0l, fsr0h, status,2, status,0, btemp+1, pclath, cstack
 Tracked objects:
		On entry : 
		On exit  : 
		Unchanged: 
 Data sizes:     COMMON   BANK0   BANK1   BANK3   BANK2
      Params:         0       0       0       0       0
      Locals:         0      12       0       0       0
      Temps:          0       8       0       0       0
      Totals:         0      20       0       0       0
Total ram usage:       20 bytes
 Hardware stack levels used:    1
 Hardware stack levels required when called:    8
 This function calls:
		_ReadMemoryAdress
		_TransmittPacket
		___llmod
		_read_write_flash_ram
 This function is called by:
		_ReceivedPacketHandler
 This function uses a non-reentrant model


 *************** function _read_write_flash_ram *****************
 Defined at:
		line 107 in file "m25p16.c"
 Parameters:    Size  Location     Type
  one_read_zer    1    wreg     unsigned char 
  bytes_to_rea    2    5[BANK0 ] unsigned short 
  flash_sector    1    7[BANK0 ] unsigned char 
  flash_page      1    8[BANK0 ] unsigned char 
  offset          1    9[BANK0 ] unsigned char 
  mem_ptr         1   10[BANK0 ] PTR unsigned char 
		 -> SendMemoryData@value(1), saveDataToFlash@value(1), 
 Auto vars:     Size  Location     Type
  one_read_zer    1   13[BANK0 ] unsigned char 
  i               2   14[BANK0 ] unsigned short 
 Return value:  Size  Location     Type
                  1    wreg      void 
 Registers used:
		wreg, fsr0l, fsr0h, status,2, status,0, pclath, cstack
 Tracked objects:
		On entry : 
		On exit  : 
		Unchanged: 
 Data sizes:     COMMON   BANK0   BANK1   BANK3   BANK2
      Params:         0       6       0       0       0
      Locals:         0       3       0       0       0
      Temps:          0       2       0       0       0
      Totals:         0      11       0       0       0
Total ram usage:       11 bytes
 Hardware stack levels used:    1
 Hardware stack levels required when called:    5
 This function calls:
		_ReadSPI
		_WriteSPI
		_read_ram_status
 This function is called by:
		_saveDataToFlash
		_SendMemoryData
		_write_flash_page
		_read_flash_page
 This function uses a non-reentrant model


 *************** function _read_ram_status *****************
 Defined at:
		line 57 in file "m25p16.c"
 Parameters:    Size  Location     Type
		None
 Auto vars:     Size  Location     Type
  status          1    4[BANK0 ] unsigned char 
 Return value:  Size  Location     Type
                  1    wreg      unsigned char 
 Registers used:
		wreg, status,2, status,0, pclath, cstack
 Tracked objects:
		On entry : 
		On exit  : 
		Unchanged: 
 Data sizes:     COMMON   BANK0   BANK1   BANK3   BANK2
      Params:         0       0       0       0       0
      Locals:         0       1       0       0       0
      Temps:          0       1       0       0       0
      Totals:         0       2       0       0       0
Total ram usage:        2 bytes
 Hardware stack levels used:    1
 Hardware stack levels required when called:    4
 This function calls:
		_ReadSPI
		_WriteSPI
 This function is called by:
		_ReceivedPacketHandler
		_ram_bulk_erase
		_read_write_flash_ram
		_write_ram_status
		_ram_sector_erase
 This function uses a non-reentrant model


 *************** function ___llmod *****************
 Defined at:
		line 6 in file "C:\Program Files (x86)\Microchip\xc8\v1.40\sources\common\llmod.c"
 Parameters:    Size  Location     Type
  divisor         4    0[BANK0 ] unsigned long 
  dividend        4    4[BANK0 ] unsigned long 
 Auto vars:     Size  Location     Type
  counter         1    9[BANK0 ] unsigned char 
 Return value:  Size  Location     Type
                  4    0[BANK0 ] unsigned long 
 Registers used:
		wreg, status,2, status,0
 Tracked objects:
		On entry : 
		On exit  : 
		Unchanged: 
 Data sizes:     COMMON   BANK0   BANK1   BANK3   BANK2
      Params:         0       8       0       0       0
      Locals:         0       1       0       0       0
      Temps:          0       1       0       0       0
      Totals:         0      10       0       0       0
Total ram usage:       10 bytes
 Hardware stack levels used:    1
 Hardware stack levels required when called:    2
 This function calls:
		Nothing
 This function is called by:
		_SendMemoryData
 This function uses a non-reentrant model


 *************** function _ReadMemoryAdress *****************
 Defined at:
		line 998 in file "functions.c"
 Parameters:    Size  Location     Type
  var3            1    wreg     PTR unsigned char 
		 -> SendMemoryData@addr3(1), saveDataToFlash@addr3(1), IncreaseMemoryAdress@addr3(1), 
  var2            1    2[BANK0 ] PTR unsigned char 
		 -> SendMemoryData@addr2(1), saveDataToFlash@addr2(1), IncreaseMemoryAdress@addr2(1), 
  var1            1    3[BANK0 ] PTR unsigned char 
		 -> SendMemoryData@addr1(1), saveDataToFlash@addr1(1), IncreaseMemoryAdress@addr1(1), 
 Auto vars:     Size  Location     Type
  var3            1    5[BANK0 ] PTR unsigned char 
		 -> SendMemoryData@addr3(1), saveDataToFlash@addr3(1), IncreaseMemoryAdress@addr3(1), 
 Return value:  Size  Location     Type
                  1    wreg      void 
 Registers used:
		wreg, fsr0l, fsr0h, status,2, status,0, pclath, cstack
 Tracked objects:
		On entry : 
		On exit  : 
		Unchanged: 
 Data sizes:     COMMON   BANK0   BANK1   BANK3   BANK2
      Params:         0       2       0       0       0
      Locals:         0       1       0       0       0
      Temps:          0       1       0       0       0
      Totals:         0       4       0       0       0
Total ram usage:        4 bytes
 Hardware stack levels used:    1
 Hardware stack levels required when called:    3
 This function calls:
		_eeprom_read
 This function is called by:
		_IncreaseMemoryAdress
		_saveDataToFlash
		_SendMemoryData
 This function uses a non-reentrant model


 *************** function _ResetMemoryAdress *****************
 Defined at:
		line 1086 in file "functions.c"
 Parameters:    Size  Location     Type
		None
 Auto vars:     Size  Location     Type
		None
 Return value:  Size  Location     Type
                  1    wreg      void 
 Registers used:
		wreg, status,2, status,0, pclath, cstack
 Tracked objects:
		On entry : 
		On exit  : 
		Unchanged: 
 Data sizes:     COMMON   BANK0   BANK1   BANK3   BANK2
      Params:         0       0       0       0       0
      Locals:         0       0       0       0       0
      Temps:          0       0       0       0       0
      Totals:         0       0       0       0       0
Total ram usage:        0 bytes
 Hardware stack levels used:    1
 Hardware stack levels required when called:    3
 This function calls:
		_eeprom_write
 This function is called by:
		_ReceivedPacketHandler
 This function uses a non-reentrant model


 *************** function _eeprom_write *****************
 Defined at:
		line 6 in file "C:\Program Files (x86)\Microchip\xc8\v1.40\sources\pic\eewrite.c"
 Parameters:    Size  Location     Type
  addr            1    wreg     unsigned char 
  value           1    0[BANK0 ] unsigned char 
 Auto vars:     Size  Location     Type
  addr            1    2[BANK0 ] unsigned char 
 Return value:  Size  Location     Type
                  1    wreg      void 
 Registers used:
		wreg, status,2, status,0
 Tracked objects:
		On entry : 
		On exit  : 
		Unchanged: 
 Data sizes:     COMMON   BANK0   BANK1   BANK3   BANK2
      Params:         0       1       0       0       0
      Locals:         0       1       0       0       0
      Temps:          0       1       0       0       0
      Totals:         0       3       0       0       0
Total ram usage:        3 bytes
 Hardware stack levels used:    1
 Hardware stack levels required when called:    2
 This function calls:
		Nothing
 This function is called by:
		_ReceivedPacketHandler
		_WriteMemoryAdress
		_ResetMemoryAdress
 This function uses a non-reentrant model


 *************** function _OperationMode *****************
 Defined at:
		line 974 in file "functions.c"
 Parameters:    Size  Location     Type
		None
 Auto vars:     Size  Location     Type
  bracketStatu    1    1[BANK0 ] unsigned char 
 Return value:  Size  Location     Type
                  1    wreg      unsigned char 
 Registers used:
		wreg, status,2
 Tracked objects:
		On entry : 
		On exit  : 
		Unchanged: 
 Data sizes:     COMMON   BANK0   BANK1   BANK3   BANK2
      Params:         0       0       0       0       0
      Locals:         0       1       0       0       0
      Temps:          0       1       0       0       0
      Totals:         0       2       0       0       0
Total ram usage:        2 bytes
 Hardware stack levels used:    1
 Hardware stack levels required when called:    2
 This function calls:
		Nothing
 This function is called by:
		_main
		_ReceivedPacketHandler
 This function uses a non-reentrant model


 *************** function _ReadFIFO *****************
[...]
  adress          1    6[BANK0 ] unsigned char 
  value           1    5[BANK0 ] unsigned char 
 Return value:  Size  Location     Type
                  1    wreg      unsigned char 
 Registers used:
		wreg, status,2, status,0, pclath, cstack
 Tracked objects:
		On entry : 
		On exit  : 
		Unchanged: 
 Data sizes:     COMMON   BANK0   BANK1   BANK3   BANK2
      Params:         0       0       0       0       0
      Locals:         0       2       0       0       0
      Temps:          0       2       0       0       0
      Totals:         0       4       0       0       0
Total ram usage:        4 bytes
 Hardware stack levels used:    1
 Hardware stack levels required when called:    4
 This function calls:
		_ReadSPI
		_WriteSPI
 This function is called by:
		_TransiverToReceive
		_TransmittPacket
		_TransiverInit
		_FindChannel
		_SetRFMode
 This function uses a non-reentrant model


 *************** function _Mode_2 *****************
 Defined at:
		line 307 in file "functions.c"
 Parameters:    Size  Location     Type
		None
 Auto vars:     Size  Location     Type
		None
 Return value:  Size  Location     Type
                  1    wreg      void 
 Registers used:
		wreg, fsr0l, fsr0h, status,2, status,0, pclath, cstack
 Tracked objects:
		On entry : 
		On exit  : 
		Unchanged: 
 Data sizes:     COMMON   BANK0   BANK1   BANK3   BANK2
      Params:         0       0       0       0       0
      Locals:         0       0       0       0       0
      Temps:          0       0       0       0       0
      Totals:         0       0       0       0       0
Total ram usage:        0 bytes
 Hardware stack levels used:    1
 Hardware stack levels required when called:    6
 This function calls:
		_LightWithSensController
 This function is called by:
		_main
 This function uses a non-reentrant model


 *************** function _Mode_1 *****************
 Defined at:
		line 293 in file "functions.c"
 Parameters:    Size  Location     Type
		None
 Auto vars:     Size  Location     Type
		None
 Return value:  Size  Location     Type
                  1    wreg      void 
 Registers used:
		wreg, status,2, status,0, pclath, cstack
 Tracked objects:
		On entry : 
		On exit  : 
		Unchanged: 
 Data sizes:     COMMON   BANK0   BANK1   BANK3   BANK2
      Params:         0       0       0       0       0
      Locals:         0       0       0       0       0
      Temps:          0       0       0       0       0
      Totals:         0       0       0       0       0
Total ram usage:        0 bytes
 Hardware stack levels used:    1
 Hardware stack levels required when called:    5
 This function calls:
		_DarknessCheck
 This function is called by:
		_main
 This function uses a non-reentrant model


 *************** function _Mode_0 *****************
 Defined at:
		line 285 in file "functions.c"
 Parameters:    Size  Location     Type
		None
 Auto vars:     Size  Location     Type
		None
 Return value:  Size  Location     Type
                  1    wreg      void 
 Registers used:
		wreg, fsr0l, fsr0h, status,2, status,0, pclath, cstack
 Tracked objects:
		On entry : 
		On exit  : 
		Unchanged: 
 Data sizes:     COMMON   BANK0   BANK1   BANK3   BANK2
      Params:         0       0       0       0       0
      Locals:         0       0       0       0       0
      Temps:          0       0       0       0       0
      Totals:         0       0       0       0       0
Total ram usage:        0 bytes
 Hardware stack levels used:    1
 Hardware stack levels required when called:    6
 This function calls:
		_LightWithSensController
 This function is called by:
		_main
 This function uses a non-reentrant model


 *************** function _LightWithSensController *****************
 Defined at:
		line 352 in file "functions.c"
 Parameters:    Size  Location     Type
		None
 Auto vars:     Size  Location     Type
		None
 Return value:  Size  Location     Type
                  1    wreg      void 
 Registers used:
		wreg, fsr0l, fsr0h, status,2, status,0, pclath, cstack
 Tracked objects:
		On entry : 
		On exit  : 
		Unchanged: 
 Data sizes:     COMMON   BANK0   BANK1   BANK3   BANK2
      Params:         0       0       0       0       0
      Locals:         0       0       0       0       0
      Temps:          0       0       0       0       0
      Totals:         0       0       0       0       0
Total ram usage:        0 bytes
 Hardware stack levels used:    1
 Hardware stack levels required when called:    5
 This function calls:
		_DarknessCheck
		_timerFunction
 This function is called by:
		_Mode_0
		_Mode_2
		_Mode_4
		_Mode_5
 This function uses a non-reentrant model


 *************** function _timerFunction *****************
 Defined at:
		line 403 in file "functions.c"
 Parameters:    Size  Location     Type
  intTimerNumb    2    0[BANK0 ] int 
  intSetSecond    2    2[BANK0 ] int 
 Auto vars:     Size  Location     Type
		None
 Return value:  Size  Location     Type
                  1    wreg      unsigned char 
 Registers used:
		wreg, fsr0l, fsr0h, status,2, status,0
 Tracked objects:
		On entry : 
		On exit  : 
		Unchanged: 
 Data sizes:     COMMON   BANK0   BANK1   BANK3   BANK2
      Params:         0       4       0       0       0
      Locals:         0       0       0       0       0
      Temps:          0       1       0       0       0
      Totals:         0       5       0       0       0
Total ram usage:        5 bytes
 Hardware stack levels used:    1
 Hardware stack levels required when called:    2
 This function calls:
		Nothing
 This function is called by:
		_TransiverToReceive
		_TransiverReadFIFO
		_TransmittPacket
		_LightWithSensController
 This function uses a non-reentrant model


 *************** function _DarknessCheck *****************
 Defined at:
		line 941 in file "functions.c"
 Parameters:    Size  Location     Type
		None
 Auto vars:     Size  Location     Type
  darknessValu    1    9[BANK0 ] unsigned char 
 Return value:  Size  Location     Type
                  1    wreg      void 
 Registers used:
		wreg, status,2, status,0, pclath, cstack
 Tracked objects:
		On entry : 
		On exit  : 
		Unchanged: 
 Data sizes:     COMMON   BANK0   BANK1   BANK3   BANK2
      Params:         0       0       0       0       0
      Locals:         0       1       0       0       0
      Temps:          0       1       0       0       0
      Totals:         0       2       0       0       0
Total ram usage:        2 bytes
 Hardware stack levels used:    1
 Hardware stack levels required when called:    4
 This function calls:
		_AnalogValue
		_eeprom_read
 This function is called by:
		_ReceivedPacketHandler
		_Mode_1
		_LightWithSensController
 This function uses a non-reentrant model


 *************** function _eeprom_read *****************
 Defined at:
		line 6 in file "C:\Program Files (x86)\Microchip\xc8\v1.40\sources\pic\eeread.c"
 Parameters:    Size  Location     Type
  addr            1    wreg     unsigned char 
 Auto vars:     Size  Location     Type
  addr            1    1[BANK0 ] unsigned char 
 Return value:  Size  Location     Type
                  1    wreg      unsigned char 
 Registers used:
		wreg, status,2, status,0
 Tracked objects:
		On entry : 
		On exit  : 
		Unchanged: 
 Data sizes:     COMMON   BANK0   BANK1   BANK3   BANK2
      Params:         0       0       0       0       0
      Locals:         0       1       0       0       0
      Temps:          0       1       0       0       0
      Totals:         0       2       0       0       0
Total ram usage:        2 bytes
 Hardware stack levels used:    1
 Hardware stack levels required when called:    2
 This function calls:
		Nothing
 This function is called by:
		_ReceivedPacketHandler
		_DarknessCheck
		_ReadMemoryAdress
 This function uses a non-reentrant model


 *************** function _AnalogValue *****************
 Defined at:
		line 911 in file "functions.c"
 Parameters:    Size  Location     Type
  channel         1    wreg     unsigned char 
 Auto vars:     Size  Location     Type
  channel         1    7[BANK0 ] unsigned char 
 Return value:  Size  Location     Type
                  1    wreg      unsigned char 
 Registers used:
		wreg, status,2, status,0, pclath, cstack
 Tracked objects:
		On entry : 
		On exit  : 
		Unchanged: 
 Data sizes:     COMMON   BANK0   BANK1   BANK3   BANK2
      Params:         0       0       0       0       0
      Locals:         0       1       0       0       0
      Temps:          0       1       0       0       0
      Totals:         0       2       0       0       0
Total ram usage:        2 bytes
 Hardware stack levels used:    1
 Hardware stack levels required when called:    3
 This function calls:
		_DelayDs
 This function is called by:
		_ReceivedPacketHandler
		_DarknessCheck
		_saveDataToFlash
 This function uses a non-reentrant model


 *************** function _DelayDs *****************
 Defined at:
		line 521 in file "functions.c"
 Parameters:    Size  Location     Type
  cnt             2    0[BANK0 ] int 
 Auto vars:     Size  Location     Type
  i               2    4[BANK0 ] int 
 Return value:  Size  Location     Type
                  1    wreg      void 
 Registers used:
		wreg, status,2
 Tracked objects:
		On entry : 
		On exit  : 
		Unchanged: 
 Data sizes:     COMMON   BANK0   BANK1   BANK3   BANK2
      Params:         0       2       0       0       0
      Locals:         0       2       0       0       0
      Temps:          0       2       0       0       0
      Totals:         0       6       0       0       0
Total ram usage:        6 bytes
 Hardware stack levels used:    1
 Hardware stack levels required when called:    2
 This function calls:
		Nothing
 This function is called by:
		_ReceivedPacketHandler
		_Blink
		_AnalogValue
 This function uses a non-reentrant model


 *************** function _ClockInit *****************
 Defined at:
		line 6 in file "MCP79510.c"
 Parameters:    Size  Location     Type
		None
 Auto vars:     Size  Location     Type
  cnt             1    4[BANK0 ] unsigned char 
 Return value:  Size  Location     Type
                  1    wreg      void 
 Registers used:
		wreg, status,2, status,0, pclath, cstack
 Tracked objects:
		On entry : 
		On exit  : 
		Unchanged: 
 Data sizes:     COMMON   BANK0   BANK1   BANK3   BANK2
      Params:         0       0       0       0       0
      Locals:         0       1       0       0       0
      Temps:          0       1       0       0       0
      Totals:         0       2       0       0       0
Total ram usage:        2 bytes
 Hardware stack levels used:    1
 Hardware stack levels required when called:    4
 This function calls:
		_ReadSPI
		_WriteSPI
 This function is called by:
		_main
 This function uses a non-reentrant model


 *************** function _ReadSPI *****************
 Defined at:
		line 542 in file "functions.c"
 Parameters:    Size  Location     Type
		None
 Auto vars:     Size  Location     Type
		None
 Return value:  Size  Location     Type
                  1    wreg      unsigned char 
 Registers used:
		wreg, status,2, status,0, pclath, cstack
 Tracked objects:
		On entry : 
		On exit  : 
		Unchanged: 
 Data sizes:     COMMON   BANK0   BANK1   BANK3   BANK2
      Params:         0       0       0       0       0
      Locals:         0       0       0       0       0
      Temps:          0       0       0       0       0
      Totals:         0       0       0       0       0
Total ram usage:        0 bytes
 Hardware stack levels used:    1
 Hardware stack levels required when called:    3
 This function calls:
		_WriteSPI
 This function is called by:
		_RegisterRead
		_ReadFIFO
		_read_ram_status
		_read_write_flash_ram
		_ClockInit
		_ReadClock
		_read_ram_id
 This function uses a non-reentrant model


 *************** function _WriteSPI *****************
 Defined at:
		line 530 in file "functions.c"
 Parameters:    Size  Location     Type
  databyte        1    wreg     unsigned char 
 Auto vars:     Size  Location     Type
  databyte        1    2[BANK0 ] unsigned char 
  buffer          1    1[BANK0 ] unsigned char 
 Return value:  Size  Location     Type
                  1    wreg      void 
 Registers used:
		wreg
 Tracked objects:
		On entry : 
		On exit  : 
		Unchanged: 
 Data sizes:     COMMON   BANK0   BANK1   BANK3   BANK2
      Params:         0       0       0       0       0
      Locals:         0       2       0       0       0
      Temps:          0       1       0       0       0
      Totals:         0       3       0       0       0
Total ram usage:        3 bytes
 Hardware stack levels used:    1
 Hardware stack levels required when called:    2
 This function calls:
		Nothing
 This function is called by:
		_ReadSPI
		_RegisterRead
		_RegisterSet
		_WriteFIFO
		_read_ram_status
		_ram_bulk_erase
		_read_write_flash_ram
		_write_ram_status
		_ClockInit
		_ReadClock
		_read_ram_id
		_ram_sector_erase
		_power_up_flash_ram
		_power_down_flash_ram
 This function uses a non-reentrant model


 *************** function _tc_int *****************
 Defined at:
		line 836 in file "functions.c"
 Parameters:    Size  Location     Type
		None
 Auto vars:     Size  Location     Type
		None
 Return value:  Size  Location     Type
                  1    wreg      void 
 Registers used:
		wreg, fsr0l, fsr0h, status,2, status,0, btemp+1, pclath, cstack
 Tracked objects:
		On entry : 
		On exit  : 
		Unchanged: 
 Data sizes:     COMMON   BANK0   BANK1   BANK3   BANK2
      Params:         0       0       0       0       0
      Locals:         0       0       0       0       0
      Temps:          7       0       0       0       0
      Totals:         7       0       0       0       0
Total ram usage:        7 bytes
 Hardware stack levels used:    1
 Hardware stack levels required when called:    1
 This function calls:
		_TimerCounter
		i1_OperationMode
 This function is called by:
		Interrupt level 1
 This function uses a non-reentrant model


 *************** function i1_OperationMode *****************
 Defined at:
		line 974 in file "functions.c"
 Parameters:    Size  Location     Type
		None
 Auto vars:     Size  Location     Type
  OperationMod    1    1[COMMON] unsigned char 
 Return value:  Size  Location     Type
                  1    wreg      unsigned char 
 Registers used:
		wreg, status,2
 Tracked objects:
		On entry : 
		On exit  : 
		Unchanged: 
 Data sizes:     COMMON   BANK0   BANK1   BANK3   BANK2
      Params:         0       0       0       0       0
      Locals:         1       0       0       0       0
      Temps:          1       0       0       0       0
      Totals:         2       0       0       0       0
Total ram usage:        2 bytes
 Hardware stack levels used:    1
 This function calls:
		Nothing
 This function is called by:
		_tc_int
 This function uses a non-reentrant model


 *************** function _TimerCounter *****************
 Defined at:
		line 425 in file "functions.c"
 Parameters:    Size  Location     Type
		None
 Auto vars:     Size  Location     Type
  i               2    3[COMMON] int 
 Return value:  Size  Location     Type
                  1    wreg      void 
 Registers used:
		wreg, fsr0l, fsr0h, status,2, status,0, btemp+1
 Tracked objects:
		On entry : 
		On exit  : 
		Unchanged: 
 Data sizes:     COMMON   BANK0   BANK1   BANK3   BANK2
      Params:         0       0       0       0       0
      Locals:         2       0       0       0       0
      Temps:          3       0       0       0       0
      Totals:         5       0       0       0       0
Total ram usage:        5 bytes
 Hardware stack levels used:    1
 This function calls:
		Nothing
 This function is called by:
		_tc_int
 This function uses a non-reentrant model



MODULE INFORMATION

Module		Function		Class		Link	Load	Size
m25p16.c
		_read_write_flash_ram		CODE           	0A8B	0000	125
		_read_ram_status		CODE           	153B	0000	21
		_ram_bulk_erase		CODE           	15B9	0000	35
		_write_ram_status		CODE           	16F0	0000	45

m25p16.c estimated size: 226

MCP79510.c
		_ClockInit     		CODE           	0B07	0000	155
		_ReadClock     		CODE           	0600	0000	314

MCP79510.c estimated size: 469

C:\Program Files (x86)\Microchip\xc8\v1.40\sources\common\strncmp.c
		_strncmp       		CODE           	0817	0000	69

C:\Program Files (x86)\Microchip\xc8\v1.40\sources\common\strncmp.c estimated size: 69

functions.c
		_ReadMemoryAdress		CODE           	1698	0000	45
		_SetRFMode     		CODE           	0A1C	0000	112
		_ResetMemoryAdress		CODE           	1583	0000	27
		_Mode_0        		CODE           	07FB	0000	5
		_TransmittPacket		CODE           	0BA1	0000	179
		_ReadFIFO      		CODE           	14E6	0000	15
		_LightWithSensController		CODE           	177F	0000	64
		_timerFunction 		CODE           	1504	0000	19
		_DelayDs       		CODE           	15DB	0000	36
		_TransiverInit 		CODE           	0D31	0000	235
		_AnalogValue   		CODE           	166D	0000	44
		_tc_int        		CODE           	0739	0000	195
		_IncreaseMemoryAdress		CODE           	0E1B	0000	238
		_OperationMode 		CODE           	14B6	0000	10
		_Mode_1        		CODE           	154F	0000	27
		_FindChannel   		CODE           	0F08	0000	249
		_ReceivedPacketHandler		CODE           	0290	0000	545
		_Blink         		CODE           	174C	0000	52
		_Mode_4        		CODE           	14F4	0000	17
		_PICInit       		CODE           	094B	0000	101
		_saveDataToFlash		CODE           	0045	0000	588
		_WriteFIFO     		CODE           	14BF	0000	13
		_TransiverToReceive		CODE           	08EF	0000	93
		_TimerCounter  		CODE           	17BE	0000	67
		_WriteMemoryAdress		CODE           	1622	0000	37
		_SendMemoryData		CODE           	04B0	0000	337
		_TransiverReadFIFO		CODE           	09AF	0000	110
		_RegisterSet   		CODE           	1569	0000	27
		_Mode_2        		CODE           	14CB	0000	14
		_RegisterRead  		CODE           	159D	0000	29
		_Mode_5        		CODE           	1516	0000	19
		_DarknessCheck 		CODE           	1646	0000	40
		_WriteSPI      		CODE           	14D8	0000	15
		_ReadSPI       		CODE           	149D	0000	9

functions.c estimated size: 3613

C:\Program Files (x86)\Microchip\xc8\v1.40\sources\common\strstr.c
		_strstr        		CODE           	085B	0000	71

C:\Program Files (x86)\Microchip\xc8\v1.40\sources\common\strstr.c estimated size: 71

C:\Program Files (x86)\Microchip\xc8\v1.40\sources\pic\eeread.c
		_eeprom_read   		CODE           	15FE	0000	37

C:\Program Files (x86)\Microchip\xc8\v1.40\sources\pic\eeread.c estimated size: 37

C:\Program Files (x86)\Microchip\xc8\v1.40\sources\common\llmod.c
		___llmod       		CODE           	08A1	0000	79

C:\Program Files (x86)\Microchip\xc8\v1.40\sources\common\llmod.c estimated size: 79

shared
		__stringtab    		STRING         	1000	0000	7
		__initialization		CODE           	0015	0000	45
		i1_OperationMode		CODE           	14AD	0000	10
		_ChannelP      		STRING         	1006	0000	14
		_ChannelR      		STRING         	1013	0000	14
		_ChannelS      		STRING         	1020	0000	14

shared estimated size: 104

C:\Program Files (x86)\Microchip\xc8\v1.40\sources\pic\eewrite.c
		_eeprom_write  		CODE           	171C	0000	49

C:\Program Files (x86)\Microchip\xc8\v1.40\sources\pic\eewrite.c estimated size: 49

main.c
		_main          		CODE           	0C53	0000	223

main.c estimated size: 223

C:\Program Files (x86)\Microchip\xc8\v1.40\sources\common\strlen.c
		_strlen        		CODE           	16C4	0000	45

C:\Program Files (x86)\Microchip\xc8\v1.40\sources\common\strlen.c estimated size: 45

C:\Program Files (x86)\Microchip\xc8\v1.40\sources\common\Umul8.c
		___bmul        		CODE           	1528	0000	20

C:\Program Files (x86)\Microchip\xc8\v1.40\sources\common\Umul8.c estimated size: 20

C:\Program Files (x86)\Microchip\xc8\v1.40\sources\common\strchr.c
		_strchr        		CODE           	0802	0000	22

C:\Program Files (x86)\Microchip\xc8\v1.40\sources\common\strchr.c estimated size: 22

