Microchip MPLAB XC8 Compiler V1.38 ()

Linker command line:

-W-3 --edf=C:\Program Files (x86)\Microchip\xc8\v1.38\dat\en_msgs.txt -cs \
  -h+dist/default/production\Bustel_Cardv20.0.X.production.sym \
  --cmf=dist/default/production\Bustel_Cardv20.0.X.production.cmf -z \
  -Q16F887 -oC:\Users\gustav\AppData\Local\Temp\s4dg.2 \
  -Mdist/default/production/Bustel_Cardv20.0.X.production.map -E1 -ver=XC8 \
  -ASTACK=0110h-016fh -pstack=STACK -ACODE=00h-07FFhx4 -ASTRCODE=00h-01FFFh \
  -ASTRING=00h-0FFhx32 -ACONST=00h-0FFhx32 -AENTRY=00h-0FFhx32 \
  -ACOMMON=070h-07Fh -ABANK0=020h-06Fh -ABANK1=0A0h-0EFh \
  -ABANK2=0110h-016Fh -ABANK3=0190h-01EFh \
  -ARAM=020h-06Fh,0A0h-0EFh,0110h-016Fh,0190h-01EFh \
  -AABS1=020h-07Fh,0A0h-0EFh,0110h-016Fh,0190h-01EFh -ASFR0=00h-01Fh \
  -ASFR1=080h-09Fh -ASFR2=0100h-010Fh -ASFR3=0180h-018Fh \
  -preset_vec=00h,intentry=04h,init,end_init -ppowerup=CODE -pcinit=CODE \
  -pfunctab=CODE -ACONFIG=02007h-02008h -pconfig=CONFIG -DCONFIG=2 \
  -AIDLOC=02000h-02003h -pidloc=IDLOC -DIDLOC=2 -AEEDATA=00h-0FFh/02100h \
  -peeprom_data=EEDATA -DEEDATA=2 -DCODE=2 -DSTRCODE=2 -DSTRING=2 -DCONST=2 \
  -DENTRY=2 -k C:\Users\gustav\AppData\Local\Temp\s4dg.obj \
  dist/default/production\Bustel_Cardv20.0.X.production.obj 

Object code version is 3.11

Machine type is 16F887



                Name                               Link     Load   Length Selector   Space Scale
C:\Users\gustav\AppData\Local\Temp\s4dg.obj
                end_init                             12       12        3        8       0
                reset_vec                             0        0        3        0       0
                config                             2007     2007        1     400E       0
dist/default/production\Bustel_Cardv20.0.X.production.obj
                cinit                                15       15       30        8       0
                intentry                              4        4        E        8       0
                text48                              89B      89B       42     1136       0
                text47                             1566     1566        9     2ACC       0
                text46                              D6B      D6B       C2     1AD6       0
                text45                             1591     1591        E     2B22       0
                text44                             1556     1556        8     2AAC       0
                text43                              C2A      C2A       91     1854       0
                text42                             167F     167F       24     2CFE       0
                text41                             16EE     16EE       2B     2DDC       0
                text40                             16A3     16A3       24     2D46       0
                text39                             16C7     16C7       27     2D8E       0
                text38                             15AF     15AF       12     2B5E       0
                text37                              85C      85C       3F     10B8       0
                text36                             1552     1552        4     2AA4       0
                text35                             160F     160F       1A     2C1E       0
                text34                             1584     1584        D     2B08       0
                text33                              840      840       1C     1080       0
                text32                             1629     1629       1A     2C52       0
                text31                              B3E      B3E       6F     167C       0
                text30                              6FB      6FB       F6        8       0
                text29                             1578     1578        C     2AF0       0
                text28                              CBB      CBB       B0     1976       0
                text27                             159F     159F       10     2B3E       0
                text26                             15C1     15C1       12     2B82       0
                text25                              A6E      A6E       64     14DC       0
                text24                             17CD     17CD       33     2F9A       0
                text23                              F16      F16       EA     1E2C       0
                text22                              7F1      7F1        E        8       0
                text21                             156F     156F        9     2ADE       0
                text20                             179D     179D       30     2F3A       0
                text19                             1643     1643       1A     2C86       0
                text18                             1719     1719       2C     2E32       0
                text17                              967      967       4E     12CE       0
                text16                             15E6     15E6       14     2BCC       0
                text15                              BAD      BAD       7D     175A       0
                text14                              46D      46D      155        8       0
                text13                             165D     165D       22     2CBA       0
                text12                             15FA     15FA       15     2BF4       0
                text11                             1745     1745       2C     2E8A       0
                text10                              8DD      8DD       44     11BA       0
                text9                               921      921       46     1242       0
                text8                              1771     1771       2C     2EE2       0
                text7                               290      290      1DD        8       0
                text6                               AD2      AD2       6C     15A4       0
                text5                               A11      A11       5D     1422       0
                text4                               9B5      9B5       5C     136A       0
                text3                              15D3     15D3       13     2BA6       0
                text2                               5C2      5C2      139        8       0
                text1                                45       45      24B        8       0
                maintext                            E2D      E2D       E9     1C5A       0
                cstackBANK0                          20       20       36       20       1
                cstackCOMMON                         70       70        C       70       1
                cstackBANK1                          A0       A0       22       A0       1
                clrtext                            155E     155E        8     2ABC       0
                bssBANK3                            190      190       28      190       1
                bssBANK1                             C2       C2        A       A0       1
                dataBANK0                            6B       6B        3       20       1
                bssBANK0                             56       56       15       20       1
                bssCOMMON                            7C       7C        2       70       1
                strings                             800      800       3D     1000       0
                idataBANK0                          83D      83D        3     107A       0

TOTAL           Name                               Link     Load   Length     Space
        CLASS   STACK          

        CLASS   CODE           
                end_init                             12       12        3         0
                cinit                                15       15       30         0
                intentry                              4        4        E         0
                reset_vec                             0        0        3         0
                text48                              89B      89B       42         0
                text47                             1566     1566        9         0
                text46                              D6B      D6B       C2         0
                text45                             1591     1591        E         0
                text44                             1556     1556        8         0
                text43                              C2A      C2A       91         0
                text42                             167F     167F       24         0
                text41                             16EE     16EE       2B         0
                text40                             16A3     16A3       24         0
                text39                             16C7     16C7       27         0
                text38                             15AF     15AF       12         0
                text37                              85C      85C       3F         0
                text36                             1552     1552        4         0
                text35                             160F     160F       1A         0
                text34                             1584     1584        D         0
                text33                              840      840       1C         0
                text32                             1629     1629       1A         0
                text31                              B3E      B3E       6F         0
                text30                              6FB      6FB       F6         0
                text29                             1578     1578        C         0
                text28                              CBB      CBB       B0         0
                text27                             159F     159F       10         0
                text26                             15C1     15C1       12         0
                text25                              A6E      A6E       64         0
                text24                             17CD     17CD       33         0
                text23                              F16      F16       EA         0
                text22                              7F1      7F1        E         0
                text21                             156F     156F        9         0
                text20                             179D     179D       30         0
                text19                             1643     1643       1A         0
                text18                             1719     1719       2C         0
                text17                              967      967       4E         0
                text16                             15E6     15E6       14         0
                text15                              BAD      BAD       7D         0
                text14                              46D      46D      155         0
                text13                             165D     165D       22         0
                text12                             15FA     15FA       15         0
                text11                             1745     1745       2C         0
                text10                              8DD      8DD       44         0
                text9                               921      921       46         0
                text8                              1771     1771       2C         0
                text7                               290      290      1DD         0
                text6                               AD2      AD2       6C         0
                text5                               A11      A11       5D         0
                text4                               9B5      9B5       5C         0
                text3                              15D3     15D3       13         0
                text2                               5C2      5C2      139         0
                text1                                45       45      24B         0
                maintext                            E2D      E2D       E9         0
                clrtext                            155E     155E        8         0
                idataBANK0                          83D      83D        3         0

        CLASS   STRCODE        

        CLASS   STRING         
                strings                             800      800       3D         0

        CLASS   CONST          

        CLASS   ENTRY          

        CLASS   COMMON         
                cstackCOMMON                         70       70        C         1
                bssCOMMON                            7C       7C        2         1

        CLASS   BANK0          
                cstackBANK0                          20       20       36         1
                dataBANK0                            6B       6B        3         1
                bssBANK0                             56       56       15         1

        CLASS   BANK1          
                cstackBANK1                          A0       A0       22         1
                bssBANK1                             C2       C2        A         1

        CLASS   BANK2          

        CLASS   BANK3          
                bssBANK3                            190      190       28         1

        CLASS   RAM            

        CLASS   ABS1           
                abs_s1                               7E       7E        2         1

        CLASS   SFR0           

        CLASS   SFR1           

        CLASS   SFR2           

        CLASS   SFR3           

        CLASS   CONFIG         
                config                             2007     2007        1         0

        CLASS   IDLOC          

        CLASS   EEDATA         



SEGMENTS        Name                           Load    Length   Top    Selector   Space  Class     Delta

                reset_vec                      000000  000003  000003         0       0  CODE        2
                intentry                       000004  0007FB  0007FF         8       0  CODE        2
                cstackBANK0                    000020  00004E  00006E        20       1  BANK0       1
                cstackCOMMON                   000070  00000E  00007E        70       1  COMMON      1
                cstackBANK1                    0000A0  00002C  0000CC        A0       1  BANK1       1
                bssBANK3                       000190  000028  0001B8       190       1  BANK3       1
                strings                        000800  00003D  00083D      1000       0  STRING      2
                idataBANK0                     00083D  000003  000840      107A       0  CODE        2
                text33                         000840  00001C  00085C      1080       0  CODE        2
                text37                         00085C  00003F  00089B      10B8       0  CODE        2
                text48                         00089B  000042  0008DD      1136       0  CODE        2
                text10                         0008DD  000044  000921      11BA       0  CODE        2
                text9                          000921  000046  000967      1242       0  CODE        2
                text17                         000967  00004E  0009B5      12CE       0  CODE        2
                text4                          0009B5  00005C  000A11      136A       0  CODE        2
                text5                          000A11  00005D  000A6E      1422       0  CODE        2
                text25                         000A6E  000064  000AD2      14DC       0  CODE        2
                text6                          000AD2  00006C  000B3E      15A4       0  CODE        2
                text31                         000B3E  00006F  000BAD      167C       0  CODE        2
                text15                         000BAD  00007D  000C2A      175A       0  CODE        2
                text43                         000C2A  000091  000CBB      1854       0  CODE        2
                text28                         000CBB  0000B0  000D6B      1976       0  CODE        2
                text46                         000D6B  0000C2  000E2D      1AD6       0  CODE        2
                maintext                       000E2D  0000E9  000F16      1C5A       0  CODE        2
                text23                         000F16  0000EA  001000      1E2C       0  CODE        2
                text36                         001552  000004  001556      2AA4       0  CODE        2
                text44                         001556  000008  00155E      2AAC       0  CODE        2
                clrtext                        00155E  000008  001566      2ABC       0  CODE        2
                text47                         001566  000009  00156F      2ACC       0  CODE        2
                text21                         00156F  000009  001578      2ADE       0  CODE        2
                text29                         001578  00000C  001584      2AF0       0  CODE        2
                text34                         001584  00000D  001591      2B08       0  CODE        2
                text45                         001591  00000E  00159F      2B22       0  CODE        2
                text27                         00159F  000010  0015AF      2B3E       0  CODE        2
                text38                         0015AF  000012  0015C1      2B5E       0  CODE        2
                text26                         0015C1  000012  0015D3      2B82       0  CODE        2
                text3                          0015D3  000013  0015E6      2BA6       0  CODE        2
                text16                         0015E6  000014  0015FA      2BCC       0  CODE        2
                text12                         0015FA  000015  00160F      2BF4       0  CODE        2
                text35                         00160F  00001A  001629      2C1E       0  CODE        2
                text32                         001629  00001A  001643      2C52       0  CODE        2
                text19                         001643  00001A  00165D      2C86       0  CODE        2
                text13                         00165D  000022  00167F      2CBA       0  CODE        2
                text42                         00167F  000024  0016A3      2CFE       0  CODE        2
                text40                         0016A3  000024  0016C7      2D46       0  CODE        2
                text39                         0016C7  000027  0016EE      2D8E       0  CODE        2
                text41                         0016EE  00002B  001719      2DDC       0  CODE        2
                text18                         001719  00002C  001745      2E32       0  CODE        2
                text11                         001745  00002C  001771      2E8A       0  CODE        2
                text8                          001771  00002C  00179D      2EE2       0  CODE        2
                text20                         00179D  000030  0017CD      2F3A       0  CODE        2
                text24                         0017CD  000033  001800      2F9A       0  CODE        2
                config                         002007  000001  002008      400E       0  CONFIG      2


UNUSED ADDRESS RANGES

        Name                Unused          Largest block    Delta
        BANK0            006E-006F              2           1
        BANK1            00CC-00EF             24           1
        BANK2            0110-016F             60           1
        BANK3            01B8-01EF             38           1
        CODE             0003-0003              1           2
                         07FF-07FF              1
                         1000-1551            552
                         1800-1FFF            800
        CONFIG           2008-2008              1           2
        CONST            0003-0003              1           2
                         07FF-07FF              1
                         1000-1551            100
                         1800-1FFF            100
        EEDATA           2100-21FF            100           2
        ENTRY            0003-0003              1           2
                         07FF-07FF              1
                         1000-1551            100
                         1800-1FFF            100
        IDLOC            2000-2003              4           2
        RAM              006E-006F              2           1
                         00CC-00EF             24
                         0110-016F             60
                         01B8-01EF             38
        SFR0             0000-001F             20           1
        SFR1             0080-009F             20           1
        SFR2             0100-010F             10           1
        SFR3             0180-018F             10           1
        STACK            0110-016F             60           1
        STRCODE          0003-0003              1           2
                         07FF-07FF              1
                         1000-1551            552
                         1800-1FFF            800
        STRING           0003-0003              1           2
                         07FF-07FF              1
                         1000-1551            100
                         1800-1FFF            100

                                  Symbol Table

?___llmod                                cstackBANK0  0020
?_strlen                                 cstackBANK0  0020
?_strncmp                                cstackBANK0  0028
AnalogValue@channel                      cstackBANK0  0027
Blink@i                                  cstackBANK0  0029
Blink@n                                  cstackBANK0  0026
ClockInit@cnt                            cstackBANK0  0024
DarknessCheck@darknessValue              cstackBANK0  0029
DelayDs@cnt                              cstackBANK0  0020
DelayDs@i                                cstackBANK0  0024
FindChannel@cnt                          cstackBANK0  0031
FindChannel@i                            cstackBANK0  0033
IncreaseMemoryAdress@var1                cstackBANK0  0024
IncreaseMemoryAdress@var2                cstackBANK0  0025
IncreaseMemoryAdress@var3                cstackBANK0  0026
OperationMode@bracketStatus              cstackBANK0  0021
ReadClock@date                           cstackBANK0  0026
ReadClock@date1                          cstackBANK0  0037
ReadClock@date10                         cstackBANK0  002E
ReadClock@hour                           cstackBANK0  0025
ReadClock@hour1                          cstackBANK0  0034
ReadClock@hour10                         cstackBANK0  002D
ReadClock@min1                           cstackBANK0  0033
ReadClock@min10                          cstackBANK0  002C
ReadClock@minutes                        cstackBANK0  0024
ReadClock@month                          cstackBANK0  0027
ReadClock@month1                         cstackBANK0  0035
ReadClock@month10                        cstackBANK0  002F
ReadClock@sec1                           cstackBANK0  0032
ReadClock@sec10                          cstackBANK0  002B
ReadClock@seconds                        cstackBANK0  0031
ReadClock@year                           cstackBANK0  0028
ReadClock@year1                          cstackBANK0  0036
ReadClock@year10                         cstackBANK0  0030
ReadFIFO@value                           cstackBANK0  0024
ReadMemoryAdress@var1                    cstackBANK0  0023
ReadMemoryAdress@var2                    cstackBANK0  0022
ReadMemoryAdress@var3                    cstackBANK0  0025
ReceivedPacketHandler@Data               cstackBANK0  0050
RegisterRead@adress                      cstackBANK0  0026
RegisterRead@value                       cstackBANK0  0025
RegisterSet@adress                       cstackBANK0  002A
RegisterSet@value                        cstackBANK0  0027
SendMemoryData@addr1                     cstackBANK0  0046
SendMemoryData@addr2                     cstackBANK0  0045
SendMemoryData@addr3                     cstackBANK0  0044
SendMemoryData@address                   cstackBANK0  004B
SendMemoryData@finalAddress              cstackBANK0  0047
SendMemoryData@value                     cstackBANK0  0043
SetRFMode@mcparam0_read                  cstackBANK0  002D
SetRFMode@mode                           cstackBANK0  002C
TimerCounter@i                           cstackCOMMON 0073
TransiverReadFIFO@ReceivedString         cstackBANK1  00A0
TransiverReadFIFO@i                      cstackBANK1  00BE
TransiverReadFIFO@j                      cstackBANK1  00C0
TransmittPacket@i                        cstackBANK0  0038
TransmittPacket@topic                    cstackBANK0  003A
TransmittPacket@value                    cstackBANK0  0035
WriteFIFO@Data                           cstackBANK0  0023
WriteSPI@buffer                          cstackBANK0  0021
WriteSPI@databyte                        cstackBANK0  0022
_ADCON0bits                              (abs)        001F
_ADCON1bits                              (abs)        009F
_ADRESH                                  (abs)        001E
_ANSEL                                   (abs)        0188
_ANSELH                                  (abs)        0189
_ANSELHbits                              (abs)        0189
_ANSELbits                               (abs)        0188
_AnalogValue                             text41       16EE
_Blink                                   text24       17CD
_CARRY                                   (abs)        0018
_ChannelP                                strings      0806
_ChannelR                                strings      0813
_ChannelS                                strings      0820
_ClockInit                               text43       0C2A
_DarknessCheck                           text39       16C7
_DelayDs                                 text42       167F
_EEADR                                   (abs)        010D
_EECON1                                  (abs)        018C
_EECON2                                  (abs)        018D
_EEDATA                                  (abs)        010C
_FindChannel                             text30       06FB
_GIE                                     (abs)        005F
_INTCONbits                              (abs)        000B
_IOCBbits                                (abs)        0096
_IncreaseMemoryAdress                    text4        09B5
_LightWithSensController                 text37       085C
_Mode_0                                  text36       1552
_Mode_1                                  text35       160F
_Mode_2                                  text34       1584
_Mode_4                                  text27       159F
_Mode_5                                  text26       15C1
_OPTION_REGbits                          (abs)        0081
_OSCCONbits                              (abs)        008F
_OperationMode                           text21       156F
_PICInit                                 text25       0A6E
_PIE1bits                                (abs)        008C
_PIR1bits                                (abs)        000C
_PORTA                                   (abs)        0005
_PORTB                                   (abs)        0006
_PORTC                                   (abs)        0007
_PORTD                                   (abs)        0008
_PORTE                                   (abs)        0009
_RA1                                     (abs)        0029
_RA4                                     (abs)        002C
_RA5                                     (abs)        002D
_RB0                                     (abs)        0030
_RB1                                     (abs)        0031
_RB3                                     (abs)        0033
_RB4                                     (abs)        0034
_RB5                                     (abs)        0035
_RBIF                                    (abs)        0058
_RC0                                     (abs)        0038
_RC1                                     (abs)        0039
_RC2                                     (abs)        003A
_RD                                      (abs)        0C60
_RD3                                     (abs)        0043
_RD4                                     (abs)        0044
_ReadClock                               text2        05C2
_ReadFIFO                                text22       07F1
_ReadMemoryAdress                        text18       1719
_ReadSPI                                 text44       1556
_ReceivedPacketHandler                   text7        0290
_RegisterRead                            text33       0840
_RegisterSet                             text32       1629
_ResetMemoryAdress                       text19       1643
_SSPBUF                                  (abs)        0013
_SSPCONbits                              (abs)        0014
_SSPIE                                   (abs)        0463
_SSPSTATbits                             (abs)        0094
_SendMemoryData                          text14       046D
_SetRFMode                               text31       0B3E
_T1CON                                   (abs)        0010
_T1CONbits                               (abs)        0010
_TMR1H                                   (abs)        000F
_TMR1IF                                  (abs)        0060
_TMR1L                                   (abs)        000E
_TMR1ON                                  (abs)        0080
_TRISA                                   (abs)        0085
_TRISB                                   (abs)        0086
_TRISC                                   (abs)        0087
_TRISD                                   (abs)        0088
_TRISE                                   (abs)        0089
_TimerCounter                            text48       089B
_TransiverInit                           text23       0F16
_TransiverReadFIFO                       text6        0AD2
_TransiverToReceive                      text5        0A11
_TransmittPacket                         text28       0CBB
_WPUBbits                                (abs)        0095
_WR                                      (abs)        0C61
_WREN                                    (abs)        0C62
_WriteFIFO                               text29       1578
_WriteSPI                                text45       1591
__CFG_BOREN$OFF                          (abs)        0000
__CFG_CP$ON                              (abs)        0000
__CFG_CPD$ON                             (abs)        0000
__CFG_DEBUG$OFF                          (abs)        0000
__CFG_FCMEN$OFF                          (abs)        0000
__CFG_FOSC$INTRC_NOCLKOUT                (abs)        0000
__CFG_IESO$OFF                           (abs)        0000
__CFG_LVP$OFF                            (abs)        0000
__CFG_MCLRE$OFF                          (abs)        0000
__CFG_PWRTE$OFF                          (abs)        0000
__CFG_WDTE$OFF                           (abs)        0000
__Habs1                                  abs1         0000
__Hbank0                                 bank0        0000
__Hbank1                                 bank1        0000
__Hbank2                                 bank2        0000
__Hbank3                                 bank3        0000
__HbssBANK0                              bssBANK0     0000
__HbssBANK1                              bssBANK1     0000
__HbssBANK3                              bssBANK3     0000
__HbssCOMMON                             bssCOMMON    0000
__Hcinit                                 cinit        0045
__Hclrtext                               clrtext      0000
__Hcode                                  code         0000
__Hcommon                                common       0000
__Hconfig                                config       2008
__HcstackBANK0                           cstackBANK0  0000
__HcstackBANK1                           cstackBANK1  0000
__HcstackCOMMON                          cstackCOMMON 0000
__HdataBANK0                             dataBANK0    0000
__Heeprom_data                           eeprom_data  0000
__Hend_init                              end_init     0015
__Hfunctab                               functab      0000
__HidataBANK0                            idataBANK0   0000
__Hidloc                                 idloc        0000
__Hinit                                  init         0012
__Hintentry                              intentry     0012
__Hmaintext                              maintext     0000
__Hpowerup                               powerup      0000
__Hram                                   ram          0000
__Hreset_vec                             reset_vec    0003
__Hsfr0                                  sfr0         0000
__Hsfr1                                  sfr1         0000
__Hsfr2                                  sfr2         0000
__Hsfr3                                  sfr3         0000
__Hspace_0                               (abs)        2008
__Hspace_1                               (abs)        01B8
__Hspace_2                               (abs)        0000
__Hspace_3                               (abs)        0000
__Hstack                                 stack        0000
__Hstrings                               strings      0000
__Htext                                  text         0000
__Labs1                                  abs1         0000
__Lbank0                                 bank0        0000
__Lbank1                                 bank1        0000
__Lbank2                                 bank2        0000
__Lbank3                                 bank3        0000
__LbssBANK0                              bssBANK0     0000
__LbssBANK1                              bssBANK1     0000
__LbssBANK3                              bssBANK3     0000
__LbssCOMMON                             bssCOMMON    0000
__Lcinit                                 cinit        0015
__Lclrtext                               clrtext      0000
__Lcode                                  code         0000
__Lcommon                                common       0000
__Lconfig                                config       2007
__LcstackBANK0                           cstackBANK0  0000
__LcstackBANK1                           cstackBANK1  0000
__LcstackCOMMON                          cstackCOMMON 0000
__LdataBANK0                             dataBANK0    0000
__Leeprom_data                           eeprom_data  0000
__Lend_init                              end_init     0012
__Lfunctab                               functab      0000
__LidataBANK0                            idataBANK0   0000
__Lidloc                                 idloc        0000
__Linit                                  init         0012
__Lintentry                              intentry     0004
__Lmaintext                              maintext     0000
__Lpowerup                               powerup      0000
__Lram                                   ram          0000
__Lreset_vec                             reset_vec    0000
__Lsfr0                                  sfr0         0000
__Lsfr1                                  sfr1         0000
__Lsfr2                                  sfr2         0000
__Lsfr3                                  sfr3         0000
__Lspace_0                               (abs)        0000
__Lspace_1                               (abs)        0000
__Lspace_2                               (abs)        0000
__Lspace_3                               (abs)        0000
__Lstack                                 stack        0000
__Lstrings                               strings      0000
__Ltext                                  text         0000
__S0                                     (abs)        2008
__S1                                     (abs)        01B8
__S2                                     (abs)        0000
__S3                                     (abs)        0000
___bmul                                  text3        15D3
___bmul@multiplicand                     cstackBANK0  0020
___bmul@multiplier                       cstackBANK0  0023
___bmul@product                          cstackBANK0  0022
___int_sp                                stack        0000
___latbits                               (abs)        0002
___llmod                                 text17       0967
___llmod@counter                         cstackBANK0  0029
___llmod@dividend                        cstackBANK0  0024
___llmod@divisor                         cstackBANK0  0020
___sp                                    stack        0000
__end_of_AnalogValue                     text41       1719
__end_of_Blink                           text24       1800
__end_of_ChannelP                        strings      0813
__end_of_ChannelR                        strings      0820
__end_of_ChannelS                        strings      082D
__end_of_ClockInit                       text43       0CBB
__end_of_DarknessCheck                   text39       16EE
__end_of_DelayDs                         text42       16A3
__end_of_FindChannel                     text30       07F1
__end_of_IncreaseMemoryAdress            text4        0A11
__end_of_LightWithSensController         text37       089B
__end_of_Mode_0                          text36       1556
__end_of_Mode_1                          text35       1629
__end_of_Mode_2                          text34       1591
__end_of_Mode_4                          text27       15AF
__end_of_Mode_5                          text26       15D3
__end_of_OperationMode                   text21       1578
__end_of_PICInit                         text25       0AD2
__end_of_ReadClock                       text2        06FB
__end_of_ReadFIFO                        text22       07FF
__end_of_ReadMemoryAdress                text18       1745
__end_of_ReadSPI                         text44       155E
__end_of_ReceivedPacketHandler           text7        046D
__end_of_RegisterRead                    text33       085C
__end_of_RegisterSet                     text32       1643
__end_of_ResetMemoryAdress               text19       165D
__end_of_SendMemoryData                  text14       05C2
__end_of_SetRFMode                       text31       0BAD
__end_of_TimerCounter                    text48       08DD
__end_of_TransiverInit                   text23       1000
__end_of_TransiverReadFIFO               text6        0B3E
__end_of_TransiverToReceive              text5        0A6E
__end_of_TransmittPacket                 text28       0D6B
__end_of_WriteFIFO                       text29       1584
__end_of_WriteSPI                        text45       159F
__end_of___bmul                          text3        15E6
__end_of___llmod                         text17       09B5
__end_of__initialization                 cinit        0041
__end_of__stringtab                      strings      0806
__end_of_eeprom_read                     text40       16C7
__end_of_eeprom_write                    text20       17CD
__end_of_main                            maintext     0F16
__end_of_ram_bulk_erase                  text13       167F
__end_of_read_ram_status                 text16       15FA
__end_of_read_write_flash_ram            text15       0C2A
__end_of_saveDataToFlash                 text1        0290
__end_of_strchr                          text12       160F
__end_of_strlen                          text11       1771
__end_of_strncmp                         text10       0921
__end_of_strstr                          text9        0967
__end_of_tc_int                          text46       0E2D
__end_of_timerFunction                   text38       15C1
__end_of_write_ram_status                text8        179D
__end_ofi1_OperationMode                 text47       156F
__initialization                         cinit        0015
__pbssBANK0                              bssBANK0     0056
__pbssBANK1                              bssBANK1     00C2
__pbssBANK3                              bssBANK3     0190
__pbssCOMMON                             bssCOMMON    007C
__pcstackBANK0                           cstackBANK0  0020
__pcstackBANK1                           cstackBANK1  00A0
__pcstackCOMMON                          cstackCOMMON 0070
__pdataBANK0                             dataBANK0    006B
__pidataBANK0                            idataBANK0   083D
__pintentry                              intentry     0004
__pmaintext                              maintext     0E2D
__pstrings                               strings      0800
__ptext1                                 text1        0045
__ptext10                                text10       08DD
__ptext11                                text11       1745
__ptext12                                text12       15FA
__ptext13                                text13       165D
__ptext14                                text14       046D
__ptext15                                text15       0BAD
__ptext16                                text16       15E6
__ptext17                                text17       0967
__ptext18                                text18       1719
__ptext19                                text19       1643
__ptext2                                 text2        05C2
__ptext20                                text20       179D
__ptext21                                text21       156F
__ptext22                                text22       07F1
__ptext23                                text23       0F16
__ptext24                                text24       17CD
__ptext25                                text25       0A6E
__ptext26                                text26       15C1
__ptext27                                text27       159F
__ptext28                                text28       0CBB
__ptext29                                text29       1578
__ptext3                                 text3        15D3
__ptext30                                text30       06FB
__ptext31                                text31       0B3E
__ptext32                                text32       1629
__ptext33                                text33       0840
__ptext34                                text34       1584
__ptext35                                text35       160F
__ptext36                                text36       1552
__ptext37                                text37       085C
__ptext38                                text38       15AF
__ptext39                                text39       16C7
__ptext4                                 text4        09B5
__ptext40                                text40       16A3
__ptext41                                text41       16EE
__ptext42                                text42       167F
__ptext43                                text43       0C2A
__ptext44                                text44       1556
__ptext45                                text45       1591
__ptext46                                text46       0D6B
__ptext47                                text47       1566
__ptext48                                text48       089B
__ptext5                                 text5        0A11
__ptext6                                 text6        0AD2
__ptext7                                 text7        0290
__ptext8                                 text8        1771
__ptext9                                 text9        0921
__size_of_AnalogValue                    (abs)        0000
__size_of_Blink                          (abs)        0000
__size_of_ClockInit                      (abs)        0000
__size_of_DarknessCheck                  (abs)        0000
__size_of_DelayDs                        (abs)        0000
__size_of_FindChannel                    (abs)        0000
__size_of_IncreaseMemoryAdress           (abs)        0000
__size_of_LightWithSensController        (abs)        0000
__size_of_Mode_0                         (abs)        0000
__size_of_Mode_1                         (abs)        0000
__size_of_Mode_2                         (abs)        0000
__size_of_Mode_4                         (abs)        0000
__size_of_Mode_5                         (abs)        0000
__size_of_OperationMode                  (abs)        0000
__size_of_PICInit                        (abs)        0000
__size_of_ReadClock                      (abs)        0000
__size_of_ReadFIFO                       (abs)        0000
__size_of_ReadMemoryAdress               (abs)        0000
__size_of_ReadSPI                        (abs)        0000
__size_of_ReceivedPacketHandler          (abs)        0000
__size_of_RegisterRead                   (abs)        0000
__size_of_RegisterSet                    (abs)        0000
__size_of_ResetMemoryAdress              (abs)        0000
__size_of_SendMemoryData                 (abs)        0000
__size_of_SetRFMode                      (abs)        0000
__size_of_TimerCounter                   (abs)        0000
__size_of_TransiverInit                  (abs)        0000
__size_of_TransiverReadFIFO              (abs)        0000
__size_of_TransiverToReceive             (abs)        0000
__size_of_TransmittPacket                (abs)        0000
__size_of_WriteFIFO                      (abs)        0000
__size_of_WriteSPI                       (abs)        0000
__size_of___bmul                         (abs)        0000
__size_of___llmod                        (abs)        0000
__size_of_eeprom_read                    (abs)        0000
__size_of_eeprom_write                   (abs)        0000
__size_of_main                           (abs)        0000
__size_of_ram_bulk_erase                 (abs)        0000
__size_of_read_ram_status                (abs)        0000
__size_of_read_write_flash_ram           (abs)        0000
__size_of_saveDataToFlash                (abs)        0000
__size_of_strchr                         (abs)        0000
__size_of_strlen                         (abs)        0000
__size_of_strncmp                        (abs)        0000
__size_of_strstr                         (abs)        0000
__size_of_tc_int                         (abs)        0000
__size_of_timerFunction                  (abs)        0000
__size_of_write_ram_status               (abs)        0000
__size_ofi1_OperationMode                (abs)        0000
__stringbase                             strings      0805
__stringtab                              strings      0800
_bChannelFound                           bssBANK0     0067
_bDark                                   bssBANK0     0068
_bSaveDataToFlash                        bssBANK0     0069
_bTimerComplete                          bssBANK0     0056
_bTransiverModeReceive                   bssBANK0     006A
_bValueFromPot                           dataBANK0    006D
_channelFound                            bssBANK0     005B
_eeprom_read                             text40       16A3
_eeprom_write                            text20       179D
_intBlinkCounter                         bssCOMMON    007C
_intBlinkCycle                           bssBANK0     005D
_intClockTimer                           bssBANK1     00C2
_intHalfSecondCounter                    bssBANK0     0061
_intMinuteCounter                        bssBANK0     0063
_intNumberOfBlinks                       dataBANK0    006B
_intSecondCounter                        bssBANK0     0065
_main                                    maintext     0E2D
_ram_bulk_erase                          text13       165D
_read_ram_status                         text16       15E6
_read_write_flash_ram                    text15       0BAD
_saveDataToFlash                         text1        0045
_strchr                                  text12       15FA
_strlen                                  text11       1745
_strncmp                                 text10       08DD
_strstr                                  text9        0921
_tc_int                                  text46       0D6B
_timerFunction                           text38       15AF
_write_ram_status                        text8        1771
btemp                                    (abs)        007E
clear_ram0                               clrtext      155E
eeprom_read@addr                         cstackBANK0  0021
eeprom_write@addr                        cstackBANK0  0022
eeprom_write@value                       cstackBANK0  0020
end_of_initialization                    cinit        0041
i1OperationMode@bracketStatus            cstackCOMMON 0071
i1_OperationMode                         text47       1566
interrupt_function                       intentry     0004
intlevel0                                functab      0000
intlevel1                                functab      0000
intlevel2                                functab      0000
intlevel3                                functab      0000
intlevel4                                functab      0000
intlevel5                                functab      0000
ltemp                                    (abs)        007E
ltemp0                                   (abs)        007E
ltemp1                                   (abs)        0082
ltemp2                                   (abs)        0086
ltemp3                                   (abs)        0080
read_ram_status@status                   cstackBANK0  0024
read_write_flash_ram@bytes_to_readwrite  cstackBANK0  0025
read_write_flash_ram@flash_page          cstackBANK0  0028
read_write_flash_ram@flash_sector        cstackBANK0  0027
read_write_flash_ram@i                   cstackBANK0  002E
read_write_flash_ram@mem_ptr             cstackBANK0  002A
read_write_flash_ram@offset              cstackBANK0  0029
read_write_flash_ram@one_read_zero_write cstackBANK0  002D
reset_vec                                reset_vec    0000
saveDataToFlash@addr1                    cstackBANK0  0044
saveDataToFlash@addr2                    cstackBANK0  0045
saveDataToFlash@addr3                    cstackBANK0  0046
saveDataToFlash@date                     cstackBANK0  0040
saveDataToFlash@hours                    cstackBANK0  003F
saveDataToFlash@minutes                  cstackBANK0  003E
saveDataToFlash@month                    cstackBANK0  0041
saveDataToFlash@seconds                  cstackBANK0  003D
saveDataToFlash@value                    cstackBANK0  0043
saveDataToFlash@year                     cstackBANK0  0042
saved_w                                  (abs)        007E
stackhi                                  (abs)        0000
stacklo                                  (abs)        0000
start                                    init         0012
start_initialization                     cinit        0015
strchr@chr                               cstackBANK0  0020
strchr@ptr                               cstackBANK0  0022
strlen@cp                                cstackBANK0  0027
strlen@s                                 cstackBANK0  0026
strncmp@len                              cstackBANK0  0029
strncmp@s1                               cstackBANK0  002D
strncmp@s2                               cstackBANK0  0028
strstr@s1                                cstackBANK0  0032
strstr@s2                                cstackBANK0  002E
timerFunction@intSetSeconds              cstackBANK0  0022
timerFunction@intTimerNumber             cstackBANK0  0020
ttemp                                    (abs)        007E
ttemp0                                   (abs)        007E
ttemp1                                   (abs)        0081
ttemp2                                   (abs)        0084
ttemp3                                   (abs)        0087
ttemp4                                   (abs)        007F
write_ram_status@status                  cstackBANK0  0025
wtemp                                    (abs)        007E
wtemp0                                   (abs)        007E
wtemp1                                   (abs)        0080
wtemp2                                   (abs)        0082
wtemp3                                   (abs)        0084
wtemp4                                   (abs)        0086
wtemp5                                   (abs)        0088
wtemp6                                   (abs)        007F


FUNCTION INFORMATION:

 *************** function _main *****************
 Defined at:
		line 21 in file "main.c"
 Parameters:    Size  Location     Type
		None
 Auto vars:     Size  Location     Type
		None
 Return value:  Size  Location     Type
                  2   80[None  ] int 
 Registers used:
		wreg, fsr0l, fsr0h, status,2, status,0, btemp+1, pclath, cstack
 Tracked objects:
		On entry : 
		On exit  : 
		Unchanged: 
 Data sizes:     COMMON   BANK0   BANK1   BANK3   BANK2
      Params:         0       0       0       0       0
      Locals:         0       0       0       0       0
      Temps:          0       3       0       0       0
      Totals:         0       3       0       0       0
Total ram usage:        3 bytes
 Hardware stack levels required when called:   11
 This function calls:
		_ClockInit
		_Mode_0
		_Mode_1
		_Mode_2
		_Mode_4
		_Mode_5
		_OperationMode
		_PICInit
		_ResetMemoryAdress
		_TransiverInit
		_TransiverReadFIFO
		_TransiverToReceive
		_ram_bulk_erase
		_read_ram_status
		_saveDataToFlash
		_write_ram_status
 This function is called by:
		Startup code after reset
 This function uses a non-reentrant model


 *************** function _saveDataToFlash *****************
 Defined at:
		line 1075 in file "functions.c"
 Parameters:    Size  Location     Type
		None
 Auto vars:     Size  Location     Type
  addr3           1   38[BANK0 ] unsigned char 
  addr2           1   37[BANK0 ] unsigned char 
  addr1           1   36[BANK0 ] unsigned char 
  value           1   35[BANK0 ] unsigned char 
  year            1   34[BANK0 ] unsigned char 
  month           1   33[BANK0 ] unsigned char 
  date            1   32[BANK0 ] unsigned char 
  hours           1   31[BANK0 ] unsigned char 
  minutes         1   30[BANK0 ] unsigned char 
  seconds         1   29[BANK0 ] unsigned char 
 Return value:  Size  Location     Type
                  1    wreg      void 
 Registers used:
		wreg, fsr0l, fsr0h, status,2, status,0, pclath, cstack
 Tracked objects:
		On entry : 
		On exit  : 
		Unchanged: 
 Data sizes:     COMMON   BANK0   BANK1   BANK3   BANK2
      Params:         0       0       0       0       0
      Locals:         0      10       0       0       0
      Temps:          0       5       0       0       0
      Totals:         0      15       0       0       0
Total ram usage:       15 bytes
 Hardware stack levels used:    1
 Hardware stack levels required when called:    6
 This function calls:
		_AnalogValue
		_IncreaseMemoryAdress
		_ReadClock
		_ReadMemoryAdress
		_read_write_flash_ram
 This function is called by:
		_main
 This function uses a non-reentrant model


 *************** function _ReadClock *****************
 Defined at:
		line 49 in file "MCP79510.c"
 Parameters:    Size  Location     Type
  seconds         1    wreg     PTR unsigned char 
		 -> saveDataToFlash@seconds(1), 
  minutes         1    4[BANK0 ] PTR unsigned char 
		 -> saveDataToFlash@minutes(1), 
  hour            1    5[BANK0 ] PTR unsigned char 
		 -> saveDataToFlash@hours(1), 
  date            1    6[BANK0 ] PTR unsigned char 
		 -> saveDataToFlash@date(1), 
  month           1    7[BANK0 ] PTR unsigned char 
		 -> saveDataToFlash@month(1), 
  year            1    8[BANK0 ] PTR unsigned char 
		 -> saveDataToFlash@year(1), 
 Auto vars:     Size  Location     Type
  seconds         1   17[BANK0 ] PTR unsigned char 
		 -> saveDataToFlash@seconds(1), 
  date1           1   23[BANK0 ] unsigned char 
  year1           1   22[BANK0 ] unsigned char 
  month1          1   21[BANK0 ] unsigned char 
  hour1           1   20[BANK0 ] unsigned char 
  min1            1   19[BANK0 ] unsigned char 
  sec1            1   18[BANK0 ] unsigned char 
  year10          1   16[BANK0 ] unsigned char 
  month10         1   15[BANK0 ] unsigned char 
  date10          1   14[BANK0 ] unsigned char 
  hour10          1   13[BANK0 ] unsigned char 
  min10           1   12[BANK0 ] unsigned char 
  sec10           1   11[BANK0 ] unsigned char 
 Return value:  Size  Location     Type
                  1    wreg      void 
 Registers used:
		wreg, fsr0l, fsr0h, status,2, status,0, pclath, cstack
 Tracked objects:
		On entry : 
		On exit  : 
		Unchanged: 
 Data sizes:     COMMON   BANK0   BANK1   BANK3   BANK2
      Params:         0       5       0       0       0
      Locals:         0      13       0       0       0
      Temps:          0       2       0       0       0
      Totals:         0      20       0       0       0
Total ram usage:       20 bytes
 Hardware stack levels used:    1
 Hardware stack levels required when called:    4
 This function calls:
		_ReadSPI
		_WriteSPI
		___bmul
 This function is called by:
		_saveDataToFlash
 This function uses a non-reentrant model


 *************** function ___bmul *****************
 Defined at:
		line 4 in file "C:\Program Files (x86)\Microchip\xc8\v1.38\sources\common\Umul8.c"
 Parameters:    Size  Location     Type
  multiplier      1    wreg     unsigned char 
  multiplicand    1    0[BANK0 ] unsigned char 
 Auto vars:     Size  Location     Type
  multiplier      1    3[BANK0 ] unsigned char 
  product         1    2[BANK0 ] unsigned char 
 Return value:  Size  Location     Type
                  1    wreg      unsigned char 
 Registers used:
		wreg, status,2, status,0
 Tracked objects:
		On entry : 
		On exit  : 
		Unchanged: 
 Data sizes:     COMMON   BANK0   BANK1   BANK3   BANK2
      Params:         0       1       0       0       0
      Locals:         0       2       0       0       0
      Temps:          0       1       0       0       0
      Totals:         0       4       0       0       0
Total ram usage:        4 bytes
 Hardware stack levels used:    1
 Hardware stack levels required when called:    2
 This function calls:
		Nothing
 This function is called by:
		_ReadClock
 This function uses a non-reentrant model


 *************** function _IncreaseMemoryAdress *****************
 Defined at:
		line 1013 in file "functions.c"
 Parameters:    Size  Location     Type
		None
 Auto vars:     Size  Location     Type
  var3            1    6[BANK0 ] unsigned char 
  var2            1    5[BANK0 ] unsigned char 
  var1            1    4[BANK0 ] unsigned char 
 Return value:  Size  Location     Type
                  1    wreg      void 
 Registers used:
		wreg, status,2, status,0, pclath, cstack
 Tracked objects:
		On entry : 
		On exit  : 
		Unchanged: 
 Data sizes:     COMMON   BANK0   BANK1   BANK3   BANK2
      Params:         0       0       0       0       0
      Locals:         0       3       0       0       0
      Temps:          0       1       0       0       0
      Totals:         0       4       0       0       0
Total ram usage:        4 bytes
 Hardware stack levels used:    1
 Hardware stack levels required when called:    3
 This function calls:
		_eeprom_read
		_eeprom_write
 This function is called by:
		_saveDataToFlash
 This function uses a non-reentrant model


 *************** function _TransiverToReceive *****************
 Defined at:
		line 16 in file "functions.c"
 Parameters:    Size  Location     Type
		None
 Auto vars:     Size  Location     Type
		None
 Return value:  Size  Location     Type
                  1    wreg      void 
 Registers used:
		wreg, fsr0l, fsr0h, status,2, status,0, btemp+1, pclath, cstack
 Tracked objects:
		On entry : 
		On exit  : 
		Unchanged: 
 Data sizes:     COMMON   BANK0   BANK1   BANK3   BANK2
      Params:         0       0       0       0       0
      Locals:         0       0       0       0       0
      Temps:          0       2       0       0       0
      Totals:         0       2       0       0       0
Total ram usage:        2 bytes
 Hardware stack levels used:    1
 Hardware stack levels required when called:    7
 This function calls:
		_FindChannel
		_RegisterRead
		_RegisterSet
		_SetRFMode
		_timerFunction
 This function is called by:
		_main
 This function uses a non-reentrant model


 *************** function _TransiverReadFIFO *****************
 Defined at:
		line 42 in file "functions.c"
 Parameters:    Size  Location     Type
		None
 Auto vars:     Size  Location     Type
  j               2   32[BANK1 ] int 
  ReceivedStri   30    0[BANK1 ] unsigned char [30]
  i               2   30[BANK1 ] int 
 Return value:  Size  Location     Type
                  1    wreg      void 
 Registers used:
		wreg, fsr0l, fsr0h, status,2, status,0, btemp+1, pclath, cstack
 Tracked objects:
		On entry : 
		On exit  : 
		Unchanged: 
 Data sizes:     COMMON   BANK0   BANK1   BANK3   BANK2
      Params:         0       0       0       0       0
      Locals:         0       0      34       0       0
      Temps:          0       2       0       0       0
      Totals:         0       2      34       0       0
Total ram usage:       36 bytes
 Hardware stack levels used:    1
 Hardware stack levels required when called:   10
 This function calls:
		_ReadFIFO
		_ReceivedPacketHandler
		_SetRFMode
		_timerFunction
 This function is called by:
		_main
 This function uses a non-reentrant model


 *************** function _ReceivedPacketHandler *****************
 Defined at:
		line 73 in file "functions.c"
 Parameters:    Size  Location     Type
  Data            1    wreg     PTR unsigned char 
		 -> TransiverReadFIFO@ReceivedString(30), 
 Auto vars:     Size  Location     Type
  Data            1   48[BANK0 ] PTR unsigned char 
		 -> TransiverReadFIFO@ReceivedString(30), 
 Return value:  Size  Location     Type
                  1    wreg      void 
 Registers used:
		wreg, fsr0l, fsr0h, status,2, status,0, btemp+1, pclath, cstack
 Tracked objects:
		On entry : 
		On exit  : 
		Unchanged: 
 Data sizes:     COMMON   BANK0   BANK1   BANK3   BANK2
      Params:         0       0       0       0       0
      Locals:         0       1       0       0       0
      Temps:          0       1       0       0       0
      Totals:         0       2       0       0       0
Total ram usage:        2 bytes
 Hardware stack levels used:    1
 Hardware stack levels required when called:    9
 This function calls:
		_AnalogValue
		_DarknessCheck
		_DelayDs
		_OperationMode
		_ResetMemoryAdress
		_SendMemoryData
		_TransmittPacket
		_eeprom_read
		_eeprom_write
		_ram_bulk_erase
		_read_ram_status
		_strstr
		_write_ram_status
 This function is called by:
		_TransiverReadFIFO
 This function uses a non-reentrant model


 *************** function _write_ram_status *****************
 Defined at:
		line 169 in file "m25p16.c"
 Parameters:    Size  Location     Type
  status          1    wreg     unsigned char 
 Auto vars:     Size  Location     Type
  status          1    5[BANK0 ] unsigned char 
 Return value:  Size  Location     Type
                  1    wreg      void 
 Registers used:
		wreg, status,2, status,0, pclath, cstack
 Tracked objects:
		On entry : 
		On exit  : 
		Unchanged: 
 Data sizes:     COMMON   BANK0   BANK1   BANK3   BANK2
      Params:         0       0       0       0       0
      Locals:         0       1       0       0       0
      Temps:          0       0       0       0       0
      Totals:         0       1       0       0       0
Total ram usage:        1 bytes
 Hardware stack levels used:    1
 Hardware stack levels required when called:    5
 This function calls:
		_WriteSPI
		_read_ram_status
 This function is called by:
		_main
		_ReceivedPacketHandler
 This function uses a non-reentrant model


 *************** function _strstr *****************
 Defined at:
		line 4 in file "C:\Program Files (x86)\Microchip\xc8\v1.38\sources\common\strstr.c"
 Parameters:    Size  Location     Type
  s1              1    wreg     PTR const unsigned char 
		 -> NULL(0), TransiverReadFIFO@ReceivedString(30), 
  s2              1   14[BANK0 ] PTR const unsigned char 
		 -> STR_2(8), STR_1(8), 
 Auto vars:     Size  Location     Type
  s1              1   18[BANK0 ] PTR const unsigned char 
		 -> NULL(0), TransiverReadFIFO@ReceivedString(30), 
 Return value:  Size  Location     Type
                  1    wreg      PTR unsigned char 
 Registers used:
		wreg, fsr0l, fsr0h, status,2, status,0, pclath, cstack
 Tracked objects:
		On entry : 
		On exit  : 
		Unchanged: 
 Data sizes:     COMMON   BANK0   BANK1   BANK3   BANK2
      Params:         0       1       0       0       0
      Locals:         0       1       0       0       0
      Temps:          0       3       0       0       0
      Totals:         0       5       0       0       0
Total ram usage:        5 bytes
 Hardware stack levels used:    1
 Hardware stack levels required when called:    3
 This function calls:
		_strchr
		_strlen
		_strncmp
 This function is called by:
		_ReceivedPacketHandler
 This function uses a non-reentrant model


 *************** function _strncmp *****************
 Defined at:
		line 4 in file "C:\Program Files (x86)\Microchip\xc8\v1.38\sources\common\strncmp.c"
 Parameters:    Size  Location     Type
  s1              1    wreg     PTR const unsigned char 
		 -> NULL(0), TransiverReadFIFO@ReceivedString(30), 
  s2              1    8[BANK0 ] PTR const unsigned char 
		 -> STR_2(8), STR_1(8), 
  len             2    9[BANK0 ] unsigned int 
 Auto vars:     Size  Location     Type
  s1              1   13[BANK0 ] PTR const unsigned char 
		 -> NULL(0), TransiverReadFIFO@ReceivedString(30), 
 Return value:  Size  Location     Type
                  2    8[BANK0 ] int 
 Registers used:
		wreg, fsr0l, fsr0h, status,2, status,0, pclath
 Tracked objects:
		On entry : 
		On exit  : 
		Unchanged: 
 Data sizes:     COMMON   BANK0   BANK1   BANK3   BANK2
      Params:         0       3       0       0       0
      Locals:         0       1       0       0       0
      Temps:          0       2       0       0       0
      Totals:         0       6       0       0       0
Total ram usage:        6 bytes
 Hardware stack levels used:    1
 Hardware stack levels required when called:    2
 This function calls:
		Nothing
 This function is called by:
		_strstr
 This function uses a non-reentrant model


 *************** function _strlen *****************
 Defined at:
		line 4 in file "C:\Program Files (x86)\Microchip\xc8\v1.38\sources\common\strlen.c"
 Parameters:    Size  Location     Type
  s               1    wreg     PTR const unsigned char 
		 -> STR_2(8), STR_1(8), 
 Auto vars:     Size  Location     Type
  s               1    6[BANK0 ] PTR const unsigned char 
		 -> STR_2(8), STR_1(8), 
  cp              1    7[BANK0 ] PTR const unsigned char 
		 -> STR_2(8), STR_1(8), 
 Return value:  Size  Location     Type
                  2    0[BANK0 ] unsigned int 
 Registers used:
		wreg, fsr0l, fsr0h, status,2, status,0, pclath
 Tracked objects:
		On entry : 
		On exit  : 
		Unchanged: 
 Data sizes:     COMMON   BANK0   BANK1   BANK3   BANK2
      Params:         0       2       0       0       0
      Locals:         0       2       0       0       0
      Temps:          0       4       0       0       0
      Totals:         0       8       0       0       0
Total ram usage:        8 bytes
 Hardware stack levels used:    1
 Hardware stack levels required when called:    2
 This function calls:
		Nothing
 This function is called by:
		_strstr
 This function uses a non-reentrant model


 *************** function _strchr *****************
 Defined at:
		line 4 in file "C:\Program Files (x86)\Microchip\xc8\v1.38\sources\common\strchr.c"
 Parameters:    Size  Location     Type
  ptr             1    wreg     PTR const unsigned char 
		 -> NULL(0), TransiverReadFIFO@ReceivedString(30), 
  chr             2    0[BANK0 ] int 
 Auto vars:     Size  Location     Type
  ptr             1    2[BANK0 ] PTR const unsigned char 
		 -> NULL(0), TransiverReadFIFO@ReceivedString(30), 
 Return value:  Size  Location     Type
                  1    wreg      PTR unsigned char 
 Registers used:
		wreg, fsr0l, fsr0h, status,2, status,0
 Tracked objects:
		On entry : 
		On exit  : 
		Unchanged: 
 Data sizes:     COMMON   BANK0   BANK1   BANK3   BANK2
      Params:         0       2       0       0       0
      Locals:         0       1       0       0       0
      Temps:          0       0       0       0       0
      Totals:         0       3       0       0       0
Total ram usage:        3 bytes
 Hardware stack levels used:    1
 Hardware stack levels required when called:    2
 This function calls:
		Nothing
 This function is called by:
		_strstr
 This function uses a non-reentrant model


 *************** function _ram_bulk_erase *****************
 Defined at:
		line 69 in file "m25p16.c"
 Parameters:    Size  Location     Type
		None
 Auto vars:     Size  Location     Type
		None
 Return value:  Size  Location     Type
                  1    wreg      void 
 Registers used:
		wreg, status,2, status,0, pclath, cstack
 Tracked objects:
		On entry : 
		On exit  : 
		Unchanged: 
 Data sizes:     COMMON   BANK0   BANK1   BANK3   BANK2
      Params:         0       0       0       0       0
      Locals:         0       0       0       0       0
      Temps:          0       0       0       0       0
      Totals:         0       0       0       0       0
Total ram usage:        0 bytes
 Hardware stack levels used:    1
 Hardware stack levels required when called:    5
 This function calls:
		_WriteSPI
		_read_ram_status
 This function is called by:
		_main
		_ReceivedPacketHandler
 This function uses a non-reentrant model


 *************** function _SendMemoryData *****************
 Defined at:
		line 1212 in file "functions.c"
 Parameters:    Size  Location     Type
		None
 Auto vars:     Size  Location     Type
  address         4   43[BANK0 ] unsigned long 
  finalAddress    4   39[BANK0 ] unsigned long 
  addr1           1   38[BANK0 ] unsigned char 
  addr2           1   37[BANK0 ] unsigned char 
  addr3           1   36[BANK0 ] unsigned char 
  value           1   35[BANK0 ] unsigned char 
 Return value:  Size  Location     Type
                  1    wreg      void 
 Registers used:
		wreg, fsr0l, fsr0h, status,2, status,0, btemp+1, pclath, cstack
 Tracked objects:
		On entry : 
		On exit  : 
		Unchanged: 
 Data sizes:     COMMON   BANK0   BANK1   BANK3   BANK2
      Params:         0       0       0       0       0
      Locals:         0      12       0       0       0
      Temps:          0       8       0       0       0
      Totals:         0      20       0       0       0
Total ram usage:       20 bytes
 Hardware stack levels used:    1
 Hardware stack levels required when called:    8
 This function calls:
		_ReadMemoryAdress
		_TransmittPacket
		___llmod
		_read_write_flash_ram
 This function is called by:
		_ReceivedPacketHandler
 This function uses a non-reentrant model


 *************** function _read_write_flash_ram *****************
 Defined at:
		line 107 in file "m25p16.c"
 Parameters:    Size  Location     Type
  one_read_zer    1    wreg     unsigned char 
  bytes_to_rea    2    5[BANK0 ] unsigned short 
  flash_sector    1    7[BANK0 ] unsigned char 
  flash_page      1    8[BANK0 ] unsigned char 
  offset          1    9[BANK0 ] unsigned char 
  mem_ptr         1   10[BANK0 ] PTR unsigned char 
		 -> SendMemoryData@value(1), saveDataToFlash@value(1), 
 Auto vars:     Size  Location     Type
  one_read_zer    1   13[BANK0 ] unsigned char 
  i               2   14[BANK0 ] unsigned short 
 Return value:  Size  Location     Type
                  1    wreg      void 
 Registers used:
		wreg, fsr0l, fsr0h, status,2, status,0, pclath, cstack
 Tracked objects:
		On entry : 
		On exit  : 
		Unchanged: 
 Data sizes:     COMMON   BANK0   BANK1   BANK3   BANK2
      Params:         0       6       0       0       0
      Locals:         0       3       0       0       0
      Temps:          0       2       0       0       0
      Totals:         0      11       0       0       0
Total ram usage:       11 bytes
 Hardware stack levels used:    1
 Hardware stack levels required when called:    5
 This function calls:
		_ReadSPI
		_WriteSPI
		_read_ram_status
 This function is called by:
		_saveDataToFlash
		_SendMemoryData
		_write_flash_page
		_read_flash_page
 This function uses a non-reentrant model


 *************** function _read_ram_status *****************
 Defined at:
		line 57 in file "m25p16.c"
 Parameters:    Size  Location     Type
		None
 Auto vars:     Size  Location     Type
  status          1    4[BANK0 ] unsigned char 
 Return value:  Size  Location     Type
                  1    wreg      unsigned char 
 Registers used:
		wreg, status,2, status,0, pclath, cstack
 Tracked objects:
		On entry : 
		On exit  : 
		Unchanged: 
 Data sizes:     COMMON   BANK0   BANK1   BANK3   BANK2
      Params:         0       0       0       0       0
      Locals:         0       1       0       0       0
      Temps:          0       1       0       0       0
      Totals:         0       2       0       0       0
Total ram usage:        2 bytes
 Hardware stack levels used:    1
 Hardware stack levels required when called:    4
 This function calls:
		_ReadSPI
		_WriteSPI
 This function is called by:
		_main
		_ReceivedPacketHandler
		_ram_bulk_erase
		_read_write_flash_ram
		_write_ram_status
		_ram_sector_erase
 This function uses a non-reentrant model


 *************** function ___llmod *****************
 Defined at:
		line 6 in file "C:\Program Files (x86)\Microchip\xc8\v1.38\sources\common\llmod.c"
 Parameters:    Size  Location     Type
  divisor         4    0[BANK0 ] unsigned long 
  dividend        4    4[BANK0 ] unsigned long 
 Auto vars:     Size  Location     Type
  counter         1    9[BANK0 ] unsigned char 
 Return value:  Size  Location     Type
                  4    0[BANK0 ] unsigned long 
 Registers used:
		wreg, status,2, status,0
 Tracked objects:
		On entry : 
		On exit  : 
		Unchanged: 
 Data sizes:     COMMON   BANK0   BANK1   BANK3   BANK2
      Params:         0       8       0       0       0
      Locals:         0       1       0       0       0
      Temps:          0       1       0       0       0
      Totals:         0      10       0       0       0
Total ram usage:       10 bytes
 Hardware stack levels used:    1
 Hardware stack levels required when called:    2
 This function calls:
		Nothing
 This function is called by:
		_SendMemoryData
 This function uses a non-reentrant model


 *************** function _ReadMemoryAdress *****************
 Defined at:
		line 988 in file "functions.c"
 Parameters:    Size  Location     Type
  var3            1    wreg     PTR unsigned char 
		 -> SendMemoryData@addr3(1), saveDataToFlash@addr3(1), 
  var2            1    2[BANK0 ] PTR unsigned char 
		 -> SendMemoryData@addr2(1), saveDataToFlash@addr2(1), 
  var1            1    3[BANK0 ] PTR unsigned char 
		 -> SendMemoryData@addr1(1), saveDataToFlash@addr1(1), 
 Auto vars:     Size  Location     Type
  var3            1    5[BANK0 ] PTR unsigned char 
		 -> SendMemoryData@addr3(1), saveDataToFlash@addr3(1), 
 Return value:  Size  Location     Type
                  1    wreg      void 
 Registers used:
		wreg, fsr0l, fsr0h, status,2, status,0, pclath, cstack
 Tracked objects:
		On entry : 
		On exit  : 
		Unchanged: 
 Data sizes:     COMMON   BANK0   BANK1   BANK3   BANK2
      Params:         0       2       0       0       0
      Locals:         0       1       0       0       0
      Temps:          0       1       0       0       0
      Totals:         0       4       0       0       0
Total ram usage:        4 bytes
 Hardware stack levels used:    1
 Hardware stack levels required when called:    3
 This function calls:
		_eeprom_read
 This function is called by:
		_saveDataToFlash
		_SendMemoryData
 This function uses a non-reentrant model


 *************** function _ResetMemoryAdress *****************
 Defined at:
		line 1052 in file "functions.c"
 Parameters:    Size  Location     Type
		None
 Auto vars:     Size  Location     Type
		None
 Return value:  Size  Location     Type
                  1    wreg      void 
 Registers used:
		wreg, status,2, status,0, pclath, cstack
 Tracked objects:
		On entry : 
		On exit  : 
		Unchanged: 
 Data sizes:     COMMON   BANK0   BANK1   BANK3   BANK2
      Params:         0       0       0       0       0
      Locals:         0       0       0       0       0
      Temps:          0       0       0       0       0
      Totals:         0       0       0       0       0
Total ram usage:        0 bytes
 Hardware stack levels used:    1
 Hardware stack levels required when called:    3
 This function calls:
		_eeprom_write
 This function is called by:
		_main
		_ReceivedPacketHandler
 This function uses a non-reentrant model


 *************** function _eeprom_write *****************
 Defined at:
		line 6 in file "C:\Program Files (x86)\Microchip\xc8\v1.38\sources\pic\eewrite.c"
 Parameters:    Size  Location     Type
  addr            1    wreg     unsigned char 
  value           1    0[BANK0 ] unsigned char 
 Auto vars:     Size  Location     Type
  addr            1    2[BANK0 ] unsigned char 
 Return value:  Size  Location     Type
                  1    wreg      void 
 Registers used:
		wreg, status,2, status,0
 Tracked objects:
		On entry : 
		On exit  : 
		Unchanged: 
 Data sizes:     COMMON   BANK0   BANK1   BANK3   BANK2
      Params:         0       1       0       0       0
      Locals:         0       1       0       0       0
      Temps:          0       1       0       0       0
      Totals:         0       3       0       0       0
Total ram usage:        3 bytes
 Hardware stack levels used:    1
 Hardware stack levels required when called:    2
 This function calls:
		Nothing
 This function is called by:
		_ReceivedPacketHandler
		_IncreaseMemoryAdress
		_ResetMemoryAdress
 This function uses a non-reentrant model


 *************** function _OperationMode *****************
 Defined at:
		line 964 in file "functions.c"
 Parameters:    Size  Location     Type
		None
 Auto vars:     Size  Location     Type
  bracketStatu    1    1[BANK0 ] unsigned char 
 Return value:  Size  Location     Type
                  1    wreg      unsigned char 
 Registers used:
		wreg, status,2
 Tracked objects:
		On entry : 
		On exit  : 
		Unchanged: 
 Data sizes:     COMMON   BANK0   BANK1   BANK3   BANK2
      Params:         0       0       0       0       0
      Locals:         0       1       0       0       0
      Temps:          0       1       0       0       0
      Totals:         0       2       0       0       0
Total ram usage:        2 bytes
 Hardware stack levels used:    1
 Hardware stack levels required when called:    2
 This function calls:
		Nothing
 This function is called by:
		_main
		_ReceivedPacketHandler
 This function uses a non-reentrant model


 *************** function _ReadFIFO *****************
 Defined at:
		line 775 in file "functions.c"
 Parameters:    Size  Location     Type
		None
 Auto vars:     Size  Location     Type
  value           1    4[BANK0 ] unsigned char 
 Return value:  Size  Location     Type
                  1    wreg      unsigned char 
 Registers used:
		wreg, status,2, status,0, pclath, cstack
 Tracked objects:
		On entry : 
		On exit  : 
		Unchanged: 
 Data sizes:     COMMON   BANK0   BANK1   BANK3   BANK2
      Params:         0       0       0       0       0
      Locals:         0       1       0       0       0
      Temps:          0       1       0       0       0
      Totals:         0       2       0       0       0
Total ram usage:        2 bytes
 Hardware stack levels used:    1
 Hardware stack levels required when called:    4
 This function calls:
		_ReadSPI
 This function is called by:
		_TransiverReadFIFO
[...]
  adress          1    6[BANK0 ] unsigned char 
  value           1    5[BANK0 ] unsigned char 
 Return value:  Size  Location     Type
                  1    wreg      unsigned char 
 Registers used:
		wreg, status,2, status,0, pclath, cstack
 Tracked objects:
		On entry : 
		On exit  : 
		Unchanged: 
 Data sizes:     COMMON   BANK0   BANK1   BANK3   BANK2
      Params:         0       0       0       0       0
      Locals:         0       2       0       0       0
      Temps:          0       2       0       0       0
      Totals:         0       4       0       0       0
Total ram usage:        4 bytes
 Hardware stack levels used:    1
 Hardware stack levels required when called:    4
 This function calls:
		_ReadSPI
		_WriteSPI
 This function is called by:
		_TransiverToReceive
		_TransmittPacket
		_TransiverInit
		_FindChannel
		_SetRFMode
 This function uses a non-reentrant model


 *************** function _Mode_2 *****************
 Defined at:
		line 298 in file "functions.c"
 Parameters:    Size  Location     Type
		None
 Auto vars:     Size  Location     Type
		None
 Return value:  Size  Location     Type
                  1    wreg      void 
 Registers used:
		wreg, fsr0l, fsr0h, status,2, status,0, pclath, cstack
 Tracked objects:
		On entry : 
		On exit  : 
		Unchanged: 
 Data sizes:     COMMON   BANK0   BANK1   BANK3   BANK2
      Params:         0       0       0       0       0
      Locals:         0       0       0       0       0
      Temps:          0       0       0       0       0
      Totals:         0       0       0       0       0
Total ram usage:        0 bytes
 Hardware stack levels used:    1
 Hardware stack levels required when called:    6
 This function calls:
		_LightWithSensController
 This function is called by:
		_main
 This function uses a non-reentrant model


 *************** function _Mode_1 *****************
 Defined at:
		line 284 in file "functions.c"
 Parameters:    Size  Location     Type
		None
 Auto vars:     Size  Location     Type
		None
 Return value:  Size  Location     Type
                  1    wreg      void 
 Registers used:
		wreg, status,2, status,0, pclath, cstack
 Tracked objects:
		On entry : 
		On exit  : 
		Unchanged: 
 Data sizes:     COMMON   BANK0   BANK1   BANK3   BANK2
      Params:         0       0       0       0       0
      Locals:         0       0       0       0       0
      Temps:          0       0       0       0       0
      Totals:         0       0       0       0       0
Total ram usage:        0 bytes
 Hardware stack levels used:    1
 Hardware stack levels required when called:    5
 This function calls:
		_DarknessCheck
 This function is called by:
		_main
 This function uses a non-reentrant model


 *************** function _Mode_0 *****************
 Defined at:
		line 276 in file "functions.c"
 Parameters:    Size  Location     Type
		None
 Auto vars:     Size  Location     Type
		None
 Return value:  Size  Location     Type
                  1    wreg      void 
 Registers used:
		wreg, fsr0l, fsr0h, status,2, status,0, pclath, cstack
 Tracked objects:
		On entry : 
		On exit  : 
		Unchanged: 
 Data sizes:     COMMON   BANK0   BANK1   BANK3   BANK2
      Params:         0       0       0       0       0
      Locals:         0       0       0       0       0
      Temps:          0       0       0       0       0
      Totals:         0       0       0       0       0
Total ram usage:        0 bytes
 Hardware stack levels used:    1
 Hardware stack levels required when called:    6
 This function calls:
		_LightWithSensController
 This function is called by:
		_main
 This function uses a non-reentrant model


 *************** function _LightWithSensController *****************
 Defined at:
		line 342 in file "functions.c"
 Parameters:    Size  Location     Type
		None
 Auto vars:     Size  Location     Type
		None
 Return value:  Size  Location     Type
                  1    wreg      void 
 Registers used:
		wreg, fsr0l, fsr0h, status,2, status,0, pclath, cstack
 Tracked objects:
		On entry : 
		On exit  : 
		Unchanged: 
 Data sizes:     COMMON   BANK0   BANK1   BANK3   BANK2
      Params:         0       0       0       0       0
      Locals:         0       0       0       0       0
      Temps:          0       0       0       0       0
      Totals:         0       0       0       0       0
Total ram usage:        0 bytes
 Hardware stack levels used:    1
 Hardware stack levels required when called:    5
 This function calls:
		_DarknessCheck
		_timerFunction
 This function is called by:
		_Mode_0
		_Mode_2
		_Mode_4
		_Mode_5
 This function uses a non-reentrant model


 *************** function _timerFunction *****************
 Defined at:
		line 393 in file "functions.c"
 Parameters:    Size  Location     Type
  intTimerNumb    2    0[BANK0 ] int 
  intSetSecond    2    2[BANK0 ] int 
 Auto vars:     Size  Location     Type
		None
 Return value:  Size  Location     Type
                  1    wreg      unsigned char 
 Registers used:
		wreg, fsr0l, fsr0h, status,2, status,0
 Tracked objects:
		On entry : 
		On exit  : 
		Unchanged: 
 Data sizes:     COMMON   BANK0   BANK1   BANK3   BANK2
      Params:         0       4       0       0       0
      Locals:         0       0       0       0       0
      Temps:          0       1       0       0       0
      Totals:         0       5       0       0       0
Total ram usage:        5 bytes
 Hardware stack levels used:    1
 Hardware stack levels required when called:    2
 This function calls:
		Nothing
 This function is called by:
		_TransiverToReceive
		_TransiverReadFIFO
		_TransmittPacket
		_LightWithSensController
 This function uses a non-reentrant model


 *************** function _DarknessCheck *****************
 Defined at:
		line 931 in file "functions.c"
 Parameters:    Size  Location     Type
		None
 Auto vars:     Size  Location     Type
  darknessValu    1    9[BANK0 ] unsigned char 
 Return value:  Size  Location     Type
                  1    wreg      void 
 Registers used:
		wreg, status,2, status,0, pclath, cstack
 Tracked objects:
		On entry : 
		On exit  : 
		Unchanged: 
 Data sizes:     COMMON   BANK0   BANK1   BANK3   BANK2
      Params:         0       0       0       0       0
      Locals:         0       1       0       0       0
      Temps:          0       1       0       0       0
      Totals:         0       2       0       0       0
Total ram usage:        2 bytes
 Hardware stack levels used:    1
 Hardware stack levels required when called:    4
 This function calls:
		_AnalogValue
		_eeprom_read
 This function is called by:
		_ReceivedPacketHandler
		_Mode_1
		_LightWithSensController
 This function uses a non-reentrant model


 *************** function _eeprom_read *****************
 Defined at:
		line 6 in file "C:\Program Files (x86)\Microchip\xc8\v1.38\sources\pic\eeread.c"
 Parameters:    Size  Location     Type
  addr            1    wreg     unsigned char 
 Auto vars:     Size  Location     Type
  addr            1    1[BANK0 ] unsigned char 
 Return value:  Size  Location     Type
                  1    wreg      unsigned char 
 Registers used:
		wreg, status,2, status,0
 Tracked objects:
		On entry : 
		On exit  : 
		Unchanged: 
 Data sizes:     COMMON   BANK0   BANK1   BANK3   BANK2
      Params:         0       0       0       0       0
      Locals:         0       1       0       0       0
      Temps:          0       1       0       0       0
      Totals:         0       2       0       0       0
Total ram usage:        2 bytes
 Hardware stack levels used:    1
 Hardware stack levels required when called:    2
 This function calls:
		Nothing
 This function is called by:
		_ReceivedPacketHandler
		_DarknessCheck
		_ReadMemoryAdress
		_IncreaseMemoryAdress
 This function uses a non-reentrant model


 *************** function _AnalogValue *****************
 Defined at:
		line 901 in file "functions.c"
 Parameters:    Size  Location     Type
  channel         1    wreg     unsigned char 
 Auto vars:     Size  Location     Type
  channel         1    7[BANK0 ] unsigned char 
 Return value:  Size  Location     Type
                  1    wreg      unsigned char 
 Registers used:
		wreg, status,2, status,0, pclath, cstack
 Tracked objects:
		On entry : 
		On exit  : 
		Unchanged: 
 Data sizes:     COMMON   BANK0   BANK1   BANK3   BANK2
      Params:         0       0       0       0       0
      Locals:         0       1       0       0       0
      Temps:          0       1       0       0       0
      Totals:         0       2       0       0       0
Total ram usage:        2 bytes
 Hardware stack levels used:    1
 Hardware stack levels required when called:    3
 This function calls:
		_DelayDs
 This function is called by:
		_ReceivedPacketHandler
		_DarknessCheck
		_saveDataToFlash
 This function uses a non-reentrant model


 *************** function _DelayDs *****************
 Defined at:
		line 511 in file "functions.c"
 Parameters:    Size  Location     Type
  cnt             2    0[BANK0 ] int 
 Auto vars:     Size  Location     Type
  i               2    4[BANK0 ] int 
 Return value:  Size  Location     Type
                  1    wreg      void 
 Registers used:
		wreg, status,2
 Tracked objects:
		On entry : 
		On exit  : 
		Unchanged: 
 Data sizes:     COMMON   BANK0   BANK1   BANK3   BANK2
      Params:         0       2       0       0       0
      Locals:         0       2       0       0       0
      Temps:          0       2       0       0       0
      Totals:         0       6       0       0       0
Total ram usage:        6 bytes
 Hardware stack levels used:    1
 Hardware stack levels required when called:    2
 This function calls:
		Nothing
 This function is called by:
		_ReceivedPacketHandler
		_Blink
		_AnalogValue
 This function uses a non-reentrant model


 *************** function _ClockInit *****************
 Defined at:
		line 6 in file "MCP79510.c"
 Parameters:    Size  Location     Type
		None
 Auto vars:     Size  Location     Type
  cnt             1    4[BANK0 ] unsigned char 
 Return value:  Size  Location     Type
                  1    wreg      void 
 Registers used:
		wreg, status,2, status,0, pclath, cstack
 Tracked objects:
		On entry : 
		On exit  : 
		Unchanged: 
 Data sizes:     COMMON   BANK0   BANK1   BANK3   BANK2
      Params:         0       0       0       0       0
      Locals:         0       1       0       0       0
      Temps:          0       1       0       0       0
      Totals:         0       2       0       0       0
Total ram usage:        2 bytes
 Hardware stack levels used:    1
 Hardware stack levels required when called:    4
 This function calls:
		_ReadSPI
		_WriteSPI
 This function is called by:
		_main
 This function uses a non-reentrant model


 *************** function _ReadSPI *****************
 Defined at:
		line 532 in file "functions.c"
 Parameters:    Size  Location     Type
		None
 Auto vars:     Size  Location     Type
		None
 Return value:  Size  Location     Type
                  1    wreg      unsigned char 
 Registers used:
		wreg, status,2, status,0, pclath, cstack
 Tracked objects:
		On entry : 
		On exit  : 
		Unchanged: 
 Data sizes:     COMMON   BANK0   BANK1   BANK3   BANK2
      Params:         0       0       0       0       0
      Locals:         0       0       0       0       0
      Temps:          0       0       0       0       0
      Totals:         0       0       0       0       0
Total ram usage:        0 bytes
 Hardware stack levels used:    1
 Hardware stack levels required when called:    3
 This function calls:
		_WriteSPI
 This function is called by:
		_RegisterRead
		_ReadFIFO
		_read_ram_status
		_read_write_flash_ram
		_ClockInit
		_ReadClock
		_read_ram_id
 This function uses a non-reentrant model


 *************** function _WriteSPI *****************
 Defined at:
		line 520 in file "functions.c"
 Parameters:    Size  Location     Type
  databyte        1    wreg     unsigned char 
 Auto vars:     Size  Location     Type
  databyte        1    2[BANK0 ] unsigned char 
  buffer          1    1[BANK0 ] unsigned char 
 Return value:  Size  Location     Type
                  1    wreg      void 
 Registers used:
		wreg
 Tracked objects:
		On entry : 
		On exit  : 
		Unchanged: 
 Data sizes:     COMMON   BANK0   BANK1   BANK3   BANK2
      Params:         0       0       0       0       0
      Locals:         0       2       0       0       0
      Temps:          0       1       0       0       0
      Totals:         0       3       0       0       0
Total ram usage:        3 bytes
 Hardware stack levels used:    1
 Hardware stack levels required when called:    2
 This function calls:
		Nothing
 This function is called by:
		_ReadSPI
		_RegisterRead
		_RegisterSet
		_WriteFIFO
		_read_ram_status
		_ram_bulk_erase
		_read_write_flash_ram
		_write_ram_status
		_ClockInit
		_ReadClock
		_read_ram_id
		_ram_sector_erase
		_power_up_flash_ram
		_power_down_flash_ram
 This function uses a non-reentrant model


 *************** function _tc_int *****************
 Defined at:
		line 826 in file "functions.c"
 Parameters:    Size  Location     Type
		None
 Auto vars:     Size  Location     Type
		None
 Return value:  Size  Location     Type
                  1    wreg      void 
 Registers used:
		wreg, fsr0l, fsr0h, status,2, status,0, btemp+1, pclath, cstack
 Tracked objects:
		On entry : 
		On exit  : 
		Unchanged: 
 Data sizes:     COMMON   BANK0   BANK1   BANK3   BANK2
      Params:         0       0       0       0       0
      Locals:         0       0       0       0       0
      Temps:          7       0       0       0       0
      Totals:         7       0       0       0       0
Total ram usage:        7 bytes
 Hardware stack levels used:    1
 Hardware stack levels required when called:    1
 This function calls:
		_TimerCounter
		i1_OperationMode
 This function is called by:
		Interrupt level 1
 This function uses a non-reentrant model


 *************** function i1_OperationMode *****************
 Defined at:
		line 964 in file "functions.c"
 Parameters:    Size  Location     Type
		None
 Auto vars:     Size  Location     Type
  OperationMod    1    1[COMMON] unsigned char 
 Return value:  Size  Location     Type
                  1    wreg      unsigned char 
 Registers used:
		wreg, status,2
 Tracked objects:
		On entry : 
		On exit  : 
		Unchanged: 
 Data sizes:     COMMON   BANK0   BANK1   BANK3   BANK2
      Params:         0       0       0       0       0
      Locals:         1       0       0       0       0
      Temps:          1       0       0       0       0
      Totals:         2       0       0       0       0
Total ram usage:        2 bytes
 Hardware stack levels used:    1
 This function calls:
		Nothing
 This function is called by:
		_tc_int
 This function uses a non-reentrant model


 *************** function _TimerCounter *****************
 Defined at:
		line 415 in file "functions.c"
 Parameters:    Size  Location     Type
		None
 Auto vars:     Size  Location     Type
  i               2    3[COMMON] int 
 Return value:  Size  Location     Type
                  1    wreg      void 
 Registers used:
		wreg, fsr0l, fsr0h, status,2, status,0, btemp+1
 Tracked objects:
		On entry : 
		On exit  : 
		Unchanged: 
 Data sizes:     COMMON   BANK0   BANK1   BANK3   BANK2
      Params:         0       0       0       0       0
      Locals:         2       0       0       0       0
      Temps:          3       0       0       0       0
      Totals:         5       0       0       0       0
Total ram usage:        5 bytes
 Hardware stack levels used:    1
 This function calls:
		Nothing
 This function is called by:
		_tc_int
 This function uses a non-reentrant model



MODULE INFORMATION

Module		Function		Class		Link	Load	Size
m25p16.c
		_read_write_flash_ram		CODE           	0BAD	0000	126
		_read_ram_status		CODE           	15E6	0000	21
		_ram_bulk_erase		CODE           	165D	0000	35
		_write_ram_status		CODE           	1771	0000	45

m25p16.c estimated size: 227

C:\Program Files (x86)\Microchip\xc8\v1.38\sources\common\llmod.c
		___llmod       		CODE           	0967	0000	79

C:\Program Files (x86)\Microchip\xc8\v1.38\sources\common\llmod.c estimated size: 79

C:\Program Files (x86)\Microchip\xc8\v1.38\sources\common\strstr.c
		_strstr        		CODE           	0921	0000	71

C:\Program Files (x86)\Microchip\xc8\v1.38\sources\common\strstr.c estimated size: 71

MCP79510.c
		_ClockInit     		CODE           	0C2A	0000	146
		_ReadClock     		CODE           	05C2	0000	314

MCP79510.c estimated size: 460

functions.c
		_ReadMemoryAdress		CODE           	1719	0000	45
		_SetRFMode     		CODE           	0B3E	0000	112
		_ResetMemoryAdress		CODE           	1643	0000	27
		_Mode_0        		CODE           	1552	0000	5
		_TransmittPacket		CODE           	0CBB	0000	177
		_ReadFIFO      		CODE           	07F1	0000	15
		_LightWithSensController		CODE           	085C	0000	64
		_timerFunction 		CODE           	15AF	0000	19
		_DelayDs       		CODE           	167F	0000	37
		_TransiverInit 		CODE           	0F16	0000	235
		_AnalogValue   		CODE           	16EE	0000	44
		_tc_int        		CODE           	0D6B	0000	195
		_IncreaseMemoryAdress		CODE           	09B5	0000	93
		_OperationMode 		CODE           	156F	0000	10
		_Mode_1        		CODE           	160F	0000	27
		_FindChannel   		CODE           	06FB	0000	247
		_ReceivedPacketHandler		CODE           	0290	0000	478
		_Blink         		CODE           	17CD	0000	52
		_Mode_4        		CODE           	159F	0000	17
		_PICInit       		CODE           	0A6E	0000	101
		_saveDataToFlash		CODE           	0045	0000	588
		_WriteFIFO     		CODE           	1578	0000	13
		_TransiverToReceive		CODE           	0A11	0000	94
		_TimerCounter  		CODE           	089B	0000	67
		_SendMemoryData		CODE           	046D	0000	342
		_TransiverReadFIFO		CODE           	0AD2	0000	109
		_RegisterSet   		CODE           	1629	0000	27
		_Mode_2        		CODE           	1584	0000	14
		_RegisterRead  		CODE           	0840	0000	29
		_Mode_5        		CODE           	15C1	0000	19
		_DarknessCheck 		CODE           	16C7	0000	40
		_WriteSPI      		CODE           	1591	0000	15
		_ReadSPI       		CODE           	1556	0000	9

functions.c estimated size: 3366

C:\Program Files (x86)\Microchip\xc8\v1.38\sources\common\strncmp.c
		_strncmp       		CODE           	08DD	0000	69

C:\Program Files (x86)\Microchip\xc8\v1.38\sources\common\strncmp.c estimated size: 69

C:\Program Files (x86)\Microchip\xc8\v1.38\sources\common\Umul8.c
		___bmul        		CODE           	15D3	0000	20

C:\Program Files (x86)\Microchip\xc8\v1.38\sources\common\Umul8.c estimated size: 20

C:\Program Files (x86)\Microchip\xc8\v1.38\sources\pic\eewrite.c
		_eeprom_write  		CODE           	179D	0000	49

C:\Program Files (x86)\Microchip\xc8\v1.38\sources\pic\eewrite.c estimated size: 49

shared
		__stringtab    		STRING         	0800	0000	7
		__initialization		CODE           	0015	0000	45
		i1_OperationMode		CODE           	1566	0000	10
		_ChannelP      		STRING         	0806	0000	14
		_ChannelR      		STRING         	0813	0000	14
		_ChannelS      		STRING         	0820	0000	14

shared estimated size: 104

C:\Program Files (x86)\Microchip\xc8\v1.38\sources\common\strlen.c
		_strlen        		CODE           	1745	0000	45

C:\Program Files (x86)\Microchip\xc8\v1.38\sources\common\strlen.c estimated size: 45

C:\Program Files (x86)\Microchip\xc8\v1.38\sources\common\strchr.c
		_strchr        		CODE           	15FA	0000	22

C:\Program Files (x86)\Microchip\xc8\v1.38\sources\common\strchr.c estimated size: 22

C:\Program Files (x86)\Microchip\xc8\v1.38\sources\pic\eeread.c
		_eeprom_read   		CODE           	16A3	0000	37

C:\Program Files (x86)\Microchip\xc8\v1.38\sources\pic\eeread.c estimated size: 37

main.c
		_main          		CODE           	0E2D	0000	234

main.c estimated size: 234

